--------- beginning of main
01-22 19:18:43.150 17353  2917 I NearbySharing: Network state changed: NetworkState(isRestricted=false, isOnline=true, isCongested=false, isMetered=true, isWifiConnected=false)
01-22 19:18:43.271  1559  1784 I SemDvfsHyPerManager: acquire hyper - APP_LAUNCH/1559@346, type = -999
--------- beginning of system
01-22 19:18:43.271  1559  6336 D ActivityTaskManager: startActivityAsUser: callingPid=7494, callingUid=2000, caller=com.android.server.am.ActivityManagerService.startActivityAsUserWithFeature:27 com.android.server.am.ActivityManagerShellCommand.runStartActivity:588 com.android.server.am.ActivityManagerShellCommand.onCommand:2030 com.android.modules.utils.BasicShellCommandHandler.exec:97 android.os.ShellCommand.exec:38 com.android.server.am.ActivityManagerService.onShellCommand:164 android.os.Binder.shellCommand:1187 
01-22 19:18:43.272  1205  1256 I HYPER-HAL: [RequestManager.cpp]acquire(): Acquired ID : 1815811  [1559 / 346]    HINT : APP_LAUNCH    list : 
01-22 19:18:43.273  1559  6336 W ActivityTaskManager: callingPackage for (uid=2000, pid=7494) has no WPC
01-22 19:18:43.274  1559  6336 D ActivityTaskManager: DesktopModeLaunchParamsModifier: task=null activity=null task null, skipping
01-22 19:18:43.274  5859  5859 I SemDvfsHyPerManager: acquire hyper - APP_START_SHORT/5859@21, type = -999
01-22 19:18:43.274  1559  6336 D ActivityTaskManager: TaskLaunchParamsModifier:task=null activity=null display-area-from-current-params=null display-area-from-default-fallback=DefaultTaskDisplayArea_d0@51744758 display-id=0 task-display-area-windowing-mode=1 suggested-display-area=DefaultTaskDisplayArea_d0@51744758
01-22 19:18:43.274  5859  5859 I M0      : limitCPUFreq:: freq = -1
01-22 19:18:43.274  1205  1256 I HYPER-HAL: [RequestManager.cpp]acquire(): Acquired ID : 17290161  [5859 / 21]    HINT : APP_START_LOW_HEAT    list : [TIMEOUT / 1500] 
01-22 19:18:43.275  1205  1256 I HYPER-HAL: [RequestManager.cpp]releaseLocked(): Released ID : 17184456
01-22 19:18:43.279  1559  6336 W OptProp : Cannot read opt property android.window.PROPERTY_COMPAT_ALLOW_RESIZEABLE_ACTIVITY_OVERRIDES
01-22 19:18:43.279  1559  6336 W OptProp : Cannot read opt property android.window.PROPERTY_COMPAT_ALLOW_MIN_ASPECT_RATIO_OVERRIDE
01-22 19:18:43.280  1559  6336 D WindowManager: Transition is created, t=TransitionRecord{bea9e61 id=-1 type=OPEN flags=0x0}, caller=com.android.server.wm.Transition.<init>:182 com.android.server.wm.TransitionController.createAndStartCollecting:106 com.android.server.wm.ActivityStarter.executeRequest:3606 com.android.server.wm.ActivityStarter.execute:1752 com.android.server.wm.ActivityTaskManagerService.startActivityAsUser:95 
01-22 19:18:43.280  1559  6336 D BLASTSyncEngine: SyncGroup is created, id=37572, name=Transition-OPEN, caller=com.android.server.wm.BLASTSyncEngine$SyncGroup.<init>:52 com.android.server.wm.TransitionController.moveToCollecting:79 com.android.server.wm.TransitionController.createAndStartCollecting:109 com.android.server.wm.ActivityStarter.executeRequest:3606 com.android.server.wm.ActivityStarter.execute:1752 com.android.server.wm.ActivityTaskManagerService.startActivityAsUser:95 com.android.server.am.ActivityManagerService.startActivityAsUserWithFeature:27 
01-22 19:18:43.280  1559  6336 W BLASTSyncEngine: setSyncMethod, id=37572, method=0, caller=com.android.server.wm.TransitionController.moveToCollecting:91 com.android.server.wm.TransitionController.createAndStartCollecting:109 com.android.server.wm.ActivityStarter.executeRequest:3606 
01-22 19:18:43.281  1559  6336 V WindowManager: Start collecting in Transition: TransitionRecord{bea9e61 id=37572 type=OPEN flags=0x0}, caller=com.android.server.wm.TransitionController.createAndStartCollecting:109 com.android.server.wm.ActivityStarter.executeRequest:3606 com.android.server.wm.ActivityStarter.execute:1752 com.android.server.wm.ActivityTaskManagerService.startActivityAsUser:95 com.android.server.am.ActivityManagerService.startActivityAsUserWithFeature:27 
01-22 19:18:43.281  1559  6336 V WindowManager: Collecting in transition 37572: ActivityRecord{254619014 u0 org.tkideneb2.zeiterfassung/org.kivy.android.PythonActivity, caller=com.android.server.wm.TransitionController.collect:7 com.android.server.wm.ActivityStarter.startActivityUnchecked:98 com.android.server.wm.ActivityStarter.executeRequest:3651 com.android.server.wm.ActivityStarter.execute:1752 com.android.server.wm.ActivityTaskManagerService.startActivityAsUser:95 
01-22 19:18:43.281  1559  6336 D ActivityTaskManager: DesktopModeLaunchParamsModifier: task=null activity=ActivityRecord{254619014 u0 org.tkideneb2.zeiterfassung/org.kivy.android.PythonActivity t-1} task null, skipping
01-22 19:18:43.281  1559  6336 D ActivityTaskManager: TaskLaunchParamsModifier:task=null activity=ActivityRecord{254619014 u0 org.tkideneb2.zeiterfassung/org.kivy.android.PythonActivity t-1} display-area-from-current-params=null display-area-from-default-fallback=DefaultTaskDisplayArea_d0@51744758 display-id=0 task-display-area-windowing-mode=1 suggested-display-area=DefaultTaskDisplayArea_d0@51744758
01-22 19:18:43.281  1559  6336 D ActivityTaskManager: DesktopModeLaunchParamsModifier: task=null activity=ActivityRecord{254619014 u0 org.tkideneb2.zeiterfassung/org.kivy.android.PythonActivity t-1} task null, skipping
01-22 19:18:43.281  1559  6336 D ActivityTaskManager: TaskLaunchParamsModifier:task=null activity=ActivityRecord{254619014 u0 org.tkideneb2.zeiterfassung/org.kivy.android.PythonActivity t-1} display-area-from-current-params=null display-area-from-default-fallback=DefaultTaskDisplayArea_d0@51744758 display-id=0 task-display-area-windowing-mode=1 suggested-display-area=DefaultTaskDisplayArea_d0@51744758 non-freeform-task-display-area display-area=DefaultTaskDisplayArea_d0@51744758 activity-requested-portrait freeform-size-mismatch=Rect(108, 752 - 1332, 2312)
01-22 19:18:43.281  1559  6336 D ActivityTaskManager: Temporarily retain top process state for launching app
01-22 19:18:43.282  1248  2404 I SurfaceFlinger: id=497721 createSurf, flag=24004, Task=4624#497721
01-22 19:18:43.282  1559  6336 D ActivityTaskManager: Top Process State changed to PROCESS_STATE_TOP_SLEEPING#2
01-22 19:18:43.283  1559  6336 D ActivityTaskManager: DesktopModeLaunchParamsModifier: task=Task{5bf6647 #4624 type=standard A=10544:org.tkideneb2.zeiterfassung} activity=ActivityRecord{254619014 u0 org.tkideneb2.zeiterfassung/org.kivy.android.PythonActivity t-1} non-desktop, skipping
01-22 19:18:43.283  1559  6336 D ActivityTaskManager: TaskLaunchParamsModifier:task=Task{5bf6647 #4624 type=standard A=10544:org.tkideneb2.zeiterfassung} activity=ActivityRecord{254619014 u0 org.tkideneb2.zeiterfassung/org.kivy.android.PythonActivity t-1} display-from-task=0 display-id=0 task-display-area-windowing-mode=1 suggested-display-area=DefaultTaskDisplayArea_d0@51744758 inherit-from-task=fullscreen non-freeform-task-display-area display-area=DefaultTaskDisplayArea_d0@51744758 activity-requested-portrait freeform-size-mismatch=Rect(108, 752 - 1332, 2312)
01-22 19:18:43.283  1559  6336 V WindowManager: Collecting in transition 37572: Task{5bf6647 #4624 type=standard A=10544:org.tkideneb2.zeiterfassung}, caller=com.android.server.wm.Transition.collectExistenceChange:40 com.android.server.wm.ActivityStarter.startActivityInner:293 com.android.server.wm.ActivityStarter.startActivityUnchecked:111 com.android.server.wm.ActivityStarter.executeRequest:3651 com.android.server.wm.ActivityStarter.execute:1752 
01-22 19:18:43.283  1559  6336 W OptProp : Cannot read opt property android.window.PROPERTY_COMPAT_ALLOW_ORIENTATION_OVERRIDE
01-22 19:18:43.283  1248  2404 I SurfaceFlinger: id=497722 createSurf, flag=84004, ActivityRecord{254619014 u0 org.tkideneb2.zeiterfassung/org.kivy.android.PythonActivity t4624}#497722
01-22 19:18:43.284  1559  6336 V WindowManager: Checking theme of starting window: 0x1030006
01-22 19:18:43.284  1559  6336 V WindowManager: Translucent=false Floating=false ShowWallpaper=false Disable=false
01-22 19:18:43.284  1559  6336 D ActivityTaskManager: addStartingWindow: type=2 typeParameter=8b
01-22 19:18:43.284  1559  6336 V WindowManager: Creating SplashScreenStartingData
01-22 19:18:43.284  1559  6336 V WindowManager: Add starting ActivityRecord{254619014 u0 org.tkideneb2.zeiterfassung/org.kivy.android.PythonActivity t4624}: startingData=SplashScreenStartingData{9d1bf9d removeAfterTransaction= 0}
01-22 19:18:43.284  1559  6336 V WindowManager: Added starting ActivityRecord{254619014 u0 org.tkideneb2.zeiterfassung/org.kivy.android.PythonActivity t4624}: startingWindow=null startingView=com.android.server.wm.StartingSurfaceController$StartingSurface@71e9c12
01-22 19:18:43.286  1559  6336 D WindowManager: App launched activity=ActivityRecord{254619014 u0 org.tkideneb2.zeiterfassung/org.kivy.android.PythonActivity t4624}, state=1
01-22 19:18:43.286  1559  6336 V WindowManager: Checking theme of starting window: 0x1030006
01-22 19:18:43.286  1559  6336 V WindowManager: Translucent=false Floating=false ShowWallpaper=false Disable=false
01-22 19:18:43.286  1559  6336 D WindowManager: App launched activity=ActivityRecord{254619014 u0 org.tkideneb2.zeiterfassung/org.kivy.android.PythonActivity t4624}, state=1
01-22 19:18:43.287  1559  6336 V WindowManager: Collecting in transition 37572: ActivityRecord{254619014 u0 org.tkideneb2.zeiterfassung/org.kivy.android.PythonActivity t4624}, caller=com.android.server.wm.Transition.collectExistenceChange:40 com.android.server.wm.ActivityStarter.handleStartResult:761 com.android.server.wm.ActivityStarter.startActivityUnchecked:124 com.android.server.wm.ActivityStarter.executeRequest:3651 com.android.server.wm.ActivityStarter.execute:1752 
01-22 19:18:43.287  1559  6336 V WindowManager: Requesting StartTransition: TransitionRecord{bea9e61 id=37572 type=OPEN flags=0x0 c=[
01-22 19:18:43.287  1559  6336 V WindowManager:    ChangeInfo{f0fb899 container=DefaultTaskDisplayArea_d0@51744758 flags=0x0}
01-22 19:18:43.287  1559  6336 V WindowManager:    ChangeInfo{346675e container=Task{5bf6647 #4624 type=standard A=10544:org.tkideneb2.zeiterfassung} flags=0x0}
01-22 19:18:43.287  1559  6336 V WindowManager:    ChangeInfo{92cd73f container=Display{#0 state=DOZE_SUSPEND size=1440x3120 ROTATION_0} flags=0x0}
01-22 19:18:43.287  1559  6336 V WindowManager:    ChangeInfo{b67080c container=ActivityRecord{254619014 u0 org.tkideneb2.zeiterfassung/org.kivy.android.PythonActivity t4624} flags=0x0}
01-22 19:18:43.287  1559  6336 V WindowManager: ]
01-22 19:18:43.287  1559  6336 V WindowManager: }, caller=com.android.server.wm.ActivityStarter.handleStartResult:982 com.android.server.wm.ActivityStarter.startActivityUnchecked:124 com.android.server.wm.ActivityStarter.executeRequest:3651 com.android.server.wm.ActivityStarter.execute:1752 com.android.server.wm.ActivityTaskManagerService.startActivityAsUser:95 
01-22 19:18:43.287  1559  6336 I Pageboost: stop alp
01-22 19:18:43.287  1559  6336 I ActivityTaskManager: START u0 {flg=0x10000000 xflg=0x5 cmp=org.tkideneb2.zeiterfassung/org.kivy.android.PythonActivity} with LAUNCH_SINGLE_TASK from uid 2000 (BAL_ALLOW_PERMISSION) result code=0
01-22 19:18:43.287  1559  6336 I SemDvfsHyPerManager: acquire hyper - AMS_APP_LAUNCH/1559@23, type = -999
01-22 19:18:43.287  2814  2870 V WindowManagerShell: Transition requested (#37572): android.os.BinderProxy@532c0a6 TransitionRequestInfo { type = OPEN, triggerTask = TaskInfo{userId=0 taskId=4624 effectiveUid=10544 displayId=0 isRunning=true baseIntent=Intent { flg=0x10000000 cmp=org.tkideneb2.zeiterfassung/org.kivy.android.PythonActivity } baseActivity=ComponentInfo{org.tkideneb2.zeiterfassung/org.kivy.android.PythonActivity} topActivity=ComponentInfo{org.tkideneb2.zeiterfassung/org.kivy.android.PythonActivity} origActivity=null realActivity=ComponentInfo{org.tkideneb2.zeiterfassung/org.kivy.android.PythonActivity} numActivities=1 lastActiveTime=2541828312 supportsMultiWindow=true resizeMode=1 isResizeable=true minWidth=-1 minHeight=-1 maxWidth=-1 maxHeight=-1 defaultMinSize=220 desktopDefaultMinSize=304 token=WCT{android.window.IWindowContainerToken$Stub$Proxy@3b2cae7} topActivityType=1 pictureInPictureParams=null shouldDockBigOverlays=false launchIntoPipHostTaskId=-1 lastParentTaskIdBeforePip=-1 displayCutoutSafeInsets=Rect(0, 112 - 0, 0) topActivityInfo=ActivityInfo{29cf694 org.kivy.android.PythonActivity} launchCookies=[] positionInParent=Point(0, 0) parentTaskId=-1 isFocused=false isVisible=false isVisibleRequested=false isTopActivityNoDisplay=false isSleeping=true locusId=null displayAreaFeatureId=1 isTopActivityTransparent=false isActivityStackTransparent=false lastNonFullscreenBounds=Rect(108, 752 - 1332, 2312) capturedLink=null capturedLinkTimestamp=0 requestedVisibleTypes=-9 topActivityRequestOpenInBrowserEducationTimestamp=0 appCompatTaskInfo=AppCompatTaskInfo { topActivityInSizeCompat=false eligibleForLetterboxEducation= false isLetterboxEducationEnabled= false isLetterboxDoubleTapEnabled= false eligibleForUserAspectRatioButton= false topActivityBoundsLetterboxed= false isFromLetterboxDoubleTap= false topActivityLetterboxVerticalPosition= -1 topActivityLetterboxHorizontalPosition= -1 topActivityLetterboxWidth=-1 topActivityLetterboxHeight=-1 topActivityAppBounds=Rect(0, 112 - 1440, 2952) isUserFullscreenOverrideEnabled=false isSystemFullscreenOverrideEnabled=false hasMinAspectRatioOverride=false topActivityLetterboxBounds=null cameraCompatTaskInfo=CameraCompatTaskInfo { freeformCameraCompatMode=inactive} topActivityBounds=null topActivityInDisplayCompat=false singleTapFromLetterbox=false} topActivityMainWindowFrame=null originallySupportedMultiWindow=true hasWallpaper=false rootAffinity=10544:org.tkideneb2.zeiterfassung isTopTaskInStage=false CoverLauncherWidgetTask=false LaunchedFromAppsCoverLauncherTask=false LaunchedFromMultistarCoverLauncherTask=false isAllowedSeamlessRotation=false isTopTransparentActivity=false isAliasManaged=false hasConfigChanged=false snappingGuideBounds=null isAiKeyRemoveAppTask=false lastDesktopWindowingBounds=null lastExternalDesktopWindowingBounds=null safeCutoutInsets=null}, pipChange = null, remoteTransition = null, displayChange = null, flags = 0, debugId = 37572 }
01-22 19:18:43.287  1559  2227 V InputMethodManagerService: Checking com.google.android.tts/com.google.android.apps.speech.tts.googletts.settings.asr.voiceime.VoiceInputMethodService
01-22 19:18:43.287  1205  1256 I HYPER-HAL: [RequestManager.cpp]acquire(): Acquired ID : 1252176  [1559 / 23]    HINT : AMS_APP_LAUNCH    list : 
01-22 19:18:43.287  2814  2870 V ShellDesktopMode: DesktopTasksController: isDesktopModeShowing: hasVisibleTasks=false hasTopTransparentFullscreenTask=false
01-22 19:18:43.287  2814  2870 V ShellDesktopMode: DesktopTasksController: isDesktopModeShowing: hasVisibleTasks=false hasTopTransparentFullscreenTask=false
01-22 19:18:43.287  2814  2870 D ShellSplitScreen: logExit: no-op, mLoggerSessionId is null
01-22 19:18:43.287  2814  2870 D ShellDesktopMode: handleRequest: TransitionRequestInfo {type=1, tid=4624, debugId=37572}
01-22 19:18:43.288  2814  2913 D ViewRootImpl: desktopMode is false
01-22 19:18:43.288  2814  2913 I ViewRootImpl: dVRR is disabled
01-22 19:18:43.288  3709  3709 E pageboostd: Received HALT command code 2
01-22 19:18:43.288  2814  2870 V ShellDesktopMode: DesktopTasksController: handleFullscreenTaskLaunch
01-22 19:18:43.288  2814  2870 V ShellDesktopMode: DesktopTasksController: isDesktopModeShowing: hasVisibleTasks=false hasTopTransparentFullscreenTask=false
01-22 19:18:43.288  2814  2870 V ShellDesktopMode: DesktopTasksController: handleRequest result=null
01-22 19:18:43.288  1559  6336 V WindowManager: Starting Transition 37572, caller=com.android.server.wm.WindowOrganizerController.startTransition:47 com.android.server.wm.WindowOrganizerController.startTransition:1 android.window.IWindowOrganizerController$Stub.onTransact:259 
01-22 19:18:43.289  2814  2952 D NativeCustomFrequencyManager: [NativeCFMS] BpCustomFrequencyManager::BpCustomFrequencyManager()
01-22 19:18:43.289  5859  5859 I SemDvfsHyPerManager: acquire hyper - APP_START/5859@23, type = -999
01-22 19:18:43.289  1205  1256 I HYPER-HAL: [RequestManager.cpp]acquire(): Acquired ID : 17301926  [5859 / 23]    HINT : APP_START_LOW_HEAT    list : 
01-22 19:18:43.290  1559  5960 D InputTransport: Input channel constructed: 'd8298f8', fd=1273
01-22 19:18:43.290  1559  5960 D InputTransport: Input channel constructed: 'd8298f8', fd=1276
01-22 19:18:43.290  1559  5960 D InputTransport: Input channel constructed: 'd8298f8', fd=1277
01-22 19:18:43.290  1559  5960 D InputTransport: Input channel destroyed: 'd8298f8', fd=1276
01-22 19:18:43.290  1559  5960 D WindowManager: prepareSync <SYNC_STATE_WAITING_FOR_DRAW>, mPrepareSyncSeqId=0, win=Window{d8298f8 u0 Splash Screen org.tkideneb2.zeiterfassung}
01-22 19:18:43.290  1248  2404 I SurfaceFlinger: id=497723 createSurf, flag=84004, d8298f8 Splash Screen org.tkideneb2.zeiterfassung#497723
01-22 19:18:43.290  1559  2227 V InputMethodManagerService: Found an input method InputMethodInfo{com.google.android.tts/com.google.android.apps.speech.tts.googletts.settings.asr.voiceime.VoiceInputMethodService, settings: com.google.android.apps.speech.tts.googletts.settings.asr.voiceime.ui.VoiceImeSettingsActivity, languageSettings: null}
01-22 19:18:43.291  1559  2227 V InputMethodManagerService: Checking com.samsung.android.honeyboard/.service.HoneyBoardService
01-22 19:18:43.291  1559  5960 D RestrictionPolicy: isScreenCaptureEnabled : ret=true userId=0
01-22 19:18:43.291  1559  5960 V WindowManager: addWindow: ActivityRecord{254619014 u0 org.tkideneb2.zeiterfassung/org.kivy.android.PythonActivity t4624} startingWindow=Window{d8298f8 u0 Splash Screen org.tkideneb2.zeiterfassung}
01-22 19:18:43.291  1559  5960 D InputTransport: Input channel destroyed: 'd8298f8', fd=1277
01-22 19:18:43.291  2814  2913 D InputTransport: Input channel constructed: 'd8298f8', fd=751
01-22 19:18:43.291  2814  2913 I InsetsController: onStateChanged: host=Splash Screen org.tkideneb2.zeiterfassung, from=android.view.ViewRootImpl.onInsetsStateChanged:3026, state=InsetsState: {mDisplayFrame=Rect(0, 0 - 1440, 3120), mDisplayCutout=DisplayCutout{insets=Rect(0, 112 - 0, 0) waterfall=Insets{left=0, top=0, right=0, bottom=0} boundingRect={Bounds=[Rect(0, 0 - 0, 0), Rect(686, 0 - 754, 112), Rect(0, 0 - 0, 0), Rect(0, 0 - 0, 0)]} cutoutPathParserInfo={CutoutPathParserInfo{displayWidth=1440 displayHeight=3120 physicalDisplayWidth=1440 physicalDisplayHeight=3120 density={3.75} cutoutSpec={M 0,0 H -9.066666666666667 V 29.86666666666667 H 9.066666666666667 V 0 H 0 Z @dp} rotation={0} scale={1.0} physicalPixelDisplaySizeRatio={1.0}}} sideOverrides={}}, mRoundedCorners=RoundedCorners{[RoundedCorner{position=TopLeft, radius=126, center=Point(126, 126)}, RoundedCorner{position=TopRight, radius=126, center=Point(1314, 126)}, RoundedCorner{position=BottomRight, radius=126, center=Point(1314, 2994)}, RoundedCorner{position=BottomLeft, radius=126, center=Point(126, 2994)}]}  mRoundedCornerFrame=Rect(0, 0 - 1440, 3120), mPrivacyIndicatorBounds=PrivacyIndicatorBounds {static bounds=Rect(1286, 0 - 1440, 113) rotation=0}, mDisplayShape=DisplayShape{ spec=-311912193 displayWidth=1440 displayHeight=3120 physicalPixelDisplaySizeRatio=1.0 rotation=0 offsetX=0 offsetY=0 scale=1.0}, mSources= { InsetsSource: {f7410001 mType=navigationBars mFrame=[0,2952][1440,3120] mVisible=false mFlags= mSideHint=BOTTOM mBoundingRects=null}, InsetsSource: {f7410004 mType=systemGestures mFrame=[0,0][0,0] mVisible=true mFlags= mSideHint=NONE mBoundingRects=null}, InsetsSource: {f7410005 mType=mandatorySystemGestures mFrame=[0,2952][1440,3120] mVisible=true mFlags= mSideHint=BOTTOM mBoundingRects=null}, InsetsSource: {f7410006 mType=tappableElement mFrame=[0,2952][1440,3120] mVisible=true mFlags= mSideHint=BOTTOM mBoundingRects=null}, InsetsSource: {f7410024 mType=systemGestures mFrame=[0,0][0,0] mVisible=true mFlags= mSideHint=NONE mBoundingRects=null}, InsetsSource: {3 mType=ime mFrame=[0,0][0,0] mVisible=false mFlags= mSideHint=NONE mBoundingRects=null}, InsetsSource: {27 mType=displayCutout mFrame=[0,0][1440,112] mVisible=true mFlags= mSideHint=TOP mBoundingRects=null}, InsetsSource: {4bc40000 mType=statusBars mFrame=[0,0][1440,113] mVisible=true mFlags= mSideHint=TOP mBoundingRects=null}, InsetsSource: {4bc40005 mType=mandatorySystemGestures mFrame=[0,0][1440,154] mVisible=true mFlags= mSideHint=TOP mBoundingRects=null}, InsetsSource: {4bc40006 mType=tappableElement mFrame=[0,0][1440,113] mVisible=true mFlags= mSideHint=TOP mBoundingRects=null} }
01-22 19:18:43.292  2814  2913 I VRI[zeiterfassung]@b572e83: onActiveControlsChanged, removed=false, mAdded=true, caller=android.view.ViewRootImpl.handleInsetsControlChanged:3002 android.view.ViewRootImpl.setView:2014 android.view.WindowManagerGlobal.addView:604 com.android.wm.shell.startingsurface.SplashscreenWindowCreator.addWindow:38 com.android.wm.shell.startingsurface.StartingWindowController$$ExternalSyntheticLambda4.run:1365 
01-22 19:18:43.292  2814  2913 I VRI[zeiterfassung]@b572e83: synced displayState. AttachInfo displayState=4
01-22 19:18:43.292  2814  2913 I VRI[zeiterfassung]@b572e83: setView = android.widget.FrameLayout@2029f56 IsHRR=false mFlingFrameRateChange=0 TM=true
01-22 19:18:43.293  3244  4257 I HoneySpace.RecentTasks: onRecentTasksChanged
01-22 19:18:43.294  1205  1256 I HYPER-HAL: [RequestManager.cpp]acquire(): Acquired ID : 123244980  [1213 / 184813]    HINT :      list : [TID_LOW_LATENCY / 1] [TID / 2950] [TID / 2951] [TID / 2913] [TID / 2952] 
01-22 19:18:43.294  3244  3326 I HoneySpace.TopTaskSource: onTaskMovedToFront : taskId = 4624, displayId = 0
01-22 19:18:43.294  1559  6879 D HintManagerService: SystemUI make new AppHintSession but force pause
01-22 19:18:43.295  3244  3328 I HoneySpace.TopTaskUseCase: topTasks 4624 ComponentInfo{org.tkideneb2.zeiterfassung/org.kivy.android.PythonActivity}[displayId=0]
01-22 19:18:43.295  1205  1256 I HYPER-HAL: [RequestManager.cpp]acquire(): Acquired ID : 123244980  [1213 / 184813]    HINT :      list : [TID_LOW_LATENCY / 0] [TID / 2950] [TID / 2951] [TID / 2913] [TID / 2952] 
01-22 19:18:43.299  1559  2227 V InputMethodManagerService: Found an input method InputMethodInfo{com.samsung.android.honeyboard/.service.HoneyBoardService, settings: com.samsung.android.honeyboard.settings.common.HoneyBoardSettingsActivity, languageSettings: null}
01-22 19:18:43.299  1559  2227 V InputMethodManagerService: Checking com.samsung.android.honeyboard/com.samsung.android.writingtoolkit.service.FakeHoneyBoardService
01-22 19:18:43.299  1559  2227 V InputMethodManagerService: Found an input method InputMethodInfo{com.samsung.android.honeyboard/com.samsung.android.writingtoolkit.service.FakeHoneyBoardService, settings: null, languageSettings: null}
01-22 19:18:43.299  1559  2227 V InputMethodManagerService: Checking com.touchtype.swiftkey/com.touchtype.KeyboardService
01-22 19:18:43.302  1174  1174 D Zygote  : Forked child process 7505
01-22 19:18:43.302  1559  1785 I ActivityManager: Start proc 7505:org.tkideneb2.zeiterfassung/u0a544 for top-activity {org.tkideneb2.zeiterfassung/org.kivy.android.PythonActivity}
01-22 19:18:43.302  1559  1785 I ActivityManager: ProcessObserver broadcast disabled
01-22 19:18:43.302  1559  2227 V InputMethodManagerService: Found an input method InputMethodInfo{com.touchtype.swiftkey/com.touchtype.KeyboardService, settings: com.touchtype.LauncherActivityFromSystemSettings, languageSettings: null}
01-22 19:18:43.302  1559  2227 V InputMethodManagerService: Checking com.bitstrips.imoji/.keyboard.BitmojiKeyboard
01-22 19:18:43.304  1559  2227 V InputMethodManagerService: Found an input method InputMethodInfo{com.bitstrips.imoji/.keyboard.BitmojiKeyboard, settings: rkr.simplekeyboard.inputmethod.latin.settings.SettingsActivity, languageSettings: null}
01-22 19:18:43.304  1559  2227 V InputMethodManagerService: Checking com.snapchat.android/com.snap.keyboard.lib.SnapKeyboardIME
01-22 19:18:43.305  1471  1601 I bauth_FPBAuthService: pcf : 0x1012, 0 ,1 ,0 ,0 ,0 ,0, 16.0.0.3
01-22 19:18:43.305  1471  1601 I bauth_FPBAuthService: thread id : 1, preenroll_flag : 0, nd cnt : 0, cso : 0, et : 0
01-22 19:18:43.305  1471  1601 I bauth_FPBAuthService: FPBAuthService::timerHandler complete
01-22 19:18:43.307  1248  1248 I SurfaceFlinger: [Display 0 name="Integrierter Bildschirm"#49] setFrameRateCategory: High
01-22 19:18:43.307  1248  1248 I SurfaceFlinger: [Task=4624#497721] attach to parent LayerHierarchy{RequestedLayerState{DefaultTaskDisplayArea_d0#10 parentId=9} 23 children}
01-22 19:18:43.307  1248  1248 I SurfaceFlinger: [ActivityRecord{254619014 u0 org.tkideneb2.zeiterfassung/org.kivy.android.PythonActivity t4624}#497722] attach to parent LayerHierarchy{RequestedLayerState{Task=4624#497721 parentId=10} 1 children}
01-22 19:18:43.307  1248  1248 I SurfaceFlinger: [d8298f8 Splash Screen org.tkideneb2.zeiterfassung#497723] attach to parent LayerHierarchy{RequestedLayerState{ActivityRecord{254619014 u0 org.tkideneb2.zeiterfassung/org.kivy.android.PythonActivity t4624}#497722 parentId=497721} 1 children}
01-22 19:18:43.307  1559  2227 V InputMethodManagerService: Found an input method InputMethodInfo{com.snapchat.android/com.snap.keyboard.lib.SnapKeyboardIME, settings: com.snap.keyboard.lib.rkr.simplekeyboard.inputmethod.latin.settings.SettingsActivity, languageSettings: null}
01-22 19:18:43.308  1559  2227 V InputMethodManagerService: --- re-buildInputMethodList reset = false 
01-22 19:18:43.308  1559  2227 V InputMethodManagerService:  ------ caller=com.android.server.inputmethod.InputMethodManagerService$MyPackageMonitor.onFinishPackageChanges:399 com.android.internal.content.PackageMonitor.doHandlePackageEvent:596 com.android.internal.content.PackageMonitor.lambda$postHandlePackageEvent$0:435 com.android.internal.content.PackageMonitor.$r8$lambda$bSKEInwdT6Kd7GAyzMZPsXTTqeQ:0 com.android.internal.content.PackageMonitor$$ExternalSyntheticLambda0.run:0 android.os.Handler.handleCallback:995 android.os.Handler.dispatchMessage:103 android.os.Looper.loopOnce:273 android.os.Looper.loop:363 android.os.HandlerThread.run:85 
01-22 19:18:43.309  1559  1598 I DisplayDeviceRepository: Display device changed render timings: "Integrierter Bildschirm", renderFrameRate=30.0, presentationDeadlineNanos=34333334, appVsyncOffsetNanos=33333334, frameRateOverrides=[{uid=10056 frameRateHz=30.0}]
01-22 19:18:43.309  1248  1248 E Scheduler: trackPendingFrame: Invalid present fence
01-22 19:18:43.310  1559  1599 W PhoneWindowManager: lockNow pending, ignore updating lockscreen timeout
01-22 19:18:43.310  2814  2927 D StackScroller: onDisplayChanged for predraw skip to 4
01-22 19:18:43.310  1559  5960 D WifiDisplayAdapter: isFitToActiveDisplayLocked : false
01-22 19:18:43.310  2814  2814 D DisplayLifecycle: updateDisplay id = 0
01-22 19:18:43.310  2814  2814 I AODTriggers: onAODEventDispatched = 4 / eventData = aod.e0@c30be73
01-22 19:18:43.310  2814  2814 I AOD_LIVE_CLOCK@LiveClockController: updateDisplayState: DISPLAY_STATE_DOZE_SUSPEND
01-22 19:18:43.314  2814  2952 D HWUI    : HWUI - treat SMPTE_170M as sRGB
01-22 19:18:43.315  1559  6336 D CoreBackPreview: Window{d8298f8 u0 Splash Screen org.tkideneb2.zeiterfassung}: Setting back callback OnBackInvokedCallbackInfo{mCallback=android.window.IOnBackInvokedCallback$Stub$Proxy@40ed046, mPriority=0, mIsAnimationCallback=false, mOverrideBehavior=0}
01-22 19:18:43.315  1559  6879 I WindowManager: Relayout Window{d8298f8 u0 Splash Screen org.tkideneb2.zeiterfassung}: viewVisibility=0 req=1440x3120 ty=3 d0
01-22 19:18:43.315  1248  2404 I SurfaceFlinger: id=497724 createSurf, flag=44004, Splash Screen org.tkideneb2.zeiterfassung$_2814#497724
01-22 19:18:43.315  1559  6879 D WindowManager: makeSurface duration=0 name=Splash Screen org.tkideneb2.zeiterfassung$_2814
01-22 19:18:43.315  1559  6879 D SurfaceComposerClient: setCornerRadius ## d8298f8 Splash Screen org.tkideneb2.zeiterfassung#497723 cornerRadius=0.000000
01-22 19:18:43.316  1559  6879 W PhoneWindowManager: lockNow pending, ignore updating lockscreen timeout
01-22 19:18:43.316  1559  6879 D BLASTSyncEngine: SyncGroup 37572: Set ready true, caller=com.android.server.wm.BLASTSyncEngine.setReady:32 com.android.server.wm.Transition.applyReady:54 com.android.server.wm.Transition.setReady:72 com.android.server.wm.TransitionController.setReady:6 com.android.server.wm.DisplayContent.executeAppTransition:4 com.android.server.wm.DisplayContent.notifyKeyguardFlagsChanged:13 
01-22 19:18:43.317  1559  6879 W PhoneWindowManager: lockNow pending, ignore updating lockscreen timeout
01-22 19:18:43.317  1559  6879 V WindowManager: SyncGroup 37572: Finished!
01-22 19:18:43.317  1559  6879 D ChangeTransitionController: onTransactionReady: TransitionRecord{bea9e61 id=37572 type=OPEN flags=0x0 c=[
01-22 19:18:43.317  1559  6879 D ChangeTransitionController:    ChangeInfo{f0fb899 container=DefaultTaskDisplayArea_d0@51744758 flags=0x0}
01-22 19:18:43.317  1559  6879 D ChangeTransitionController:    ChangeInfo{346675e container=Task{5bf6647 #4624 type=standard A=10544:org.tkideneb2.zeiterfassung} flags=0x0}
01-22 19:18:43.317  1559  6879 D ChangeTransitionController:    ChangeInfo{92cd73f container=Display{#0 state=DOZE_SUSPEND size=1440x3120 ROTATION_0} flags=0x0}
01-22 19:18:43.317  1559  6879 D ChangeTransitionController:    ChangeInfo{b67080c container=ActivityRecord{254619014 u0 org.tkideneb2.zeiterfassung/org.kivy.android.PythonActivity t4624} flags=0x0}
01-22 19:18:43.317  1559  6879 D ChangeTransitionController: ]
01-22 19:18:43.317  1559  6879 D ChangeTransitionController: }
01-22 19:18:43.317  1559  6879 V WindowManager: Start calculating TransitionInfo based on participants: {Task{5bf6647 #4624 type=standard A=10544:org.tkideneb2.zeiterfassung}, ActivityRecord{254619014 u0 org.tkideneb2.zeiterfassung/org.kivy.android.PythonActivity t4624}}
01-22 19:18:43.317  1559  6879 V WindowManager:   Final targets: []
01-22 19:18:43.317  1559  6879 V WindowManager: Calling onTransitionReady: {id=37572 t=OPEN f=0x40 trk=0 r=[] c=[]}
01-22 19:18:43.317  1559  6879 D PowerManagerService: [api] setPowerBoost(L) boost:0, durationMs:0, caller (uid: 1000 pid: 1559) <- m() in com.android.server.display.DisplayManagerService$BinderService$$ExternalSyntheticOutline0:1
01-22 19:18:43.317  2814  2985 V WindowManagerShell: onTransitionReady(transaction=6695857118203)
01-22 19:18:43.317  1559  1598 W ProcessStats: Tracking association SourceState{a87054b com.google.android.youtube/10280 Top #6080128} whose proc state 1 is better than process ProcessState{a2ce1a9 com.google.android.gms.persistent/10260 pkg=com.google.android.gms} proc state 4 (35 skipped)
01-22 19:18:43.317  7505  7505 I 2.zeiterfassung: Late-enabling -Xcheck:jni
01-22 19:18:43.318  2814  2870 V WindowManagerShell: onTransitionReady (#37572) android.os.BinderProxy@532c0a6: {id=37572 t=OPEN f=0x40 trk=0 r=[] c=[]}
01-22 19:18:43.318  2814  2870 V ShellDesktopMode: DesktopModeLogger: taskInfo map after processing changes 0
01-22 19:18:43.318  2814  2870 V WindowManagerShell: No transition roots in (#37572) android.os.BinderProxy@532c0a6@0 so abort
01-22 19:18:43.318  2814  2870 I SurfaceControlRegistry: apply, t=StartTransaction_SyncId<37572>, caller=android.view.SurfaceControl$Transaction.apply:3459 android.view.SurfaceControl$Transaction.apply:3447 android.view.SurfaceControl$Transaction.apply:3397 com.android.wm.shell.transition.Transitions.processReadyQueue:196 com.android.wm.shell.transition.Transitions.onAbort:85 com.android.wm.shell.transition.Transitions.dispatchReady:326 
01-22 19:18:43.318  1559  6879 I WindowManager: Relayout hash=d8298f8, pid=2814, syncId=-1: mAttrs={(0,0)(fillxfill) sim={adjust=pan} ty=APPLICATION_STARTING fmt=TRANSLUCENT wanim=0x1030001
01-22 19:18:43.318  1559  6879 I WindowManager:   fl=81030118
01-22 19:18:43.318  1559  6879 I WindowManager:   pfl=10000010
01-22 19:18:43.318  1559  6879 I WindowManager:   bhv=1
01-22 19:18:43.318  1559  6879 I WindowManager:   fitSides=0
01-22 19:18:43.318  1559  6879 I WindowManager:   frameRateBoostOnTouch=true
01-22 19:18:43.318  1559  6879 I WindowManager:   dvrrWindowFrameRateHint=true naviIconColor=0}
01-22 19:18:43.318  2814  2870 V WindowManagerShell: Transition animation finished (aborted=true), notifying core (#37572) android.os.BinderProxy@532c0a6@0
01-22 19:18:43.318  2814  2913 I VRI[zeiterfassung]@b572e83: onActiveControlsChanged, removed=false, mAdded=true, caller=android.view.ViewRootImpl.handleInsetsControlChanged:3002 android.view.ViewRootImpl.relayoutWindow:11629 android.view.ViewRootImpl.performTraversals:4804 android.view.ViewRootImpl.doTraversal:3924 android.view.ViewRootImpl$TraversalRunnable.run:12903 
01-22 19:18:43.318  2814  2870 I SurfaceControlRegistry: apply, t=FinishTransaction_SyncId<37572>, caller=android.view.SurfaceControl$Transaction.apply:3459 android.view.SurfaceControl$Transaction.apply:3447 android.view.SurfaceControl$Transaction.apply:3397 com.android.wm.shell.transition.Transitions.onFinish:315 com.android.wm.shell.transition.Transitions.processReadyQueue:201 com.android.wm.shell.transition.Transitions.onAbort:85 
01-22 19:18:43.319  2814  2913 I BLASTBufferQueue_Java: new BLASTBufferQueue, mName= VRI[zeiterfassung]@b572e83 mNativeObject= 0xb400006e3781c010 caller= android.view.ViewRootImpl.updateBlastSurfaceIfNeeded:3585 android.view.ViewRootImpl.relayoutWindow:11685 android.view.ViewRootImpl.performTraversals:4804 android.view.ViewRootImpl.doTraversal:3924 android.view.ViewRootImpl$TraversalRunnable.run:12903 android.view.Choreographer$CallbackRecord.run:1901 android.view.Choreographer$CallbackRecord.run:1910 android.view.Choreographer.doCallbacks:1367 android.view.Choreographer.doFrame:1292 android.view.Choreographer$FrameDisplayEventReceiver.run:1870 
01-22 19:18:43.319  2814  2913 I BLASTBufferQueue_Java: update, w= 1440 h= 3120 mName = VRI[zeiterfassung]@b572e83 mNativeObject= 0xb400006e3781c010 sc.mNativeObject= 0xb400006db7069390 format= -3 caller= android.view.ViewRootImpl.updateBlastSurfaceIfNeeded:3590 android.view.ViewRootImpl.relayoutWindow:11685 android.view.ViewRootImpl.performTraversals:4804 android.view.ViewRootImpl.doTraversal:3924 android.view.ViewRootImpl$TraversalRunnable.run:12903 android.view.Choreographer$CallbackRecord.run:1901 
01-22 19:18:43.319  2814  2913 I VRI[zeiterfassung]@b572e83: Relayout returned: old=(0,0,1440,3120) new=(0,0,1440,3120) relayoutAsync=false req=(1440,3120)0 dur=4 res=0x3 s={true 0xb400006d476c5260} ch=true seqId=0
01-22 19:18:43.319  1559  6879 V WindowManager: Finish Transition: TransitionRecord{bea9e61 id=37572 type=OPEN flags=0x40 c=[
01-22 19:18:43.319  1559  6879 V WindowManager:    ChangeInfo{f0fb899 container=DefaultTaskDisplayArea_d0@51744758 flags=0x0}
01-22 19:18:43.319  1559  6879 V WindowManager:    ChangeInfo{346675e container=Task{5bf6647 #4624 type=standard A=10544:org.tkideneb2.zeiterfassung} flags=0x0}
01-22 19:18:43.319  1559  6879 V WindowManager:    ChangeInfo{92cd73f container=Display{#0 state=DOZE_SUSPEND size=1440x3120 ROTATION_0} flags=0x0}
01-22 19:18:43.319  1559  6879 V WindowManager:    ChangeInfo{b67080c container=ActivityRecord{254619014 u0 org.tkideneb2.zeiterfassung/org.kivy.android.PythonActivity t4624} flags=0x0}
01-22 19:18:43.319  1559  6879 V WindowManager: ]
01-22 19:18:43.319  1559  6879 V WindowManager: }, caller=com.android.server.wm.WindowOrganizerController.finishTransitionInner:31 com.android.server.wm.WindowOrganizerController.finishAllTransitions:60 android.window.IWindowOrganizerController$Stub.onTransact:283 
01-22 19:18:43.319  1559  1595 V WindowManager: Sent Transition (#37572) createdAt=01-22 19:18:43.280 via request=TransitionRequestInfo { type = OPEN, triggerTask = TaskInfo{userId=0 taskId=4624 effectiveUid=10544 displayId=0 isRunning=true baseIntent=Intent { flg=0x10000000 cmp=org.tkideneb2.zeiterfassung/org.kivy.android.PythonActivity } baseActivity=ComponentInfo{org.tkideneb2.zeiterfassung/org.kivy.android.PythonActivity} topActivity=ComponentInfo{org.tkideneb2.zeiterfassung/org.kivy.android.PythonActivity} origActivity=null realActivity=ComponentInfo{org.tkideneb2.zeiterfassung/org.kivy.android.PythonActivity} numActivities=1 lastActiveTime=2541828312 supportsMultiWindow=true resizeMode=1 isResizeable=true minWidth=-1 minHeight=-1 maxWidth=-1 maxHeight=-1 defaultMinSize=220 desktopDefaultMinSize=304 token=WCT{RemoteToken{9e83207 Task{5bf6647 #4624 type=standard A=10544:org.tkideneb2.zeiterfassung}}} topActivityType=1 pictureInPictureParams=null shouldDockBigOverlays=false launchIntoPipHostTaskId=-1 lastParentTaskIdBeforePip=-1 displayCutoutSafeInsets=Rect(0, 112 - 0, 0) topActivityInfo=ActivityInfo{f859f34 org.kivy.android.PythonActivity} launchCookies=[] positionInParent=Point(0, 0) parentTaskId=-1 isFocused=false isVisible=false isVisibleRequested=false isTopActivityNoDisplay=false isSleeping=true locusId=null displayAreaFeatureId=1 isTopActivityTransparent=false isActivityStackTransparent=false lastNonFullscreenBounds=Rect(108, 752 - 1332, 2312) capturedLink=null capturedLinkTimestamp=0 requestedVisibleTypes=-9 topActivityRequestOpenInBrowserEducationTimestamp=0 appCompatTaskInfo=AppCompatTaskInfo { topActivityInSizeCompat=false eligibleForLetterboxEducation= false isLetterboxEducationEnabled= false isLetterboxDoubleTapEnabled= false eligibleForUserAspectRatioButton= false topActivityBoundsLetterboxed= false isFromLetterboxDoubleTap= false topActivityLetterboxVerticalPosition= -1 topActivityLetterboxHorizontalPosition= -1 topActivityLetterboxWidth=-1 topActivityLetterboxHeight=-1 topActivityAppBounds=Rect(0, 112 - 1440, 2952) isUserFullscreenOverrideEnabled=false isSystemFullscreenOverrideEnabled=false hasMinAspectRatioOverride=false topActivityLetterboxBounds=null cameraCompatTaskInfo=CameraCompatTaskInfo { freeformCameraCompatMode=inactive} topActivityBounds=null topActivityInDisplayCompat=false singleTapFromLetterbox=false} topActivityMainWindowFrame=null originallySupportedMultiWindow=true hasWallpaper=false rootAffinity=10544:org.tkideneb2.zeiterfassung isTopTaskInStage=false CoverLauncherWidgetTask=false LaunchedFromAppsCoverLauncherTask=false LaunchedFromMultistarCoverLauncherTask=false isAllowedSeamlessRotation=false isTopTransparentActivity=false isAliasManaged=false hasConfigChanged=false snappingGuideBounds=null isAiKeyRemoveAppTask=false lastDesktopWindowingBounds=null lastExternalDesktopWindowingBounds=null safeCutoutInsets=null}, pipChange = null, remoteTransition = null, displayChange = null, flags = 0, debugId = 37572 }
01-22 19:18:43.319  1559  1595 V WindowManager:     startWCT=WindowContainerTransaction { changes= {} hops= [] errorCallbackToken=null taskFragmentOrganizer=null }
01-22 19:18:43.319  1559  1595 V WindowManager:     info={id=37572 t=OPEN f=0x40 trk=0 r=[] c=[]}
01-22 19:18:43.319  1559  6879 D ChangeTransitionController: onTransitionFinished: TransitionRecord{bea9e61 id=37572 type=OPEN flags=0x40 c=[
01-22 19:18:43.319  1559  6879 D ChangeTransitionController:    ChangeInfo{f0fb899 container=DefaultTaskDisplayArea_d0@51744758 flags=0x0}
01-22 19:18:43.319  1559  6879 D ChangeTransitionController:    ChangeInfo{346675e container=Task{5bf6647 #4624 type=standard A=10544:org.tkideneb2.zeiterfassung} flags=0x0}
01-22 19:18:43.319  1559  6879 D ChangeTransitionController:    ChangeInfo{92cd73f container=Display{#0 state=DOZE_SUSPEND size=1440x3120 ROTATION_0} flags=0x0}
01-22 19:18:43.319  1559  6879 D ChangeTransitionController:    ChangeInfo{b67080c container=ActivityRecord{254619014 u0 org.tkideneb2.zeiterfassung/org.kivy.android.PythonActivity t4624} flags=0x0}
01-22 19:18:43.319  1559  6879 D ChangeTransitionController: ]
01-22 19:18:43.319  1559  6879 D ChangeTransitionController: }
01-22 19:18:43.319  2814  2913 D VRI[zeiterfassung]@b572e83: mThreadedRenderer.initialize() mSurface={isValid=true 0xb400006d476c5260} hwInitialized=true
01-22 19:18:43.319  1388  1388 I CameraService: onUidStateChanged: uid=10056, procState is changed. (0 -> 1)
01-22 19:18:43.319  2814  2870 V WindowManagerShell: Track 0 became idle
01-22 19:18:43.319  2814  2870 V WindowManagerShell: All active transition animations finished
01-22 19:18:43.319  2814  2913 D VRI[zeiterfassung]@b572e83: reportNextDraw android.view.ViewRootImpl.performTraversals:5443 android.view.ViewRootImpl.doTraversal:3924 android.view.ViewRootImpl$TraversalRunnable.run:12903 android.view.Choreographer$CallbackRecord.run:1901 android.view.Choreographer$CallbackRecord.run:1910 
01-22 19:18:43.320  2814  2913 D VRI[zeiterfassung]@b572e83: Setup new sync=wmsSync-VRI[zeiterfassung]@b572e83#75
01-22 19:18:43.320  2814  2913 I VRI[zeiterfassung]@b572e83: Creating new active sync group VRI[zeiterfassung]@b572e83#76
01-22 19:18:43.320  2814  2913 D VRI[zeiterfassung]@b572e83: registerCallbacksForSync syncBuffer=false
01-22 19:18:43.322  1559  1595 V WindowManager: Finish Transition (#37572): created at 01-22 19:18:43.280 collect-started=0.721ms request-sent=7.194ms started=8.658ms ready=36.85ms sent=37.442ms finished=39.342ms
01-22 19:18:43.322  2814  2951 D VRI[zeiterfassung]@b572e83: Received frameDrawingCallback syncResult=0 frameNum=1.
01-22 19:18:43.323  2814  2951 I VRI[zeiterfassung]@b572e83: mWNT: t=0xb400006ec7511750 mBlastBufferQueue=0xb400006e3781c010 fn= 1 HdrRenderState mRenderHdrSdrRatio=1.0 caller= android.view.ViewRootImpl$12.onFrameDraw:15441 android.view.ThreadedRenderer$1.onFrameDraw:718 <bottom of call stack> 
01-22 19:18:43.323  2814  2951 I VRI[zeiterfassung]@b572e83: Setting up sync and frameCommitCallback
01-22 19:18:43.323  1388  1388 I CameraService: onUidStateChanged: uid=10056, procState is changed. (1 -> 0)
01-22 19:18:43.324  2814  2952 I BLASTBufferQueue: [VRI[zeiterfassung]@b572e83#22068](f:0,a:0,s:0) onFrameAvailable the first frame is available
01-22 19:18:43.324  2814  2952 I VRI[zeiterfassung]@b572e83: Received frameCommittedCallback lastAttemptedDrawFrameNum=1 didProduceBuffer=true
01-22 19:18:43.324  2814  2952 D HWUI    : CFMS:: SetUp Pid : 2814    Tid : 2952
01-22 19:18:43.324  1248  2404 I SurfaceFlinger: [Splash Screen org.tkideneb2.zeiterfassung$_2814#497724] setTransactionState with the first frame. bufferData(ID: 12086038195108, frameNumber: 1)
01-22 19:18:43.325  2814  2913 D VRI[zeiterfassung]@b572e83: reportDrawFinished seqId=0
01-22 19:18:43.325  1559  6336 D WindowManager: finishDrawingWindow: Window{d8298f8 u0 Splash Screen org.tkideneb2.zeiterfassung} mDrawState=DRAW_PENDING seqId=0
01-22 19:18:43.325  1559  6336 V WindowManager: Finishing drawing window Window{d8298f8 u0 Splash Screen org.tkideneb2.zeiterfassung}: mDrawState=DRAW_PENDING
01-22 19:18:43.325  1559  6336 V WindowManager: Draw state now committed in Window{d8298f8 u0 Splash Screen org.tkideneb2.zeiterfassung}
01-22 19:18:43.325  1559  1599 W PhoneWindowManager: lockNow pending, ignore updating lockscreen timeout
01-22 19:18:43.327  3244  4257 I HoneySpace.RecentTasks: onRunningTaskAppeared
01-22 19:18:43.327  3244  5232 I HoneySpace.RecentTasks: onRecentTasksChanged
01-22 19:18:43.340  1248  1248 I SurfaceFlinger: RequestedLayer [d8298f8 Splash Screen org.tkideneb2.zeiterfassung#497723] hidden!! flag  from(1) --> to(0)
01-22 19:18:43.340  1248  1248 I SurfaceFlinger: [Display 0 name="Integrierter Bildschirm"#49] setFrameRateCategory: Default
01-22 19:18:43.340  1248  1248 I SurfaceFlinger: [Splash Screen org.tkideneb2.zeiterfassung$_2814#497724] attach to parent LayerHierarchy{RequestedLayerState{d8298f8 Splash Screen org.tkideneb2.zeiterfassung#497723 parentId=497722 z=2147483647} 1 children}
01-22 19:18:43.343  1559  1598 I DisplayDeviceRepository: Display device changed render timings: "Integrierter Bildschirm", renderFrameRate=30.0, presentationDeadlineNanos=34333334, appVsyncOffsetNanos=33333334, frameRateOverrides=[]
01-22 19:18:43.343  1248  1248 E Scheduler: trackPendingFrame: Invalid present fence
01-22 19:18:43.343  7505  7505 I 2.zeiterfassung: Using CollectorTypeCMC GC.
01-22 19:18:43.344  1559  1599 W PhoneWindowManager: lockNow pending, ignore updating lockscreen timeout
01-22 19:18:43.344  2814  2814 D DisplayLifecycle: updateDisplay id = 0
01-22 19:18:43.344  2814  2814 I AODTriggers: onAODEventDispatched = 4 / eventData = aod.e0@31b261d
01-22 19:18:43.344  2814  2814 I AOD_LIVE_CLOCK@LiveClockController: updateDisplayState: DISPLAY_STATE_DOZE_SUSPEND
01-22 19:18:43.344  2814  2927 D StackScroller: onDisplayChanged for predraw skip to 4
01-22 19:18:43.344  1559  6879 D WifiDisplayAdapter: isFitToActiveDisplayLocked : false
01-22 19:18:43.346 30870 30877 I adbd    : jdwp connection from 7505
01-22 19:18:43.351  7505  7505 D nativeloader: Load libframework-connectivity-tiramisu-jni.so using APEX ns com_android_tethering for caller /apex/com.android.tethering/javalib/framework-connectivity-t.jar: ok
01-22 19:18:43.353  7505  7505 D ActivityThread: setConscryptValidator
01-22 19:18:43.353  7505  7505 D ActivityThread: setConscryptValidator - put
01-22 19:18:43.357  1559  6336 I ActivityManager: Changes in 10544 20 to 19, 0 to 255
01-22 19:18:43.358  1559  1596 D PkgPredictorService-SecIpmManagerServiceImpl: onForegroundActivitiesChanged pid:7505 uid:10544
01-22 19:18:43.358  1559  1596 D SGM:GameManager: identifyForegroundApp. com.google.android.youtube, mCurrentUserId: 0, callerUserId: 0
01-22 19:18:43.359  1559  1596 D SGM:SemGameManager: isForegroundGame(), ret=false
01-22 19:18:43.359  1559  3381 V PkgPredictorService-SecIpmManagerServiceImpl: discard foreground app:org.tkideneb2.zeiterfassung 0|false
01-22 19:18:43.359  1559  1596 D FingerprintProvider/default: onForegroundActivitiesChanged: pid = 7505, uid = 10544, foregroundActivities = true
01-22 19:18:43.359  1559  2571 V NetworkPolicy: getFirewallRuleMobileData UID:10544 policy:0
01-22 19:18:43.359  1559  1596 D SGM:GameManager: identifyForegroundApp. com.google.android.youtube, mCurrentUserId: 0, callerUserId: 0
01-22 19:18:43.359  1559  1596 D SGM:SemGameManager: isForegroundGame(), ret=false
01-22 19:18:43.359  1559  1596 D NetworkPolicy: already checked 10544
01-22 19:18:43.359  1559  1596 D FingerprintProvider/default: onForegroundActivitiesChanged: pid = 7505, uid = 10544, foregroundActivities = true
01-22 19:18:43.359  1559  1596 D SGM:GameManager: identifyForegroundApp. com.google.android.youtube, mCurrentUserId: 0, callerUserId: 0
01-22 19:18:43.359  1559  1596 D SGM:SemGameManager: isForegroundGame(), ret=false
01-22 19:18:43.359  1559  1596 D NetworkPolicy: already checked 10544
01-22 19:18:43.359  1559  1596 D FingerprintProvider/default: onForegroundActivitiesChanged: pid = 7505, uid = 10544, foregroundActivities = true
01-22 19:18:43.362  7505  7505 D CompatChangeReporter: Compat change id reported: 242716250; UID 10544; state: ENABLED
01-22 19:18:43.375  1248  1248 E Scheduler: trackPendingFrame: Invalid present fence
01-22 19:18:43.387  7505  7505 D nativeloader: Configuring clns-9 for other apk /data/app/~~mGR85rfEWUbCEE3XhP-jkA==/org.tkideneb2.zeiterfassung-VRmzHEnzA-jz8OKsmzgWMQ==/base.apk. target_sdk_version=34, uses_libraries=, library_path=/data/app/~~mGR85rfEWUbCEE3XhP-jkA==/org.tkideneb2.zeiterfassung-VRmzHEnzA-jz8OKsmzgWMQ==/lib/arm64:/data/app/~~mGR85rfEWUbCEE3XhP-jkA==/org.tkideneb2.zeiterfassung-VRmzHEnzA-jz8OKsmzgWMQ==/base.apk!/lib/arm64-v8a, permitted_path=/data:/mnt/expand:/data/user/0/org.tkideneb2.zeiterfassung
01-22 19:18:43.391  7505  7505 V GraphicsEnvironment: Currently set values for:
01-22 19:18:43.392  7505  7505 V GraphicsEnvironment:   angle_gl_driver_selection_pkgs=[]
01-22 19:18:43.392  7505  7505 V GraphicsEnvironment:   angle_gl_driver_selection_values=[]
01-22 19:18:43.392  7505  7505 V GraphicsEnvironment: org.tkideneb2.zeiterfassung is not listed in per-application setting
01-22 19:18:43.392  7505  7505 V GraphicsEnvironment: ANGLE allowlist from config: 
01-22 19:18:43.392  7505  7505 V GraphicsEnvironment: org.tkideneb2.zeiterfassung is not listed in ANGLE allowlist or settings, returning default
01-22 19:18:43.392  7505  7505 V GraphicsEnvironment: App is not on the allowlist for updatable production driver.
01-22 19:18:43.416  1559  2141 D WindowManager: App launched activity=ActivityRecord{254619014 u0 org.tkideneb2.zeiterfassung/org.kivy.android.PythonActivity t4624}, state=1
01-22 19:18:43.416  1559  2141 V WindowManager: Computed rotation=ROTATION_0 (0) for display id=0 based on lastOrientation=SCREEN_ORIENTATION_NOSENSOR (5) and oldRotation=ROTATION_0 (0), caller=com.android.server.wm.DisplayRotation.updateOrientation:79 com.android.server.wm.DisplayContent.updateOrientation:41 com.android.server.wm.DisplayContent.updateOrientationAndComputeConfig:48 com.android.server.wm.RootWindowContainer.ensureVisibilityAndConfig:7 com.android.server.wm.ActivityTaskSupervisor.realStartActivityLocked:182 com.android.server.wm.RootWindowContainer.attachApplication:92 
01-22 19:18:43.417  1559  2141 D SGM:FgCheckThread: notifyAppCreated(), packageName: org.tkideneb2.zeiterfassung, userId: 0, sendRet: true
01-22 19:18:43.417  1559  2233 D SGM:FgCheckThread: onLooperPrepared(), msg: MSG_APP_CREATE, pkgName: org.tkideneb2.zeiterfassung, userId: 0
01-22 19:18:43.417  1559  2141 D SGM:FgCheckThread: TaskStackListener.onTaskFocusChanged(), taskId=4565, focused=false
01-22 19:18:43.417  1559  2141 D SGM:FgCheckThread: TaskStackListener.onTaskFocusChanged(), taskId=4624, focused=true
01-22 19:18:43.417  1559  2141 D SGM:FgCheckThread:   sendRunningComponentFocus(), pkgName: org.tkideneb2.zeiterfassung, userId: 0
01-22 19:18:43.417  1559  2141 D InputDispatcher: Focused application(0): ActivityRecord{254619014 u0 org.tkideneb2.zeiterfassung/org.kivy.android.PythonActivity t4624}
01-22 19:18:43.417  1559  2233 D SGM:FgCheckThread: onLooperPrepared(), msg: MSG_TASK_FOCUSED, pkgName: org.tkideneb2.zeiterfassung, userId: 0
01-22 19:18:43.417  1559  2233 D SGM:FgCheckThread: handleTaskFocused().
01-22 19:18:43.417  1559  2233 D SGM:FgCheckThread:   handleTaskFocused(), pkgName: org.tkideneb2.zeiterfassung, userID:0
01-22 19:18:43.417  1559  2233 D SGM:FgCheckThread: handleResume().
01-22 19:18:43.417  1559  2141 D ActivityTaskManager: scheduleTopResumedActivityChanged, onTop=true, r=ActivityRecord{254619014 u0 org.tkideneb2.zeiterfassung/org.kivy.android.PythonActivity t4624}, caller=com.android.server.wm.ActivityTaskSupervisor.scheduleTopResumedActivityStateIfNeeded:18 com.android.server.wm.ActivityTaskSupervisor.updateTopResumedActivityIfNeeded:54 com.android.server.wm.TaskFragment.setResumedActivity:30 com.android.server.wm.ActivityRecord.setState:100 com.android.server.wm.ActivityTaskSupervisor.realStartActivityLocked:477 com.android.server.wm.RootWindowContainer.attachApplication:92 
01-22 19:18:43.417  1559  2233 D SGM:SystemHelper: callReleaseBlock needReleaseBlock:false
01-22 19:18:43.417  1559  2233 D SGM:FgCheckThread:   handleResume(). device is locked yet. ignore
01-22 19:18:43.417  1559  2141 D ActivityTaskManager: scheduleTopResumedActivityChanged, onTop=false, r=ActivityRecord{254619014 u0 org.tkideneb2.zeiterfassung/org.kivy.android.PythonActivity t4624}, caller=com.android.server.wm.ActivityTaskSupervisor.scheduleTopResumedActivityStateLossIfNeeded:19 com.android.server.wm.ActivityTaskSupervisor.updateTopResumedActivityIfNeeded:20 com.android.server.wm.TaskFragment.setResumedActivity:30 com.android.server.wm.ActivityRecord.setState:91 com.android.server.wm.TaskFragment.startPausing$1:209 com.android.server.wm.Task$$ExternalSyntheticLambda37.accept:150 
01-22 19:18:43.418  1559  2618 D AS.MultiSoundManager: mForegroundUid = 10544
01-22 19:18:43.418  1559  1598 I ActivityManager: Changes in 10544 19 to 12, 255 to 128
01-22 19:18:43.418  3244  3326 I HoneySpace.TopTaskSource: onTaskFocusChanged(): taskId = 4624
01-22 19:18:43.419  2814  2814 I {OngoingActivityController}: onTaskFocusChanged but OA data is empty
01-22 19:18:43.419  1559  2656 D BackgroundInstallControlService: Package event received: 0
01-22 19:18:43.419  1559  2643 I CocktailBarManagerServiceContainer: handleMessage: entry what = 5
01-22 19:18:43.420  1559  1598 D SGM:FgCheckThread: noteResumeComponent(), received pkgName: org.tkideneb2.zeiterfassung, userId: 0
01-22 19:18:43.420  3244  3244 I HoneySpace.EdgePanel.CocktailHostRepositoryImpl: onNoteResume
01-22 19:18:43.420  3244  3244 I HoneySpace.EdgePanel.EdgePanelContainerViewModel: cocktailHostRepository.edgePanelOperation NoteResumeComponent(componentName=ComponentInfo{org.tkideneb2.zeiterfassung/org.kivy.android.PythonActivity})
01-22 19:18:43.420  3244  3244 I HoneySpace.EdgePanel.ActivityUtils: HomePackage : com.sec.android.app.launcher, resumePackageName : org.tkideneb2.zeiterfassung, className : org.kivy.android.PythonActivity
01-22 19:18:43.420  1559  2704 D SemWifiTransportLayerMonitor.TcpMonitorHandler: MSG_SAVE_PACKAGE_INFO
01-22 19:18:43.420  1559  2233 D SGM:FgCheckThread: onLooperPrepared(), msg: MSG_APP_RESUME, pkgName: org.tkideneb2.zeiterfassung, userid: 0
01-22 19:18:43.420  1559  2233 D SGM:FgCheckThread: handleResume().
01-22 19:18:43.420  1559  2233 D SGM:FgCheckThread:   handleResume(). same package with Prev KILL_YOURSELF. ignore
01-22 19:18:43.420  5859 23700 I SDHMS:k : handleResumeComponent : put = org.tkideneb2.zeiterfassung, userid = 0 instanceid =93478516
01-22 19:18:43.420  1559  2704 D SemWifiTransportLayerFileManager: saveWifiPackageInfoToFile
01-22 19:18:43.420  1559  2704 D SemWifiTransportLayerFileManager: writeWifiPackageInfoList
01-22 19:18:43.420  1559  2158 V Configuration: Updating configuration, locales updated from [] to [de_DE]
01-22 19:18:43.420  1559  2158 V Configuration: Updating configuration, locales updated from [] to [de_DE]
01-22 19:18:43.421  1559  2158 V Configuration: Updating configuration, locales updated from [] to [de_DE]
01-22 19:18:43.421  1559  2158 V Configuration: Updating configuration, locales updated from [] to [de_DE]
01-22 19:18:43.421  1559  2141 D GraphicsStatsService: requestRenderEngineFor(org.tkideneb2.zeiterfassung)
01-22 19:18:43.421  7505  7505 D ActivityThread: org.tkideneb2.zeiterfassung will use render engine as VK
01-22 19:18:43.421  7505  7505 D HWUI    : HWUI - treat SMPTE_170M as sRGB
01-22 19:18:43.423  7505  7526 I DisplayManager: Choreographer implicitly registered for the refresh rate.
01-22 19:18:43.426  7505  7526 D HWUI    : CacheManager constructor. deviceInfo=(1080, 1920)
01-22 19:18:43.426  7505  7526 D vulkan  : searching for layers in '/data/app/~~mGR85rfEWUbCEE3XhP-jkA==/org.tkideneb2.zeiterfassung-VRmzHEnzA-jz8OKsmzgWMQ==/lib/arm64'
01-22 19:18:43.427  1559  2158 V Configuration: Updating configuration, locales updated from [] to [de_DE]
01-22 19:18:43.427  1559  2158 V Configuration: Updating configuration, locales updated from [] to [de_DE]
01-22 19:18:43.427  1559  2158 V Configuration: Updating configuration, locales updated from [] to [de_DE]
01-22 19:18:43.427  1559  2158 V Configuration: Updating configuration, locales updated from [] to [de_DE]
01-22 19:18:43.427  7505  7526 D vulkan  : searching for layers in '/data/app/~~mGR85rfEWUbCEE3XhP-jkA==/org.tkideneb2.zeiterfassung-VRmzHEnzA-jz8OKsmzgWMQ==/base.apk!/lib/arm64-v8a'
01-22 19:18:43.427  7505  7526 V XGL     : ----------------------------------------------------------------------
01-22 19:18:43.427  7505  7526 V XGL     : SUMD version compiled date     = 2025-06-11 14:47 - KST
01-22 19:18:43.427  7505  7526 V XGL     : SUMD version revision number   = 1fc295b0d2
01-22 19:18:43.427  7505  7526 V XGL     : SUMD version info              = Driver version: 24.0.545, git hash: 1fc295b0d2
01-22 19:18:43.428  7505  7526 V XGL     : ----------------------------------------------------------------------
01-22 19:18:43.428  7505  7526 V XGL     : Entering: Create
01-22 19:18:43.432  1559  2158 V Configuration: Updating configuration, locales updated from [] to [de_DE]
01-22 19:18:43.432  1559  2158 V Configuration: Updating configuration, locales updated from [] to [de_DE]
01-22 19:18:43.432  1559  2158 V Configuration: Updating configuration, locales updated from [] to [de_DE]
01-22 19:18:43.436  1559  2158 V Configuration: Updating configuration, locales updated from [] to [de_DE]
01-22 19:18:43.436  1559  2158 V Configuration: Updating configuration, locales updated from [] to [de_DE]
01-22 19:18:43.436  1559  2158 V Configuration: Updating configuration, locales updated from [] to [de_DE]
01-22 19:18:43.439  1559  2158 D IntervalStats: Unable to parse usage stats packages: [1022]
01-22 19:18:43.441  1559  2158 V Configuration: Updating configuration, locales updated from [] to [de_DE]
01-22 19:18:43.441  1559  2158 V Configuration: Updating configuration, locales updated from [] to [de_DE]
01-22 19:18:43.441  1559  2158 V Configuration: Updating configuration, locales updated from [] to [de_DE]
01-22 19:18:43.442  7505  7505 E ashmem  : Pinning is deprecated since Android Q. Please use trim or other methods.
01-22 19:18:43.444  1559  2158 D IntervalStats: Unable to parse usage stats packages: [1022]
01-22 19:18:43.446  1559  2158 V Configuration: Updating configuration, locales updated from [] to [de_DE]
01-22 19:18:43.446  1559  2158 V Configuration: Updating configuration, locales updated from [] to [de_DE]
01-22 19:18:43.446  1559  2158 V Configuration: Updating configuration, locales updated from [] to [de_DE]
01-22 19:18:43.449  7505  7505 V PythonActivity: PythonActivity onCreate running
01-22 19:18:43.449  7505  7505 V PythonActivity: About to do super onCreate
01-22 19:18:43.449  7505  7505 V SDL     : Device: e2s
01-22 19:18:43.449  7505  7505 V SDL     : Model: SM-S926B
01-22 19:18:43.449  7505  7505 V SDL     : onCreate()
01-22 19:18:43.449  7505  7505 V PythonActivity: Did super onCreate
01-22 19:18:43.449  7505  7505 V SDL     : getting identifier
01-22 19:18:43.449  7505  7505 V SDL     : kind is layout and name lottie
01-22 19:18:43.449  7505  7505 V SDL     : result is 0
01-22 19:18:43.449  7505  7505 E 2.zeiterfassung: Invalid resource ID 0x00000000.
01-22 19:18:43.450  7505  7505 V SDL     : couldn't find lottie layout or animation, trying static splash
01-22 19:18:43.450  7505  7505 V SDL     : getting identifier
01-22 19:18:43.450  7505  7505 V SDL     : kind is drawable and name presplash
01-22 19:18:43.450  7505  7505 V SDL     : result is 2130968589
01-22 19:18:43.450  1559  2158 D IntervalStats: Unable to parse usage stats packages: [1025, 1026, 1027]
01-22 19:18:43.451  7505  7505 I Kumiho-Kumiho: getPackageName: org.tkideneb2.zeiterfassung
01-22 19:18:43.452  1559  2158 V Configuration: Updating configuration, locales updated from [] to [de_DE]
01-22 19:18:43.452  7505  7526 V XGL     : Exiting: Create
01-22 19:18:43.452  1559  2158 V Configuration: Updating configuration, locales updated from [] to [de_DE]
01-22 19:18:43.452  1559  2158 V Configuration: Updating configuration, locales updated from [] to [de_DE]
01-22 19:18:43.452  1559  1819 D MARsPolicyManager: triggerAction called!
01-22 19:18:43.452  1559  1819 I NSLocationMonitor: getGPSUsingApps() called
01-22 19:18:43.452  1559  2158 V Configuration: Updating configuration, locales updated from [] to [de_DE]
01-22 19:18:43.452  3466  3501 I NSLocationManager_FLP: getGPSUsingApps, No change
01-22 19:18:43.456  1559  2158 D IntervalStats: Unable to parse usage stats packages: [1028, 1029, 1030, 1031, 1032]
01-22 19:18:43.456  1559  2158 D IntervalStats: Unable to parse event packages: [1032]
01-22 19:18:43.458  1559  2656 D BackgroundInstallControlService: Package event received: 0
01-22 19:18:43.458  1559  2656 D BackgroundInstallControlService: Package event received: 0
01-22 19:18:43.460  7505  7505 I Kumiho-Kumiho: getPackageName: org.tkideneb2.zeiterfassung
01-22 19:18:43.463  7505  7505 V SDL     : asked to get string presplash_color
01-22 19:18:43.463  7505  7505 V SDL     : getting identifier
01-22 19:18:43.463  7505  7505 V SDL     : kind is string and name presplash_color
01-22 19:18:43.463  7505  7505 V SDL     : result is 2131296257
01-22 19:18:43.489  1559  2606 D MdnieScenarioControlService:  packageName : org.tkideneb2.zeiterfassung    className : org.kivy.android.PythonActivity
01-22 19:18:43.489  7505  7505 D DesktopModeFlags: Toggle override initialized to: OVERRIDE_UNSET
01-22 19:18:43.489  1559  2606 V MdnieScenarioControlService: setUIMode from UI function(3)
01-22 19:18:43.497  7505  7505 I DecorView: setWindowBackground: isPopOver=false color=ff010102 d=android.graphics.drawable.StateListDrawable@947066
01-22 19:18:43.500  7505  7532 V PythonActivity: Ready to unpack
01-22 19:18:43.501  7505  7532 V pythonutil: Unpacking private app
01-22 19:18:43.502  7505  7532 V pythonutil: Data version is e17a961787b102dda7b3d5016069a638197647d0
01-22 19:18:43.503  7505  7532 V pythonutil: Extracting private assets.
01-22 19:18:43.503  7505  7505 V SDL     : onStart()
01-22 19:18:43.505  7505  7532 V python  : extracting build_apk_wrapper.pyc
01-22 19:18:43.506  7505  7505 V PythonActivity: onResume()
01-22 19:18:43.506  7505  7505 V SDL     : onResume()
01-22 19:18:43.507  7505  7532 V python  : extracting db.pyc
01-22 19:18:43.509  7505  7532 V python  : extracting debug_run.pyc
01-22 19:18:43.510  7505  7532 V python  : extracting debug_startup.pyc
01-22 19:18:43.511  7505  7532 V python  : extracting generate_icon.pyc
01-22 19:18:43.512  7505  7532 V python  : extracting icon.png
01-22 19:18:43.514  7505  7532 V python  : extracting main.pyc
01-22 19:18:43.518 30801 30801 I BSS_SysUiManager: handleMessage = 9, 0, 0
01-22 19:18:43.520  3059  3736 D SatelliteController: isInCarrierRoamingNbIotNtn: satellite is disabled
01-22 19:18:43.524  7505  7532 V python  : extracting main_minimal_test.pyc
01-22 19:18:43.525  7505  7532 V python  : extracting main_new.pyc
01-22 19:18:43.530  7505  7532 V python  : extracting sitecustomize.pyc
01-22 19:18:43.530  7505  7505 D ViewRootImpl: desktopMode is false
01-22 19:18:43.531  7505  7532 V python  : extracting test_all_scenarios.pyc
01-22 19:18:43.533  7505  7532 V python  : extracting test_android_minimal.pyc
01-22 19:18:43.534  7505  7505 I ViewRootImpl: dVRR is disabled
01-22 19:18:43.534  7505  7532 V python  : extracting test_export.pyc
01-22 19:18:43.535  7505  7532 V python  : extracting test_export_minimal.pyc
01-22 19:18:43.535  7505  7505 D HardwareRenderer: onDisplayChanged. displayId=0 current wxh=1440x3120 mLargest wxh=0x0
01-22 19:18:43.536  7505  7505 D HardwareRenderer: Set largestWidth and largestHeight as logical resolution. (1440x3120)
01-22 19:18:43.536  7505  7526 D HWUI    : setMaxSurfaceArea requested wxh=(1440,3120) requestedSurfaceArea(4492800) mMaxSurfaceArea(2073600)
01-22 19:18:43.536  7505  7532 V python  : extracting test_pdf_functionality.pyc
01-22 19:18:43.537  7505  7526 D NativeCustomFrequencyManager: [NativeCFMS] BpCustomFrequencyManager::BpCustomFrequencyManager()
01-22 19:18:43.538  7505  7532 V python  : extracting test_pdf_with_db.pyc
01-22 19:18:43.538  7505  7535 I 2.zeiterfassung: [HIDL_FETCH_IMapper] android.hardware.graphics.mapper@4.0: Loaded Mapper successfully.
01-22 19:18:43.539   580   580 I hwservicemanager: getTransport: Cannot find entry android.hardware.graphics.allocator@4.0::IAllocator/default in either framework or device VINTF manifest.
01-22 19:18:43.539  7505  7532 V python  : extracting test_ui_components.pyc
01-22 19:18:43.540  7505  7532 V python  : extracting test_zeiterfassung.db
01-22 19:18:43.541  7505  7532 V python  : extracting validate_report.pyc
01-22 19:18:43.542  1205  1256 I HYPER-HAL: [RequestManager.cpp]acquire(): Acquired ID : 123617037  [1213 / 184815]    HINT :      list : [TID_LOW_LATENCY / 1] [TID / 7534] [TID / 7535] [TID / 7505] [TID / 7526] 
01-22 19:18:43.542  7505  7532 V python  : extracting zeiterfassung.kv
01-22 19:18:43.543  1205  1256 I HYPER-HAL: [RequestManager.cpp]acquire(): Acquired ID : 123617037  [1213 / 184815]    HINT :      list : [TID_LOW_LATENCY / 0] [TID / 7534] [TID / 7535] [TID / 7505] [TID / 7526] 
01-22 19:18:43.544  7505  7532 V python  : extracting p4a_env_vars.txt
01-22 19:18:43.545  7505  7532 V pythonutil: Unpacking /data/app/~~mGR85rfEWUbCEE3XhP-jkA==/org.tkideneb2.zeiterfassung-VRmzHEnzA-jz8OKsmzgWMQ==/lib/arm64/libpybundle app
01-22 19:18:43.546  7505  7532 V pythonutil: Data version is e17a961787b102dda7b3d5016069a638197647d0
01-22 19:18:43.546  7505  7532 V pythonutil: Extracting /data/app/~~mGR85rfEWUbCEE3XhP-jkA==/org.tkideneb2.zeiterfassung-VRmzHEnzA-jz8OKsmzgWMQ==/lib/arm64/libpybundle assets.
01-22 19:18:43.547  1559  2706 D InputTransport: Input channel constructed: 'd37c539', fd=1311
01-22 19:18:43.547  1559  2706 D InputTransport: Input channel constructed: 'd37c539', fd=1312
01-22 19:18:43.547  1559  2706 D InputTransport: Input channel constructed: 'd37c539', fd=1313
01-22 19:18:43.547  1559  2706 D InputTransport: Input channel destroyed: 'd37c539', fd=1312
01-22 19:18:43.547  7505  7532 V python  : extracting _python_bundle/
01-22 19:18:43.548  7505  7532 V python  : extracting _python_bundle/modules/
01-22 19:18:43.548  1248  1314 I SurfaceFlinger: id=497725 createSurf, flag=84004, d37c539 org.tkideneb2.zeiterfassung/org.kivy.android.PythonActivity#497725
01-22 19:18:43.548  1559  2706 D RestrictionPolicy: isScreenCaptureEnabled : ret=true userId=0
01-22 19:18:43.548  1559  2706 D RestrictionPolicy: isScreenCaptureEnabled : ret=true userId=0
01-22 19:18:43.549  7505  7532 V python  : extracting _python_bundle/modules/_asyncio.cpython-310.so
01-22 19:18:43.549  1559  2706 D InputTransport: Input channel destroyed: 'd37c539', fd=1313
01-22 19:18:43.550  7505  7505 D InputTransport: Input channel constructed: 'd37c539', fd=116
01-22 19:18:43.553  7505  7505 I InsetsController: onStateChanged: host=org.tkideneb2.zeiterfassung/org.kivy.android.PythonActivity, from=android.view.ViewRootImpl.onInsetsStateChanged:3026, state=InsetsState: {mDisplayFrame=Rect(0, 0 - 1440, 3120), mDisplayCutout=DisplayCutout{insets=Rect(0, 112 - 0, 0) waterfall=Insets{left=0, top=0, right=0, bottom=0} boundingRect={Bounds=[Rect(0, 0 - 0, 0), Rect(686, 0 - 754, 112), Rect(0, 0 - 0, 0), Rect(0, 0 - 0, 0)]} cutoutPathParserInfo={CutoutPathParserInfo{displayWidth=1440 displayHeight=3120 physicalDisplayWidth=1440 physicalDisplayHeight=3120 density={3.75} cutoutSpec={M 0,0 H -9.066666666666667 V 29.86666666666667 H 9.066666666666667 V 0 H 0 Z @dp} rotation={0} scale={1.0} physicalPixelDisplaySizeRatio={1.0}}} sideOverrides={}}, mRoundedCorners=RoundedCorners{[RoundedCorner{position=TopLeft, radius=126, center=Point(126, 126)}, RoundedCorner{position=TopRight, radius=126, center=Point(1314, 126)}, RoundedCorner{position=BottomRight, radius=126, center=Point(1314, 2994)}, RoundedCorner{position=BottomLeft, radius=126, center=Point(126, 2994)}]}  mRoundedCornerFrame=Rect(0, 0 - 1440, 3120), mPrivacyIndicatorBounds=PrivacyIndicatorBounds {static bounds=Rect(1286, 0 - 1440, 113) rotation=0}, mDisplayShape=DisplayShape{ spec=-311912193 displayWidth=1440 displayHeight=3120 physicalPixelDisplaySizeRatio=1.0 rotation=0 offsetX=0 offsetY=0 scale=1.0}, mSources= { InsetsSource: {f7410001 mType=navigationBars mFrame=[0,2952][1440,3120] mVisible=false mFlags= mSideHint=BOTTOM mBoundingRects=null}, InsetsSource: {f7410004 mType=systemGestures mFrame=[0,0][0,0] mVisible=true mFlags= mSideHint=NONE mBoundingRects=null}, InsetsSource: {f7410005 mType=mandatorySystemGestures mFrame=[0,2952][1440,3120] mVisible=true mFlags= mSideHint=BOTTOM mBoundingRects=null}, InsetsSource: {f7410006 mType=tappableElement mFrame=[0,2952][1440,3120] mVisible=true mFlags= mSideHint=BOTTOM mBoundingRects=null}, InsetsSource: {f7410024 mType=systemGestures mFrame=[0,0][0,0] mVisible=true mFlags= mSideHint=NONE mBoundingRects=null}, InsetsSource: {3 mType=ime mFrame=[0,0][0,0] mVisible=false mFlags= mSideHint=NONE mBoundingRects=null}, InsetsSource: {27 mType=displayCutout mFrame=[0,0][1440,112] mVisible=true mFlags= mSideHint=TOP mBoundingRects=null}, InsetsSource: {4bc40000 mType=statusBars mFrame=[0,0][1440,113] mVisible=true mFlags= mSideHint=TOP mBoundingRects=null}, InsetsSource: {4bc40005 mType=mandatorySystemGestures mFrame=[0,0][1440,154] mVisible=true mFlags= mSideHint=TOP mBoundingRects=null}, InsetsSource: {4bc40006 mType=tappableElement mFrame=[0,0][1440,113] mVisible=true mFlags= mSideHint=TOP mBoundingRects=null} }
01-22 19:18:43.554  7505  7532 V python  : extracting _python_bundle/modules/_bisect.cpython-310.so
01-22 19:18:43.555  7505  7532 V python  : extracting _python_bundle/modules/_blake2.cpython-310.so
01-22 19:18:43.556  7505  7505 I VRI[PythonActivity]@84872f0: synced displayState. AttachInfo displayState=4
01-22 19:18:43.557  7505  7505 I VRI[PythonActivity]@84872f0: setView = com.android.internal.policy.DecorView@76b15d9 IsHRR=false mFlingFrameRateChange=0 TM=true
01-22 19:18:43.558  7505  7505 I IDS_TAG : Starting IDS observe window
01-22 19:18:43.558  7505  7505 I IDS_TAG : Getting Shared Preference for android.app.Application@4072db6 uid = 10544
01-22 19:18:43.559  7505  7532 V python  : extracting _python_bundle/modules/_codecs_cn.cpython-310.so
01-22 19:18:43.562  7505  7505 I IDS_TAG : App android.app.Application@4072db6 has not finished training
01-22 19:18:43.564  7505  7505 V PythonActivity: onPause()
01-22 19:18:43.564  7505  7505 V SDL     : onPause()
01-22 19:18:43.565  1559  1598 D SGM:FgCheckThread: notePauseComponent(), received pkgName: org.tkideneb2.zeiterfassung, userId: 0
01-22 19:18:43.565  1559  2643 I CocktailBarManagerServiceContainer: handleMessage: entry what = 6
01-22 19:18:43.565  7505  7526 D HWUI    : CacheManager::trimMemory(20)
01-22 19:18:43.566  1559  2656 D BackgroundInstallControlService: Package event received: 0
01-22 19:18:43.568  7505  7526 D HWUI    : HWUI - treat SMPTE_170M as sRGB
01-22 19:18:43.569  7505  7505 I IDS_TAG : Closing IDS observe window
01-22 19:18:43.569  7505  7505 I IDS_TAG : Getting Shared Preference for android.app.Application@4072db6 uid = 10544
01-22 19:18:43.570  1559  1596 D PkgPredictorService-SecIpmManagerServiceImpl: bg information pid:6422 uid:10280 pkgName:com.google.android.youtube
01-22 19:18:43.570  1559  1596 D SGM:GameManager: identifyForegroundApp. org.tkideneb2.zeiterfassung, mCurrentUserId: 0, callerUserId: 0
01-22 19:18:43.570  1559  1596 D SGM:SemGameManager: isForegroundGame(), ret=false
01-22 19:18:43.570  1559  1596 D FingerprintProvider/default: onForegroundActivitiesChanged: pid = 6422, uid = 10280, foregroundActivities = false
01-22 19:18:43.570  1559  1596 D SGM:GameManager: identifyForegroundApp. org.tkideneb2.zeiterfassung, mCurrentUserId: 0, callerUserId: 0
01-22 19:18:43.570  1559  1596 D SGM:SemGameManager: isForegroundGame(), ret=false
01-22 19:18:43.570  1559  1596 D FingerprintProvider/default: onForegroundActivitiesChanged: pid = 6422, uid = 10280, foregroundActivities = false
01-22 19:18:43.570  1559  1596 D SGM:GameManager: identifyForegroundApp. org.tkideneb2.zeiterfassung, mCurrentUserId: 0, callerUserId: 0
01-22 19:18:43.570  1559  1596 D SGM:SemGameManager: isForegroundGame(), ret=false
01-22 19:18:43.570  1559  1596 D FingerprintProvider/default: onForegroundActivitiesChanged: pid = 6422, uid = 10280, foregroundActivities = false
01-22 19:18:43.570  1559  2656 D BackgroundInstallControlService: Package event received: 0
01-22 19:18:43.570  1559  2656 D BackgroundInstallControlService: Package event received: 0
01-22 19:18:43.572  1559  2656 D BackgroundInstallControlService: Package event received: 0
01-22 19:18:43.572  1559  2656 D BackgroundInstallControlService: Package event received: 0
01-22 19:18:43.572  1559  2656 D BackgroundInstallControlService: Package event received: 0
01-22 19:18:43.572  1559  1598 I ActivityManager: Changes in 99728 12 to 19, 128 to 0
01-22 19:18:43.572  1559  1598 I ActivityManager: Changes in 10299 12 to 17, 128 to 0
01-22 19:18:43.572  1559  1598 I ActivityManager: Changes in 10280 12 to 16, 128 to 0
01-22 19:18:43.572  1559  1598 I ActivityManager: Changes in 10261 12 to 17, 128 to 0
01-22 19:18:43.572  1559  1598 I ActivityManager: Changes in 10119 12 to 19, 128 to 0
01-22 19:18:43.573  1559  2656 D BackgroundInstallControlService: Package event received: 0
01-22 19:18:43.573  1559  2656 D BackgroundInstallControlService: Package event received: 0
01-22 19:18:43.573  8667  8667 I Finsky:background: [2] Memory trim requested to level 40
01-22 19:18:43.573  1559  2656 D BackgroundInstallControlService: Package event received: 0
01-22 19:18:43.573  1559  2656 D BackgroundInstallControlService: Package event received: 0
01-22 19:18:43.574  7505  7505 I IDS_TAG : IDS count updated to 1 for android.app.Application@4072db6
01-22 19:18:43.574  1248  1248 E Scheduler: trackPendingFrame: Invalid present fence
01-22 19:18:43.574  1559  2656 D BackgroundInstallControlService: Package event received: 0
01-22 19:18:43.574  1559  2656 D BackgroundInstallControlService: Package event received: 0
01-22 19:18:43.574  1559  2656 D BackgroundInstallControlService: Package event received: 0
01-22 19:18:43.575  1559  2656 D BackgroundInstallControlService: Package event received: 0
01-22 19:18:43.575  1559  2656 D BackgroundInstallControlService: Package event received: 0
01-22 19:18:43.575  1559  2656 D BackgroundInstallControlService: Package event received: 0
01-22 19:18:43.575  1559  2656 D BackgroundInstallControlService: Package event received: 0
01-22 19:18:43.575  1559  2656 D BackgroundInstallControlService: Package event received: 0
01-22 19:18:43.575  1559  2656 D BackgroundInstallControlService: Package event received: 0
01-22 19:18:43.575  1559  2656 D BackgroundInstallControlService: Package event received: 0
01-22 19:18:43.575  1559  2656 D BackgroundInstallControlService: Package event received: 0
01-22 19:18:43.575  1559  2656 D BackgroundInstallControlService: Package event received: 0
01-22 19:18:43.575  1559  2656 D BackgroundInstallControlService: Package event received: 0
01-22 19:18:43.575  1559  2656 D BackgroundInstallControlService: Package event received: 0
01-22 19:18:43.575  1559  2656 D BackgroundInstallControlService: Package event received: 0
01-22 19:18:43.575  1559  2656 D BackgroundInstallControlService: Package event received: 0
01-22 19:18:43.581  7505  7532 V python  : extracting _python_bundle/modules/_codecs_hk.cpython-310.so
01-22 19:18:43.584  1559  2706 D CoreBackPreview: Window{d37c539 u0 org.tkideneb2.zeiterfassung/org.kivy.android.PythonActivity}: Setting back callback OnBackInvokedCallbackInfo{mCallback=android.window.IOnBackInvokedCallback$Stub$Proxy@c7244df, mPriority=0, mIsAnimationCallback=false, mOverrideBehavior=0}
01-22 19:18:43.586  1559  2706 I WindowManager: Relayout Window{d37c539 u0 org.tkideneb2.zeiterfassung/org.kivy.android.PythonActivity}: viewVisibility=0 req=1440x3120 ty=1 d0
01-22 19:18:43.586  1248  2404 I SurfaceFlinger: id=497726 createSurf, flag=44004, org.tkideneb2.zeiterfassung/org.kivy.android.PythonActivity$_7505#497726
01-22 19:18:43.586  1559  2706 D WindowManager: makeSurface duration=0 name=org.tkideneb2.zeiterfassung/org.kivy.android.PythonActivity$_7505
01-22 19:18:43.586  1559  2706 D SurfaceComposerClient: setCornerRadius ## d37c539 org.tkideneb2.zeiterfassung/org.kivy.android.PythonActivity#497725 cornerRadius=0.000000
01-22 19:18:43.587  1559  2706 W PhoneWindowManager: lockNow pending, ignore updating lockscreen timeout
01-22 19:18:43.587  1559  2706 W PhoneWindowManager: lockNow pending, ignore updating lockscreen timeout
01-22 19:18:43.587  1559  2706 I WindowManager: Relayout hash=d37c539, pid=7505, syncId=-1: mAttrs={(0,0)(fillxfill) sim={adjust=pan} ty=BASE_APPLICATION wanim=0x1030001
01-22 19:18:43.587  1559  2706 I WindowManager:   fl=1810100
01-22 19:18:43.587  1559  2706 I WindowManager:   pfl=100080c0
01-22 19:18:43.587  1559  2706 I WindowManager:   bhv=1
01-22 19:18:43.587  1559  2706 I WindowManager:   fitSides=0
01-22 19:18:43.587  1559  2706 I WindowManager:   frameRateBoostOnTouch=true
01-22 19:18:43.587  1559  2706 I WindowManager:   dvrrWindowFrameRateHint=true naviIconColor=0}
01-22 19:18:43.589  7505  7532 V python  : extracting _python_bundle/modules/_codecs_iso2022.cpython-310.so
01-22 19:18:43.589  1559  2606 V MdnieScenarioControlService: mAclOffEnabled : false
01-22 19:18:43.591  7505  7532 V python  : extracting _python_bundle/modules/_codecs_jp.cpython-310.so
01-22 19:18:43.591  7505  7505 I BLASTBufferQueue_Java: new BLASTBufferQueue, mName= VRI[PythonActivity]@84872f0 mNativeObject= 0xb400006e3709c890 caller= android.view.ViewRootImpl.updateBlastSurfaceIfNeeded:3585 android.view.ViewRootImpl.relayoutWindow:11685 android.view.ViewRootImpl.performTraversals:4804 android.view.ViewRootImpl.doTraversal:3924 android.view.ViewRootImpl$TraversalRunnable.run:12903 android.view.Choreographer$CallbackRecord.run:1901 android.view.Choreographer$CallbackRecord.run:1910 android.view.Choreographer.doCallbacks:1367 android.view.Choreographer.doFrame:1292 android.view.Choreographer$FrameDisplayEventReceiver.run:1870 
01-22 19:18:43.592 27821 27821 I Finsky  : [2] Memory trim requested to level 40
01-22 19:18:43.592 27821 27821 I Finsky  : [2] Flushing in-memory image cache
01-22 19:18:43.592  7505  7505 I BLASTBufferQueue_Java: update, w= 1440 h= 3120 mName = VRI[PythonActivity]@84872f0 mNativeObject= 0xb400006e3709c890 sc.mNativeObject= 0xb400006db7010e90 format= -1 caller= android.view.ViewRootImpl.updateBlastSurfaceIfNeeded:3590 android.view.ViewRootImpl.relayoutWindow:11685 android.view.ViewRootImpl.performTraversals:4804 android.view.ViewRootImpl.doTraversal:3924 android.view.ViewRootImpl$TraversalRunnable.run:12903 android.view.Choreographer$CallbackRecord.run:1901 
01-22 19:18:43.593  1248  1314 W ServiceManagerCppClient: Permission failure: android.permission.ACCESS_SURFACE_FLINGER from uid=10544 pid=0
01-22 19:18:43.593  1248  1314 D PermissionCache: checking android.permission.ACCESS_SURFACE_FLINGER for uid=10544 => denied (194 us)
01-22 19:18:43.593  1248  1314 W ServiceManagerCppClient: Permission failure: android.permission.ROTATE_SURFACE_FLINGER from uid=10544 pid=0
01-22 19:18:43.593  1248  1314 D PermissionCache: checking android.permission.ROTATE_SURFACE_FLINGER for uid=10544 => denied (128 us)
01-22 19:18:43.593  1248  1314 W ServiceManagerCppClient: Permission failure: android.permission.INTERNAL_SYSTEM_WINDOW from uid=10544 pid=0
01-22 19:18:43.593  1248  1314 D PermissionCache: checking android.permission.INTERNAL_SYSTEM_WINDOW for uid=10544 => denied (105 us)
01-22 19:18:43.593  7505  7505 I VRI[PythonActivity]@84872f0: Relayout returned: old=(0,0,1440,3120) new=(0,0,1440,3120) relayoutAsync=false req=(1440,3120)0 dur=5 res=0x3 s={true 0xb400006d47035c40} ch=true seqId=0
01-22 19:18:43.594  1559  1574 I system_server: Background young concurrent mark compact GC freed 35MB AllocSpace bytes, 81(1960KB) LOS objects, 13% free, 216MB/250MB, paused 1.546ms,13.903ms total 141.151ms
01-22 19:18:43.595  7505  7505 D VRI[PythonActivity]@84872f0: mThreadedRenderer.initialize() mSurface={isValid=true 0xb400006d47035c40} hwInitialized=true
01-22 19:18:43.595  1559  1576 W System  : A resource failed to call release. 
01-22 19:18:43.597  7505  7505 D VRI[PythonActivity]@84872f0: reportNextDraw android.view.ViewRootImpl.performTraversals:5443 android.view.ViewRootImpl.doTraversal:3924 android.view.ViewRootImpl$TraversalRunnable.run:12903 android.view.Choreographer$CallbackRecord.run:1901 android.view.Choreographer$CallbackRecord.run:1910 
01-22 19:18:43.597  7505  7505 D VRI[PythonActivity]@84872f0: Setup new sync=wmsSync-VRI[PythonActivity]@84872f0#0
01-22 19:18:43.598  7505  7505 I VRI[PythonActivity]@84872f0: Creating new active sync group VRI[PythonActivity]@84872f0#1
01-22 19:18:43.607  1248  1248 I SurfaceFlinger: RequestedLayer [d37c539 org.tkideneb2.zeiterfassung/org.kivy.android.PythonActivity#497725] hidden!! flag  from(1) --> to(0)
01-22 19:18:43.607  1248  1248 I SurfaceFlinger: [d37c539 org.tkideneb2.zeiterfassung/org.kivy.android.PythonActivity#497725] attach to parent LayerHierarchy{RequestedLayerState{ActivityRecord{254619014 u0 org.tkideneb2.zeiterfassung/org.kivy.android.PythonActivity t4624}#497722 parentId=497721} 2 children}
01-22 19:18:43.607  1248  1248 I SurfaceFlinger: [org.tkideneb2.zeiterfassung/org.kivy.android.PythonActivity$_7505#497726] attach to parent LayerHierarchy{RequestedLayerState{d37c539 org.tkideneb2.zeiterfassung/org.kivy.android.PythonActivity#497725 parentId=497722} 1 children}
01-22 19:18:43.609  1248  1248 E Scheduler: trackPendingFrame: Invalid present fence
01-22 19:18:43.611  7505  7532 V python  : extracting _python_bundle/modules/_codecs_kr.cpython-310.so
01-22 19:18:43.625  7505  7532 V python  : extracting _python_bundle/modules/_codecs_tw.cpython-310.so
01-22 19:18:43.633  7505  7505 D VRI[PythonActivity]@84872f0: registerCallbacksForSync syncBuffer=false
01-22 19:18:43.638  7505  7535 D VRI[PythonActivity]@84872f0: Received frameDrawingCallback syncResult=0 frameNum=1.
01-22 19:18:43.638  7505  7535 I VRI[PythonActivity]@84872f0: mWNT: t=0xb400006ec703a750 mBlastBufferQueue=0xb400006e3709c890 fn= 1 HdrRenderState mRenderHdrSdrRatio=1.0 caller= android.view.ViewRootImpl$12.onFrameDraw:15441 android.view.ThreadedRenderer$1.onFrameDraw:718 <bottom of call stack> 
01-22 19:18:43.639  7505  7535 I VRI[PythonActivity]@84872f0: Setting up sync and frameCommitCallback
01-22 19:18:43.641  1248  1248 E Scheduler: trackPendingFrame: Invalid present fence
01-22 19:18:43.642  7505  7532 V python  : extracting _python_bundle/modules/_contextvars.cpython-310.so
01-22 19:18:43.643  7505  7532 V python  : extracting _python_bundle/modules/_csv.cpython-310.so
01-22 19:18:43.646  7505  7532 V python  : extracting _python_bundle/modules/_ctypes.cpython-310.so
01-22 19:18:43.655  7505  7532 V python  : extracting _python_bundle/modules/_ctypes_test.cpython-310.so
01-22 19:18:43.656  1242  1269 E HeatmapThread: ECT Thread time in milliseconds: 1769105923
01-22 19:18:43.658  1242  1269 D HeatmapThread: !@ batteryplugType : 2
01-22 19:18:43.658  1242  1269 D HeatmapThread: !@ batteryLevel : 98  batteryTemperature : 306 
01-22 19:18:43.658  1242  1269 D HeatmapThread: !@ Heatmap currtime: 29485098
01-22 19:18:43.658  1242  1269 D HeatmapThread: !@ Heatmap prevtime: 29485090
01-22 19:18:43.658  1242  1269 D HeatmapThread: !@ Heatmap plugstarttime: 29485075
01-22 19:18:43.658  1242  1269 D HeatmapThread: !@ Heatmap prevv_dsoh_update_time: 29485018
01-22 19:18:43.658  1242  1269 E HeatmapThread: !@ CAM New BSOH: 100
01-22 19:18:43.659  7505  7532 V python  : extracting _python_bundle/modules/_datetime.cpython-310.so
01-22 19:18:43.667  7505  7532 V python  : extracting _python_bundle/modules/_decimal.cpython-310.so
01-22 19:18:43.674   632   632 D io_stats: !@   8,0 r 343489264 6287912336 w 75241694 2102515536 d 12100963 2149363480 f 1765845 5656433 iot 44189556 0 th 0 0 0 pt 0 inp 0 0 1866882.474
01-22 19:18:43.674   632   632 D io_stats: !@ Read_top(KB): martsuggestions(5745) 8528 2.zeiterfassung(7505) 2144 system_server(1559) 1196
01-22 19:18:43.674   632   632 D io_stats: !@ Write_top(KB): martsuggestions(5745) 168 m.android.phone(3059) 8
01-22 19:18:43.687  7505  7532 V python  : extracting _python_bundle/modules/_elementtree.cpython-310.so
01-22 19:18:43.700  1559  2606 D MdnieScenarioControlService:  packageName : org.tkideneb2.zeiterfassung    className : org.kivy.android.PythonActivity
01-22 19:18:43.700  1559  2606 V MdnieScenarioControlService: setUIMode from UI function(3)
01-22 19:18:43.715  7505  7532 V python  : extracting _python_bundle/modules/_hashlib.cpython-310.so
01-22 19:18:43.719  7505  7532 V python  : extracting _python_bundle/modules/_heapq.cpython-310.so
01-22 19:18:43.721  7505  7532 V python  : extracting _python_bundle/modules/_json.cpython-310.so
01-22 19:18:43.724  7505  7532 V python  : extracting _python_bundle/modules/_lsprof.cpython-310.so
01-22 19:18:43.726  7505  7532 V python  : extracting _python_bundle/modules/_md5.cpython-310.so
01-22 19:18:43.728  7505  7532 V python  : extracting _python_bundle/modules/_multibytecodec.cpython-310.so
01-22 19:18:43.731  7505  7532 V python  : extracting _python_bundle/modules/_multiprocessing.cpython-310.so
01-22 19:18:43.732  7505  7532 V python  : extracting _python_bundle/modules/_opcode.cpython-310.so
01-22 19:18:43.733  7505  7532 V python  : extracting _python_bundle/modules/_pickle.cpython-310.so
01-22 19:18:43.741  7505  7532 V python  : extracting _python_bundle/modules/_posixsubprocess.cpython-310.so
01-22 19:18:43.743  7505  7532 V python  : extracting _python_bundle/modules/_queue.cpython-310.so
01-22 19:18:43.744  7505  7526 I GSC     : SID[0] : 2f408dba5df08236, Kind: 1, time : 75.111 ms
01-22 19:18:43.745  7505  7532 V python  : extracting _python_bundle/modules/_random.cpython-310.so
01-22 19:18:43.746  7505  7532 V python  : extracting _python_bundle/modules/_sha1.cpython-310.so
01-22 19:18:43.747  7505  7532 V python  : extracting _python_bundle/modules/_sha256.cpython-310.so
01-22 19:18:43.749  7505  7532 V python  : extracting _python_bundle/modules/_sha3.cpython-310.so
01-22 19:18:43.756  7505  7532 V python  : extracting _python_bundle/modules/_sha512.cpython-310.so
01-22 19:18:43.756  7505  7526 I GSC     : SID[1] : f5d459d09ad1b950, Kind: 0, time : 11.409 ms
01-22 19:18:43.758  7505  7532 V python  : extracting _python_bundle/modules/_socket.cpython-310.so
01-22 19:18:43.764  7505  7532 V python  : extracting _python_bundle/modules/_sqlite3.cpython-310.so
01-22 19:18:43.764  7505  7526 I GSC     : SID[2] : 65e16f4a890aa521, Kind: 1, time : 3.595 ms
01-22 19:18:43.770  7505  7532 V python  : extracting _python_bundle/modules/_ssl.cpython-310.so
01-22 19:18:43.771  7505  7526 I GSC     : SID[3] : 7329431f670cfe2b, Kind: 0, time : 6.473 ms
01-22 19:18:43.775  7505  7526 I GSC     : SID[4] : fe6ff4e467193f9c, Kind: 1, time : 2.492 ms
01-22 19:18:43.778  5859  6452 I SDHMS:x : SIOP:: AP:335 BAT:306 USB:297 CHG:344 PA:334 CP:326 WIFI:331 CF:319 BLK:0 SUBBAT:0 LRPTHM:328 SKIN:316 SKINF:316 SKINB:316 LRP2:316 LRF2:316 LRB2:316 AP2:316 CHG2:312 WIFI2:316 RCV2:313 SPK2:291 FCAM:297 UPSPK:320 DNSPK:298 VAP02:330 VWIFI:332 AMB2:263 AVGCUR:746 AVGSYS:230 POWER:3268
01-22 19:18:43.779  5859  5976 I M0      : limitCPUFreq:: freq = -1
01-22 19:18:43.782  7505  7532 V python  : extracting _python_bundle/modules/_statistics.cpython-310.so
01-22 19:18:43.783  7505  7526 I GSC     : SID[5] : 9fb7104710fc7e74, Kind: 0, time : 7.492 ms
01-22 19:18:43.783  7505  7532 V python  : extracting _python_bundle/modules/_struct.cpython-310.so
01-22 19:18:43.784  7505  7526 I BLASTBufferQueue: [VRI[PythonActivity]@84872f0#0](f:0,a:0,s:0) onFrameAvailable the first frame is available
01-22 19:18:43.785  7505  7526 I VRI[PythonActivity]@84872f0: Received frameCommittedCallback lastAttemptedDrawFrameNum=1 didProduceBuffer=true
01-22 19:18:43.785  1248  1314 I SurfaceFlinger: [org.tkideneb2.zeiterfassung/org.kivy.android.PythonActivity$_7505#497726] setTransactionState with the first frame. bufferData(ID: 32233729556483, frameNumber: 1)
01-22 19:18:43.786  7505  7526 D HWUI    : CFMS:: SetUp Pid : 7505    Tid : 7526
01-22 19:18:43.786  7505  7505 D VRI[PythonActivity]@84872f0: reportDrawFinished seqId=0
01-22 19:18:43.786  7505  7532 V python  : extracting _python_bundle/modules/_sysconfigdata__linux_aarch64-linux-android.pyc
01-22 19:18:43.786  1559  2706 W ServiceManagerCppClient: Permission failure: android.permission.ACCESS_SURFACE_FLINGER from uid=10544 pid=0
01-22 19:18:43.786  1559  2706 D PermissionCache: checking android.permission.ACCESS_SURFACE_FLINGER for uid=10544 => denied (73 us)
01-22 19:18:43.786  1559  2706 W ServiceManagerCppClient: Permission failure: android.permission.ROTATE_SURFACE_FLINGER from uid=10544 pid=0
01-22 19:18:43.786  1559  2706 D PermissionCache: checking android.permission.ROTATE_SURFACE_FLINGER for uid=10544 => denied (29 us)
01-22 19:18:43.786  1559  2706 W ServiceManagerCppClient: Permission failure: android.permission.INTERNAL_SYSTEM_WINDOW from uid=10544 pid=0
01-22 19:18:43.786  1559  2706 D PermissionCache: checking android.permission.INTERNAL_SYSTEM_WINDOW for uid=10544 => denied (24 us)
01-22 19:18:43.787  1559  2706 D WindowManager: finishDrawingWindow: Window{d37c539 u0 org.tkideneb2.zeiterfassung/org.kivy.android.PythonActivity} mDrawState=DRAW_PENDING seqId=0
01-22 19:18:43.787  7505  7505 I VRI[PythonActivity]@84872f0: stopped(true) old = false
01-22 19:18:43.787  1559  1599 W PhoneWindowManager: lockNow pending, ignore updating lockscreen timeout
01-22 19:18:43.787  7505  7505 D VRI[PythonActivity]@84872f0: WindowStopped on org.tkideneb2.zeiterfassung/org.kivy.android.PythonActivity set to true
01-22 19:18:43.787  1559  1599 V WindowManager: Finish starting ActivityRecord{254619014 u0 org.tkideneb2.zeiterfassung/org.kivy.android.PythonActivity t4624}: first real window is shown, no animation
01-22 19:18:43.787  7505  7526 D HWUI    : CacheManager::trimMemory(20)
01-22 19:18:43.787  1559  1599 V WindowManager: Schedule remove starting ActivityRecord{254619014 u0 org.tkideneb2.zeiterfassung/org.kivy.android.PythonActivity t4624} startingWindow=Window{d8298f8 u0 Splash Screen org.tkideneb2.zeiterfassung} animate=true Callers=com.android.server.wm.ActivityRecord.removeStartingWindow:178 com.android.server.wm.WindowState.performShowLocked:155 com.android.server.wm.WindowStateAnimator.commitFinishDrawingLocked:73 com.android.server.wm.DisplayContent$$ExternalSyntheticLambda1.accept$com$android$server$wm$DisplayContent$$ExternalSyntheticLambda37:23 com.android.server.wm.DisplayContent$$ExternalSyntheticLambda1.accept:143 
01-22 19:18:43.787  2814  2870 D ShellTaskOrganizer: removeStartingWindow, removalInfo=StartingWindowRemovalInfo{taskId=4624 frame=null playRevealAnimation=false roundedCornerRadius=0.0 deferRemoveMode=0 windowlessSurface=false removeImmediately=false}
01-22 19:18:43.789  7505  7505 V SDL     : onStop()
01-22 19:18:43.789  1559  1595 D [secipm]: mSecIpmManager report to nap
01-22 19:18:43.789  1559  1595 I PkgPredictorService-SecIpmManagerServiceImpl: reportToNAP uid:10544 org.tkideneb2.zeiterfassung/org.kivy.android.PythonActivity thisTime:515
01-22 19:18:43.790  1559  1595 D PkgPredictorService-SecIpmManagerServiceImpl: reportToNAP: mHeavyLaunchCounter is false
01-22 19:18:43.790  1559  3381 D PkgPredictorService-SecIpmManagerServiceImpl: ACTION_FOREGROUND_FINISH_EVENT sCurForegroundApp :org.tkideneb2.zeiterfassung
01-22 19:18:43.790  7505  7532 V python  : extracting _python_bundle/modules/_testbuffer.cpython-310.so
01-22 19:18:43.790  1559  1595 I ActivityTaskManager: Displayed org.tkideneb2.zeiterfassung/org.kivy.android.PythonActivity for user 0: +515ms
01-22 19:18:43.790  1559  1595 I Pageboost: Launch time gathered : pid 7505 org.tkideneb2.zeiterfassung 515
01-22 19:18:43.791  3709  3709 E pageboostd: Received HALT command code 2
01-22 19:18:43.794  7505  7532 V python  : extracting _python_bundle/modules/_testcapi.cpython-310.so
01-22 19:18:43.800  1559  2606 V MdnieScenarioControlService: mAclOffEnabled : false
01-22 19:18:43.803  7505  7532 V python  : extracting _python_bundle/modules/_testclinic.cpython-310.so
01-22 19:18:43.806  7505  7532 V python  : extracting _python_bundle/modules/_testimportmultiple.cpython-310.so
01-22 19:18:43.807  1559  2706 I WindowManager: Relayout Window{d8298f8 u0 Splash Screen org.tkideneb2.zeiterfassung}: viewVisibility=8 req=1440x3120 ty=3 d0
01-22 19:18:43.807  7505  7532 V python  : extracting _python_bundle/modules/_testinternalcapi.cpython-310.so
01-22 19:18:43.807  1559  2706 W PhoneWindowManager: lockNow pending, ignore updating lockscreen timeout
01-22 19:18:43.807  1559  2706 I WindowManager: Relayout hash=d8298f8, pid=2814, syncId=-1: mAttrs={(0,0)(fillxfill) sim={adjust=pan} ty=APPLICATION_STARTING fmt=TRANSLUCENT wanim=0x1030001
01-22 19:18:43.807  1559  2706 I WindowManager:   fl=81030118
01-22 19:18:43.807  1559  2706 I WindowManager:   pfl=10000010
01-22 19:18:43.807  1559  2706 I WindowManager:   bhv=1
01-22 19:18:43.807  1559  2706 I WindowManager:   fitSides=0
01-22 19:18:43.807  1559  2706 I WindowManager:   frameRateBoostOnTouch=true
01-22 19:18:43.807  1559  2706 I WindowManager:   dvrrWindowFrameRateHint=true naviIconColor=0}
01-22 19:18:43.808  2814  2913 I VRI[zeiterfassung]@b572e83: onActiveControlsChanged, removed=false, mAdded=true, caller=android.view.ViewRootImpl.handleInsetsControlChanged:3002 android.view.ViewRootImpl.relayoutWindow:11629 android.view.ViewRootImpl.performTraversals:4804 android.view.ViewRootImpl.doTraversal:3924 android.view.ViewRootImpl$TraversalRunnable.run:12903 
01-22 19:18:43.808  7505  7526 D HWUI    : CacheManager::trimMemory(20)
01-22 19:18:43.808  7505  7532 V python  : extracting _python_bundle/modules/_testmultiphase.cpython-310.so
01-22 19:18:43.808  1248  1248 E Scheduler: trackPendingFrame: Invalid present fence
01-22 19:18:43.809  2814  2913 I VRI[zeiterfassung]@b572e83: Relayout returned: old=(0,0,1440,3120) new=(0,0,1440,3120) relayoutAsync=false req=(1440,3120)8 dur=1 res=0x2 s={false 0x0} ch=true seqId=0
01-22 19:18:43.809  2814  2913 D VRI[zeiterfassung]@b572e83: Not drawing due to not visible. Reason=View.GONE
01-22 19:18:43.809  2814  2913 W WindowOnBackDispatcher: sendCancelIfRunning: isInProgress=false callback=android.view.ViewRootImpl$$ExternalSyntheticLambda16@2156f65
01-22 19:18:43.809  1559  2706 D CoreBackPreview: Window{d8298f8 u0 Splash Screen org.tkideneb2.zeiterfassung}: Setting back callback null
01-22 19:18:43.809  2814  2913 I VRI[zeiterfassung]@b572e83: dispatchDetachedFromWindow
01-22 19:18:43.809  1559  2706 D WindowManager: Starting window removed Window{d8298f8 u0 Splash Screen org.tkideneb2.zeiterfassung}
01-22 19:18:43.809  1559  2706 D InputTransport: Input channel destroyed: 'd8298f8', fd=1273
01-22 19:18:43.809  1559  2706 V WindowManager: Remove Window{d8298f8 u0 Splash Screen org.tkideneb2.zeiterfassung}: mSurfaceControl=Surface(name=Splash Screen org.tkideneb2.zeiterfassung$_2814)/@0x9604ffb mAnimatingExit=false mRemoveOnExit=false mHasSurface=true surfaceShowing=false animating=false app-animation=false callers=com.android.server.wm.Session.remove:16 android.view.IWindowSession$Stub.onTransact:804 com.android.server.wm.Session.onTransact:1 android.os.Binder.execTransactInternal:1462 android.os.Binder.execTransact:1401 <bottom of call stack> 
01-22 19:18:43.810  1559  2706 W PhoneWindowManager: lockNow pending, ignore updating lockscreen timeout
01-22 19:18:43.810  2814  2913 D InputTransport: Input channel destroyed: 'd8298f8', fd=751
01-22 19:18:43.810  7505  7532 V python  : extracting _python_bundle/modules/_xxsubinterpreters.cpython-310.so
01-22 19:18:43.811  1559  2706 I WindowManager: Relayout Window{d37c539 u0 org.tkideneb2.zeiterfassung/org.kivy.android.PythonActivity}: viewVisibility=4 req=1440x3120 ty=1 d0
01-22 19:18:43.812  1559  2706 W PhoneWindowManager: lockNow pending, ignore updating lockscreen timeout
01-22 19:18:43.812  1559  2706 I WindowManager: Relayout hash=d37c539, pid=7505, syncId=-1: mAttrs={(0,0)(fillxfill) sim={adjust=pan} ty=BASE_APPLICATION wanim=0x1030001
01-22 19:18:43.812  1559  2706 I WindowManager:   fl=1810100
01-22 19:18:43.812  1559  2706 I WindowManager:   pfl=100080c0
01-22 19:18:43.812  1559  2706 I WindowManager:   bhv=1
01-22 19:18:43.812  1559  2706 I WindowManager:   fitSides=0
01-22 19:18:43.812  1559  2706 I WindowManager:   frameRateBoostOnTouch=true
01-22 19:18:43.812  1559  2706 I WindowManager:   dvrrWindowFrameRateHint=true naviIconColor=0}
01-22 19:18:43.813  7505  7532 V python  : extracting _python_bundle/modules/_xxtestfuzz.cpython-310.so
01-22 19:18:43.814  7505  7505 I VRI[PythonActivity]@84872f0: Relayout returned: old=(0,0,1440,3120) new=(0,0,1440,3120) relayoutAsync=false req=(1440,3120)4 dur=3 res=0x2 s={false 0x0} ch=false seqId=0
01-22 19:18:43.815  7505  7532 V python  : extracting _python_bundle/modules/_zoneinfo.cpython-310.so
01-22 19:18:43.815  7505  7505 D VRI[PythonActivity]@84872f0: Not drawing due to not visible. Reason=View.INVISIBLE
01-22 19:18:43.815  1559  2706 V WindowManager: Setting visibility of Window{d37c539 u0 org.tkideneb2.zeiterfassung/org.kivy.android.PythonActivity}: false, caller=com.android.server.wm.WindowContainer.sendAppVisibilityToClients:19 com.android.server.wm.WindowToken.setClientVisible:48 com.android.server.wm.ActivityRecord.activityStopped:189 com.android.server.wm.ActivityClientController.activityStopped:97 android.app.IActivityClientController$Stub.onTransact:740 
01-22 19:18:43.815  1559  1598 D SGM:FgCheckThread: getForegroundApp(), foregroundPkgName=org.tkideneb2.zeiterfassung
01-22 19:18:43.815  1559  2706 E WindowManager: win=Window{d37c539 u0 org.tkideneb2.zeiterfassung/org.kivy.android.PythonActivity} destroySurfaces: appStopped=true cleanupOnResume=false win.mWindowRemovalAllowed=false win.mRemoveOnExit=false win.mViewVisibility=4 caller=com.android.server.wm.ActivityRecord.destroySurfaces:25 com.android.server.wm.ActivityRecord.activityStopped:192 com.android.server.wm.ActivityClientController.activityStopped:97 android.app.IActivityClientController$Stub.onTransact:740 com.android.server.wm.ActivityClientController.onTransact:1 android.os.Binder.execTransactInternal:1462 android.os.Binder.execTransact:1401 
01-22 19:18:43.816  1559  1598 D SGM:FgCheckThread: pkgName: org.tkideneb2.zeiterfassung is not in foreground
01-22 19:18:43.816  1559  2656 D BackgroundInstallControlService: Package event received: 0
01-22 19:18:43.816  7505  7505 I VRI[PythonActivity]@84872f0: handleAppVisibility mAppVisible = true visible = false
01-22 19:18:43.818  7505  7532 V python  : extracting _python_bundle/modules/array.cpython-310.so
01-22 19:18:43.821  7505  7532 V python  : extracting _python_bundle/modules/audioop.cpython-310.so
01-22 19:18:43.825  7505  7532 V python  : extracting _python_bundle/modules/binascii.cpython-310.so
01-22 19:18:43.828  7505  7532 V python  : extracting _python_bundle/modules/cmath.cpython-310.so
01-22 19:18:43.830  7505  7532 V python  : extracting _python_bundle/modules/fcntl.cpython-310.so
01-22 19:18:43.832  7505  7532 V python  : extracting _python_bundle/modules/math.cpython-310.so
01-22 19:18:43.836  7505  7532 V python  : extracting _python_bundle/modules/mmap.cpython-310.so
01-22 19:18:43.838  7505  7532 V python  : extracting _python_bundle/modules/ossaudiodev.cpython-310.so
01-22 19:18:43.841  7505  7532 V python  : extracting _python_bundle/modules/pyexpat.cpython-310.so
01-22 19:18:43.841  1248  1248 I SurfaceFlinger: [LayerHierarchy{RequestedLayerState{org.tkideneb2.zeiterfassung/org.kivy.android.PythonActivity$_7505#497726} no children}] reparent to OffscreenRoot
01-22 19:18:43.841  1248  1248 I SurfaceFlinger: [LayerHierarchy{RequestedLayerState{org.tkideneb2.zeiterfassung/org.kivy.android.PythonActivity$_7505#497726} no children}] RelativeParent to null
01-22 19:18:43.842  1248  1248 I SurfaceFlinger: id=497726 Removed org.tkideneb2.zeiterfassung/org.kivy.android.PythonActivity$_7505#497726 (189)
01-22 19:18:43.843  1248  1248 E Scheduler: trackPendingFrame: Invalid present fence
01-22 19:18:43.855  7505  7532 V python  : extracting _python_bundle/modules/resource.cpython-310.so
01-22 19:18:43.857  7505  7532 V python  : extracting _python_bundle/modules/select.cpython-310.so
01-22 19:18:43.859  7505  7532 V python  : extracting _python_bundle/modules/syslog.cpython-310.so
01-22 19:18:43.860  7505  7532 V python  : extracting _python_bundle/modules/termios.cpython-310.so
01-22 19:18:43.863  7505  7532 V python  : extracting _python_bundle/modules/unicodedata.cpython-310.so
01-22 19:18:43.874  1248  1248 I SurfaceFlinger: destroyed org.tkideneb2.zeiterfassung/org.kivy.android.PythonActivity$_7505#497726
01-22 19:18:43.874  1248  1248 I SurfaceFlinger: [LayerHierarchy{RequestedLayerState{d8298f8 Splash Screen org.tkideneb2.zeiterfassung#497723 z=2147483647} 1 children}] reparent to OffscreenRoot
01-22 19:18:43.874  1248  1248 I SurfaceFlinger: [LayerHierarchy{RequestedLayerState{d8298f8 Splash Screen org.tkideneb2.zeiterfassung#497723 z=2147483647} 1 children}] RelativeParent to null
01-22 19:18:43.874  1248  1248 I SurfaceFlinger: [LayerHierarchy{RequestedLayerState{Splash Screen org.tkideneb2.zeiterfassung$_2814#497724} no children}] reparent to OffscreenRoot
01-22 19:18:43.874  1248  1248 I SurfaceFlinger: [LayerHierarchy{RequestedLayerState{Splash Screen org.tkideneb2.zeiterfassung$_2814#497724} no children}] RelativeParent to null
01-22 19:18:43.875  1205  7498 I HYPER-HAL: [RequestManager.cpp]releaseLocked(): Released ID : 1815811
01-22 19:18:43.875  1248  1248 I Layer   : id=497726 Destroyed org.tkideneb2.zeiterfassung/org.kivy.android.PythonActivity$_7505#497726
01-22 19:18:43.876  1248  1248 I SurfaceFlinger: id=497723 Removed d8298f8 Splash Screen org.tkideneb2.zeiterfassung#497723 (188)
01-22 19:18:43.876  1248  1248 I SurfaceFlinger: id=497724 Removed Splash Screen org.tkideneb2.zeiterfassung$_2814#497724 (188)
01-22 19:18:43.876  1248  1248 E Scheduler: trackPendingFrame: Invalid present fence
01-22 19:18:43.877  1225  1266 E BatteryDump: !@new_battery_dump : 4356,756,1400,3416,98,306,297,345,306,0,316,336,0,Charging,NO_CHARGING,Normal,Good,PDIC,0,Normal,0,0,8047,0x8000,0x10010000,0x0,0,0,0000,0000,00000000,0,0,0,0,824,4313,9785,990,0,
01-22 19:18:43.878  1231  1231 I seh_thermal_service: getTemperaturesWithType SehTemperatureType: 3
01-22 19:18:43.878  1225  1225 I sehhealth-service: updateLrpSysfs: write: 316
01-22 19:18:43.908  1248  1248 I SurfaceFlinger: destroyed d8298f8 Splash Screen org.tkideneb2.zeiterfassung#497723
01-22 19:18:43.908  1248  1248 I SurfaceFlinger: destroyed Splash Screen org.tkideneb2.zeiterfassung$_2814#497724
01-22 19:18:43.908  1248  1248 I Layer   : id=497723 Destroyed d8298f8 Splash Screen org.tkideneb2.zeiterfassung#497723
01-22 19:18:43.909  1248  1248 I Layer   : id=497724 Destroyed Splash Screen org.tkideneb2.zeiterfassung$_2814#497724
01-22 19:18:43.910  1248  1248 E Scheduler: trackPendingFrame: Invalid present fence
01-22 19:18:43.934  7505  7532 V python  : extracting _python_bundle/modules/xxlimited.cpython-310.so
01-22 19:18:43.935  7505  7532 V python  : extracting _python_bundle/modules/xxlimited_35.cpython-310.so
01-22 19:18:43.936  7505  7532 V python  : extracting _python_bundle/modules/zlib.cpython-310.so
01-22 19:18:43.939  7505  7532 V python  : extracting _python_bundle/site-packages/
01-22 19:18:43.940  7505  7532 V python  : extracting _python_bundle/site-packages/Cython-0.29.36-py3.11.egg-info/
01-22 19:18:43.941  7505  7532 V python  : extracting _python_bundle/site-packages/Cython-0.29.36-py3.11.egg-info/PKG-INFO
01-22 19:18:43.942  7505  7532 V python  : extracting _python_bundle/site-packages/Cython-0.29.36-py3.11.egg-info/SOURCES.txt
01-22 19:18:43.945  7505  7532 V python  : extracting _python_bundle/site-packages/Cython-0.29.36-py3.11.egg-info/dependency_links.txt
01-22 19:18:43.946  7505  7532 V python  : extracting _python_bundle/site-packages/Cython-0.29.36-py3.11.egg-info/entry_points.txt
01-22 19:18:43.946  7505  7532 V python  : extracting _python_bundle/site-packages/Cython-0.29.36-py3.11.egg-info/not-zip-safe
01-22 19:18:43.947  7505  7532 V python  : extracting _python_bundle/site-packages/Cython-0.29.36-py3.11.egg-info/top_level.txt
01-22 19:18:43.948  7505  7532 V python  : extracting _python_bundle/site-packages/Cython/
01-22 19:18:43.948  7505  7532 V python  : extracting _python_bundle/site-packages/Cython/Build/
01-22 19:18:43.949  7505  7532 V python  : extracting _python_bundle/site-packages/Cython/Build/BuildExecutable.pyc
01-22 19:18:43.950  7505  7532 V python  : extracting _python_bundle/site-packages/Cython/Build/Cythonize.pyc
01-22 19:18:43.952  7505  7532 V python  : extracting _python_bundle/site-packages/Cython/Build/Dependencies.pyc
01-22 19:18:43.957  7505  7532 V python  : extracting _python_bundle/site-packages/Cython/Build/Distutils.pyc
01-22 19:18:43.958  7505  7532 V python  : extracting _python_bundle/site-packages/Cython/Build/Inline.pyc
01-22 19:18:43.960  7505  7532 V python  : extracting _python_bundle/site-packages/Cython/Build/IpythonMagic.pyc
01-22 19:18:43.962  7505  7532 V python  : extracting _python_bundle/site-packages/Cython/Build/Tests/
01-22 19:18:43.963  7505  7532 V python  : extracting _python_bundle/site-packages/Cython/Build/Tests/TestCyCache.pyc
01-22 19:18:43.964  7505  7532 V python  : extracting _python_bundle/site-packages/Cython/Build/Tests/TestInline.pyc
01-22 19:18:43.965  7505  7532 V python  : extracting _python_bundle/site-packages/Cython/Build/Tests/TestIpythonMagic.pyc
01-22 19:18:43.966  7505  7532 V python  : extracting _python_bundle/site-packages/Cython/Build/Tests/TestStripLiterals.pyc
01-22 19:18:43.967  7505  7532 V python  : extracting _python_bundle/site-packages/Cython/Build/Tests/__init__.pyc
01-22 19:18:43.967  7505  7532 V python  : extracting _python_bundle/site-packages/Cython/Build/__init__.pyc
01-22 19:18:43.968  7505  7532 V python  : extracting _python_bundle/site-packages/Cython/CodeWriter.pyc
01-22 19:18:43.971  7505  7532 V python  : extracting _python_bundle/site-packages/Cython/Compiler/
01-22 19:18:43.971  7505  7532 V python  : extracting _python_bundle/site-packages/Cython/Compiler/AnalysedTreeTransforms.pyc
01-22 19:18:43.972  7505  7532 V python  : extracting _python_bundle/site-packages/Cython/Compiler/Annotate.pyc
01-22 19:18:43.974  7505  7532 V python  : extracting _python_bundle/site-packages/Cython/Compiler/AutoDocTransforms.pyc
01-22 19:18:43.976  7505  7532 V python  : extracting _python_bundle/site-packages/Cython/Compiler/Buffer.pyc
01-22 19:18:43.979  7505  7532 V python  : extracting _python_bundle/site-packages/Cython/Compiler/Builtin.pyc
01-22 19:18:43.981  7505  7532 V python  : extracting _python_bundle/site-packages/Cython/Compiler/CmdLine.pyc
01-22 19:18:43.983  7505  7532 V python  : extracting _python_bundle/site-packages/Cython/Compiler/Code.pyc
01-22 19:18:43.992  7505  7532 V python  : extracting _python_bundle/site-packages/Cython/Compiler/CodeGeneration.pyc
01-22 19:18:43.993  7505  7532 V python  : extracting _python_bundle/site-packages/Cython/Compiler/CythonScope.pyc
01-22 19:18:43.994  7505  7532 V python  : extracting _python_bundle/site-packages/Cython/Compiler/DebugFlags.pyc
01-22 19:18:43.995  7505  7532 V python  : extracting _python_bundle/site-packages/Cython/Compiler/Errors.pyc
01-22 19:18:43.996  7505  7532 V python  : extracting _python_bundle/site-packages/Cython/Compiler/ExprNodes.pyc
01-22 19:18:44.040  7505  7532 V python  : extracting _python_bundle/site-packages/Cython/Compiler/FlowControl.pyc
01-22 19:18:44.045  7505  7532 V python  : extracting _python_bundle/site-packages/Cython/Compiler/FlowControl.so
01-22 19:18:44.076  7505  7532 V python  : extracting _python_bundle/site-packages/Cython/Compiler/FusedNode.pyc
01-22 19:18:44.081  7505  7532 V python  : extracting _python_bundle/site-packages/Cython/Compiler/FusedNode.so
01-22 19:18:44.103  7505  7532 V python  : extracting _python_bundle/site-packages/Cython/Compiler/Future.pyc
01-22 19:18:44.104  7505  7532 V python  : extracting _python_bundle/site-packages/Cython/Compiler/Interpreter.pyc
01-22 19:18:44.105  7505  7532 V python  : extracting _python_bundle/site-packages/Cython/Compiler/Lexicon.pyc
01-22 19:18:44.106  7505  7532 V python  : extracting _python_bundle/site-packages/Cython/Compiler/Main.pyc
01-22 19:18:44.109  7505  7532 V python  : extracting _python_bundle/site-packages/Cython/Compiler/MemoryView.pyc
01-22 19:18:44.113  7505  7532 V python  : extracting _python_bundle/site-packages/Cython/Compiler/ModuleNode.pyc
01-22 19:18:44.124  7505  7532 V python  : extracting _python_bundle/site-packages/Cython/Compiler/Naming.pyc
01-22 19:18:44.125  7505  7532 V python  : extracting _python_bundle/site-packages/Cython/Compiler/Nodes.pyc
01-22 19:18:44.154  7505  7532 V python  : extracting _python_bundle/site-packages/Cython/Compiler/Optimize.pyc
01-22 19:18:44.167  7505  7532 V python  : extracting _python_bundle/site-packages/Cython/Compiler/Options.pyc
01-22 19:18:44.169  7505  7532 V python  : extracting _python_bundle/site-packages/Cython/Compiler/ParseTreeTransforms.pyc
01-22 19:18:44.180  7505  7532 V python  : extracting _python_bundle/site-packages/Cython/Compiler/Parsing.pyc
01-22 19:18:44.191  7505  7532 V python  : extracting _python_bundle/site-packages/Cython/Compiler/Pipeline.pyc
01-22 19:18:44.193  7505  7532 V python  : extracting _python_bundle/site-packages/Cython/Compiler/PyrexTypes.pyc
01-22 19:18:44.206  7505  7532 V python  : extracting _python_bundle/site-packages/Cython/Compiler/Pythran.pyc
01-22 19:18:44.208  7505  7532 V python  : extracting _python_bundle/site-packages/Cython/Compiler/Scanning.pyc
01-22 19:18:44.210  7505  7532 V python  : extracting _python_bundle/site-packages/Cython/Compiler/Scanning.so
01-22 19:18:44.223  7505  7532 V python  : extracting _python_bundle/site-packages/Cython/Compiler/StringEncoding.pyc
01-22 19:18:44.225  7505  7532 V python  : extracting _python_bundle/site-packages/Cython/Compiler/Symtab.pyc
01-22 19:18:44.233  7505  7532 V python  : extracting _python_bundle/site-packages/Cython/Compiler/Tests/
01-22 19:18:44.234  7505  7532 V python  : extracting _python_bundle/site-packages/Cython/Compiler/Tests/TestBuffer.pyc
01-22 19:18:44.235  7505  7532 V python  : extracting _python_bundle/site-packages/Cython/Compiler/Tests/TestCmdLine.pyc
01-22 19:18:44.236  7505  7532 V python  : extracting _python_bundle/site-packages/Cython/Compiler/Tests/TestFlowControl.pyc
01-22 19:18:44.237  7505  7532 V python  : extracting _python_bundle/site-packages/Cython/Compiler/Tests/TestGrammar.pyc
01-22 19:18:44.238  7505  7532 V python  : extracting _python_bundle/site-packages/Cython/Compiler/Tests/TestMemView.pyc
01-22 19:18:44.239  7505  7532 V python  : extracting _python_bundle/site-packages/Cython/Compiler/Tests/TestParseTreeTransforms.pyc
01-22 19:18:44.241  7505  7532 V python  : extracting _python_bundle/site-packages/Cython/Compiler/Tests/TestSignatureMatching.pyc
01-22 19:18:44.242  7505  7532 V python  : extracting _python_bundle/site-packages/Cython/Compiler/Tests/TestStringEncoding.pyc
01-22 19:18:44.243  7505  7532 V python  : extracting _python_bundle/site-packages/Cython/Compiler/Tests/TestTreeFragment.pyc
01-22 19:18:44.243  7505  7532 V python  : extracting _python_bundle/site-packages/Cython/Compiler/Tests/TestTreePath.pyc
01-22 19:18:44.245  7505  7532 V python  : extracting _python_bundle/site-packages/Cython/Compiler/Tests/TestTypes.pyc
01-22 19:18:44.245  7505  7532 V python  : extracting _python_bundle/site-packages/Cython/Compiler/Tests/TestUtilityLoad.pyc
01-22 19:18:44.246  7505  7532 V python  : extracting _python_bundle/site-packages/Cython/Compiler/Tests/TestVisitor.pyc
01-22 19:18:44.247  7505  7532 V python  : extracting _python_bundle/site-packages/Cython/Compiler/Tests/__init__.pyc
01-22 19:18:44.248  7505  7532 V python  : extracting _python_bundle/site-packages/Cython/Compiler/TreeFragment.pyc
01-22 19:18:44.250  7505  7532 V python  : extracting _python_bundle/site-packages/Cython/Compiler/TreePath.pyc
01-22 19:18:44.251  7505  7532 V python  : extracting _python_bundle/site-packages/Cython/Compiler/TypeInference.pyc
01-22 19:18:44.254  7505  7532 V python  : extracting _python_bundle/site-packages/Cython/Compiler/TypeSlots.pyc
01-22 19:18:44.257  7505  7532 V python  : extracting _python_bundle/site-packages/Cython/Compiler/UtilNodes.pyc
01-22 19:18:44.259  7505  7532 V python  : extracting _python_bundle/site-packages/Cython/Compiler/UtilityCode.pyc
01-22 19:18:44.261  7505  7532 V python  : extracting _python_bundle/site-packages/Cython/Compiler/Version.pyc
01-22 19:18:44.261  7505  7532 V python  : extracting _python_bundle/site-packages/Cython/Compiler/Visitor.pyc
01-22 19:18:44.264  7505  7532 V python  : extracting _python_bundle/site-packages/Cython/Compiler/Visitor.so
01-22 19:18:44.281  7505  7532 V python  : extracting _python_bundle/site-packages/Cython/Compiler/__init__.pyc
01-22 19:18:44.282  7505  7532 V python  : extracting _python_bundle/site-packages/Cython/Coverage.pyc
01-22 19:18:44.284  7505  7532 V python  : extracting _python_bundle/site-packages/Cython/Debugger/
01-22 19:18:44.285  7505  7532 V python  : extracting _python_bundle/site-packages/Cython/Debugger/Cygdb.pyc
01-22 19:18:44.286  7505  7532 V python  : extracting _python_bundle/site-packages/Cython/Debugger/DebugWriter.pyc
01-22 19:18:44.287  7505  7532 V python  : extracting _python_bundle/site-packages/Cython/Debugger/Tests/
01-22 19:18:44.288  7505  7532 V python  : extracting _python_bundle/site-packages/Cython/Debugger/Tests/TestLibCython.pyc
01-22 19:18:44.289  1205  7501 I HYPER-HAL: [RequestManager.cpp]releaseLocked(): Released ID : 1252176
01-22 19:18:44.290  7505  7532 V python  : extracting _python_bundle/site-packages/Cython/Debugger/Tests/__init__.pyc
01-22 19:18:44.290  7505  7532 V python  : extracting _python_bundle/site-packages/Cython/Debugger/Tests/cfuncs.c
01-22 19:18:44.291  7505  7532 V python  : extracting _python_bundle/site-packages/Cython/Debugger/Tests/codefile
01-22 19:18:44.292  7505  7532 V python  : extracting _python_bundle/site-packages/Cython/Debugger/Tests/test_libcython_in_gdb.pyc
01-22 19:18:44.294  7505  7532 V python  : extracting _python_bundle/site-packages/Cython/Debugger/Tests/test_libpython_in_gdb.pyc
01-22 19:18:44.296  7505  7532 V python  : extracting _python_bundle/site-packages/Cython/Debugger/__init__.pyc
01-22 19:18:44.296  7505  7532 V python  : extracting _python_bundle/site-packages/Cython/Debugger/libcython.pyc
01-22 19:18:44.301  7505  7532 V python  : extracting _python_bundle/site-packages/Cython/Debugger/libpython.pyc
01-22 19:18:44.306  1471  1601 I bauth_FPBAuthService: pcf : 0x1012, 0 ,1 ,0 ,0 ,0 ,0, 16.0.0.3
01-22 19:18:44.306  1471  1601 I bauth_FPBAuthService: thread id : 1, preenroll_flag : 0, nd cnt : 0, cso : 0, et : 0
01-22 19:18:44.306  1471  1601 I bauth_FPBAuthService: FPBAuthService::timerHandler complete
01-22 19:18:44.310  7505  7532 V python  : extracting _python_bundle/site-packages/Cython/Debugging.pyc
01-22 19:18:44.310  7505  7532 V python  : extracting _python_bundle/site-packages/Cython/Distutils/
01-22 19:18:44.311  7505  7532 V python  : extracting _python_bundle/site-packages/Cython/Distutils/__init__.pyc
01-22 19:18:44.312  7505  7532 V python  : extracting _python_bundle/site-packages/Cython/Distutils/build_ext.pyc
01-22 19:18:44.313  7505  7532 V python  : extracting _python_bundle/site-packages/Cython/Distutils/extension.pyc
01-22 19:18:44.314  7505  7532 V python  : extracting _python_bundle/site-packages/Cython/Distutils/old_build_ext.pyc
01-22 19:18:44.316  7505  7532 V python  : extracting _python_bundle/site-packages/Cython/Plex/
01-22 19:18:44.316  7505  7532 V python  : extracting _python_bundle/site-packages/Cython/Plex/Actions.pyc
01-22 19:18:44.317  7505  7532 V python  : extracting _python_bundle/site-packages/Cython/Plex/Actions.so
01-22 19:18:44.321  7505  7532 V python  : extracting _python_bundle/site-packages/Cython/Plex/DFA.pyc
01-22 19:18:44.322  7505  7532 V python  : extracting _python_bundle/site-packages/Cython/Plex/Errors.pyc
01-22 19:18:44.323  7505  7532 V python  : extracting _python_bundle/site-packages/Cython/Plex/Lexicons.pyc
01-22 19:18:44.325  7505  7532 V python  : extracting _python_bundle/site-packages/Cython/Plex/Machines.pyc
01-22 19:18:44.326  7505  7532 V python  : extracting _python_bundle/site-packages/Cython/Plex/Regexps.pyc
01-22 19:18:44.328  7505  7532 V python  : extracting _python_bundle/site-packages/Cython/Plex/Scanners.pyc
01-22 19:18:44.330  7505  7532 V python  : extracting _python_bundle/site-packages/Cython/Plex/Scanners.so
01-22 19:18:44.335  7505  7532 V python  : extracting _python_bundle/site-packages/Cython/Plex/Timing.pyc
01-22 19:18:44.336  7505  7532 V python  : extracting _python_bundle/site-packages/Cython/Plex/Traditional.pyc
01-22 19:18:44.337  7505  7532 V python  : extracting _python_bundle/site-packages/Cython/Plex/Transitions.pyc
01-22 19:18:44.338  7505  7532 V python  : extracting _python_bundle/site-packages/Cython/Plex/__init__.pyc
01-22 19:18:44.339  7505  7532 V python  : extracting _python_bundle/site-packages/Cython/Runtime/
01-22 19:18:44.339  7505  7532 V python  : extracting _python_bundle/site-packages/Cython/Runtime/__init__.pyc
01-22 19:18:44.340  7505  7532 V python  : extracting _python_bundle/site-packages/Cython/Runtime/refnanny.pyx
01-22 19:18:44.341  7505  7532 V python  : extracting _python_bundle/site-packages/Cython/Runtime/refnanny.so
01-22 19:18:44.346  7505  7532 V python  : extracting _python_bundle/site-packages/Cython/Shadow.pyc
01-22 19:18:44.349  7505  7532 V python  : extracting _python_bundle/site-packages/Cython/StringIOTree.pyc
01-22 19:18:44.350  7505  7532 V python  : extracting _python_bundle/site-packages/Cython/Tempita/
01-22 19:18:44.350  7505  7532 V python  : extracting _python_bundle/site-packages/Cython/Tempita/__init__.pyc
01-22 19:18:44.351  7505  7532 V python  : extracting _python_bundle/site-packages/Cython/Tempita/_looper.pyc
01-22 19:18:44.352  7505  7532 V python  : extracting _python_bundle/site-packages/Cython/Tempita/_tempita.pyc
01-22 19:18:44.356  7505  7532 V python  : extracting _python_bundle/site-packages/Cython/Tempita/_tempita.so
01-22 19:18:44.376  7505  7532 V python  : extracting _python_bundle/site-packages/Cython/Tempita/compat3.pyc
01-22 19:18:44.376  7505  7532 V python  : extracting _python_bundle/site-packages/Cython/TestUtils.pyc
01-22 19:18:44.377  7505  7532 V python  : extracting _python_bundle/site-packages/Cython/Tests/
01-22 19:18:44.378  7505  7532 V python  : extracting _python_bundle/site-packages/Cython/Tests/TestCodeWriter.pyc
01-22 19:18:44.379  7505  7532 V python  : extracting _python_bundle/site-packages/Cython/Tests/TestCythonUtils.pyc
01-22 19:18:44.379  7505  7532 V python  : extracting _python_bundle/site-packages/Cython/Tests/TestJediTyper.pyc
01-22 19:18:44.380  7505  7532 V python  : extracting _python_bundle/site-packages/Cython/Tests/TestStringIOTree.pyc
01-22 19:18:44.381  7505  7532 V python  : extracting _python_bundle/site-packages/Cython/Tests/__init__.pyc
01-22 19:18:44.382  7505  7532 V python  : extracting _python_bundle/site-packages/Cython/Tests/xmlrunner.pyc
01-22 19:18:44.383  7505  7532 V python  : extracting _python_bundle/site-packages/Cython/Utility/
01-22 19:18:44.383  7505  7532 V python  : extracting _python_bundle/site-packages/Cython/Utility/AsyncGen.c
01-22 19:18:44.385  7505  7532 V python  : extracting _python_bundle/site-packages/Cython/Utility/Buffer.c
01-22 19:18:44.386  7505  7532 V python  : extracting _python_bundle/site-packages/Cython/Utility/Builtins.c
01-22 19:18:44.387  7505  7532 V python  : extracting _python_bundle/site-packages/Cython/Utility/CConvert.pyx
01-22 19:18:44.387  7505  7532 V python  : extracting _python_bundle/site-packages/Cython/Utility/CMath.c
01-22 19:18:44.388  7505  7532 V python  : extracting _python_bundle/site-packages/Cython/Utility/Capsule.c
01-22 19:18:44.389  7505  7532 V python  : extracting _python_bundle/site-packages/Cython/Utility/CommonStructures.c
01-22 19:18:44.389  7505  7532 V python  : extracting _python_bundle/site-packages/Cython/Utility/Complex.c
01-22 19:18:44.390  7505  7532 V python  : extracting _python_bundle/site-packages/Cython/Utility/Coroutine.c
01-22 19:18:44.392  7505  7532 V python  : extracting _python_bundle/site-packages/Cython/Utility/CpdefEnums.pyx
01-22 19:18:44.393  7505  7532 V python  : extracting _python_bundle/site-packages/Cython/Utility/CppConvert.pyx
01-22 19:18:44.394  7505  7532 V python  : extracting _python_bundle/site-packages/Cython/Utility/CppSupport.cpp
01-22 19:18:44.394  7505  7532 V python  : extracting _python_bundle/site-packages/Cython/Utility/CythonFunction.c
01-22 19:18:44.395  7505  7532 V python  : extracting _python_bundle/site-packages/Cython/Utility/Embed.c
01-22 19:18:44.396  7505  7532 V python  : extracting _python_bundle/site-packages/Cython/Utility/Exceptions.c
01-22 19:18:44.397  7505  7532 V python  : extracting _python_bundle/site-packages/Cython/Utility/ExtensionTypes.c
01-22 19:18:44.398  7505  7532 V python  : extracting _python_bundle/site-packages/Cython/Utility/FunctionArguments.c
01-22 19:18:44.399  7505  7532 V python  : extracting _python_bundle/site-packages/Cython/Utility/ImportExport.c
01-22 19:18:44.400  7505  7532 V python  : extracting _python_bundle/site-packages/Cython/Utility/MemoryView.pyx
01-22 19:18:44.402  7505  7532 V python  : extracting _python_bundle/site-packages/Cython/Utility/MemoryView_C.c
01-22 19:18:44.403  7505  7532 V python  : extracting _python_bundle/site-packages/Cython/Utility/ModuleSetupCode.c
01-22 19:18:44.405  7505  7532 V python  : extracting _python_bundle/site-packages/Cython/Utility/ObjectHandling.c
01-22 19:18:44.408  7505  7532 V python  : extracting _python_bundle/site-packages/Cython/Utility/Optimize.c
01-22 19:18:44.410  7505  7532 V python  : extracting _python_bundle/site-packages/Cython/Utility/Overflow.c
01-22 19:18:44.411  7505  7532 V python  : extracting _python_bundle/site-packages/Cython/Utility/Printing.c
01-22 19:18:44.411  7505  7532 V python  : extracting _python_bundle/site-packages/Cython/Utility/Profile.c
01-22 19:18:44.412  7505  7532 V python  : extracting _python_bundle/site-packages/Cython/Utility/StringTools.c
01-22 19:18:44.413  7505  7532 V python  : extracting _python_bundle/site-packages/Cython/Utility/TestCyUtilityLoader.pyx
01-22 19:18:44.414  7505  7532 V python  : extracting _python_bundle/site-packages/Cython/Utility/TestCythonScope.pyx
01-22 19:18:44.414  7505  7532 V python  : extracting _python_bundle/site-packages/Cython/Utility/TestUtilityLoader.c
01-22 19:18:44.415  7505  7532 V python  : extracting _python_bundle/site-packages/Cython/Utility/TypeConversion.c
01-22 19:18:44.416  7505  7532 V python  : extracting _python_bundle/site-packages/Cython/Utility/__init__.pyc
01-22 19:18:44.417  7505  7532 V python  : extracting _python_bundle/site-packages/Cython/Utility/arrayarray.h
01-22 19:18:44.418  7505  7532 V python  : extracting _python_bundle/site-packages/Cython/Utils.pyc
01-22 19:18:44.419  7505  7532 V python  : extracting _python_bundle/site-packages/Cython/__init__.pyc
01-22 19:18:44.420  7505  7532 V python  : extracting _python_bundle/site-packages/Kivy-2.3.0-py3.11.egg-info/
01-22 19:18:44.420  7505  7532 V python  : extracting _python_bundle/site-packages/Kivy-2.3.0-py3.11.egg-info/PKG-INFO
01-22 19:18:44.421  3244  3244 I HoneySpace.EdgePanel.EdgeVisibilityRepository: getComputedTrayVisible : keyguardState = 3
01-22 19:18:44.421  3244  3244 I HoneySpace.EdgePanel.EdgeVisibilityRepository: updateTrayVisible: State = 0x3, visible = false, current containerState = 4, specificMode = 0
01-22 19:18:44.421  3244  3244 I HoneySpace.EdgePanel.DumpHelper: Tray State
01-22 19:18:44.421  3244  3244 I HoneySpace.EdgePanel.EdgeVisibilityRepository: Same container state 4
01-22 19:18:44.421  7505  7532 V python  : extracting _python_bundle/site-packages/Kivy-2.3.0-py3.11.egg-info/SOURCES.txt
01-22 19:18:44.423  7505  7532 V python  : extracting _python_bundle/site-packages/Kivy-2.3.0-py3.11.egg-info/dependency_links.txt
01-22 19:18:44.423  7505  7532 V python  : extracting _python_bundle/site-packages/Kivy-2.3.0-py3.11.egg-info/requires.txt
01-22 19:18:44.424  7505  7532 V python  : extracting _python_bundle/site-packages/Kivy-2.3.0-py3.11.egg-info/top_level.txt
01-22 19:18:44.425  7505  7532 V python  : extracting _python_bundle/site-packages/PIL/
01-22 19:18:44.425  7505  7532 V python  : extracting _python_bundle/site-packages/PIL/BdfFontFile.pyc
01-22 19:18:44.426  7505  7532 V python  : extracting _python_bundle/site-packages/PIL/BlpImagePlugin.pyc
01-22 19:18:44.427  7505  7532 V python  : extracting _python_bundle/site-packages/PIL/BmpImagePlugin.pyc
01-22 19:18:44.428  7505  7532 V python  : extracting _python_bundle/site-packages/PIL/BufrStubImagePlugin.pyc
01-22 19:18:44.429  7505  7532 V python  : extracting _python_bundle/site-packages/PIL/ContainerIO.pyc
01-22 19:18:44.430  7505  7532 V python  : extracting _python_bundle/site-packages/PIL/CurImagePlugin.pyc
01-22 19:18:44.430  7505  7532 V python  : extracting _python_bundle/site-packages/PIL/DcxImagePlugin.pyc
01-22 19:18:44.431  7505  7532 V python  : extracting _python_bundle/site-packages/PIL/DdsImagePlugin.pyc
01-22 19:18:44.432  7505  7532 V python  : extracting _python_bundle/site-packages/PIL/EpsImagePlugin.pyc
01-22 19:18:44.433  7505  7532 V python  : extracting _python_bundle/site-packages/PIL/ExifTags.pyc
01-22 19:18:44.434  7505  7532 V python  : extracting _python_bundle/site-packages/PIL/FitsStubImagePlugin.pyc
01-22 19:18:44.435  7505  7532 V python  : extracting _python_bundle/site-packages/PIL/FliImagePlugin.pyc
01-22 19:18:44.436  7505  7532 V python  : extracting _python_bundle/site-packages/PIL/FontFile.pyc
01-22 19:18:44.437  7505  7532 V python  : extracting _python_bundle/site-packages/PIL/FpxImagePlugin.pyc
01-22 19:18:44.438  7505  7532 V python  : extracting _python_bundle/site-packages/PIL/FtexImagePlugin.pyc
01-22 19:18:44.439  7505  7532 V python  : extracting _python_bundle/site-packages/PIL/GbrImagePlugin.pyc
01-22 19:18:44.440  7505  7532 V python  : extracting _python_bundle/site-packages/PIL/GdImageFile.pyc
01-22 19:18:44.440  7505  7532 V python  : extracting _python_bundle/site-packages/PIL/GifImagePlugin.pyc
01-22 19:18:44.442  7505  7532 V python  : extracting _python_bundle/site-packages/PIL/GimpGradientFile.pyc
01-22 19:18:44.443  7505  7532 V python  : extracting _python_bundle/site-packages/PIL/GimpPaletteFile.pyc
01-22 19:18:44.444  7505  7532 V python  : extracting _python_bundle/site-packages/PIL/GribStubImagePlugin.pyc
01-22 19:18:44.445  7505  7532 V python  : extracting _python_bundle/site-packages/PIL/Hdf5StubImagePlugin.pyc
01-22 19:18:44.445  7505  7532 V python  : extracting _python_bundle/site-packages/PIL/IcnsImagePlugin.pyc
01-22 19:18:44.447  7505  7532 V python  : extracting _python_bundle/site-packages/PIL/IcoImagePlugin.pyc
01-22 19:18:44.448  7505  7532 V python  : extracting _python_bundle/site-packages/PIL/ImImagePlugin.pyc
01-22 19:18:44.449  7505  7532 V python  : extracting _python_bundle/site-packages/PIL/Image.pyc
01-22 19:18:44.454  7505  7532 V python  : extracting _python_bundle/site-packages/PIL/ImageChops.pyc
01-22 19:18:44.455  7505  7532 V python  : extracting _python_bundle/site-packages/PIL/ImageCms.pyc
01-22 19:18:44.456  7505  7532 V python  : extracting _python_bundle/site-packages/PIL/ImageColor.pyc
01-22 19:18:44.457  7505  7532 V python  : extracting _python_bundle/site-packages/PIL/ImageDraw.pyc
01-22 19:18:44.459  7505  7532 V python  : extracting _python_bundle/site-packages/PIL/ImageDraw2.pyc
01-22 19:18:44.460  7505  7532 V python  : extracting _python_bundle/site-packages/PIL/ImageEnhance.pyc
01-22 19:18:44.461  7505  7532 V python  : extracting _python_bundle/site-packages/PIL/ImageFile.pyc
01-22 19:18:44.462  7505  7532 V python  : extracting _python_bundle/site-packages/PIL/ImageFilter.pyc
01-22 19:18:44.463  7505  7532 V python  : extracting _python_bundle/site-packages/PIL/ImageFont.pyc
01-22 19:18:44.465  7505  7532 V python  : extracting _python_bundle/site-packages/PIL/ImageGrab.pyc
01-22 19:18:44.465  7505  7532 V python  : extracting _python_bundle/site-packages/PIL/ImageMath.pyc
01-22 19:18:44.466  7505  7532 V python  : extracting _python_bundle/site-packages/PIL/ImageMode.pyc
01-22 19:18:44.467  7505  7532 V python  : extracting _python_bundle/site-packages/PIL/ImageMorph.pyc
01-22 19:18:44.468  7505  7532 V python  : extracting _python_bundle/site-packages/PIL/ImageOps.pyc
01-22 19:18:44.469  7505  7532 V python  : extracting _python_bundle/site-packages/PIL/ImagePalette.pyc
01-22 19:18:44.470  7505  7532 V python  : extracting _python_bundle/site-packages/PIL/ImagePath.pyc
01-22 19:18:44.471  7505  7532 V python  : extracting _python_bundle/site-packages/PIL/ImageQt.pyc
01-22 19:18:44.472  7505  7532 V python  : extracting _python_bundle/site-packages/PIL/ImageSequence.pyc
01-22 19:18:44.473  7505  7532 V python  : extracting _python_bundle/site-packages/PIL/ImageShow.pyc
01-22 19:18:44.474  7505  7532 V python  : extracting _python_bundle/site-packages/PIL/ImageStat.pyc
01-22 19:18:44.475  7505  7532 V python  : extracting _python_bundle/site-packages/PIL/ImageTk.pyc
01-22 19:18:44.476  7505  7532 V python  : extracting _python_bundle/site-packages/PIL/ImageTransform.pyc
01-22 19:18:44.476  7505  7532 V python  : extracting _python_bundle/site-packages/PIL/ImageWin.pyc
01-22 19:18:44.477  7505  7532 V python  : extracting _python_bundle/site-packages/PIL/ImtImagePlugin.pyc
01-22 19:18:44.478  7505  7532 V python  : extracting _python_bundle/site-packages/PIL/IptcImagePlugin.pyc
01-22 19:18:44.479  7505  7532 V python  : extracting _python_bundle/site-packages/PIL/Jpeg2KImagePlugin.pyc
01-22 19:18:44.480  7505  7532 V python  : extracting _python_bundle/site-packages/PIL/JpegImagePlugin.pyc
01-22 19:18:44.482  7505  7532 V python  : extracting _python_bundle/site-packages/PIL/JpegPresets.pyc
01-22 19:18:44.483  7505  7532 V python  : extracting _python_bundle/site-packages/PIL/McIdasImagePlugin.pyc
01-22 19:18:44.483  7505  7532 V python  : extracting _python_bundle/site-packages/PIL/MicImagePlugin.pyc
01-22 19:18:44.484  7505  7532 V python  : extracting _python_bundle/site-packages/PIL/MpegImagePlugin.pyc
01-22 19:18:44.485  7505  7532 V python  : extracting _python_bundle/site-packages/PIL/MpoImagePlugin.pyc
01-22 19:18:44.486  7505  7532 V python  : extracting _python_bundle/site-packages/PIL/MspImagePlugin.pyc
01-22 19:18:44.487  7505  7532 V python  : extracting _python_bundle/site-packages/PIL/PSDraw.pyc
01-22 19:18:44.487  7505  7532 V python  : extracting _python_bundle/site-packages/PIL/PaletteFile.pyc
01-22 19:18:44.488  7505  7532 V python  : extracting _python_bundle/site-packages/PIL/PalmImagePlugin.pyc
01-22 19:18:44.489  7505  7532 V python  : extracting _python_bundle/site-packages/PIL/PcdImagePlugin.pyc
01-22 19:18:44.490  7505  7532 V python  : extracting _python_bundle/site-packages/PIL/PcfFontFile.pyc
01-22 19:18:44.491  7505  7532 V python  : extracting _python_bundle/site-packages/PIL/PcxImagePlugin.pyc
01-22 19:18:44.492  7505  7532 V python  : extracting _python_bundle/site-packages/PIL/PdfImagePlugin.pyc
01-22 19:18:44.493  7505  7532 V python  : extracting _python_bundle/site-packages/PIL/PdfParser.pyc
01-22 19:18:44.495  7505  7532 V python  : extracting _python_bundle/site-packages/PIL/PixarImagePlugin.pyc
01-22 19:18:44.496  7505  7532 V python  : extracting _python_bundle/site-packages/PIL/PngImagePlugin.pyc
01-22 19:18:44.499  7505  7532 V python  : extracting _python_bundle/site-packages/PIL/PpmImagePlugin.pyc
01-22 19:18:44.500  7505  7532 V python  : extracting _python_bundle/site-packages/PIL/PsdImagePlugin.pyc
01-22 19:18:44.501  7505  7532 V python  : extracting _python_bundle/site-packages/PIL/PyAccess.pyc
01-22 19:18:44.502  7505  7532 V python  : extracting _python_bundle/site-packages/PIL/SgiImagePlugin.pyc
01-22 19:18:44.503  7505  7532 V python  : extracting _python_bundle/site-packages/PIL/SpiderImagePlugin.pyc
01-22 19:18:44.504  7505  7532 V python  : extracting _python_bundle/site-packages/PIL/SunImagePlugin.pyc
01-22 19:18:44.504  7505  7532 V python  : extracting _python_bundle/site-packages/PIL/TarIO.pyc
01-22 19:18:44.505  7505  7532 V python  : extracting _python_bundle/site-packages/PIL/TgaImagePlugin.pyc
01-22 19:18:44.506  7505  7532 V python  : extracting _python_bundle/site-packages/PIL/TiffImagePlugin.pyc
01-22 19:18:44.510  7505  7532 V python  : extracting _python_bundle/site-packages/PIL/TiffTags.pyc
01-22 19:18:44.511  7505  7532 V python  : extracting _python_bundle/site-packages/PIL/WalImageFile.pyc
01-22 19:18:44.512  7505  7532 V python  : extracting _python_bundle/site-packages/PIL/WebPImagePlugin.pyc
01-22 19:18:44.513  7505  7532 V python  : extracting _python_bundle/site-packages/PIL/WmfImagePlugin.pyc
01-22 19:18:44.514  7505  7532 V python  : extracting _python_bundle/site-packages/PIL/XVThumbImagePlugin.pyc
01-22 19:18:44.514  7505  7532 V python  : extracting _python_bundle/site-packages/PIL/XbmImagePlugin.pyc
01-22 19:18:44.515  7505  7532 V python  : extracting _python_bundle/site-packages/PIL/XpmImagePlugin.pyc
01-22 19:18:44.516  7505  7532 V python  : extracting _python_bundle/site-packages/PIL/__init__.pyc
01-22 19:18:44.516  7505  7532 V python  : extracting _python_bundle/site-packages/PIL/__main__.pyc
01-22 19:18:44.517  7505  7532 V python  : extracting _python_bundle/site-packages/PIL/_binary.pyc
01-22 19:18:44.518  7505  7532 V python  : extracting _python_bundle/site-packages/PIL/_imaging.so
01-22 19:18:44.520  3059  3736 D SatelliteController: isInCarrierRoamingNbIotNtn: satellite is disabled
01-22 19:18:44.550  7505  7532 V python  : extracting _python_bundle/site-packages/PIL/_imagingft.so
01-22 19:18:44.552  7505  7532 V python  : extracting _python_bundle/site-packages/PIL/_imagingmath.so
01-22 19:18:44.553  7505  7532 V python  : extracting _python_bundle/site-packages/PIL/_imagingmorph.so
01-22 19:18:44.554  7505  7532 V python  : extracting _python_bundle/site-packages/PIL/_imagingtk.so
01-22 19:18:44.554  7505  7532 V python  : extracting _python_bundle/site-packages/PIL/_tkinter_finder.pyc
01-22 19:18:44.555  7505  7532 V python  : extracting _python_bundle/site-packages/PIL/_util.pyc
01-22 19:18:44.556  7505  7532 V python  : extracting _python_bundle/site-packages/PIL/_version.pyc
01-22 19:18:44.557  7505  7532 V python  : extracting _python_bundle/site-packages/PIL/features.pyc
01-22 19:18:44.558  7505  7532 V python  : extracting _python_bundle/site-packages/Pillow-8.4.0-py3.11.egg-info/
01-22 19:18:44.558  7505  7532 V python  : extracting _python_bundle/site-packages/Pillow-8.4.0-py3.11.egg-info/PKG-INFO
01-22 19:18:44.559  7505  7532 V python  : extracting _python_bundle/site-packages/Pillow-8.4.0-py3.11.egg-info/SOURCES.txt
01-22 19:18:44.561  7505  7532 V python  : extracting _python_bundle/site-packages/Pillow-8.4.0-py3.11.egg-info/dependency_links.txt
01-22 19:18:44.561  7505  7532 V python  : extracting _python_bundle/site-packages/Pillow-8.4.0-py3.11.egg-info/top_level.txt
01-22 19:18:44.562  7505  7532 V python  : extracting _python_bundle/site-packages/Pillow-8.4.0-py3.11.egg-info/zip-safe
01-22 19:18:44.562  7505  7532 V python  : extracting _python_bundle/site-packages/_distutils_hack/
01-22 19:18:44.563  7505  7532 V python  : extracting _python_bundle/site-packages/_distutils_hack/__init__.pyc
01-22 19:18:44.564  7505  7532 V python  : extracting _python_bundle/site-packages/_distutils_hack/override.pyc
01-22 19:18:44.564  7505  7532 V python  : extracting _python_bundle/site-packages/android/
01-22 19:18:44.565  7505  7532 V python  : extracting _python_bundle/site-packages/android/__init__.pyc
01-22 19:18:44.565  7505  7532 V python  : extracting _python_bundle/site-packages/android/_android.so
01-22 19:18:44.566  5859  6240 I SDHMS:k : no app is Resumed!!! mResumedPackages.size = 0
01-22 19:18:44.570  7505  7532 V python  : extracting _python_bundle/site-packages/android/_android_billing.so
01-22 19:18:44.573  7505  7532 V python  : extracting _python_bundle/site-packages/android/_ctypes_library_finder.pyc
01-22 19:18:44.574  7505  7532 V python  : extracting _python_bundle/site-packages/android/activity.pyc
01-22 19:18:44.575  7505  7532 V python  : extracting _python_bundle/site-packages/android/billing.pyc
01-22 19:18:44.575  7505  7532 V python  : extracting _python_bundle/site-packages/android/broadcast.pyc
01-22 19:18:44.576  7505  7532 V python  : extracting _python_bundle/site-packages/android/config.pyc
01-22 19:18:44.577  7505  7532 V python  : extracting _python_bundle/site-packages/android/loadingscreen.pyc
01-22 19:18:44.577  7505  7532 V python  : extracting _python_bundle/site-packages/android/mixer.pyc
01-22 19:18:44.578  7505  7532 V python  : extracting _python_bundle/site-packages/android/permissions.pyc
01-22 19:18:44.579  7505  7532 V python  : extracting _python_bundle/site-packages/android/runnable.pyc
01-22 19:18:44.580  7505  7532 V python  : extracting _python_bundle/site-packages/android/storage.pyc
01-22 19:18:44.581  7505  7532 V python  : extracting _python_bundle/site-packages/androidstorage4kivy-0.1.1.dist-info/
01-22 19:18:44.581  7505  7532 V python  : extracting _python_bundle/site-packages/androidstorage4kivy-0.1.1.dist-info/INSTALLER
01-22 19:18:44.582  7505  7532 V python  : extracting _python_bundle/site-packages/androidstorage4kivy-0.1.1.dist-info/LICENSE
01-22 19:18:44.582  7505  7532 V python  : extracting _python_bundle/site-packages/androidstorage4kivy-0.1.1.dist-info/METADATA
01-22 19:18:44.583  7505  7532 V python  : extracting _python_bundle/site-packages/androidstorage4kivy-0.1.1.dist-info/RECORD
01-22 19:18:44.584  7505  7532 V python  : extracting _python_bundle/site-packages/androidstorage4kivy-0.1.1.dist-info/REQUESTED
01-22 19:18:44.585  7505  7532 V python  : extracting _python_bundle/site-packages/androidstorage4kivy-0.1.1.dist-info/WHEEL
01-22 19:18:44.585  7505  7532 V python  : extracting _python_bundle/site-packages/androidstorage4kivy-0.1.1.dist-info/top_level.txt
01-22 19:18:44.586  7505  7532 V python  : extracting _python_bundle/site-packages/androidstorage4kivy/
01-22 19:18:44.586  7505  7532 V python  : extracting _python_bundle/site-packages/androidstorage4kivy/__init__.pyc
01-22 19:18:44.587  7505  7532 V python  : extracting _python_bundle/site-packages/androidstorage4kivy/chooser.pyc
01-22 19:18:44.587  7505  7532 V python  : extracting _python_bundle/site-packages/androidstorage4kivy/sharedstorage.pyc
01-22 19:18:44.589  7505  7532 V python  : extracting _python_bundle/site-packages/androidstorage4kivy/sharesheet.pyc
01-22 19:18:44.590  7505  7532 V python  : extracting _python_bundle/site-packages/bin/
01-22 19:18:44.590  7505  7532 V python  : extracting _python_bundle/site-packages/bin/chardetect
01-22 19:18:44.591  7505  7532 V python  : extracting _python_bundle/site-packages/bin/kivymd.add_view
01-22 19:18:44.591  7505  7532 V python  : extracting _python_bundle/site-packages/bin/kivymd.create_project
01-22 19:18:44.592  7505  7532 V python  : extracting _python_bundle/site-packages/bin/kivymd.make_release
01-22 19:18:44.593  7505  7532 V python  : extracting _python_bundle/site-packages/certifi-2026.1.4.dist-info/
01-22 19:18:44.593  7505  7532 V python  : extracting _python_bundle/site-packages/certifi-2026.1.4.dist-info/INSTALLER
01-22 19:18:44.594  7505  7532 V python  : extracting _python_bundle/site-packages/certifi-2026.1.4.dist-info/METADATA
01-22 19:18:44.595  7505  7532 V python  : extracting _python_bundle/site-packages/certifi-2026.1.4.dist-info/RECORD
01-22 19:18:44.595  7505  7532 V python  : extracting _python_bundle/site-packages/certifi-2026.1.4.dist-info/REQUESTED
01-22 19:18:44.596  7505  7532 V python  : extracting _python_bundle/site-packages/certifi-2026.1.4.dist-info/WHEEL
01-22 19:18:44.596  7505  7532 V python  : extracting _python_bundle/site-packages/certifi-2026.1.4.dist-info/licenses/
01-22 19:18:44.597  7505  7532 V python  : extracting _python_bundle/site-packages/certifi-2026.1.4.dist-info/licenses/LICENSE
01-22 19:18:44.597  7505  7532 V python  : extracting _python_bundle/site-packages/certifi-2026.1.4.dist-info/top_level.txt
01-22 19:18:44.598  7505  7532 V python  : extracting _python_bundle/site-packages/certifi/
01-22 19:18:44.598  7505  7532 V python  : extracting _python_bundle/site-packages/certifi/__init__.pyc
01-22 19:18:44.599  7505  7532 V python  : extracting _python_bundle/site-packages/certifi/__main__.pyc
01-22 19:18:44.599  7505  7532 V python  : extracting _python_bundle/site-packages/certifi/cacert.pem
01-22 19:18:44.615  7505  7532 V python  : extracting _python_bundle/site-packages/certifi/core.pyc
01-22 19:18:44.616  7505  7532 V python  : extracting _python_bundle/site-packages/certifi/py.typed
01-22 19:18:44.616  7505  7532 V python  : extracting _python_bundle/site-packages/chardet-5.2.0.dist-info/
01-22 19:18:44.617  7505  7532 V python  : extracting _python_bundle/site-packages/chardet-5.2.0.dist-info/INSTALLER
01-22 19:18:44.617  7505  7532 V python  : extracting _python_bundle/site-packages/chardet-5.2.0.dist-info/LICENSE
01-22 19:18:44.619  7505  7532 V python  : extracting _python_bundle/site-packages/chardet-5.2.0.dist-info/METADATA
01-22 19:18:44.620  7505  7532 V python  : extracting _python_bundle/site-packages/chardet-5.2.0.dist-info/RECORD
01-22 19:18:44.621  7505  7532 V python  : extracting _python_bundle/site-packages/chardet-5.2.0.dist-info/REQUESTED
01-22 19:18:44.621  7505  7532 V python  : extracting _python_bundle/site-packages/chardet-5.2.0.dist-info/WHEEL
01-22 19:18:44.622  7505  7532 V python  : extracting _python_bundle/site-packages/chardet-5.2.0.dist-info/entry_points.txt
01-22 19:18:44.622  7505  7532 V python  : extracting _python_bundle/site-packages/chardet-5.2.0.dist-info/top_level.txt
01-22 19:18:44.623  7505  7532 V python  : extracting _python_bundle/site-packages/chardet/
01-22 19:18:44.623  7505  7532 V python  : extracting _python_bundle/site-packages/chardet/__init__.pyc
01-22 19:18:44.624  7505  7532 V python  : extracting _python_bundle/site-packages/chardet/__main__.pyc
01-22 19:18:44.625  7505  7532 V python  : extracting _python_bundle/site-packages/chardet/big5freq.pyc
01-22 19:18:44.626  7505  7532 V python  : extracting _python_bundle/site-packages/chardet/big5prober.pyc
01-22 19:18:44.627  7505  7532 V python  : extracting _python_bundle/site-packages/chardet/chardistribution.pyc
01-22 19:18:44.628  7505  7532 V python  : extracting _python_bundle/site-packages/chardet/charsetgroupprober.pyc
01-22 19:18:44.629  7505  7532 V python  : extracting _python_bundle/site-packages/chardet/charsetprober.pyc
01-22 19:18:44.629  7505  7532 V python  : extracting _python_bundle/site-packages/chardet/cli/
01-22 19:18:44.630  7505  7532 V python  : extracting _python_bundle/site-packages/chardet/cli/__init__.pyc
01-22 19:18:44.630  7505  7532 V python  : extracting _python_bundle/site-packages/chardet/cli/chardetect.pyc
01-22 19:18:44.631  7505  7532 V python  : extracting _python_bundle/site-packages/chardet/codingstatemachine.pyc
01-22 19:18:44.632  7505  7532 V python  : extracting _python_bundle/site-packages/chardet/codingstatemachinedict.pyc
01-22 19:18:44.632  7505  7532 V python  : extracting _python_bundle/site-packages/chardet/cp949prober.pyc
01-22 19:18:44.633  7505  7532 V python  : extracting _python_bundle/site-packages/chardet/enums.pyc
01-22 19:18:44.633  7505  7532 V python  : extracting _python_bundle/site-packages/chardet/escprober.pyc
01-22 19:18:44.634  7505  7532 V python  : extracting _python_bundle/site-packages/chardet/escsm.pyc
01-22 19:18:44.635  7505  7532 V python  : extracting _python_bundle/site-packages/chardet/eucjpprober.pyc
01-22 19:18:44.635  7505  7532 V python  : extracting _python_bundle/site-packages/chardet/euckrfreq.pyc
01-22 19:18:44.637  7505  7532 V python  : extracting _python_bundle/site-packages/chardet/euckrprober.pyc
01-22 19:18:44.637  7505  7532 V python  : extracting _python_bundle/site-packages/chardet/euctwfreq.pyc
01-22 19:18:44.639  7505  7532 V python  : extracting _python_bundle/site-packages/chardet/euctwprober.pyc
01-22 19:18:44.639  7505  7532 V python  : extracting _python_bundle/site-packages/chardet/gb2312freq.pyc
01-22 19:18:44.641  7505  7532 V python  : extracting _python_bundle/site-packages/chardet/gb2312prober.pyc
01-22 19:18:44.642  7505  7532 V python  : extracting _python_bundle/site-packages/chardet/hebrewprober.pyc
01-22 19:18:44.643  7505  7532 V python  : extracting _python_bundle/site-packages/chardet/jisfreq.pyc
01-22 19:18:44.644  7505  7532 V python  : extracting _python_bundle/site-packages/chardet/johabfreq.pyc
01-22 19:18:44.649  7505  7532 V python  : extracting _python_bundle/site-packages/chardet/johabprober.pyc
01-22 19:18:44.649  7505  7532 V python  : extracting _python_bundle/site-packages/chardet/jpcntx.pyc
01-22 19:18:44.651  7505  7532 V python  : extracting _python_bundle/site-packages/chardet/langbulgarianmodel.pyc
01-22 19:18:44.652  7505  7532 V python  : extracting _python_bundle/site-packages/chardet/langgreekmodel.pyc
01-22 19:18:44.654  7505  7532 V python  : extracting _python_bundle/site-packages/chardet/langhebrewmodel.pyc
01-22 19:18:44.655  7505  7532 V python  : extracting _python_bundle/site-packages/chardet/langhungarianmodel.pyc
01-22 19:18:44.657  7505  7532 V python  : extracting _python_bundle/site-packages/chardet/langrussianmodel.pyc
01-22 19:18:44.657  1242  1269 E HeatmapThread: ECT Thread time in milliseconds: 1769105924
01-22 19:18:44.658  1242  1269 D HeatmapThread: !@ batteryplugType : 2
01-22 19:18:44.658  1242  1269 D HeatmapThread: !@ batteryLevel : 98  batteryTemperature : 306 
01-22 19:18:44.658  1242  1269 D HeatmapThread: !@ Heatmap currtime: 29485098
01-22 19:18:44.658  1242  1269 D HeatmapThread: !@ Heatmap prevtime: 29485090
01-22 19:18:44.658  1242  1269 D HeatmapThread: !@ Heatmap plugstarttime: 29485075
01-22 19:18:44.658  1242  1269 D HeatmapThread: !@ Heatmap prevv_dsoh_update_time: 29485018
01-22 19:18:44.658  1242  1269 E HeatmapThread: !@ CAM New BSOH: 100
01-22 19:18:44.659  7505  7532 V python  : extracting _python_bundle/site-packages/chardet/langthaimodel.pyc
01-22 19:18:44.660  7505  7532 V python  : extracting _python_bundle/site-packages/chardet/langturkishmodel.pyc
01-22 19:18:44.662  7505  7532 V python  : extracting _python_bundle/site-packages/chardet/latin1prober.pyc
01-22 19:18:44.663  7505  7532 V python  : extracting _python_bundle/site-packages/chardet/macromanprober.pyc
01-22 19:18:44.663  7505  7532 V python  : extracting _python_bundle/site-packages/chardet/mbcharsetprober.pyc
01-22 19:18:44.664  7505  7532 V python  : extracting _python_bundle/site-packages/chardet/mbcsgroupprober.pyc
01-22 19:18:44.665  7505  7532 V python  : extracting _python_bundle/site-packages/chardet/mbcssm.pyc
01-22 19:18:44.666  7505  7532 V python  : extracting _python_bundle/site-packages/chardet/metadata/
01-22 19:18:44.666  7505  7532 V python  : extracting _python_bundle/site-packages/chardet/metadata/__init__.pyc
01-22 19:18:44.667  7505  7532 V python  : extracting _python_bundle/site-packages/chardet/metadata/languages.pyc
01-22 19:18:44.668  7505  7532 V python  : extracting _python_bundle/site-packages/chardet/py.typed
01-22 19:18:44.668  7505  7532 V python  : extracting _python_bundle/site-packages/chardet/resultdict.pyc
01-22 19:18:44.669  7505  7532 V python  : extracting _python_bundle/site-packages/chardet/sbcharsetprober.pyc
01-22 19:18:44.670  7505  7532 V python  : extracting _python_bundle/site-packages/chardet/sbcsgroupprober.pyc
01-22 19:18:44.670  7505  7532 V python  : extracting _python_bundle/site-packages/chardet/sjisprober.pyc
01-22 19:18:44.671  7505  7532 V python  : extracting _python_bundle/site-packages/chardet/universaldetector.pyc
01-22 19:18:44.672  7505  7532 V python  : extracting _python_bundle/site-packages/chardet/utf1632prober.pyc
01-22 19:18:44.673  7505  7532 V python  : extracting _python_bundle/site-packages/chardet/utf8prober.pyc
01-22 19:18:44.674  7505  7532 V python  : extracting _python_bundle/site-packages/chardet/version.pyc
01-22 19:18:44.674  7505  7532 V python  : extracting _python_bundle/site-packages/cython.pyc
01-22 19:18:44.675  7505  7532 V python  : extracting _python_bundle/site-packages/distutils-precedence.pth
01-22 19:18:44.676  7505  7532 V python  : extracting _python_bundle/site-packages/easy_install.pyc
01-22 19:18:44.676  7505  7532 V python  : extracting _python_bundle/site-packages/idna-3.11.dist-info/
01-22 19:18:44.677  7505  7532 V python  : extracting _python_bundle/site-packages/idna-3.11.dist-info/INSTALLER
01-22 19:18:44.677  7505  7532 V python  : extracting _python_bundle/site-packages/idna-3.11.dist-info/METADATA
01-22 19:18:44.678  7505  7532 V python  : extracting _python_bundle/site-packages/idna-3.11.dist-info/RECORD
01-22 19:18:44.679  7505  7532 V python  : extracting _python_bundle/site-packages/idna-3.11.dist-info/REQUESTED
01-22 19:18:44.679  7505  7532 V python  : extracting _python_bundle/site-packages/idna-3.11.dist-info/WHEEL
01-22 19:18:44.679  7505  7532 V python  : extracting _python_bundle/site-packages/idna-3.11.dist-info/licenses/
01-22 19:18:44.680  7505  7532 V python  : extracting _python_bundle/site-packages/idna-3.11.dist-info/licenses/LICENSE.md
01-22 19:18:44.681  7505  7532 V python  : extracting _python_bundle/site-packages/idna/
01-22 19:18:44.681  7505  7532 V python  : extracting _python_bundle/site-packages/idna/__init__.pyc
01-22 19:18:44.682  7505  7532 V python  : extracting _python_bundle/site-packages/idna/codec.pyc
01-22 19:18:44.682  7505  7532 V python  : extracting _python_bundle/site-packages/idna/compat.pyc
01-22 19:18:44.683  7505  7532 V python  : extracting _python_bundle/site-packages/idna/core.pyc
01-22 19:18:44.685  7505  7532 V python  : extracting _python_bundle/site-packages/idna/idnadata.pyc
01-22 19:18:44.688  7505  7532 V python  : extracting _python_bundle/site-packages/idna/intranges.pyc
01-22 19:18:44.689  7505  7532 V python  : extracting _python_bundle/site-packages/idna/package_data.pyc
01-22 19:18:44.690  7505  7532 V python  : extracting _python_bundle/site-packages/idna/py.typed
01-22 19:18:44.690  7505  7532 V python  : extracting _python_bundle/site-packages/idna/uts46data.pyc
01-22 19:18:44.695  7505  7532 V python  : extracting _python_bundle/site-packages/jnius/
01-22 19:18:44.695  7505  7532 V python  : extracting _python_bundle/site-packages/jnius/__init__.pyc
01-22 19:18:44.696  7505  7532 V python  : extracting _python_bundle/site-packages/jnius/env.pyc
01-22 19:18:44.697  7505  7532 V python  : extracting _python_bundle/site-packages/jnius/jnius.so
01-22 19:18:44.715  7505  7510 I 2.zeiterfassung: Compiler allocated 5101KB to compile void android.view.ViewRootImpl.performTraversals()
01-22 19:18:44.717  7505  7532 V python  : extracting _python_bundle/site-packages/jnius/reflect.pyc
01-22 19:18:44.719  7505  7532 V python  : extracting _python_bundle/site-packages/jnius/signatures.pyc
01-22 19:18:44.720  7505  7532 V python  : extracting _python_bundle/site-packages/jnius/src/org/
01-22 19:18:44.721  7505  7532 V python  : extracting _python_bundle/site-packages/jnius/src/org/jnius/
01-22 19:18:44.722  7505  7532 V python  : extracting _python_bundle/site-packages/jnius/src/org/jnius/NativeInvocationHandler.class
01-22 19:18:44.722  7505  7532 V python  : extracting _python_bundle/site-packages/jnius/src/org/jnius/NativeInvocationHandler.java
01-22 19:18:44.723  7505  7532 V python  : extracting _python_bundle/site-packages/jnius_config.pyc
01-22 19:18:44.724  7505  7532 V python  : extracting _python_bundle/site-packages/kivy/
01-22 19:18:44.724  7505  7532 V python  : extracting _python_bundle/site-packages/kivy/__init__.pyc
01-22 19:18:44.726  7505  7532 V python  : extracting _python_bundle/site-packages/kivy/_clock.so
01-22 19:18:44.736  7505  7532 V python  : extracting _python_bundle/site-packages/kivy/_event.so
01-22 19:18:44.745  7505  7532 V python  : extracting _python_bundle/site-packages/kivy/_metrics.so
01-22 19:18:44.747  7505  7532 V python  : extracting _python_bundle/site-packages/kivy/_version.pyc
01-22 19:18:44.748  7505  7532 V python  : extracting _python_bundle/site-packages/kivy/animation.pyc
01-22 19:18:44.750  7505  7532 V python  : extracting _python_bundle/site-packages/kivy/app.pyc
01-22 19:18:44.751  7505  7532 V python  : extracting _python_bundle/site-packages/kivy/atlas.pyc
01-22 19:18:44.752  7505  7532 V python  : extracting _python_bundle/site-packages/kivy/base.pyc
01-22 19:18:44.753  7505  7532 V python  : extracting _python_bundle/site-packages/kivy/cache.pyc
01-22 19:18:44.754  7505  7532 V python  : extracting _python_bundle/site-packages/kivy/clock.pyc
01-22 19:18:44.756  7505  7532 V python  : extracting _python_bundle/site-packages/kivy/compat.pyc
01-22 19:18:44.757  7505  7532 V python  : extracting _python_bundle/site-packages/kivy/config.pyc
01-22 19:18:44.758  7505  7532 V python  : extracting _python_bundle/site-packages/kivy/context.pyc
01-22 19:18:44.759  7505  7532 V python  : extracting _python_bundle/site-packages/kivy/core/
01-22 19:18:44.759  7505  7532 V python  : extracting _python_bundle/site-packages/kivy/core/__init__.pyc
01-22 19:18:44.761  7505  7532 V python  : extracting _python_bundle/site-packages/kivy/core/audio/
01-22 19:18:44.761  7505  7532 V python  : extracting _python_bundle/site-packages/kivy/core/audio/__init__.pyc
01-22 19:18:44.762  7505  7532 V python  : extracting _python_bundle/site-packages/kivy/core/audio/audio_android.pyc
01-22 19:18:44.763  7505  7532 V python  : extracting _python_bundle/site-packages/kivy/core/audio/audio_avplayer.pyc
01-22 19:18:44.764  7505  7532 V python  : extracting _python_bundle/site-packages/kivy/core/audio/audio_ffpyplayer.pyc
01-22 19:18:44.765  7505  7532 V python  : extracting _python_bundle/site-packages/kivy/core/audio/audio_gstplayer.pyc
01-22 19:18:44.765  7505  7532 V python  : extracting _python_bundle/site-packages/kivy/core/audio/audio_pygame.pyc
01-22 19:18:44.766  7505  7532 V python  : extracting _python_bundle/site-packages/kivy/core/audio/audio_sdl2.so
01-22 19:18:44.771  7505  7532 V python  : extracting _python_bundle/site-packages/kivy/core/camera/
01-22 19:18:44.772  7505  7532 V python  : extracting _python_bundle/site-packages/kivy/core/camera/__init__.pyc
01-22 19:18:44.772  7505  7532 V python  : extracting _python_bundle/site-packages/kivy/core/camera/camera_android.pyc
01-22 19:18:44.773  7505  7532 V python  : extracting _python_bundle/site-packages/kivy/core/camera/camera_gi.pyc
01-22 19:18:44.774  7505  7532 V python  : extracting _python_bundle/site-packages/kivy/core/camera/camera_opencv.pyc
01-22 19:18:44.775  7505  7532 V python  : extracting _python_bundle/site-packages/kivy/core/camera/camera_picamera.pyc
01-22 19:18:44.776  7505  7532 V python  : extracting _python_bundle/site-packages/kivy/core/clipboard/
01-22 19:18:44.776  1205  7499 I HYPER-HAL: [RequestManager.cpp]releaseLocked(): Released ID : 17290161
01-22 19:18:44.776  7505  7532 V python  : extracting _python_bundle/site-packages/kivy/core/clipboard/__init__.pyc
01-22 19:18:44.777  7505  7532 V python  : extracting _python_bundle/site-packages/kivy/core/clipboard/_clipboard_ext.pyc
01-22 19:18:44.778  7505  7532 V python  : extracting _python_bundle/site-packages/kivy/core/clipboard/_clipboard_sdl2.so
01-22 19:18:44.779  7505  7532 V python  : extracting _python_bundle/site-packages/kivy/core/clipboard/clipboard_android.pyc
01-22 19:18:44.779  7505  7532 V python  : extracting _python_bundle/site-packages/kivy/core/clipboard/clipboard_dbusklipper.pyc
01-22 19:18:44.780  7505  7532 V python  : extracting _python_bundle/site-packages/kivy/core/clipboard/clipboard_dummy.pyc
01-22 19:18:44.781  7505  7532 V python  : extracting _python_bundle/site-packages/kivy/core/clipboard/clipboard_gtk3.pyc
01-22 19:18:44.782  7505  7532 V python  : extracting _python_bundle/site-packages/kivy/core/clipboard/clipboard_nspaste.pyc
01-22 19:18:44.782  7505  7532 V python  : extracting _python_bundle/site-packages/kivy/core/clipboard/clipboard_pygame.pyc
01-22 19:18:44.783  7505  7532 V python  : extracting _python_bundle/site-packages/kivy/core/clipboard/clipboard_sdl2.pyc
01-22 19:18:44.784  7505  7532 V python  : extracting _python_bundle/site-packages/kivy/core/clipboard/clipboard_winctypes.pyc
01-22 19:18:44.785  7505  7532 V python  : extracting _python_bundle/site-packages/kivy/core/clipboard/clipboard_xclip.pyc
01-22 19:18:44.785  7505  7532 V python  : extracting _python_bundle/site-packages/kivy/core/clipboard/clipboard_xsel.pyc
01-22 19:18:44.786  7505  7532 V python  : extracting _python_bundle/site-packages/kivy/core/gl/
01-22 19:18:44.786  7505  7532 V python  : extracting _python_bundle/site-packages/kivy/core/gl/__init__.pyc
01-22 19:18:44.787  7505  7532 V python  : extracting _python_bundle/site-packages/kivy/core/image/
01-22 19:18:44.787  7505  7532 V python  : extracting _python_bundle/site-packages/kivy/core/image/__init__.pyc
01-22 19:18:44.789  7505  7532 V python  : extracting _python_bundle/site-packages/kivy/core/image/_img_sdl2.so
01-22 19:18:44.793  7505  7532 V python  : extracting _python_bundle/site-packages/kivy/core/image/img_dds.pyc
01-22 19:18:44.793  7505  7532 V python  : extracting _python_bundle/site-packages/kivy/core/image/img_ffpyplayer.pyc
01-22 19:18:44.794  7505  7532 V python  : extracting _python_bundle/site-packages/kivy/core/image/img_pil.pyc
01-22 19:18:44.795  7505  7532 V python  : extracting _python_bundle/site-packages/kivy/core/image/img_pygame.pyc
01-22 19:18:44.795  7505  7532 V python  : extracting _python_bundle/site-packages/kivy/core/image/img_sdl2.pyc
01-22 19:18:44.796  7505  7532 V python  : extracting _python_bundle/site-packages/kivy/core/image/img_tex.pyc
01-22 19:18:44.797  7505  7532 V python  : extracting _python_bundle/site-packages/kivy/core/spelling/
01-22 19:18:44.797  7505  7532 V python  : extracting _python_bundle/site-packages/kivy/core/spelling/__init__.pyc
01-22 19:18:44.798  7505  7532 V python  : extracting _python_bundle/site-packages/kivy/core/spelling/spelling_enchant.pyc
01-22 19:18:44.798  7505  7532 V python  : extracting _python_bundle/site-packages/kivy/core/text/
01-22 19:18:44.799  7505  7532 V python  : extracting _python_bundle/site-packages/kivy/core/text/__init__.pyc
01-22 19:18:44.801  7505  7532 V python  : extracting _python_bundle/site-packages/kivy/core/text/_text_sdl2.so
01-22 19:18:44.804  7505  7532 V python  : extracting _python_bundle/site-packages/kivy/core/text/markup.pyc
01-22 19:18:44.805  7505  7532 V python  : extracting _python_bundle/site-packages/kivy/core/text/text_layout.so
01-22 19:18:44.811  7505  7532 V python  : extracting _python_bundle/site-packages/kivy/core/text/text_pango.pyc
01-22 19:18:44.812  7505  7532 V python  : extracting _python_bundle/site-packages/kivy/core/text/text_pil.pyc
01-22 19:18:44.813  7505  7532 V python  : extracting _python_bundle/site-packages/kivy/core/text/text_pygame.pyc
01-22 19:18:44.814  7505  7532 V python  : extracting _python_bundle/site-packages/kivy/core/text/text_sdl2.pyc
01-22 19:18:44.814  7505  7532 V python  : extracting _python_bundle/site-packages/kivy/core/video/
01-22 19:18:44.815  7505  7532 V python  : extracting _python_bundle/site-packages/kivy/core/video/__init__.pyc
01-22 19:18:44.815  7505  7532 V python  : extracting _python_bundle/site-packages/kivy/core/video/video_ffmpeg.pyc
01-22 19:18:44.816  7505  7532 V python  : extracting _python_bundle/site-packages/kivy/core/video/video_ffpyplayer.pyc
01-22 19:18:44.817  7505  7532 V python  : extracting _python_bundle/site-packages/kivy/core/video/video_gstplayer.pyc
01-22 19:18:44.818  7505  7532 V python  : extracting _python_bundle/site-packages/kivy/core/video/video_null.pyc
01-22 19:18:44.819  7505  7532 V python  : extracting _python_bundle/site-packages/kivy/core/window/
01-22 19:18:44.819  7505  7532 V python  : extracting _python_bundle/site-packages/kivy/core/window/__init__.pyc
01-22 19:18:44.822  7505  7532 V python  : extracting _python_bundle/site-packages/kivy/core/window/_window_sdl2.so
01-22 19:18:44.828  7505  7532 V python  : extracting _python_bundle/site-packages/kivy/core/window/window_egl_rpi.pyc
01-22 19:18:44.829  7505  7532 V python  : extracting _python_bundle/site-packages/kivy/core/window/window_info.so
01-22 19:18:44.830  7505  7532 V python  : extracting _python_bundle/site-packages/kivy/core/window/window_pygame.pyc
01-22 19:18:44.831  7505  7532 V python  : extracting _python_bundle/site-packages/kivy/core/window/window_sdl2.pyc
01-22 19:18:44.834  7505  7532 V python  : extracting _python_bundle/site-packages/kivy/data/
01-22 19:18:44.835  7505  7532 V python  : extracting _python_bundle/site-packages/kivy/data/fonts/
01-22 19:18:44.835  7505  7532 V python  : extracting _python_bundle/site-packages/kivy/data/fonts/DejaVuSans.ttf
01-22 19:18:44.844  1471  2998 I qfp-vendorlib:  read fd sensor 1
01-22 19:18:44.844  1471  2998 I qfp-vendorlib:  Finger down 
01-22 19:18:44.844  1471  2998 I QcSensorControl: BAuthDeviceWaitInt success
01-22 19:18:44.844  1471  2998 I QcSensorControl: SendCancelIPC
01-22 19:18:44.844  1471  2998 E vendor.samsung.hardware.biometrics.fingerprint-service: cosi
01-22 19:18:44.844  1471  2998 I vendor.samsung.hardware.biometrics.fingerprint-service: acsf 2
01-22 19:18:44.844  1471  2998 I bauth_FPBAuthService: tfd 0 0 1
01-22 19:18:44.844  1471  2998 I QcSensorControl: BAuthDeviceSpiCtrl
01-22 19:18:44.844  1471  2998 I qfp-vendorlib: QFPControl_DeviceSpiCtrl 1
01-22 19:18:44.844  1471  2998 I QcSensorControl: scc 1
01-22 19:18:44.844  1471  2998 I QcSensorControl: BAuthDeviceEnableInt
01-22 19:18:44.844  1471  2998 I qfp-vendorlib: QFPControl_DeviceEnableInt 0
01-22 19:18:44.844  1471  2998 I bauth_FPBAuthService: BAUTH_OP_CODE_WAIT_INTERRUPT BAuthDeviceEnableInt Disable Success
01-22 19:18:44.844  1471  2998 I bauth_FPBAuthService: BAUTH_OP_CODE_WAIT_INTERRUPT BAuthDeviceWaitInt Success
01-22 19:18:44.844  1471  2998 I bauth_FPBAuthService: Identify do
01-22 19:18:44.844  1471  2998 I QcSensorControl: BADCSU
01-22 19:18:44.844  1471  2998 I qfp-vendorlib: QFPControl_DeviceCpuSpeedup 1
01-22 19:18:44.844  1471  2736 I qfp-vendorlib:  read ipc cancel count 1
01-22 19:18:44.844  1471  2736 I qfp-vendorlib: QFPControl_DeviceWaitIPC exit with 4
01-22 19:18:44.844  1471  2998 I TLC_BAUTH: Call FP cmd 0x6
01-22 19:18:44.844  1471  2736 E QcSensorControl: BAuthDeviceWaitIPC sys call failed : 4
01-22 19:18:44.844  1471  2736 I vendor.samsung.hardware.biometrics.fingerprint-service: cbge canceled by 1 0 0 0 0 0 0
01-22 19:18:44.844  1471  2736 I QcSensorControl: BAuthDeviceEnableIPC
01-22 19:18:44.844  1471  2736 I qfp-vendorlib: QFPControl_DeviceEnableIPC 0
01-22 19:18:44.844  1471  2736 I vendor.samsung.hardware.biometrics.fingerprint-service: state end   : cbgeV3(D) rv(0)
01-22 19:18:44.844  1471  2736 I vendor.samsung.hardware.biometrics.fingerprint-service: state start : cbgeV3(F)
01-22 19:18:44.844  1471  2736 I vendor.samsung.hardware.biometrics.fingerprint-service: cbgeFinal wait another operation start
01-22 19:18:44.845  1559  2169 D SemInput:UEvent: onSemUEvent: {SUBSYSTEM=sec, SEQNUM=855142, ACTION=change, POS=800,2402, TIMESTAMP=1866883644, FEATURE=TSP, GESTURE=15, DEVPATH=/devices/virtual/sec/tsp}
01-22 19:18:44.845  1559  2169 D SemInput:UEvent: !@[sec_input] gesture event type: 15,800,2402
01-22 19:18:44.845  1559  2169 D InputManager: notifyQuickAccess: info=15, x=800.0, y=2402.0
01-22 19:18:44.847  1471  2998 I tlc_communication: blowfish : tlc_communicate commandID(6) (0x00000000 TEEC_SUCCESS) retry0
01-22 19:18:44.847  1471  2998 I TLC_BAUTH: Check the Trustlet return code is completed
01-22 19:18:44.847  1471  2998 I bauth_FPBAuthService: check_opcode status = 2, opcode = 5, func_ret_val = 0, function_status = 1, timeout = 0
01-22 19:18:44.847  1471  2998 I bauth_FPBAuthService: BAUTH_OP_CODE_NOTIFY_DOWN EVENT
01-22 19:18:44.847  1471  2998 I bauth_FPBAuthService: BAUTH_OP_CODE_WAIT_INTERRUPT BAuthDeviceEnableInt Enable Success
01-22 19:18:44.847  1471  2998 I bauth_FPBAuthService: CAPTURE_STARTED
01-22 19:18:44.847  1471  2998 I bauth_FPBAuthService: fpop : 100021
01-22 19:18:44.847  1559  2706 W BMFP    : fp_acquired: 6, 10002,
01-22 19:18:44.847  1559  2706 I FingerprintService: handleAcquired: acquiredInfo=6, vendor=10002
01-22 19:18:44.847  1559  2652 D FingerprintAuthenticationClient.Ext: onAcquired: 6, 10002
01-22 19:18:44.847 30801 30801 I BSS_UdfpsFodHandler: com.samsung.android.fingerprint.action.FINGER_ON_DISPLAY, 15, true
01-22 19:18:44.848  1471  2998 I vendor.samsung.hardware.biometrics.fingerprint-service: set display status with notify down: 0
01-22 19:18:44.848  1471  2998 I bauth_FPBAuthService: Identify do
01-22 19:18:44.848  1471  2998 I TLC_BAUTH: Call FP cmd 0x6
01-22 19:18:44.848  1559  2652 D PowerManagerService: [api] setEarlyWakeUp: enable: true
01-22 19:18:44.848  1559  2652 D PowerManagerService: displayReady: false groupId=0
01-22 19:18:44.848  1559  1835 D DisplayPowerController[0]: [ew] resetEnableRequestTimeout +
01-22 19:18:44.848  1559  1835 D DisplayPowerController[0]: [ew] true
01-22 19:18:44.848  1559  1835 D DisplayPowerController[0]: [ew] acquireSuspendBlocker: +
01-22 19:18:44.848  1559  1835 D PowerManagerService: [PWL] sb acquire: PowerManagerService.Display
01-22 19:18:44.848  2814  2814 D KeyguardFingerprint: handleFingerprintAuth fpMsg index = 0 / type = 5
01-22 19:18:44.849  2814  2814 D KeyguardFingerprint: onUdfpsFingerDown()
01-22 19:18:44.849  2814  2814 W KeyguardFingerprint: handleFingerprintAuth dispatchCount = 1 / elapsed time: 0ms
01-22 19:18:44.849 30801 30801 I BSS_SysUiManager: handleMessage = 7, 202, 10002
01-22 19:18:44.849 30801 30815 I BSS_UdfpsFodHandler: onFodTouchEvent: distance = 3.9472241, diff = -80, 3
01-22 19:18:44.849 30801 30801 I BSS_UdfpsKeyguardSensorWindow: startVisualEffect
01-22 19:18:44.849 30801 30801 I BSS_UdfpsSensorWindow: setVisibility: [0]
01-22 19:18:44.849  1559  1835 D DisplayPowerController[0]: animateScreenStateChange: target=DOZE_SUSPEND, mIsEnabled=true
01-22 19:18:44.849  1559  2652 I SemDvfsHyPerManager: acquire hyper - FINGERPRINT_SERVICE/1559@964, type = -999
01-22 19:18:44.850  1559  2553 I FaceService: semPauseAuth called from pid=1559
01-22 19:18:44.850 30801 30801 I BSS_VisualEffectContainer: start()
01-22 19:18:44.850  1559  1835 D AutomaticBrightnessController: setLightSensorEnabled: true
01-22 19:18:44.850  1559  2653 W SemFace : daemonPauseAuth : client is not Auth
01-22 19:18:44.850  1195  1195 I SensorsHub: queueBatch: handle=37 period=200000000 timeout=0
01-22 19:18:44.850  1205  1256 I HYPER-HAL: [RequestManager.cpp]acquire(): Acquired ID : 3184990  [1559 / 964]    HINT : BIOMETRICS_FINGER    list : 
01-22 19:18:44.850  1559  2652 I BiometricsBoosting: com.samsung.android.intent.action.BIOMETRIC_AUTHENTICATION_START
01-22 19:18:44.850  1559  2553 D SemInputDevice:TSP: setProperty: not support cmd "TEMPERATURE" at supportCommands
01-22 19:18:44.850  1559  2553 I SemInputCommandService: setPropertyAllTouch: TEMPERATURE,1 retDefault=-5 retExtra=-2
01-22 19:18:44.850  1559  2553 I FingerprintService: setTspMode: [9] done
01-22 19:18:44.851  2814  2985 D BiometricStatusRepositoryImpl: authenticationState updated: Acquired(biometricSourceType=FINGERPRINT, requestReason=DeviceEntryAuthentication, acquiredInfo=6)
01-22 19:18:44.851  1559  2652 V Biometrics/AcquisitionClient: Acquired: 6 10002, shouldSend: true
01-22 19:18:44.851  1195  1195 I SensorsHub: queueActivate: handle 37 enable 1
01-22 19:18:44.851  2814  2814 D KeyguardFingerprint: handleFingerprintAuth fpMsg index = 0 / type = 4
01-22 19:18:44.851  2814  2814 D KeyguardFingerprint: onAuthenticationAcquired( 10002  )
01-22 19:18:44.851  2814  2814 D KeyguardFingerprint: handleFingerprintAcquired( 10002  )
01-22 19:18:44.851  2814  2814 W KeyguardFingerprint: handleFingerprintAuth dispatchCount = 1 / elapsed time: 0ms
01-22 19:18:44.852  1559  2706 D PowerManagerService: [api] userActivity : touch (uid: 10056 pid: 2814) displayId=0 eventTime=1866883651
01-22 19:18:44.852  1559  2706 D PowerManagerService: UserActivityStateListenerState: 1
01-22 19:18:44.852  1559  2646 D SemInputDevice:TSP: GetPropertyTask: FOD_POS [01-22 19:18:44.852]
01-22 19:18:44.853  1388  2140 I CameraService: onUidStateChanged: uid=10056, procState is changed. (0 -> 1)
01-22 19:18:44.861  1230  1249 I sysinput:aidl: onReportInformation:91, 1, fod_pos@0000000000000000000000
01-22 19:18:44.861  1559  2646 I SysinputHAL_AIDL: getProperty(TSP(1)): FOD_POS:00000000000000000000...
01-22 19:18:44.861  1230  1249 I sysinput:Touch1: operator():204, fod_pos: OK
01-22 19:18:44.866  1559  2141 I WindowManager: Relayout Window{62f3863 u0 FP Iconview}: viewVisibility=0 req=1440x3120 ty=2619 d0
01-22 19:18:44.867  1248  1314 I SurfaceFlinger: id=497727 createSurf, flag=44044, FP Iconview$_30801#497727
01-22 19:18:44.867  1559  2141 D WindowManager: makeSurface duration=1 name=FP Iconview$_30801
01-22 19:18:44.867  1559  2141 W PhoneWindowManager: lockNow pending, ignore updating lockscreen timeout
01-22 19:18:44.868  1559  2141 I WindowManager: Relayout hash=62f3863, pid=30801, syncId=-1: mAttrs={(0,0)(1440x3120) sim={adjust=pan} layoutInDisplayCutoutMode=always ty=2619 fmt=TRANSLUCENT surfaceInsets=Rect(7, 7 - 7, 7)
01-22 19:18:44.868  1559  2141 I WindowManager:   fl=1000018
01-22 19:18:44.868  1559  2141 I WindowManager:   pfl=30102050
01-22 19:18:44.868  1559  2141 I WindowManager:   bhv=1
01-22 19:18:44.868  1559  2141 I WindowManager:   frameRateBoostOnTouch=true
01-22 19:18:44.868  1559  2141 I WindowManager:   dvrrWindowFrameRateHint=true naviIconColor=0
01-22 19:18:44.868  1559  2141 I WindowManager:   sfl=60008
01-22 19:18:44.868  1559  2141 I WindowManager:   surfaceType=FP_ICON_VIEW}
01-22 19:18:44.869 30801 30801 I BLASTBufferQueue: [](f:0,a:0,s:0) print log for FP Iconview
01-22 19:18:44.869 30801 30801 I BLASTBufferQueue: [VRI[FP Iconview]@97f2e43#2](f:0,a:0,s:0) BLASTBufferQueue created
01-22 19:18:44.869 30801 30801 I BLASTBufferQueue_Java: new BLASTBufferQueue, mName= VRI[FP Iconview]@97f2e43 mNativeObject= 0xb400006e370fbe80 caller= android.view.ViewRootImpl.updateBlastSurfaceIfNeeded:3585 android.view.ViewRootImpl.relayoutWindow:11685 android.view.ViewRootImpl.performTraversals:4804 android.view.ViewRootImpl.doTraversal:3924 android.view.ViewRootImpl$TraversalRunnable.run:12903 android.view.Choreographer$CallbackRecord.run:1901 android.view.Choreographer$CallbackRecord.run:1910 android.view.Choreographer.doCallbacks:1367 android.view.Choreographer.doFrame:1292 android.view.Choreographer$FrameDisplayEventReceiver.run:1870 
01-22 19:18:44.869 30801 30801 I BLASTBufferQueue_Java: update, w= 1454 h= 3134 mName = VRI[FP Iconview]@97f2e43 mNativeObject= 0xb400006e370fbe80 sc.mNativeObject= 0xb400006db7011190 format= -3 caller= android.view.ViewRootImpl.updateBlastSurfaceIfNeeded:3590 android.view.ViewRootImpl.relayoutWindow:11685 android.view.ViewRootImpl.performTraversals:4804 android.view.ViewRootImpl.doTraversal:3924 android.view.ViewRootImpl$TraversalRunnable.run:12903 android.view.Choreographer$CallbackRecord.run:1901 
01-22 19:18:44.869 30801 30801 I BLASTBufferQueue: [VRI[FP Iconview]@97f2e43#2](f:0,a:0,s:0) update width=1454 height=3134 format=-3 mTransformHint=0
01-22 19:18:44.870 30801 30801 I VRI[FP Iconview]@97f2e43: Relayout returned: old=(0,0,1440,3120) new=(0,0,1440,3120) relayoutAsync=false req=(1440,3120)0 dur=2 res=0x3 s={true 0xb400006d47049e20} ch=true seqId=0
01-22 19:18:44.870 30801 30801 I VRI[FP Iconview]@97f2e43: performConfigurationChange setNightDimText nightDimLevel=0
01-22 19:18:44.871 30801 30801 I VRI[FP Iconview]@97f2e43: Creating new active sync group VRI[FP Iconview]@97f2e43#5
01-22 19:18:44.873  7505  7532 V python  : extracting _python_bundle/site-packages/kivy/data/fonts/Roboto-Bold.ttf
01-22 19:18:44.876  1248  1248 I SurfaceFlinger: [FP Iconview$_30801#497727] attach to parent LayerHierarchy{RequestedLayerState{62f3863 FP Iconview#497714 parentId=497713} 1 children}
01-22 19:18:44.878  1248  1248 E Scheduler: trackPendingFrame: Invalid present fence
01-22 19:18:44.883 30801 30819 I XGL     : ShaderCache::PopulateIndexMap : 70/70 passed, result: 1
01-22 19:18:44.883  7505  7532 V python  : extracting _python_bundle/site-packages/kivy/data/fonts/Roboto-BoldItalic.ttf
01-22 19:18:44.893  1559  2646 D SemInputDevice:TSP: GetPropertyTask: FOD_POS [01-22 19:18:44.892]
01-22 19:18:44.893  7505  7532 V python  : extracting _python_bundle/site-packages/kivy/data/fonts/Roboto-Italic.ttf
01-22 19:18:44.895  1230  1249 I sysinput:aidl: onReportInformation:91, 1, fod_pos@0000000000000000000000
01-22 19:18:44.896  1559  2646 I SysinputHAL_AIDL: getProperty(TSP(1)): FOD_POS:00000000000000000000...
01-22 19:18:44.896  1230  1249 I sysinput:Touch1: operator():204, fod_pos: OK
01-22 19:18:44.903  1195  1195 I SensorsHub: AutoBrightnessSensor::enable: flicker enable: 1, flicker valid: 1 
01-22 19:18:44.903  1195  1195 I SensorsHub: type : 37, enable : 1
01-22 19:18:44.903  1559  1835 D SensorManager: registerListener :: 37, STK33F11 Auto Brightness Sensor, 50000, 0, com.android.server.display.AutomaticBrightnessController$3@b742f4a
01-22 19:18:44.903  1559  1835 D DisplayPowerController[0]: animateScreenStateChange: target=DOZE_SUSPEND, mIsEnabled=true
01-22 19:18:44.903  7505  7532 V python  : extracting _python_bundle/site-packages/kivy/data/fonts/Roboto-Regular.ttf
01-22 19:18:44.903  1559  1835 D PowerManagerService: displayReady: true groupId=0
01-22 19:18:44.911  1248  1248 E Scheduler: trackPendingFrame: Invalid present fence
01-22 19:18:44.914  7505  7532 V python  : extracting _python_bundle/site-packages/kivy/data/fonts/RobotoMono-Regular.ttf
01-22 19:18:44.922  7505  7532 V python  : extracting _python_bundle/site-packages/kivy/data/glsl/
01-22 19:18:44.923  7505  7532 V python  : extracting _python_bundle/site-packages/kivy/data/glsl/default.fs
01-22 19:18:44.923  7505  7532 V python  : extracting _python_bundle/site-packages/kivy/data/glsl/default.png
01-22 19:18:44.924 30801 30817 I VRI[FP Iconview]@97f2e43: mWNT: t=0xb400006ec702ff50 mBlastBufferQueue=0xb400006e370fbe80 fn= 1 HdrRenderState mRenderHdrSdrRatio=1.0 caller= android.view.ViewRootImpl$12.onFrameDraw:15441 android.view.ThreadedRenderer$1.onFrameDraw:718 <bottom of call stack> 
01-22 19:18:44.924 30801 30817 I BLASTBufferQueue: [VRI[FP Iconview]@97f2e43#2](f:0,a:0,s:0) mergeWithNextTransaction t: 132289287684154, frameNumber: 1, mLastAcquiredFrameNumber: 0
01-22 19:18:44.924 30801 30817 I VRI[FP Iconview]@97f2e43: Setting up sync and frameCommitCallback
01-22 19:18:44.924  7505  7532 V python  : extracting _python_bundle/site-packages/kivy/data/glsl/default.vs
01-22 19:18:44.924  7505  7532 V python  : extracting _python_bundle/site-packages/kivy/data/glsl/header.fs
01-22 19:18:44.925 30801 30819 I BLASTBufferQueue: [VRI[FP Iconview]@97f2e43#2](f:0,a:0,s:0) onFrameAvailable-start syncTransactionSet=false
01-22 19:18:44.925 30801 30819 I BLASTBufferQueue: [VRI[FP Iconview]@97f2e43#2](f:0,a:0,s:0) onFrameAvailable the first frame is available
01-22 19:18:44.925 30801 30819 I BLASTBufferQueue: [VRI[FP Iconview]@97f2e43#2](f:0,a:0,s:0) onFrameAvailable framenumber=1 syncTransactionSet=false
01-22 19:18:44.925 30801 30819 I BLASTBufferQueue: [VRI[FP Iconview]@97f2e43#2](f:1,a:0,s:0) onFrameAvailable framenumber=1 syncTransactionSet=false
01-22 19:18:44.925 30801 30819 I BLASTBufferQueue: [VRI[FP Iconview]@97f2e43#2](f:0,a:1,s:0) mergePendingTransactions t: 132289287684155, frameNumber: 1
01-22 19:18:44.925  7505  7532 V python  : extracting _python_bundle/site-packages/kivy/data/glsl/header.vs
01-22 19:18:44.925 30801 30819 I BLASTBufferQueue: [VRI[FP Iconview]@97f2e43#2](f:0,a:1,s:0) acquireNextBufferLocked size=1454x3134 mFrameNumber=1 applyTransaction=true mTimestamp=1866883725230812(auto) mPendingTransactions.size=0 graphicBufferId=132289287684108 transform=0
01-22 19:18:44.925 30801 30819 I VRI[FP Iconview]@97f2e43: Received frameCommittedCallback lastAttemptedDrawFrameNum=1 didProduceBuffer=true
01-22 19:18:44.926  1248  1314 I SurfaceFlinger: [FP Iconview$_30801#497727] setTransactionState with the first frame. bufferData(ID: 132289287684108, frameNumber: 1)
01-22 19:18:44.926  7505  7532 V python  : extracting _python_bundle/site-packages/kivy/data/images/
01-22 19:18:44.926  7505  7532 V python  : extracting _python_bundle/site-packages/kivy/data/images/background.jpg
01-22 19:18:44.927  1559  2646 D SemInputDevice:TSP: GetPropertyTask: FOD_POS [01-22 19:18:44.926]
01-22 19:18:44.927  1559  5960 D WindowManager: finishDrawingWindow: Window{62f3863 u0 FP Iconview} mDrawState=DRAW_PENDING seqId=0
01-22 19:18:44.927  7505  7532 V python  : extracting _python_bundle/site-packages/kivy/data/images/cursor.png
01-22 19:18:44.927  1559  1599 W PhoneWindowManager: lockNow pending, ignore updating lockscreen timeout
01-22 19:18:44.927 30801 30801 I BLASTBufferQueue_Java: update, w= 1454 h= 3134 mName = VRI[FP Iconview]@97f2e43 mNativeObject= 0xb400006e370fbe80 sc.mNativeObject= 0xb400006db7011190 format= -3 caller= android.view.ViewRootImpl.updateBlastSurfaceIfNeeded:3574 android.view.ViewRootImpl.relayoutWindow:11685 android.view.ViewRootImpl.performTraversals:4804 android.view.ViewRootImpl.doTraversal:3924 android.view.ViewRootImpl$TraversalRunnable.run:12903 android.view.Choreographer$CallbackRecord.run:1901 
01-22 19:18:44.928 30801 30801 I BLASTBufferQueue: [VRI[FP Iconview]@97f2e43#2](f:0,a:1,s:0) update width=1454 height=3134 format=-3 mTransformHint=0
01-22 19:18:44.928 30801 30801 I VRI[FP Iconview]@97f2e43: Relayout returned: old=(0,0,1440,3120) new=(0,0,1440,3120) relayoutAsync=true req=(1440,3120)0 dur=0 res=0x0 s={true 0xb400006d47049e20} ch=false seqId=0
01-22 19:18:44.928  1559  1599 V WindowManager: performShowLocked: mDrawState=HAS_DRAWN in Window{62f3863 u0 FP Iconview}
01-22 19:18:44.928 30801 30801 I VRI[FP Iconview]@97f2e43: registerCallbackForPendingTransactions
01-22 19:18:44.928  7505  7532 V python  : extracting _python_bundle/site-packages/kivy/data/images/defaultshape.png
01-22 19:18:44.928  1559  5960 I WindowManager: Relayout Window{62f3863 u0 FP Iconview}: viewVisibility=0 req=1440x3120 ty=2619 d0
01-22 19:18:44.928 30801 30818 I VRI[FP Iconview]@97f2e43: mWNT: t=0xb400006ec70309d0 mBlastBufferQueue=0xb400006e370fbe80 fn= 2 HdrRenderState mRenderHdrSdrRatio=1.0 caller= android.view.ViewRootImpl$10.onFrameDraw:6536 android.view.ViewRootImpl$4.onFrameDraw:2489 android.view.ThreadedRenderer$1.onFrameDraw:718 
01-22 19:18:44.928 30801 30818 I BLASTBufferQueue: [VRI[FP Iconview]@97f2e43#2](f:0,a:1,s:0) mergeWithNextTransaction t: 132289287684158, frameNumber: 2, mLastAcquiredFrameNumber: 1
01-22 19:18:44.928  1559  5960 W PhoneWindowManager: lockNow pending, ignore updating lockscreen timeout
01-22 19:18:44.929 30801 30819 I BLASTBufferQueue: [VRI[FP Iconview]@97f2e43#2](f:0,a:1,s:0) onFrameAvailable-start syncTransactionSet=false
01-22 19:18:44.929 30801 30819 I BLASTBufferQueue: [VRI[FP Iconview]@97f2e43#2](f:0,a:1,s:0) onFrameAvailable framenumber=2 syncTransactionSet=false
01-22 19:18:44.929 30801 30819 I BLASTBufferQueue: [VRI[FP Iconview]@97f2e43#2](f:1,a:1,s:0) onFrameAvailable framenumber=2 syncTransactionSet=false
01-22 19:18:44.929 30801 30819 I BLASTBufferQueue: [VRI[FP Iconview]@97f2e43#2](f:0,a:2,s:0) mergePendingTransactions t: 132289287684159, frameNumber: 2
01-22 19:18:44.929 30801 30819 I BLASTBufferQueue: [VRI[FP Iconview]@97f2e43#2](f:0,a:2,s:0) acquireNextBufferLocked size=1454x3134 mFrameNumber=2 applyTransaction=true mTimestamp=1866883728982336(auto) mPendingTransactions.size=0 graphicBufferId=132289287684107 transform=0
01-22 19:18:44.929  1559  5960 I WindowManager: Relayout hash=62f3863, pid=0, syncId=-1: mAttrs={(0,0)(1440x3120) sim={adjust=pan} layoutInDisplayCutoutMode=always ty=2619 fmt=TRANSLUCENT surfaceInsets=Rect(7, 7 - 7, 7)
01-22 19:18:44.929  1559  5960 I WindowManager:   fl=1000018
01-22 19:18:44.929  1559  5960 I WindowManager:   pfl=30102050
01-22 19:18:44.929  1559  5960 I WindowManager:   bhv=1
01-22 19:18:44.929  1559  5960 I WindowManager:   frameRateBoostOnTouch=true
01-22 19:18:44.929  1559  5960 I WindowManager:   dvrrWindowFrameRateHint=true naviIconColor=0
01-22 19:18:44.929  1559  5960 I WindowManager:   sfl=60008
01-22 19:18:44.929  1559  5960 I WindowManager:   surfaceType=FP_ICON_VIEW}
01-22 19:18:44.929  7505  7532 V python  : extracting _python_bundle/site-packages/kivy/data/images/defaulttheme-0.png
01-22 19:18:44.929  1230  1249 I sysinput:aidl: onReportInformation:91, 1, fod_pos@0000000000000000000000
01-22 19:18:44.929  1559  2646 I SysinputHAL_AIDL: getProperty(TSP(1)): FOD_POS:00000000000000000000...
01-22 19:18:44.929  1230  1249 I sysinput:Touch1: operator():204, fod_pos: OK
01-22 19:18:44.932  1471  2998 I tlc_communication: blowfish : tlc_communicate commandID(6) (0x00000000 TEEC_SUCCESS) retry0
01-22 19:18:44.932  1471  2998 I TLC_BAUTH: Check the Trustlet return code is completed
01-22 19:18:44.932  1471  2998 I bauth_FPBAuthService: check_opcode status = 2, opcode = 6, func_ret_val = 0, function_status = 1, timeout = 0
01-22 19:18:44.932  1471  2998 I bauth_FPBAuthService: BAUTH_OP_CODE_NOTIFY_CAPTURE_SUCCESS
01-22 19:18:44.932  1471  2998 I bauth_FPBAuthService: CAPTURE_COMPLETED
01-22 19:18:44.932  1471  2998 I bauth_FPBAuthService: fpop : 100022
01-22 19:18:44.932  1559  2706 W BMFP    : fp_acquired: 6, 10003,
01-22 19:18:44.932  1559  2706 I FingerprintService: handleAcquired: acquiredInfo=6, vendor=10003
01-22 19:18:44.932  1559  2652 D FingerprintAuthenticationClient.Ext: onAcquired: 6, 10003
01-22 19:18:44.932  1471  2998 I bauth_FPBAuthService: Identify do
01-22 19:18:44.932  1471  2998 I TLC_BAUTH: Call FP cmd 0x6
01-22 19:18:44.932  1559  2652 V Biometrics/AcquisitionClient: Acquired: 6 10003, shouldSend: true
01-22 19:18:44.932  2814  2985 D BiometricStatusRepositoryImpl: authenticationState updated: Acquired(biometricSourceType=FINGERPRINT, requestReason=DeviceEntryAuthentication, acquiredInfo=6)
01-22 19:18:44.932  2814  2814 D KeyguardFingerprint: handleFingerprintAuth fpMsg index = 0 / type = 4
01-22 19:18:44.932  2814  2814 D KeyguardFingerprint: onAuthenticationAcquired( 10003  )
01-22 19:18:44.932  2814  2814 D KeyguardFingerprint: handleFingerprintAcquired( 10003  )
01-22 19:18:44.932  2814  2814 W KeyguardFingerprint: handleFingerprintAuth dispatchCount = 1 / elapsed time: 0ms
01-22 19:18:44.935  7505  7532 V python  : extracting _python_bundle/site-packages/kivy/data/images/defaulttheme.atlas
01-22 19:18:44.935  1195  1318 I SensorsHub: AutoBrightnessSensor: lux = 13, time = 2541829960396796
01-22 19:18:44.936  7505  7532 V python  : extracting _python_bundle/site-packages/kivy/data/images/image-loading.gif
01-22 19:18:44.936  1559  1835 D AutomaticBrightnessController: onSensorChanged: 1st lux : 13.0
01-22 19:18:44.936  1559  1835 D AutomaticBrightnessController: sendAmbientLux(13.0)
01-22 19:18:44.936  1559  1835 D MdnieScenarioControlService: getVisionBoosterIndex() mAutoBrightnessMode : true , mReduceBrightColorsActivatedEnabled : false , lux : 13
01-22 19:18:44.936  1559  1835 D MdnieScenarioControlService: Vision Booster Index : 0
01-22 19:18:44.937  1559  1835 I SemMdnieManagerService: DDI setHighBrightnessMode id(0) lux : 13, index : 0
01-22 19:18:44.937  7505  7532 V python  : extracting _python_bundle/site-packages/kivy/data/images/image-loading.zip
01-22 19:18:44.937  1559  1835 D AdaptiveBrightnessLongtermModelBuilder[0]: notifyAmbientLuxChanged(lux=13,000000)
01-22 19:18:44.937  1559  1835 W AutomaticBrightnessController: [api] updateAutoBrightness :  89(0.35)      4 <     13.0 <    105 (adj:+1.0) (1st)
01-22 19:18:44.937  1559  1835 D SensorManager: Inject hysteresis info
01-22 19:18:44.937  1559  1783 V AdaptiveBrightnessLongtermModelBuilder[0]: Ambient Lux event 13.0
01-22 19:18:44.937  1559  1783 D AdaptiveBrightnessLongtermModelBuilder[0]: handleAmbientLuxChanged: ambientLux: 13.0
01-22 19:18:44.937  1559  1783 D AdaptiveBrightnessLongtermModelBuilder[0]: updateAdaptiveBrightnessStats: l:13.0 b:57.913 u: false
01-22 19:18:44.937  1195  1195 I SensorsHub: LightSensor::injectSensorData brightness 89 threshold_dark 4 lux 13 threshold_bright 105
01-22 19:18:44.937  1559  1835 D DisplayPowerController[0]: animateScreenStateChange: target=DOZE_SUSPEND, mIsEnabled=true
01-22 19:18:44.938  7505  7532 V python  : extracting _python_bundle/site-packages/kivy/data/images/testpattern.png
01-22 19:18:44.938  7505  7532 V python  : extracting _python_bundle/site-packages/kivy/data/keyboards/
01-22 19:18:44.939  7505  7532 V python  : extracting _python_bundle/site-packages/kivy/data/keyboards/azerty.json
01-22 19:18:44.940  7505  7532 V python  : extracting _python_bundle/site-packages/kivy/data/keyboards/de.json
01-22 19:18:44.941  7505  7532 V python  : extracting _python_bundle/site-packages/kivy/data/keyboards/de_CH.json
01-22 19:18:44.941  7505  7532 V python  : extracting _python_bundle/site-packages/kivy/data/keyboards/en_US.json
01-22 19:18:44.942  7505  7532 V python  : extracting _python_bundle/site-packages/kivy/data/keyboards/es_ES.json
01-22 19:18:44.942  7505  7532 V python  : extracting _python_bundle/site-packages/kivy/data/keyboards/fr_CH.json
01-22 19:18:44.943  7505  7532 V python  : extracting _python_bundle/site-packages/kivy/data/keyboards/qwerty.json
01-22 19:18:44.944  7505  7532 V python  : extracting _python_bundle/site-packages/kivy/data/keyboards/qwertz.json
01-22 19:18:44.944  1471  2736 I vendor.samsung.hardware.biometrics.fingerprint-service: cbgeFinal wait another operation end
01-22 19:18:44.944  1471  2736 I vendor.samsung.hardware.biometrics.fingerprint-service: repeat cbge
01-22 19:18:44.944  1471  2736 I vendor.samsung.hardware.biometrics.fingerprint-service: state end   : cbgeV3(F) rv(0)
01-22 19:18:44.944  1471  2736 I vendor.samsung.hardware.biometrics.fingerprint-service: state start : cbgeV3(D)
01-22 19:18:44.944  1471  2736 I vendor.samsung.hardware.biometrics.fingerprint-service: cbmd
01-22 19:18:44.944  1471  2736 I vendor.samsung.hardware.biometrics.fingerprint-service: swipc
01-22 19:18:44.944  1471  2736 I QcSensorControl: BAuthDeviceEnableIPC
01-22 19:18:44.944  1471  2736 I qfp-vendorlib: QFPControl_DeviceEnableIPC 1
01-22 19:18:44.944  1471  2736 I vendor.samsung.hardware.biometrics.fingerprint-service: wwipc
01-22 19:18:44.944  1471  2736 I qfp-vendorlib: QFPControl_DeviceWaitIPC Entry!!!
01-22 19:18:44.944  7505  7532 V python  : extracting _python_bundle/site-packages/kivy/data/logo/
01-22 19:18:44.944  1248  1248 E Scheduler: trackPendingFrame: Invalid present fence
01-22 19:18:44.945  7505  7532 V python  : extracting _python_bundle/site-packages/kivy/data/logo/kivy-icon-128.png
01-22 19:18:44.945 30801 30801 I BSS_SysUiManager: handleMessage = 7, 202, 10003
01-22 19:18:44.945 30801 30810 I BLASTBufferQueue: [VRI[FP Iconview]@97f2e43#2](f:0,a:2,s:0) transactionCallback
01-22 19:18:44.945 30801 30810 I BLASTBufferQueue: [VRI[FP Iconview]@97f2e43#2](f:0,a:2,s:0) updated mTransformHint=0
01-22 19:18:44.946  7505  7532 V python  : extracting _python_bundle/site-packages/kivy/data/logo/kivy-icon-16.png
01-22 19:18:44.946  7505  7532 V python  : extracting _python_bundle/site-packages/kivy/data/logo/kivy-icon-24.png
01-22 19:18:44.947  7505  7532 V python  : extracting _python_bundle/site-packages/kivy/data/logo/kivy-icon-256.png
01-22 19:18:44.948  7505  7532 V python  : extracting _python_bundle/site-packages/kivy/data/logo/kivy-icon-32.png
01-22 19:18:44.949  7505  7532 V python  : extracting _python_bundle/site-packages/kivy/data/logo/kivy-icon-48.png
01-22 19:18:44.949  7505  7532 V python  : extracting _python_bundle/site-packages/kivy/data/logo/kivy-icon-512.png
01-22 19:18:44.951  1471  2998 I tlc_communication: blowfish : tlc_communicate commandID(6) (0x00000000 TEEC_SUCCESS) retry0
01-22 19:18:44.951  1471  2998 I TLC_BAUTH: Check the Trustlet return code is completed
01-22 19:18:44.951  1471  2998 I bauth_FPBAuthService: check_opcode status = 2, opcode = 0, func_ret_val = 0, function_status = 1, timeout = 0
01-22 19:18:44.951  1471  2998 I bauth_FPBAuthService: CAPTURE_SUCCESS
01-22 19:18:44.951  1471  2998 I bauth_FPBAuthService: fpop : 100024
01-22 19:18:44.951  1559  2706 W BMFP    : fp_acquired: 6, 10005,
01-22 19:18:44.951  1559  2706 I FingerprintService: handleAcquired: acquiredInfo=6, vendor=10005
01-22 19:18:44.951  1559  2652 D FingerprintAuthenticationClient.Ext: onAcquired: 6, 10005
01-22 19:18:44.951  1471  2998 I bauth_FPBAuthService: cfcbe
01-22 19:18:44.951  7505  7532 V python  : extracting _python_bundle/site-packages/kivy/data/logo/kivy-icon-64.ico
01-22 19:18:44.951  1471  2998 I bauth_FPBAuthService: Manager is alive
01-22 19:18:44.951  1471  2998 E FidoSession: BaseState : getPrepareIdentifyLocked not supported
01-22 19:18:44.951  1471  2998 I bauth_FPBAuthService: getPrepareIdentify skipped, no need to setFinalizeIdentify
01-22 19:18:44.951  1471  2998 I bauth_FPBAuthService: Manager is done
01-22 19:18:44.951  1471  2998 I bauth_FPBAuthService: IDENTIFY_SUCCESS
01-22 19:18:44.951  1471  2998 I bauth_FPBAuthService: fpop : 100010
01-22 19:18:44.952  1559  2652 V Biometrics/AcquisitionClient: Acquired: 6 10005, shouldSend: true
01-22 19:18:44.952  2814  2985 D BiometricStatusRepositoryImpl: authenticationState updated: Acquired(biometricSourceType=FINGERPRINT, requestReason=DeviceEntryAuthentication, acquiredInfo=6)
01-22 19:18:44.952  1471  2998 I TLC_BAUTH: Call FP cmd 0xc (75)
01-22 19:18:44.952  2814  2814 D KeyguardFingerprint: handleFingerprintAuth fpMsg index = 0 / type = 4
01-22 19:18:44.952  2814  2814 D KeyguardFingerprint: onAuthenticationAcquired( 10005  )
01-22 19:18:44.952  2814  2814 D KeyguardFingerprint: handleFingerprintAcquired( 10005  )
01-22 19:18:44.952  1471  2998 I TLC_BAUTH: Check Input Data Param buf addr = 0x0x0 , length = 0
01-22 19:18:44.952  2814  2814 W KeyguardFingerprint: handleFingerprintAuth dispatchCount = 1 / elapsed time: 0ms
01-22 19:18:44.952 30801 30819 I BLASTBufferQueue: [VRI[FP Iconview]@97f2e43#2](f:0,a:2,s:0) onFrameAvailable-start syncTransactionSet=false
01-22 19:18:44.952 30801 30819 I BLASTBufferQueue: [VRI[FP Iconview]@97f2e43#2](f:0,a:2,s:0) onFrameAvailable framenumber=3 syncTransactionSet=false
01-22 19:18:44.952 30801 30819 I BLASTBufferQueue: [VRI[FP Iconview]@97f2e43#2](f:1,a:2,s:0) onFrameAvailable framenumber=3 syncTransactionSet=false
01-22 19:18:44.952 30801 30819 I BLASTBufferQueue: [VRI[FP Iconview]@97f2e43#2](f:0,a:3,s:0) mergePendingTransactions t: 132289287684161, frameNumber: 3
01-22 19:18:44.953 30801 30819 I BLASTBufferQueue: [VRI[FP Iconview]@97f2e43#2](f:0,a:3,s:0) acquireNextBufferLocked size=1454x3134 mFrameNumber=3 applyTransaction=true mTimestamp=1866883752735851(auto) mPendingTransactions.size=0 graphicBufferId=132289287684106 transform=0
01-22 19:18:44.953  7505  7532 V python  : extracting _python_bundle/site-packages/kivy/data/logo/kivy-icon-64.png
01-22 19:18:44.954  7505  7532 V python  : extracting _python_bundle/site-packages/kivy/data/settings_kivy.json
01-22 19:18:44.954  7505  7532 V python  : extracting _python_bundle/site-packages/kivy/data/style.kv
01-22 19:18:44.955  1471  2998 I tlc_communication: blowfish : tlc_communicate commandID(12) (0x00000000 TEEC_SUCCESS) retry0
01-22 19:18:44.955  1471  2998 I TLC_BAUTH: Check the Trustlet return code is completed
01-22 19:18:44.955  1471  2998 I bauth_FPBAuthService: cbd 75 696 0
01-22 19:18:44.955  1471  2998 I bauth_FPBAuthService: Sensor 0 Temp: 25.37300000000000128
01-22 19:18:44.955  1471  2998 I bauth_FPBAuthService: bin 00000000 - temp: 9.3230000000000004608 timestamp: 1531961440 confidence: high
01-22 19:18:44.955  1471  2998 I bauth_FPBAuthService: bin 00000001 - temp: 31.7789999999999998976 timestamp: 1531458336 confidence: high
01-22 19:18:44.955  1471  2998 I bauth_FPBAuthService: bin 00000002 - temp: 18.269999999999999488 timestamp: 1531298662 confidence: high
01-22 19:18:44.955  1471  2998 I bauth_FPBAuthService: bin 00000003 - temp: 4.3840000000000004096 timestamp: 1531963019 confidence: high
01-22 19:18:44.955  1471  2998 I bauth_FPBAuthService: bin 00000004 - temp: 6.9429999999999995904 timestamp: 1531962512 confidence: high
01-22 19:18:44.955  1471  2998 I bauth_FPBAuthService: bin 00000005 - temp: 26.0350000000000001536 timestamp: 1533120177 confidence: high
01-22 19:18:44.955  1471  2998 I bauth_FPBAuthService: bin 00000006 - temp: 1.8440000000000001024 timestamp: 1531963227 confidence: high
01-22 19:18:44.955  1471  2998 I bauth_FPBAuthService: bin 00000007 - temp: 29.7040000000000008192 timestamp: 1533118357 confidence: high
01-22 19:18:44.956  7505  7532 V python  : extracting _python_bundle/site-packages/kivy/deps/
01-22 19:18:44.956  7505  7532 V python  : extracting _python_bundle/site-packages/kivy/deps/__init__.pyc
01-22 19:18:44.957  1471  2998 I TLC_BAUTH: Call FP cmd 0xc (46)
01-22 19:18:44.957  1471  2998 I TLC_BAUTH: reqUserID = User_0 | User_0
01-22 19:18:44.957  7505  7532 V python  : extracting _python_bundle/site-packages/kivy/effects/
01-22 19:18:44.958  7505  7532 V python  : extracting _python_bundle/site-packages/kivy/effects/__init__.pyc
01-22 19:18:44.958  1471  2998 I tlc_communication: blowfish : tlc_communicate commandID(12) (0x00000000 TEEC_SUCCESS) retry0
01-22 19:18:44.958  1471  2998 I TLC_BAUTH: Check the Trustlet return code is completed
01-22 19:18:44.958  1471  2998 I bauth_FPBAuthService: BAuth_Identify_Do learning lenth : 494438, matchedidx : 1
01-22 19:18:44.958  1471  2998 I bauth_FPBAuthService: getDataVersion start 494438
01-22 19:18:44.958  1471  2998 I bauth_FPBAuthService: template ver 3
01-22 19:18:44.958  1471  2998 I bauth_FPBAuthService: getDataVersion 3
01-22 19:18:44.958  7505  7532 V python  : extracting _python_bundle/site-packages/kivy/effects/dampedscroll.pyc
01-22 19:18:44.959  7505  7532 V python  : extracting _python_bundle/site-packages/kivy/effects/kinetic.pyc
01-22 19:18:44.960  7505  7532 V python  : extracting _python_bundle/site-packages/kivy/effects/opacityscroll.pyc
01-22 19:18:44.961 30801 30801 I BSS_SysUiManager: handleMessage = 7, 202, 10005
01-22 19:18:44.961 30801 30801 I BSS_SysUiManager: handleMessage = 3, 45161951, 2
01-22 19:18:44.961  7505  7532 V python  : extracting _python_bundle/site-packages/kivy/effects/scroll.pyc
01-22 19:18:44.962  7505  7532 V python  : extracting _python_bundle/site-packages/kivy/event.pyc
01-22 19:18:44.962 30801 30819 I BLASTBufferQueue: [VRI[FP Iconview]@97f2e43#2](f:0,a:3,s:0) onFrameAvailable-start syncTransactionSet=false
01-22 19:18:44.962 30801 30819 I BLASTBufferQueue: [VRI[FP Iconview]@97f2e43#2](f:0,a:3,s:0) onFrameAvailable framenumber=4 syncTransactionSet=false
01-22 19:18:44.962 30801 30819 I BLASTBufferQueue: [VRI[FP Iconview]@97f2e43#2](f:1,a:3,s:0) onFrameAvailable framenumber=4 syncTransactionSet=false
01-22 19:18:44.962 30801 30819 I BLASTBufferQueue: [VRI[FP Iconview]@97f2e43#2](f:0,a:4,s:0) mergePendingTransactions t: 132289287684163, frameNumber: 4
01-22 19:18:44.962 30801 30819 I BLASTBufferQueue: [VRI[FP Iconview]@97f2e43#2](f:0,a:4,s:0) acquireNextBufferLocked size=1454x3134 mFrameNumber=4 applyTransaction=true mTimestamp=1866883762141984(auto) mPendingTransactions.size=0 graphicBufferId=132289287684105 transform=0
01-22 19:18:44.962  1559  2652 W BMFP    : fp_auth_result: 1
01-22 19:18:44.962  1559  2652 I FingerprintService: handleAuthenticated: true
01-22 19:18:44.962  7505  7532 V python  : extracting _python_bundle/site-packages/kivy/eventmanager/
01-22 19:18:44.962  1559  2652 V BiometricLogger: Authentication latency: 111
01-22 19:18:44.962  1559  2553 I FaceService: semResumeAuth called from pid=1559
01-22 19:18:44.963  1559  2653 W SemFace : daemonResumeAuth : client is not Auth
01-22 19:18:44.963  1559  2553 W ContextImpl: Calling a method in the system process without a qualified user: android.app.ContextImpl.sendBroadcast:1335 com.android.server.biometrics.SemBioAnalyticsManager.fpHandleData:223 com.android.server.biometrics.SemBioAnalyticsManager$$ExternalSyntheticLambda0.run:67 android.os.Handler.handleCallback:995 android.os.Handler.dispatchMessage:103 
01-22 19:18:44.963  1559  2652 D SensorManager: registerListener :: 5, STK33F11 Light, 200000, 0, com.android.server.biometrics.log.ALSProbe$1@a2ff371
01-22 19:18:44.963  1559  2652 V ALSProbe: Enable ALS: 170914673
01-22 19:18:44.963  1559  2652 V Biometrics/AuthenticationClient: onAuthenticated(true), ID:1, Owner: com.android.systemui, isBP: false, listener: com.android.server.biometrics.sensors.ClientMonitorCallbackConverter@e0c7230, requireConfirmation: false, user: 0, isStrong: true, clientMonitor: {[12793] com.android.server.biometrics.sensors.fingerprint.aidl.SemFingerprintAuthenticationClient, proto=3, owner=com.android.systemui, cookie=0, requestId=4550, userId=0}
01-22 19:18:44.963  1559  2652 W Biometrics/AuthenticationClient: Allowing background authentication, this is allowed only for platform or test invocations
01-22 19:18:44.963  1559  1559 V ALSProbe: Finishing next consumer
01-22 19:18:44.963  1559  2652 D BaseClientMonitor: marking operation as done: {[12793] com.android.server.biometrics.sensors.fingerprint.aidl.SemFingerprintAuthenticationClient, proto=3, owner=com.android.systemui, cookie=0, requestId=4550, userId=0}
01-22 19:18:44.963  7505  7532 V python  : extracting _python_bundle/site-packages/kivy/eventmanager/__init__.pyc
01-22 19:18:44.963  1559  2652 D BiometricService: resetLockoutTimeBound: android, 0, 0
01-22 19:18:44.963  1195  1195 I SensorsHub: queueBatch: handle=5 period=200000000 timeout=0
01-22 19:18:44.963  1559  2553 W ContextImpl: Calling a method in the system process without a qualified user: android.app.ContextImpl.sendBroadcast:1335 com.android.server.biometrics.SemBioAnalyticsManager.fpHandleData:223 com.android.server.biometrics.SemBioAnalyticsManager$$ExternalSyntheticLambda0.run:67 android.os.Handler.handleCallback:995 android.os.Handler.dispatchMessage:103 
01-22 19:18:44.963  1559  2652 I FaceService: getSensorProperties called from pid=1559[1] 
01-22 19:18:44.963  1559  2652 D BiometricService: resetLockout from: 0, for: 1, userId: 0
01-22 19:18:44.963  1559  1559 D SensorManager: unregisterListener :: com.android.server.biometrics.log.ALSProbe$1@a2ff371
01-22 19:18:44.963  1471  2998 I bauth_FPBAuthService: uqc
01-22 19:18:44.963  1471  2998 I TLC_BAUTH: Call FP cmd 0xc (502)
01-22 19:18:44.963  1559  1559 V ALSProbe: Disable ALS: 170914673
01-22 19:18:44.963  1471  2998 I TLC_BAUTH: Check Input Data Param buf addr = 0x0x0 , length = 0
01-22 19:18:44.964  1559  2653 D BiometricScheduler: [Added] {[12794] com.android.server.biometrics.sensors.face.aidl.FaceResetLockoutClient, proto=12, owner=android, cookie=0, requestId=-1, userId=0}, new queue size: 1
01-22 19:18:44.964  7505  7532 V python  : extracting _python_bundle/site-packages/kivy/extras/
01-22 19:18:44.964  1559  2653 D BiometricScheduler: [Polled] {[12794] com.android.server.biometrics.sensors.face.aidl.FaceResetLockoutClient, proto=12, owner=android, cookie=0, requestId=-1, userId=0}, State: 0
01-22 19:18:44.964  1559  2653 D BiometricScheduler: [Started] {[12794] com.android.server.biometrics.sensors.face.aidl.FaceResetLockoutClient, proto=12, owner=android, cookie=0, requestId=-1, userId=0}
01-22 19:18:44.964  1559  2653 D AidlResponseHandler: onLockoutCleared()
01-22 19:18:44.964  1559  2653 V BiometricSchedulerOperation: started: {[12794] com.android.server.biometrics.sensors.face.aidl.FaceResetLockoutClient, proto=12, owner=android, cookie=0, requestId=-1, userId=0}, State: 2
01-22 19:18:44.964  1559  2653 D LockoutCache: Lockout for user: 0 is 0
01-22 19:18:44.964   660 32060 I keystore2: system/security/keystore2/src/authorization.rs:126 - add_auth_token(challenge=0, userId=4098523957912891954, authId=7019517988756682102, authType=0x2, timestamp=1485774727215ms)
01-22 19:18:44.964   660 32060 I keystore2: system/security/keystore2/src/enforcements.rs:684 - add_auth_token: Timestamp { milliSeconds: 1485774727215 }, BootTime(2541829990)
01-22 19:18:44.964   660 32060 I keystore2: system/security/keystore2/src/enforcements.rs:187 - receiver un-detected add_auth_token Timestamp { milliSeconds: 1485774727215 }, 0
01-22 19:18:44.964  1559  2652 D Biometrics/AuthenticationClient: addAuthToken succeeded
01-22 19:18:44.964  1559  2652 D BiometricStateCallback: Client finished, state updated to 0, client {[12793] com.android.server.biometrics.sensors.fingerprint.aidl.SemFingerprintAuthenticationClient, proto=3, owner=com.android.systemui, cookie=0, requestId=4550, userId=0}
01-22 19:18:44.964  7505  7532 V python  : extracting _python_bundle/site-packages/kivy/extras/__init__.pyc
01-22 19:18:44.964  1559  2652 D BiometricSchedulerOperation: [Finished / destroy]: {[12793] com.android.server.biometrics.sensors.fingerprint.aidl.SemFingerprintAuthenticationClient, proto=3, owner=com.android.systemui, cookie=0, requestId=4550, userId=0}
01-22 19:18:44.964  1559  2652 I FingerprintAuthenticationClient.Ext: destroy: com.android.systemui
01-22 19:18:44.964  1559  2652 W ActivityManager: ProcessListener no registered
01-22 19:18:44.965  1559  2652 D FingerprintAuthenticationClient: Lockout is implemented by the HAL
01-22 19:18:44.965  1559  2653 D BiometricSchedulerOperation: [Finished / destroy]: {[12794] com.android.server.biometrics.sensors.face.aidl.FaceResetLockoutClient, proto=12, owner=android, cookie=0, requestId=-1, userId=0}
01-22 19:18:44.965  2814  4233 D BiometricStatusRepositoryImpl: authenticationState updated: Succeeded(biometricSourceType=FINGERPRINT, isStrongBiometric=true, requestReason=DeviceEntryAuthentication, userId=0)
01-22 19:18:44.965  1559  2652 D BiometricScheduler: [Finishing] {[12793] com.android.server.biometrics.sensors.fingerprint.aidl.SemFingerprintAuthenticationClient, proto=3, owner=com.android.systemui, cookie=0, requestId=4550, userId=0}, success: true
01-22 19:18:44.965  1559  2653 D BiometricScheduler: [Finishing] {[12794] com.android.server.biometrics.sensors.face.aidl.FaceResetLockoutClient, proto=12, owner=android, cookie=0, requestId=-1, userId=0}, success: true
01-22 19:18:44.965  1559  2653 D BiometricScheduler: No operations, returning to idle
01-22 19:18:44.965  7505  7532 V python  : extracting _python_bundle/site-packages/kivy/extras/highlight.pyc
01-22 19:18:44.965  2814  4233 D BiometricStatusRepositoryImpl: authenticationState updated: Stopped(biometricSourceType=FINGERPRINT, requestReason=NotRunning)
01-22 19:18:44.965  5817  5817 W ContextImpl: Calling a method in the system process without a qualified user: android.app.ContextImpl.startService:2068 android.content.ContextWrapper.startService:872 android.content.ContextWrapper.startService:872 com.sec.android.diagmonagent.sa.receiver.CFLogReceiver.onReceive:56 android.app.ActivityThread.handleReceiver:5663 
01-22 19:18:44.965  1559  2553 W ContextImpl: Calling a method in the system process without a qualified user: android.app.ContextImpl.sendBroadcast:1335 com.android.server.biometrics.SemBioAnalyticsManager.fpHandleData:223 com.android.server.biometrics.SemBioAnalyticsManager$$ExternalSyntheticLambda0.run:67 android.os.Handler.handleCallback:995 android.os.Handler.dispatchMessage:103 
01-22 19:18:44.966  1559  2652 D GestureAvailabilityTracker: Notifying gesture availability, active=true
01-22 19:18:44.966  7505  7532 V python  : extracting _python_bundle/site-packages/kivy/factory.pyc
01-22 19:18:44.966  1559  2652 I FingerprintAuthenticationClient.Ext: destroy: com.android.systemui
01-22 19:18:44.966  1559  2652 W ActivityManager: ProcessListener no registered
01-22 19:18:44.966  1559  2652 D BiometricScheduler: No operations, returning to idle
01-22 19:18:44.966  1559  2553 W ContextImpl: Calling a method in the system process without a qualified user: android.app.ContextImpl.sendBroadcast:1335 com.android.server.biometrics.SemBioAnalyticsManager.fpHandleData:223 com.android.server.biometrics.SemBioAnalyticsManager$$ExternalSyntheticLambda0.run:67 android.os.Handler.handleCallback:995 android.os.Handler.dispatchMessage:103 
01-22 19:18:44.966  1559  2553 W ContextImpl: Calling a method in the system process without a qualified user: android.app.ContextImpl.sendBroadcast:1335 com.android.server.biometrics.SemBioAnalyticsManager.fpHandleData:223 com.android.server.biometrics.SemBioAnalyticsManager$$ExternalSyntheticLambda0.run:67 android.os.Handler.handleCallback:995 android.os.Handler.dispatchMessage:103 
01-22 19:18:44.966  1471  2998 I tlc_communication: blowfish : tlc_communicate commandID(12) (0x00000000 TEEC_SUCCESS) retry0
01-22 19:18:44.966  1471  2998 E TLC_BAUTH: Trustlet did not send a valid return code : 30
01-22 19:18:44.966  1471  2998 E bauth_FPBAuthService: uqc failed 30
01-22 19:18:44.966  1471  2998 I bauth_FPBAuthService: state end   : identify(D) rv(0)
01-22 19:18:44.966  1471  2998 I bauth_FPBAuthService: state start : identify(F)
01-22 19:18:44.966  1471  2998 I QcSensorControl: BADCSU
01-22 19:18:44.966  1471  2998 I qfp-vendorlib: QFPControl_DeviceCpuSpeedup 0
01-22 19:18:44.966  1471  2998 I QcSensorControl: BADCSU
01-22 19:18:44.966  1471  2998 I qfp-vendorlib: QFPControl_DeviceCpuSpeedup 2
01-22 19:18:44.966  1471  2998 I TLC_BAUTH: Call FP cmd 0x7
01-22 19:18:44.967  1559  2553 I SemInputCommandService: setPropertyAllTouch: FOD,1,0,0,0 retDefault=1 retExtra=-2
01-22 19:18:44.967  1559  2553 I FingerprintService: setTspMode: [10] done
01-22 19:18:44.967  7505  7532 V python  : extracting _python_bundle/site-packages/kivy/factory_registers.pyc
01-22 19:18:44.967  1559  2553 I SemInputCommandService: setPropertyAllTouch: FOD,1,0,0,0 retDefault=1 retExtra=-2
01-22 19:18:44.967  1559  2553 I FingerprintService: setTspMode: [10] done
01-22 19:18:44.967  2814  2814 D KeyguardFingerprint: handleFingerprintAuth fpMsg index = 0 / type = 2
01-22 19:18:44.967  2814  2814 D BioUnlock: setMode 0x0 -> 0x20
01-22 19:18:44.967  2814  2814 D BioUnlock: setEnabled
01-22 19:18:44.967  2814  2814 D KeyguardFingerprint: onAuthenticationSucceeded()
01-22 19:18:44.967  2814  2814 D KeyguardFingerprint: Fingerprint id : 1
01-22 19:18:44.967  2814  2814 D KeyguardUpdateMonitor: setFingerprintAuthenticated : true
01-22 19:18:44.967  2814  2814 D BiometricUnlockCtrl: onBiometricAuthenticated
01-22 19:18:44.967  2814  2814 D SystemUIAnalytics: sendEventLog LSE1032, SID_KEYGUARD_NORMAL, EID_UNLOCK_BOUNCER, 2
01-22 19:18:44.968  2814  2814 D SamsungAnalytics605073: sendLog
01-22 19:18:44.968  2814  2814 I BiometricUnlockCtrl: startWakeAndUnlock(1)
01-22 19:18:44.968  7505  7532 V python  : extracting _python_bundle/site-packages/kivy/garden/
01-22 19:18:44.968  1471  2998 I tlc_communication: blowfish : tlc_communicate commandID(7) (0x00000000 TEEC_SUCCESS) retry0
01-22 19:18:44.968  1471  2998 I TLC_BAUTH: Check the Trustlet return code is completed
01-22 19:18:44.968  1471  2998 I bauth_FPBAuthService: Identify final
01-22 19:18:44.968  1471  2998 I bauth_FPBAuthService: check_opcode status = 2, opcode = 4, func_ret_val = 0, function_status = 2, timeout = -1
01-22 19:18:44.968  1471  2998 I bauth_FPBAuthService: BAUTH_OP_CODE_WAIT_INTERRUPT timeout = -1
01-22 19:18:44.968  1471  2998 I QcSensorControl: BAuthDeviceEnableInt
01-22 19:18:44.968  1471  2998 I qfp-vendorlib: QFPControl_DeviceEnableInt 1
01-22 19:18:44.968  2814  2814 D BioUnlock: setMode 0x20 -> 0x28
01-22 19:18:44.968  2814  2814 D BioUnlock: current controller: SurfaceVisibilityController
01-22 19:18:44.968  2814  2814 D BioUnlock: waitGoingAwayTrans=true needsBlank=false ssd=false
01-22 19:18:44.968  2814  2814 D BioUnlock: unregisterBrightnessListener
01-22 19:18:44.968  1471  2998 I QcSensorControl: BAuthDeviceSpiCtrl
01-22 19:18:44.968  1471  2998 I qfp-vendorlib: QFPControl_DeviceSpiCtrl 0
01-22 19:18:44.968  1471  2998 I QcSensorControl: scc 0
01-22 19:18:44.968  1471  2998 I bauth_FPBAuthService: BAUTH_OP_CODE_WAIT_INTERRUPT BAuthDeviceEnableInt Enable Success
01-22 19:18:44.968  1471  2998 I QcSensorControl: BADCSU
01-22 19:18:44.968  1471  2998 I qfp-vendorlib: QFPControl_DeviceCpuSpeedup 0
01-22 19:18:44.968  1471  2998 I qfp-vendorlib: QFPControl_DeviceWaitInt Entry!!!
01-22 19:18:44.968  1471  2998 I qfp-vendorlib:  read fd sensor 2
01-22 19:18:44.968  1471  2998 I qfp-vendorlib:  Finger up 
01-22 19:18:44.968  1471  2998 I QcSensorControl: BAuthDeviceWaitInt success
01-22 19:18:44.968  1471  2998 I QcSensorControl: SendCancelIPC
01-22 19:18:44.968  1471  2998 E vendor.samsung.hardware.biometrics.fingerprint-service: cosi
01-22 19:18:44.968  1471  2998 I vendor.samsung.hardware.biometrics.fingerprint-service: acsf 2
01-22 19:18:44.968  1471  2998 I bauth_FPBAuthService: tfd 0 0 1
01-22 19:18:44.968  1471  2998 I QcSensorControl: BAuthDeviceSpiCtrl
01-22 19:18:44.968  1471  2998 I qfp-vendorlib: QFPControl_DeviceSpiCtrl 1
01-22 19:18:44.968  1471  2736 I qfp-vendorlib:  read ipc cancel count 1
01-22 19:18:44.968  1471  2998 I QcSensorControl: scc 1
01-22 19:18:44.968  1471  2736 I qfp-vendorlib: QFPControl_DeviceWaitIPC exit with 4
01-22 19:18:44.968  1471  2998 I QcSensorControl: BAuthDeviceEnableInt
01-22 19:18:44.968  1471  2998 I qfp-vendorlib: QFPControl_DeviceEnableInt 0
01-22 19:18:44.968  1471  2736 E QcSensorControl: BAuthDeviceWaitIPC sys call failed : 4
01-22 19:18:44.968  1471  2736 I vendor.samsung.hardware.biometrics.fingerprint-service: cbge canceled by 1 0 0 0 0 0 0
01-22 19:18:44.968  1471  2736 I QcSensorControl: BAuthDeviceEnableIPC
01-22 19:18:44.968  1471  2736 I qfp-vendorlib: QFPControl_DeviceEnableIPC 0
01-22 19:18:44.968  1471  2998 I bauth_FPBAuthService: BAUTH_OP_CODE_WAIT_INTERRUPT BAuthDeviceEnableInt Disable Success
01-22 19:18:44.968  1471  2998 I bauth_FPBAuthService: BAUTH_OP_CODE_WAIT_INTERRUPT BAuthDeviceWaitInt Success
01-22 19:18:44.968  1471  2998 I TLC_BAUTH: Call FP cmd 0x7
01-22 19:18:44.968  1471  2736 I vendor.samsung.hardware.biometrics.fingerprint-service: state end   : cbgeV3(D) rv(0)
01-22 19:18:44.968  1471  2736 I vendor.samsung.hardware.biometrics.fingerprint-service: state start : cbgeV3(F)
01-22 19:18:44.968  1471  2736 I vendor.samsung.hardware.biometrics.fingerprint-service: cbgeFinal wait another operation start
01-22 19:18:44.968  1559  2955 D PowerManagerService: [api] wakeUp (uid: 10056 pid: 2814) eventTime = 1866883768
01-22 19:18:44.968  1559  2955 W PowerManagerService: !@Screen__On  - 4732 :  wakeUp:  (uid: 10056 pid: 2814) (biometric) (0ms) groupId=0
01-22 19:18:44.968  1559  2955 I PowerGroup: Waking up power group from Dozing (groupId=0, uid=10056, reason=biometric, details=android.policy:BIOMETRIC)...
01-22 19:18:44.968  7505  7532 V python  : extracting _python_bundle/site-packages/kivy/garden/__init__.pyc
01-22 19:18:44.968  1559  2955 D InputManager-JNI: setInteractiveForInternalDisplay(true)
01-22 19:18:44.968  1559  2955 D PowerManagerNotifier: startedEarlyWakingUp: interactive: true reason: 17
01-22 19:18:44.968  1559  2955 D InputManager-JNI: setInteractive(true)
01-22 19:18:44.969  2814  2849 D KeyguardViewMediator: startedEarlyWakingUp
01-22 19:18:44.969  1559  2955 I PowerManagerService: Waking up from Dozing (uid=10056, reason=biometric, details=android.policy:BIOMETRIC)...
01-22 19:18:44.969  1559  2955 D PowerManagerService: [PWL] sb acquire: PowerManagerService.Broadcasts
01-22 19:18:44.969  1559  2226 V InputMethodManagerService: IME window vis: 0 active: 0 visible: 0 displayId: 0
01-22 19:18:44.969  7505  7532 V python  : extracting _python_bundle/site-packages/kivy/geometry.pyc
01-22 19:18:44.970  1559  2955 D PowerManagerService: UserActivityState : 4 -> 1 groupId=0
01-22 19:18:44.970  1559  2955 D PowerManagerService: displayReady: false groupId=0
01-22 19:18:44.970  7505  7532 V python  : extracting _python_bundle/site-packages/kivy/gesture.pyc
01-22 19:18:44.970  2814  2814 W BioUnlock: onWakeAndUnlocking / lap time: 3ms
01-22 19:18:44.970  2814  2814 D KeyguardViewMediator: tryKeyguardDone: pendingForUser - NO_KEYGUARD_DONE_PENDING, animRan - false animRunning - false
01-22 19:18:44.970  2814  2814 D KeyguardViewMediator: tryKeyguardDone: starting pre-hide animation
01-22 19:18:44.970  2814  2814 D KeyguardViewMediator: OnHideAnimationFinished.run(0)
01-22 19:18:44.970  2814  2814 D KeyguardViewMediator: tryKeyguardDone: pendingForUser - NO_KEYGUARD_DONE_PENDING, animRan - true animRunning - false
01-22 19:18:44.970  2814  2814 I SemDvfsHyPerManager: acquire hyper - KEYGUARD_UNLOCK/2814@0, type = -999
01-22 19:18:44.970  2814  2814 D KeyguardUnlockInfo: 320004: FINGERPRINT TRIGGER_BIO_WAKE_AND_UNLOCK
01-22 19:18:44.971  2814  2814 D KeyguardViewMediator: handleKeyguardDone
01-22 19:18:44.971  2814  2814 D KeyguardViewMediator: resetKeyguardDonePendingLocked: 
01-22 19:18:44.971  2814  2814 D KeyguardViewMediator: handleHide
01-22 19:18:44.971  1559  1559 D TrustManagerService: User 0, setDeviceLockedForUser false
01-22 19:18:44.971  1559  1559 D PersonaServiceHelper: isDualDAREnabled result : false
01-22 19:18:44.971  2814  2814 D KeyguardVisible: onKeyguardGoingAwayChanged true
01-22 19:18:44.971  1205  1256 I HYPER-HAL: [RequestManager.cpp]acquire(): Acquired ID : 3960705  [2814 / 0]    HINT : KEYGUARD_UNLOCK    list : [TIMEOUT / 1000] 
01-22 19:18:44.971  2814  2814 D KeyguardUpdateMonitor: setKeyguardGoingAway( false -> true )
01-22 19:18:44.971  2814  2814 D KeyguardFingerprint: shouldListenForFingerprint ( isFingerprintEnabled = false , mKeyguardIsVisible = true , mDeviceInteractive = false , mPrimaryBouncerIsOrWillBeShowing = false , mPrimaryBouncerFullyShown = false , mGoingToSleep = false , mSwitchingUser = false , mIsDreamingForBiometrics = false , mKeyguardUnlocking = false , mKeyguardGoingAway = true , mKeyguardShowing = true , mKeyguardOccluded = false , mSystemReady = true , mHasFocus = true
01-22 19:18:44.971  2814  2814 D KeyguardFingerprint: updateFingerprintListeningState#mFingerprintRunningState=1 shouldListenForFingerprint=false isUdfpsEnrolled=false bioType : 1
01-22 19:18:44.971  2814  2814 D KeyguardUpdateMonitor: stopListeningForFingerprint()
01-22 19:18:44.971   660 32060 I keystore2: system/security/keystore2/src/authorization.rs:140 - on_device_unlocked(user_id=0, password.is_some()=false)
01-22 19:18:44.971  2814  2814 D KeyguardFingerprint: shouldListenForFingerprint ( isFingerprintEnabled = false , mKeyguardIsVisible = true , mDeviceInteractive = false , mPrimaryBouncerIsOrWillBeShowing = false , mPrimaryBouncerFullyShown = false , mGoingToSleep = false , mSwitchingUser = false , mIsDreamingForBiometrics = false , mKeyguardUnlocking = false , mKeyguardGoingAway = true , mKeyguardShowing = true , mKeyguardOccluded = false , mSystemReady = true , mHasFocus = true
01-22 19:18:44.971  2814  2814 D KeyguardFingerprint: updateFingerprintListeningState#mFingerprintRunningState=0 shouldListenForFingerprint=false isUdfpsEnrolled=false bioType : 1
01-22 19:18:44.971  2814  2814 D KeyguardUpdateMonitor: updateBiometricListeningState()
01-22 19:18:44.971  2814  2814 D KeyguardFingerprint: shouldListenForFingerprint ( isFingerprintEnabled = false , mKeyguardIsVisible = true , mDeviceInteractive = false , mPrimaryBouncerIsOrWillBeShowing = false , mPrimaryBouncerFullyShown = false , mGoingToSleep = false , mSwitchingUser = false , mIsDreamingForBiometrics = false , mKeyguardUnlocking = false , mKeyguardGoingAway = true , mKeyguardShowing = true , mKeyguardOccluded = false , mSystemReady = true , mHasFocus = true
01-22 19:18:44.971  2814  2814 D KeyguardFingerprint: updateFingerprintListeningState#mFingerprintRunningState=0 shouldListenForFingerprint=false isUdfpsEnrolled=false bioType : 1
01-22 19:18:44.971  2814  2814 D KeyguardVisible: keyguardGoingAway true
01-22 19:18:44.971  7505  7532 V python  : extracting _python_bundle/site-packages/kivy/graphics/
01-22 19:18:44.971  2814  3774 D SamsungAnalytics605073: SendLog Result = 0
01-22 19:18:44.972  2814  2814 D KeyguardViewMediator: keyguardGoingAway requested for userId: 0
01-22 19:18:44.972  1559  1835 D PowerManagerService: handleSandman : stopDream
01-22 19:18:44.972  1559  1835 I DreamManagerService: Gently waking up from dream.
01-22 19:18:44.972  1559  3897 D PowerManagerService: [api] wakeUp (uid: 10056 pid: 2814) eventTime = 1866883771
01-22 19:18:44.972  1559  1835 D DisplayPowerController[0]: animateScreenStateChange: target=ON, mIsEnabled=true
01-22 19:18:44.972  1559  1835 D DisplayPowerController[0]: setScreenState(): mSeamlessAodReady : false AOD
01-22 19:18:44.972  1559  1835 D AODManagerService: screenTurningOn directly
01-22 19:18:44.972  1559  1835 D DisplayPowerController[0]: [api] AODManager.AODChangeListener : Received readyToScreenTurningOn().
01-22 19:18:44.972  1559  1835 D AutomaticBrightnessController: ShortTermModel: invalidate user data
01-22 19:18:44.972  1559  1835 I DisplayBrightnessStrategySelector: Changing the DisplayBrightnessStrategy from DozeBrightnessStrategy to LastTargetBrightnessStrategy for display 0
01-22 19:18:44.972  1559  1835 D DisplayPowerController[0]: saveBrightnessInfo: brt:0.18823528 adjBrt:0.054901958 min:0.0 max:1.0 hbm:0 tp:1.0 throttler:0 isAnimating:false
01-22 19:18:44.972  3244  5232 I HoneySpace.SystemUiRepository: systemUiFlags: overview_disabled|home_disabled|navbar_hidden|notif_expanded|keygrd_visible|device_dozing|notif_visible|keygrd_going_away
01-22 19:18:44.972  1559  1835 V DisplayPowerController[0]: Brightness [0.054901958] reason changing to: 'last_target', previous reason: 'doze'.
01-22 19:18:44.972  1559  1835 I DisplayPowerController[0]: BrightnessEvent: brt=0.054901958 (41.0%), nits= 12.47, lux=-1.0, reason=last_target, strat=LastTargetBrightnessStrategy, state=DOZE_SUSPEND, stateReason=DEFAULT_POLICY, policy=BRIGHT, flags=, initBrt=0.054901958, rcmdBrt=NaN, preBrt=NaN, preLux=0.0, wasShortTermModelActive=true, autoBrightness=true (default), unclampedBrt=0.054901958, hbmMax=1.0, hbmMode=off, thrmMax=1.0, rbcStrength=-1, powerFactor=1.0, physDisp=Integrierter Bildschirm(local:4633128672291736003), logicalId=0, slowChange=false, rampSpeed=0.0
01-22 19:18:44.972  7505  7532 V python  : extracting _python_bundle/site-packages/kivy/graphics/__init__.pyc
01-22 19:18:44.972  2814  2814 W BioUnlock: startWakeAndUnlock end / lap time: 5ms
01-22 19:18:44.972  3244  3325 I HoneySpace.TaskbarEventTracker: invokeEvent() called with: event = SystemUiStateChanged(stateFlags=3223323078)
01-22 19:18:44.972  1559  1835 D DisplayPowerController[0]: animateScreenStateChange: target=ON, mIsEnabled=true
01-22 19:18:44.972  2814  2962 D KeyguardFixedRotation: start
01-22 19:18:44.972   661   661 W keymint_tee: [WRN]begin req PARAMS: A32, KS256, BM32, PD1, 
01-22 19:18:44.973  7505  7532 V python  : extracting _python_bundle/site-packages/kivy/graphics/boxshadow.so
01-22 19:18:44.973  1559  1835 I DisplayBrightnessStrategySelector: Changing the DisplayBrightnessStrategy from LastTargetBrightnessStrategy to AutomaticBrightnessStrategy for display 0
01-22 19:18:44.973  1559  1835 W DisplayPowerController[0]: Animating brightness: target=89(0.35), rate=0,000, reason=automatic[89]
01-22 19:18:44.973  2814  2814 D KeyguardSecIndicationPolicy:    removeAll
01-22 19:18:44.973  2814  2814 D KeyguardSecIndicationPolicy:   update top pos = DEFAULT, item = [id=131679|ty=BATTERY_RESTING|pr=20|txt= 98%
01-22 19:18:44.973  2814  2814 D KeyguardSecIndicationPolicy: 3 min bis voll|ti=duration=PERSISTENT|an=false] -> [id=0|ty=EMPTY_LOW|pr=1|txt=|ti=duration=PERSISTENT|an=false]
01-22 19:18:44.973  2814  2814 D KeyguardSecIndicationController: onIndicationChanged() returned - unlocking
01-22 19:18:44.974  2814  2814 D KeyguardSecIndicationPolicy:  remove Item pos = DEFAULT, type =      BIOMETRICS_HELP
01-22 19:18:44.974  1559  1835 D AdaptiveBrightnessLongtermModelBuilder[0]: notifyBrightnessChanged(brightness=128,000000, userInitiated=false)
01-22 19:18:44.974  1559  1835 D DisplayPowerController[0]: putAutoBrightnessTransitionTime: transitionTime=0
01-22 19:18:44.974  1559  2646 D SemInputDevice:TSP: SetPropertyTask: CMD,fod_enable,1,0,0,0 [01-22 19:18:44.966]
01-22 19:18:44.974  1559  1835 D KNOX_MDM_SettingsProvider: isChangeAllowed() : name = auto_brightness_transition_time
01-22 19:18:44.974  1559  1783 D AdaptiveBrightnessLongtermModelBuilder[0]: handleBrightnessChanged: brightness: 128.0 userInitiated: false
01-22 19:18:44.974  1559  1783 D AdaptiveBrightnessLongtermModelBuilder[0]: updateAdaptiveBrightnessStats: l:13.0 b:128.0 u: false
01-22 19:18:44.974  1559  1835 D SettingsProvider: PUT_ret(/system/auto_brightness_transition_time), callingPackage:android
01-22 19:18:44.974  1559  1835 D DisplayPowerController[0]: saveBrightnessInfo: brt:0.34901962 adjBrt:0.34901962 min:0.0 max:1.0 hbm:0 tp:1.0 throttler:0 isAnimating:false
01-22 19:18:44.974  1559  1835 V DisplayPowerController[0]: Brightness [0.34901962] reason changing to: 'automatic', previous reason: 'last_target'.
01-22 19:18:44.974  1559  1835 I DisplayPowerController[0]: BrightnessEvent: brt=0.34901962 (80.0%), nits= 128.0, lux=13.0, reason=automatic, strat=AutomaticBrightnessStrategy, state=ON, stateReason=DEFAULT_POLICY, policy=BRIGHT, flags=, initBrt=0.054901958, rcmdBrt=0.34901962, preBrt=NaN, preLux=NaN, wasShortTermModelActive=true, autoBrightness=true (default), unclampedBrt=0.34901962, hbmMax=1.0, hbmMode=off, thrmMax=1.0, rbcStrength=-1, powerFactor=1.0, physDisp=Integrierter Bildschirm(local:4633128672291736003), logicalId=0, slowChange=false, rampSpeed=0.0
01-22 19:18:44.974  2814  2814 W BioUnlock: onFpAuthenticationSucceeded end / lap time: 7ms
01-22 19:18:44.974  2814  2814 W KeyguardFingerprint: handleFingerprintAuth dispatchCount = 1 / elapsed time: 7ms
01-22 19:18:44.974  2814  2814 D KeyguardUpdateMonitor: handleStartedEarlyWakingUp start 17
01-22 19:18:44.974  2814  2814 D KeyguardFingerprint: mFpInDisplayState is changed : 1 -> 0
01-22 19:18:44.974  1559  1835 D DisplayPowerController[0]: animateScreenStateChange: target=ON, mIsEnabled=true
01-22 19:18:44.975  1559  5803 I FingerprintService.Ext: setScreenStatusFromKeyguard: true
01-22 19:18:44.975  1559  1598 D BrightnessSynchronizer: onDisplayChanged() : displayId=0
01-22 19:18:44.975  1559  2735 D HdrSolution_HdrDisplayNitMapper: updataTargetNit--------------mLightSensorData: 419.0, scaleRatio: 1.56, target: 128.0->200
01-22 19:18:44.975  1559  2652 D FingerprintService.Ext: unregisterAodController: 1559
01-22 19:18:44.975  1559  2735 D BrightnessHandler: inject brightness = 89.0, Brightness: 0.34901962
01-22 19:18:44.975  1559  6879 D ActivityTaskManager: keyguardGoingAway d0, fl=0x104
01-22 19:18:44.975  2814  2814 D KeyguardUpdateMonitor: updateBiometricListeningState()
01-22 19:18:44.975  2814  2814 D KeyguardFingerprint: shouldListenForFingerprint ( isFingerprintEnabled = false , mKeyguardIsVisible = true , mDeviceInteractive = false , mPrimaryBouncerIsOrWillBeShowing = false , mPrimaryBouncerFullyShown = false , mGoingToSleep = false , mSwitchingUser = false , mIsDreamingForBiometrics = false , mKeyguardUnlocking = false , mKeyguardGoingAway = true , mKeyguardShowing = true , mKeyguardOccluded = false , mSystemReady = true , mHasFocus = true
01-22 19:18:44.975  2814  2814 D KeyguardFingerprint: updateFingerprintListeningState#mFingerprintRunningState=0 shouldListenForFingerprint=false isUdfpsEnrolled=false bioType : 1
01-22 19:18:44.976  1559  6879 D WindowManager: Transition is created, t=TransitionRecord{38d49e1 id=-1 type=TO_BACK flags=0x104}, caller=com.android.server.wm.Transition.<init>:182 com.android.server.wm.TransitionController.createTransition:17 com.android.server.wm.TransitionController.requestTransitionIfNeeded:48 com.android.server.wm.KeyguardController.keyguardGoingAway:213 com.android.server.wm.ActivityTaskManagerService.keyguardGoingAway:101 
01-22 19:18:44.976  1559  6879 D BLASTSyncEngine: SyncGroup is created, id=37573, name=Transition-TO_BACK, caller=com.android.server.wm.BLASTSyncEngine$SyncGroup.<init>:52 com.android.server.wm.TransitionController.moveToCollecting:79 com.android.server.wm.TransitionController.createTransition:46 com.android.server.wm.TransitionController.requestTransitionIfNeeded:48 com.android.server.wm.KeyguardController.keyguardGoingAway:213 com.android.server.wm.ActivityTaskManagerService.keyguardGoingAway:101 android.app.IActivityTaskManager$Stub.onTransact:2382 
01-22 19:18:44.976  1559  6879 W BLASTSyncEngine: setSyncMethod, id=37573, method=0, caller=com.android.server.wm.TransitionController.moveToCollecting:91 com.android.server.wm.TransitionController.createTransition:46 com.android.server.wm.TransitionController.requestTransitionIfNeeded:48 
01-22 19:18:44.976  1559  6879 V WindowManager: Start collecting in Transition: TransitionRecord{38d49e1 id=37573 type=TO_BACK flags=0x104}, caller=com.android.server.wm.TransitionController.createTransition:46 com.android.server.wm.TransitionController.requestTransitionIfNeeded:48 com.android.server.wm.KeyguardController.keyguardGoingAway:213 com.android.server.wm.ActivityTaskManagerService.keyguardGoingAway:101 android.app.IActivityTaskManager$Stub.onTransact:2382 
01-22 19:18:44.976  2814  2814 D Bubbles : onKeyguardShowingChanged: isUnlockedShade=false
01-22 19:18:44.976  1559  6879 V WindowManager: Requesting StartTransition: TransitionRecord{38d49e1 id=37573 type=TO_BACK flags=0x104}, caller=com.android.server.wm.TransitionController.requestTransitionIfNeeded:56 com.android.server.wm.KeyguardController.keyguardGoingAway:213 com.android.server.wm.ActivityTaskManagerService.keyguardGoingAway:101 android.app.IActivityTaskManager$Stub.onTransact:2382 com.android.server.wm.ActivityTaskManagerService.onTransact:1 
01-22 19:18:44.976  2814  2814 D CollapsedStatusBarFragmentExt: onKeyguardShowingChanged()    shouldHideIconsForNextAppWindow:false, lastFullscreen(pkg:, flag:false),    keyguard(fa:false, ga:true, oc:false, show:true)
01-22 19:18:44.976  2814  2814 D SecLockIconViewController: updateVisibility
01-22 19:18:44.976  1559  6879 D WindowManager: Remove SleepToken: tag=keyguard, displayId=0
01-22 19:18:44.976  1248  1248 I SurfaceFlinger: RequestedLayer [FP Iconview$_30801#497727] hidden!! flag  from(1) --> to(0)
01-22 19:18:44.976  2814  2814 D Navbar.Store: handleEvent(0) OnKeyguardStateChanged(isShowing=true) [Module] NavigationBar
01-22 19:18:44.976  2814  2814 D Navbar.Store: --[Band]SETUPWIZARD_PACK_SET_NAVBAR_STYLE
01-22 19:18:44.976  2814  2814 D Navbar.Store: --[Band] (afterAction) SETUPWIZARD_PACK_SET_NAVBAR_STYLE
01-22 19:18:44.976  2814  2814 D Navbar.Store: ----apply(0) NavBarStoreAction$UpdateNavBarNormalStyle
01-22 19:18:44.976  1559  6879 D ActivityTaskManager: Top Process State changed to PROCESS_STATE_TOP
01-22 19:18:44.976  2814  2870 V WindowManagerShell: Transition requested (#37573): android.os.BinderProxy@f6480b6 TransitionRequestInfo { type = TO_BACK, triggerTask = null, pipChange = null, remoteTransition = null, displayChange = null, flags = 260, debugId = 37573 }
01-22 19:18:44.976  2814  2870 D ShellDesktopMode: handleRequest: TransitionRequestInfo {type=4, tid=null, f=260, debugId=37573}
01-22 19:18:44.976  2814  2870 V ShellDesktopMode: DesktopTasksController: skipping handleRequest reason=transition type not handled (4)
01-22 19:18:44.976  2814  2814 D NavBarStateManager: NavBarStates(0) canShowKeyboardButtonForRotation(0): true
01-22 19:18:44.977  1559  6879 V WindowManager: Collecting in transition 37573: ActivityRecord{254619014 u0 org.tkideneb2.zeiterfassung/org.kivy.android.PythonActivity t4624}, caller=com.android.server.wm.TransitionController.collect:7 com.android.server.wm.ActivityRecord.setVisibility:132 com.android.server.wm.TaskFragment.resumeTopActivity:1662 com.android.server.wm.Task.resumeTopActivityInnerLocked:119 com.android.server.wm.Task.resumeTopActivityUncheckedLocked:23 
01-22 19:18:44.977  1559  6879 D WindowManager: prepareSync <SYNC_STATE_WAITING_FOR_DRAW>, mPrepareSyncSeqId=0, win=Window{d37c539 u0 org.tkideneb2.zeiterfassung/org.kivy.android.PythonActivity}
01-22 19:18:44.977  1559  6879 V WindowManager: Setting visibility of Window{d37c539 u0 org.tkideneb2.zeiterfassung/org.kivy.android.PythonActivity}: true, caller=com.android.server.wm.WindowContainer.sendAppVisibilityToClients:19 com.android.server.wm.WindowToken.setClientVisible:48 com.android.server.wm.ActivityRecord.setVisibility:486 com.android.server.wm.TaskFragment.resumeTopActivity:1662 com.android.server.wm.Task.resumeTopActivityInnerLocked:119 
01-22 19:18:44.977  1559  6879 D ActivityTaskManager: scheduleTopResumedActivityChanged, onTop=true, r=ActivityRecord{254619014 u0 org.tkideneb2.zeiterfassung/org.kivy.android.PythonActivity t4624}, caller=com.android.server.wm.ActivityTaskSupervisor.scheduleTopResumedActivityStateIfNeeded:18 com.android.server.wm.ActivityTaskSupervisor.updateTopResumedActivityIfNeeded:54 com.android.server.wm.TaskFragment.setResumedActivity:30 com.android.server.wm.ActivityRecord.setState:100 com.android.server.wm.TaskFragment.resumeTopActivity:1705 com.android.server.wm.Task.resumeTopActivityInnerLocked:119 
01-22 19:18:44.977  1559  6879 V WindowManager: Computed rotation=ROTATION_0 (0) for display id=0 based on lastOrientation=SCREEN_ORIENTATION_NOSENSOR (5) and oldRotation=ROTATION_0 (0), caller=com.android.server.wm.DisplayRotation.updateOrientation:79 com.android.server.wm.DisplayContent.updateOrientation:41 com.android.server.wm.DisplayContent.updateOrientationAndComputeConfig:48 com.android.server.wm.RootWindowContainer.ensureVisibilityAndConfig:7 com.android.server.wm.TaskFragment.resumeTopActivity:1724 com.android.server.wm.Task.resumeTopActivityInnerLocked:119 
01-22 19:18:44.977  1559  2706 D LsLogger: Loggers=3
01-22 19:18:44.977  5817  5817 W ContextImpl: Calling a method in the system process without a qualified user: android.app.ContextImpl.startService:2068 android.content.ContextWrapper.startService:872 android.content.ContextWrapper.startService:872 com.sec.android.diagmonagent.sa.receiver.CFLogReceiver.onReceive:56 android.app.ActivityThread.handleReceiver:5663 
01-22 19:18:44.977  2814  2814 D NavBarStateManager: NavBarStates(0) canShowKeyboardButtonForRotation(0): true
01-22 19:18:44.978  1559  6879 D WindowManagerServiceExt: updateTaskbarTargetIfNeeded: cn=ComponentInfo{org.tkideneb2.zeiterfassung/org.kivy.android.PythonActivity} occludesParent=true isInSplitScreenMode=false
01-22 19:18:44.978  1559  2706 W LsLog.EVENTS: User 0 Strong(FP) unlock Succeeded
01-22 19:18:44.978  1559  6879 V WindowManager: Checking theme of starting window: 0x1030006
01-22 19:18:44.978  1559  6879 V WindowManager: Translucent=false Floating=false ShowWallpaper=false Disable=false
01-22 19:18:44.978  1559  6879 D ActivityTaskManager: addStartingWindow: type=2 typeParameter=be
01-22 19:18:44.978  1559  6879 V WindowManager: Creating SplashScreenStartingData
01-22 19:18:44.978  1559  6879 V WindowManager: Add starting ActivityRecord{254619014 u0 org.tkideneb2.zeiterfassung/org.kivy.android.PythonActivity t4624}: startingData=SplashScreenStartingData{9a2bdc7 removeAfterTransaction= 0}
01-22 19:18:44.978  1559  6879 V WindowManager: Added starting ActivityRecord{254619014 u0 org.tkideneb2.zeiterfassung/org.kivy.android.PythonActivity t4624}: startingWindow=null startingView=com.android.server.wm.StartingSurfaceController$StartingSurface@f079ff4
01-22 19:18:44.978  1559  7555 D LsLogger: Accumulating...
01-22 19:18:44.978  2814  2814 D NavBarStateManager: NavBarStates(0) canShowKeyboardButtonForRotation(1): true
01-22 19:18:44.978  7505  7532 V python  : extracting _python_bundle/site-packages/kivy/graphics/buffer.so
01-22 19:18:44.978  1248  1248 E Scheduler: trackPendingFrame: Invalid present fence
01-22 19:18:44.979  1559  6879 W PhoneWindowManager: lockNow pending, ignore updating lockscreen timeout
01-22 19:18:44.979  1559  6879 D SurfaceComposerClient: setCornerRadius ## d37c539 org.tkideneb2.zeiterfassung/org.kivy.android.PythonActivity#497725 cornerRadius=0.000000
01-22 19:18:44.979  2814  2814 D NavBarStateManager: NavBarStates(0) canShowKeyboardButtonForRotation(2): true
01-22 19:18:44.979  1248  1248 D SurfaceFlinger: Display 4633128672291736003 HWC layers:
01-22 19:18:44.979  1248  1248 D SurfaceFlinger:        DEVICE |           12086038195027 | 00002100 | RGBA_8888    |    0.0    0.0 1440.0  113.0 |    0    0 1440  113 | StatusBar$_2814#110 (1790735)
01-22 19:18:44.979  1248  1248 D SurfaceFlinger:        DEVICE |           12086038195103 | 00002100 | RGBA_8888    |    0.0    0.0 1440.0 3120.0 |    0    0 1440 3120 | NotificationShade$_2814#497715 (539)
01-22 19:18:44.979  1248  1248 D SurfaceFlinger:        DEVICE |          132289287684107 | 00002140 | RGBA_8888    |    7.0    7.0 1447.0 3127.0 |    0    0 1440 3120 | FP Iconview$_30801#497727 (2)
01-22 19:18:44.979  1248  1248 D SurfaceFlinger: 
01-22 19:18:44.979  7505  7505 I VRI[PythonActivity]@84872f0: handleAppVisibility mAppVisible = false visible = true
01-22 19:18:44.980 30801 30810 I BLASTBufferQueue: [VRI[FP Iconview]@97f2e43#2](f:0,a:4,s:0) releaseBufferCallback bufferId:132289287684108 framenumber:1 layerId:497727
01-22 19:18:44.980 30801 30810 I BLASTBufferQueue: [VRI[FP Iconview]@97f2e43#2](f:0,a:3,s:0) released bufferId:132289287684108 framenumber:1 layerId:497727
01-22 19:18:44.980  2814  2814 D NavBarStateManager: NavBarStates(0) canShowKeyboardButtonForRotation(3): true
01-22 19:18:44.980 30801 30810 I BLASTBufferQueue: [VRI[FP Iconview]@97f2e43#2](f:0,a:3,s:0) Can't acquire next buffer. No available frames
01-22 19:18:44.980 30801 30810 I BLASTBufferQueue: [VRI[FP Iconview]@97f2e43#2](f:0,a:3,s:0) transactionCallback
01-22 19:18:44.980 30801 30810 I BLASTBufferQueue: [VRI[FP Iconview]@97f2e43#2](f:0,a:3,s:0) updated mTransformHint=0
01-22 19:18:44.980   661   661 D android.hardware.security.keymint-service: begin: ret 0
01-22 19:18:44.980  1195  1195 I SensorsHub: LightSensor::injectSensorData: brightness 89
01-22 19:18:44.980  7505  7532 V python  : extracting _python_bundle/site-packages/kivy/graphics/cgl.so
01-22 19:18:44.981  2814  2814 D NavBarView: disableBack=false (isBackDismissIme=false, handlingGestures=false, disabledFlagBack=false, isBottomGesture=false, isImeRenderingNavButtons=false)
01-22 19:18:44.981  1559  2735 D BrightnessHandler: inject brightness = 89.0, Brightness: 0.34901962
01-22 19:18:44.981  2814  2814 D Navbar.Store: ----handleEvent(0) OnUpdateSysUiStateFlag(noArguments=true) [Module] SamsungNavigationBarView
01-22 19:18:44.981  2814  2814 D Navbar.Store: ------[Band]GESTURE_PACK_UPDATE_SYSTEMUI_STATE_FLAG
01-22 19:18:44.981  2814  2814 D Navbar.Store: ------[Band] (afterAction) GESTURE_PACK_UPDATE_SYSTEMUI_STATE_FLAG
01-22 19:18:44.981  1195  1195 I SensorsHub: LightSensor::injectSensorData: brightness 89
01-22 19:18:44.981  5817  5817 W ContextImpl: Calling a method in the system process without a qualified user: android.app.ContextImpl.startService:2068 android.content.ContextWrapper.startService:872 android.content.ContextWrapper.startService:872 com.sec.android.diagmonagent.sa.receiver.CFLogReceiver.onReceive:56 android.app.ActivityThread.handleReceiver:5663 
01-22 19:18:44.981   661   661 D android.hardware.security.keymint-service: finish: ret 0
01-22 19:18:44.982  1559  2735 D DisplayManagerService: !@display_state requestDisplayStateInternal: DOZE_SUSPEND -> ON displayId=0
01-22 19:18:44.982   661   661 W keymint_tee: [WRN]begin req PARAMS: A32, KS256, BM32, PD1, 
01-22 19:18:44.982  1559  2735 D SemInputDeviceManagerService: setDisplayState[1] EARLY: DOZE_SUSPEND(4) -> ON(2)
01-22 19:18:44.982  1559  1598 D BrightnessSynchronizer: updateScreenBrightness: displayId=0 type=2 mPreferredSettingValue=0.18823528(48) currentBrightnessInt=48 currentBrightnessIntFromFloat=89(0.34901962)
01-22 19:18:44.982  1559  1598 D BrightnessSynchronizer: onChange: last float changed: 0.34901962 -> 89
01-22 19:18:44.982  1559  1598 D KNOX_MDM_SettingsProvider: isChangeAllowed() : name = screen_brightness
01-22 19:18:44.982  1559  2735 D LocalDisplayAdapter: notifyStateChangeStart: com.samsung.android.hardware.secinputdev.external.DisplayStateListenerWrapper$1@7ec35c8 took 0 ms
01-22 19:18:44.982  1559  2735 D LocalDisplayAdapter: notifyStateChangeStart: com.android.server.biometrics.SemBiometricDisplayStateMonitor@4581368 took 0 ms
01-22 19:18:44.982  1559  2735 D LocalDisplayAdapter: notifyStateChangeStart: com.android.server.display.mode.RefreshRateModeManager$1@7af001f took 0 ms
01-22 19:18:44.982  1559  2735 W LocalDisplayAdapter: !@display_state - 1722 : DOZE_SUSPEND -> ON (MAIN)
01-22 19:18:44.982  1559  1598 D SettingsProvider: PUT_ret(/system/screen_brightness), callingPackage:android
01-22 19:18:44.982  1559  2553 I SemBiometricDisplayStateMonitor: DisplayStateListener#onStart : ON, ON, DEFAULT_DISPLAY
01-22 19:18:44.982  1559  2735 D PowerManagerUtil: readFromFile /sys/class/lcd/panel/display_on: 1865992916
01-22 19:18:44.982  1559  2553 D FingerprintService.Ext: onDisplayOn
01-22 19:18:44.983  1559  2553 I SemInputCommandService: setPropertyAllTouch: FOD,1,1,0,0 retDefault=1 retExtra=-2
01-22 19:18:44.983  1559  2553 I FingerprintService: setTspMode: [2] done
01-22 19:18:44.983  1248  1248 D SurfaceFlinger: Setting power mode 2 on physical display 4633128672291736003
01-22 19:18:44.983  1248  1248 D SurfaceFlinger: setPhysicalDisplayPowerMode: Optimizing thread scheduling: optimizeForPerformance
01-22 19:18:44.983  2814  2962 D KeyguardViewMediator: keyguardGoingAway flags=0x104
01-22 19:18:44.983  1559  5803 V WindowManager: Starting Transition 37573, caller=com.android.server.wm.WindowOrganizerController.startTransition:47 com.android.server.wm.WindowOrganizerController.startTransition:1 android.window.IWindowOrganizerController$Stub.onTransact:259 
01-22 19:18:44.983  1559  5803 D BLASTSyncEngine: SyncGroup 37573: Set ready true, caller=com.android.server.wm.BLASTSyncEngine.setReady:32 com.android.server.wm.Transition.applyReady:54 com.android.server.wm.Transition.start:105 com.android.server.wm.WindowOrganizerController.startTransition:47 com.android.server.wm.WindowOrganizerController.startTransition:1 android.window.IWindowOrganizerController$Stub.onTransact:259 
01-22 19:18:44.983  1559  2652 D FingerprintService.Ext: unregisterAodController: 1559
01-22 19:18:44.983  1204  1382 D display : setPowerMode:: FBIOBLANK mode(2), blank(0), mPowerModeState(3)
01-22 19:18:44.983  1559  2643 I CocktailBarManagerServiceContainer: handleMessage: entry what = 5
01-22 19:18:44.983  1204  1382 D display : 	activeConfig:: 8, PendingConfigInfo::isPending(1), configType(1), config(12)
01-22 19:18:44.984  1559  1598 D SGM:FgCheckThread: noteResumeComponent(), received pkgName: org.tkideneb2.zeiterfassung, userId: 0
01-22 19:18:44.984  1559  2656 D BackgroundInstallControlService: Package event received: 0
01-22 19:18:44.984  5859  6212 I SDHMS:k : handleResumeComponent : put = org.tkideneb2.zeiterfassung, userid = 0 instanceid =93478516
01-22 19:18:44.984  1559  2233 D SGM:FgCheckThread: onLooperPrepared(), msg: MSG_APP_RESUME, pkgName: org.tkideneb2.zeiterfassung, userid: 0
01-22 19:18:44.984  1559  2233 D SGM:FgCheckThread: handleResume().
01-22 19:18:44.984  1559  2233 D SGM:FgCheckThread:   handleResume(). same package with Prev KILL_YOURSELF. ignore
01-22 19:18:44.984  1559  1598 I ActivityManager: Changes in 10544 12 to 2, 128 to 255
01-22 19:18:44.985  1559  1599 W PhoneWindowManager: lockNow pending, ignore updating lockscreen timeout
01-22 19:18:44.984  7505  7505 I VRI[PythonActivity]@84872f0: stopped(false) old = true
01-22 19:18:44.985  3244  3244 I HoneySpace.EdgePanel.CocktailHostRepositoryImpl: onNoteResume
01-22 19:18:44.985  1559  1599 D SurfaceComposerClient: setCornerRadius ## d37c539 org.tkideneb2.zeiterfassung/org.kivy.android.PythonActivity#497725 cornerRadius=0.000000
01-22 19:18:44.985  7505  7505 D VRI[PythonActivity]@84872f0: WindowStopped on org.tkideneb2.zeiterfassung/org.kivy.android.PythonActivity set to false
01-22 19:18:44.985  3244  3244 I HoneySpace.EdgePanel.EdgePanelContainerViewModel: cocktailHostRepository.edgePanelOperation NoteResumeComponent(componentName=ComponentInfo{org.tkideneb2.zeiterfassung/org.kivy.android.PythonActivity})
01-22 19:18:44.985  1559  1599 D BLASTSyncEngine: SyncGroup 37573:  Unfinished container: ActivityRecord{254619014 u0 org.tkideneb2.zeiterfassung/org.kivy.android.PythonActivity t4624} mSyncState=2
01-22 19:18:44.985  2814  2913 D ViewRootImpl: desktopMode is false
01-22 19:18:44.985  3244  3244 I HoneySpace.EdgePanel.ActivityUtils: HomePackage : com.sec.android.app.launcher, resumePackageName : org.tkideneb2.zeiterfassung, className : org.kivy.android.PythonActivity
01-22 19:18:44.985  2814  2913 I ViewRootImpl: dVRR is disabled
01-22 19:18:44.985  2814  2952 D NativeCustomFrequencyManager: [NativeCFMS] BpCustomFrequencyManager::BpCustomFrequencyManager()
01-22 19:18:44.986  7505  7505 V SDL     : onStart()
01-22 19:18:44.986  7505  7532 V python  : extracting _python_bundle/site-packages/kivy/graphics/cgl_backend/
01-22 19:18:44.986  1559  6879 D InputTransport: Input channel constructed: 'bec5419', fd=1272
01-22 19:18:44.986  1559  6879 D InputTransport: Input channel constructed: 'bec5419', fd=1273
01-22 19:18:44.986  7505  7505 V PythonActivity: onResume()
01-22 19:18:44.986  1204  1382 D display : setActiveConfig:: PrimaryDisplay config(8)
01-22 19:18:44.986  1559  1598 I DisplayDeviceRepository: Display device changed state: "Integrierter Bildschirm", ON
01-22 19:18:44.986  7505  7505 V SDL     : onResume()
01-22 19:18:44.986  1204  1382 I display : Current VRR MODE is 1
01-22 19:18:44.986  1559  6879 D InputTransport: Input channel constructed: 'bec5419', fd=1276
01-22 19:18:44.986  1204  1382 I display : setActiveConfig:: HFR match - config: 8, base: 8, try: 0
01-22 19:18:44.986  1559  6879 D InputTransport: Input channel destroyed: 'bec5419', fd=1273
01-22 19:18:44.986  1204  1382 I display : setActiveConfig::update 1440x3120@120hs
01-22 19:18:44.986  1559  6879 D WindowManager: prepareSync <SYNC_STATE_WAITING_FOR_DRAW>, mPrepareSyncSeqId=0, win=Window{bec5419 u0 Splash Screen org.tkideneb2.zeiterfassung}
01-22 19:18:44.986  1204  1382 D display : setActiveDrmMode, commit  2 -> 8
01-22 19:18:44.986  1559  1598 D DisplayManager.PersistentDataStore: saveToXml remembered active display fit status value:false
01-22 19:18:44.986  1559  1835 D BrightnessThermalClamper: Thermal status observer already started
01-22 19:18:44.987  1248  2404 I SurfaceFlinger: id=497728 createSurf, flag=84004, bec5419 Splash Screen org.tkideneb2.zeiterfassung#497728
01-22 19:18:44.987  1559  6879 D RestrictionPolicy: isScreenCaptureEnabled : ret=true userId=0
01-22 19:18:44.987  1559  6879 V WindowManager: addWindow: ActivityRecord{254619014 u0 org.tkideneb2.zeiterfassung/org.kivy.android.PythonActivity t4624} startingWindow=Window{bec5419 u0 Splash Screen org.tkideneb2.zeiterfassung}
01-22 19:18:44.987  7505  7532 V python  : extracting _python_bundle/site-packages/kivy/graphics/cgl_backend/__init__.pyc
01-22 19:18:44.987  1559  1598 I InputManager-JNI: Viewport [0] to add: local:4633128672291736003, isActive: true
01-22 19:18:44.987  1559  1598 D InputManager-JNI: Viewport [0] type:1, displayId=0, uniqueId=local:4633128672291736003, orientation=0, logicalFrame=[0, 0][1440, 3120], physicalFrame=[0, 0][1440, 3120], deviceSize=[1440, 3120]
01-22 19:18:44.987  1559  2606 D MdnieScenarioControlService: settingDB update
01-22 19:18:44.987  1559  6879 D InputTransport: Input channel destroyed: 'bec5419', fd=1276
01-22 19:18:44.987  1559  2606 D MdnieScenarioControlService: anti_glare_state LUX_VALUE : 13
01-22 19:18:44.987  1559  2606 V MdnieScenarioControlService: setAclModeSettings() ACL mPrevAclValue (1) - mCurrentValue (1)
01-22 19:18:44.987  1559  2606 D AdaptiveDisplaySolutionService: setAutoCurrentLimitStateInt(1) , mADSEnableCondition : true
01-22 19:18:44.987  1559  2606 I AdaptiveDisplaySolutionService: updateAdaptiveControlStateInt(1)
01-22 19:18:44.987  2814  2913 D InputTransport: Input channel constructed: 'bec5419', fd=751
01-22 19:18:44.987  1559  2606 D AdaptiveDisplaySolutionService: [AdaptiveControl]: ACL VALUE (1)
01-22 19:18:44.988  2814  2913 I InsetsController: onStateChanged: host=Splash Screen org.tkideneb2.zeiterfassung, from=android.view.ViewRootImpl.onInsetsStateChanged:3026, state=InsetsState: {mDisplayFrame=Rect(0, 0 - 1440, 3120), mDisplayCutout=DisplayCutout{insets=Rect(0, 112 - 0, 0) waterfall=Insets{left=0, top=0, right=0, bottom=0} boundingRect={Bounds=[Rect(0, 0 - 0, 0), Rect(686, 0 - 754, 112), Rect(0, 0 - 0, 0), Rect(0, 0 - 0, 0)]} cutoutPathParserInfo={CutoutPathParserInfo{displayWidth=1440 displayHeight=3120 physicalDisplayWidth=1440 physicalDisplayHeight=3120 density={3.75} cutoutSpec={M 0,0 H -9.066666666666667 V 29.86666666666667 H 9.066666666666667 V 0 H 0 Z @dp} rotation={0} scale={1.0} physicalPixelDisplaySizeRatio={1.0}}} sideOverrides={}}, mRoundedCorners=RoundedCorners{[RoundedCorner{position=TopLeft, radius=126, center=Point(126, 126)}, RoundedCorner{position=TopRight, radius=126, center=Point(1314, 126)}, RoundedCorner{position=BottomRight, radius=126, center=Point(1314, 2994)}, RoundedCorner{position=BottomLeft, radius=126, center=Point(126, 2994)}]}  mRoundedCornerFrame=Rect(0, 0 - 1440, 3120), mPrivacyIndicatorBounds=PrivacyIndicatorBounds {static bounds=Rect(1286, 0 - 1440, 113) rotation=0}, mDisplayShape=DisplayShape{ spec=-311912193 displayWidth=1440 displayHeight=3120 physicalPixelDisplaySizeRatio=1.0 rotation=0 offsetX=0 offsetY=0 scale=1.0}, mSources= { InsetsSource: {f7410001 mType=navigationBars mFrame=[0,2952][1440,3120] mVisible=false mFlags= mSideHint=BOTTOM mBoundingRects=null}, InsetsSource: {f7410004 mType=systemGestures mFrame=[0,0][0,0] mVisible=true mFlags= mSideHint=NONE mBoundingRects=null}, InsetsSource: {f7410005 mType=mandatorySystemGestures mFrame=[0,2952][1440,3120] mVisible=true mFlags= mSideHint=BOTTOM mBoundingRects=null}, InsetsSource: {f7410006 mType=tappableElement mFrame=[0,2952][1440,3120] mVisible=true mFlags= mSideHint=BOTTOM mBoundingRects=null}, InsetsSource: {f7410024 mType=systemGestures mFrame=[0,0][0,0] mVisible=true mFlags= mSideHint=NONE mBoundingRects=null}, InsetsSource: {3 mType=ime mFrame=[0,0][0,0] mVisible=false mFlags= mSideHint=NONE mBoundingRects=null}, InsetsSource: {27 mType=displayCutout mFrame=[0,0][1440,112] mVisible=true mFlags= mSideHint=TOP mBoundingRects=null}, InsetsSource: {4bc40000 mType=statusBars mFrame=[0,0][1440,113] mVisible=true mFlags= mSideHint=TOP mBoundingRects=null}, InsetsSource: {4bc40005 mType=mandatorySystemGestures mFrame=[0,0][1440,154] mVisible=true mFlags= mSideHint=TOP mBoundingRects=null}, InsetsSource: {4bc40006 mType=tappableElement mFrame=[0,0][1440,113] mVisible=true mFlags= mSideHint=TOP mBoundingRects=null} }
01-22 19:18:44.988  2814  2913 I VRI[zeiterfassung]@90ce889: onActiveControlsChanged, removed=false, mAdded=true, caller=android.view.ViewRootImpl.handleInsetsControlChanged:3002 android.view.ViewRootImpl.setView:2014 android.view.WindowManagerGlobal.addView:604 com.android.wm.shell.startingsurface.SplashscreenWindowCreator.addWindow:38 com.android.wm.shell.startingsurface.StartingWindowController$$ExternalSyntheticLambda4.run:1365 
01-22 19:18:44.988  7505  7532 V python  : extracting _python_bundle/site-packages/kivy/graphics/cgl_backend/cgl_debug.so
01-22 19:18:44.988  2814  2913 I VRI[zeiterfassung]@90ce889: synced displayState. AttachInfo displayState=2
01-22 19:18:44.988  2814  2913 I VRI[zeiterfassung]@90ce889: setView = android.widget.FrameLayout@2ce2cbc IsHRR=false mFlingFrameRateChange=0 TM=true
01-22 19:18:44.988  1559  2201 I InputReader: Reconfiguring input devices, changes=DISPLAY_INFO
01-22 19:18:44.988  2814  2952 D HWUI    : HWUI - treat SMPTE_170M as sRGB
01-22 19:18:44.988  1559  2201 I InputReader: support feature by TSP : 0x100321
01-22 19:18:44.988  1205  1256 I HYPER-HAL: [RequestManager.cpp]acquire(): Acquired ID : 123617037  [1213 / 184815]    HINT :      list : [TID_LOW_LATENCY / 1] [TID / 7534] [TID / 7535] [TID / 7505] [TID / 7526] 
01-22 19:18:44.989  2814  2988 I ImageWallpaper_6[Image]: onCommand: action = android.wallpaper.keyguardgoingaway
01-22 19:18:44.989  1559  3797 D LiftUpHandler: [LTW] Stopping by Screen On.
01-22 19:18:44.990  1559  1596 D WindowManager: DeferredDisplayUpdater: partially applying DisplayInfo(1440 x 3120) immediately
01-22 19:18:44.990  1239 26816 D AudioFlinger: setParameters: filtered dev setParameters keyvalue screen_state=on
01-22 19:18:44.990  1187  1187 D audio_hw_primary: device-adev_set_parameters: enter
01-22 19:18:44.990  1187  1187 E audio_hw_proxy_mixer: proxy-proxy_set_mixer_value_int: cannot find ABOX Display Mixer Control
01-22 19:18:44.990  1187  1187 I audio_hw_proxy2: proxy-proxy_set_parameters: set Screen-state 1
01-22 19:18:44.991  1187  1187 D audio_hw_primary: device-adev_set_parameters: param (screen_state=on)
01-22 19:18:44.991  1559  1599 D SurfaceComposerClient: setCornerRadius ## bec5419 Splash Screen org.tkideneb2.zeiterfassung#497728 cornerRadius=0.000000
01-22 19:18:44.991   661   661 D android.hardware.security.keymint-service: begin: ret 0
01-22 19:18:44.991  3244  5240 I HoneySpace.Memory-Monitor: current state = 2, didTrim = true
01-22 19:18:44.991  1195  1195 I SensorsHub: queueBatch: handle=36 period=200000000 timeout=0
01-22 19:18:44.991  3244  5240 I HoneySpace.Memory-Monitor: onDisplayStateChanged lastChangedDisplayState = 2
01-22 19:18:44.991  1559  2563 I CAE     : handleMessage(CaPowerManager.java:204) - AP_WAKEUP
01-22 19:18:44.992  1559  2563 I CAE     : updateApPowerStatus(SensorHubParserProvider.java:461) - AP_WAKEUP
01-22 19:18:44.992  1559  2563 I CAE     : getContextType(FreeFallDetection.java:25) - FFD getContextType
01-22 19:18:44.992  1205  1256 I HYPER-HAL: [RequestManager.cpp]acquire(): Acquired ID : 123989098  [1213 / 184817]    HINT :      list : [TID_LOW_LATENCY / 1] [TID / 2950] [TID / 2951] [TID / 2913] [TID / 2952] 
01-22 19:18:44.992  6627  6627 I HBD     : DeX h DeX mode state change in non-main thread 
01-22 19:18:44.992  6627  6627 I HBD     : DeX h DeX mode state change: 3 
01-22 19:18:44.992  1559  2656 D BackgroundInstallControlService: Package event received: 0
01-22 19:18:44.992  1559  2656 D BackgroundInstallControlService: Package event received: 0
01-22 19:18:44.992  1559  2618 D AS.DesktopModeHelper: onDisplayChanged: #Id=0
01-22 19:18:44.992  1559  3797 D SensorManager: unregisterListener :: com.samsung.android.gesture.MotionRecognitionLiftUpHandler$LiftUpSensorEventListener@63bfc5f
01-22 19:18:44.992  1559  3797 D LiftUpHandler: [LTW] Terminated.
01-22 19:18:44.992   661   661 D android.hardware.security.keymint-service: finish: ret 0
01-22 19:18:44.993   660 32060 I keystore2: system/security/keystore2/src/super_key.rs:1042 - Successfully unlocked user 0 with biometric 7019517988756682102
01-22 19:18:44.993  1559  2564 D SensorService: setSContextDataLocked ints length 2 , byte length 4
01-22 19:18:44.993  1559  2564 D SensorService: setSContextDataLocked d10db4
01-22 19:18:44.993  1195  1195 I SensorsHub: SContextSensor::injecet_sensor_data
01-22 19:18:44.993  3244  3244 I VRI[RecentsTransitionOverlay]@64c6163: onDisplayChanged oldDisplayState=4 newDisplayState=2
01-22 19:18:44.993  1195  1195 D SensorsHub: b4 0d d1 00  
01-22 19:18:44.993  1195  1195 D SensorsHub: inject_scontext_data: New ssp_data_injection_fd(43)
01-22 19:18:44.993  1195  1195 D SensorsHub: SContext Data Injection return 64
01-22 19:18:44.994  1559  1599 D SurfaceComposerClient: setCornerRadius ## d37c539 org.tkideneb2.zeiterfassung/org.kivy.android.PythonActivity#497725 cornerRadius=0.000000
01-22 19:18:44.994  1195  1318 I SensorsHub: context 16 0 15 1,1,55,0,11,5,6,30,0,0,0,200,3,237,134,16, 2541830020465136
01-22 19:18:44.994  1559  1599 W PhoneWindowManager: lockNow pending, ignore updating lockscreen timeout
01-22 19:18:44.995  1559  1599 D SurfaceComposerClient: setCornerRadius ## bec5419 Splash Screen org.tkideneb2.zeiterfassung#497728 cornerRadius=0.000000
01-22 19:18:44.995  1559  1599 D SurfaceComposerClient: setCornerRadius ## d37c539 org.tkideneb2.zeiterfassung/org.kivy.android.PythonActivity#497725 cornerRadius=0.000000
01-22 19:18:44.995  7505  7532 V python  : extracting _python_bundle/site-packages/kivy/graphics/cgl_backend/cgl_gl.so
01-22 19:18:44.995  1559  1599 D BLASTSyncEngine: SyncGroup 37573:  Unfinished container: ActivityRecord{254619014 u0 org.tkideneb2.zeiterfassung/org.kivy.android.PythonActivity t4624} mSyncState=2
01-22 19:18:44.995 24239 24239 I CAMERA_CONTROLLER: [2]a.p():2 - display changed
01-22 19:18:44.995 24239 24239 I CAMERA_CONTROLLER: [2]a.p():2
01-22 19:18:44.995 24239 24239 I CAMERA_CONTROLLER: [2]ProviderServiceImpl.checkDisplayModePortrait():38 - presentationDisplaynull
01-22 19:18:44.995 24239 24239 W CAMERA_CONTROLLER: [2]a.A():2 - presentationDisplay is null, return
01-22 19:18:44.995 24239 24239 W CAMERA_CONTROLLER: [2]ProviderServiceImpl$registerDisplayListener$displayListener$1.onDisplayChanged():17 - display is not portrait mode 
01-22 19:18:44.995  7505  7532 V python  : extracting _python_bundle/site-packages/kivy/graphics/cgl_backend/cgl_glew.so
01-22 19:18:44.996  6627  6627 I VRI[InputMethod]@2e642a4: onDisplayChanged oldDisplayState=4 newDisplayState=2
01-22 19:18:44.996  7505  7532 V python  : extracting _python_bundle/site-packages/kivy/graphics/cgl_backend/cgl_mock.so
01-22 19:18:44.996  1559  1559 I PhoneWindowManager: Started waking up... (groupId=0 why=ON_BECAUSE_OF_USER)
01-22 19:18:44.996  2814  2870 I VRI[ShellDropTarget]@44e989b: onDisplayChanged oldDisplayState=4 newDisplayState=2
01-22 19:18:44.996  2814  2927 D StackScroller: onDisplayChanged for predraw skip to 2
01-22 19:18:44.996  2814  2870 I VRI[View root of ReusableWindowDecorViewHost#0]@e009647: onDisplayChanged oldDisplayState=4 newDisplayState=2
01-22 19:18:44.996  2814  2870 I VRI[View root of ReusableWindowDecorViewHost#1]@886780c: onDisplayChanged oldDisplayState=4 newDisplayState=2
01-22 19:18:44.996  5817  5817 W ContextImpl: Calling a method in the system process without a qualified user: android.app.ContextImpl.startService:2068 android.content.ContextWrapper.startService:872 android.content.ContextWrapper.startService:872 com.sec.android.diagmonagent.sa.receiver.CFLogReceiver.onReceive:56 android.app.ActivityThread.handleReceiver:5663 
01-22 19:18:44.996  7505  7532 V python  : extracting _python_bundle/site-packages/kivy/graphics/cgl_backend/cgl_sdl2.so
01-22 19:18:44.997  3110  3110 D NfcService: handleMessage: MSG_APPLY_SCREEN_STATEON_LOCKED
01-22 19:18:44.997  7505  7532 V python  : extracting _python_bundle/site-packages/kivy/graphics/compiler.so
01-22 19:18:44.997  3110  3110 D [NFC_SE]SamsungExtension: onLogEventNotified() item:[mCommandApdus: [mResponseApdus: , mCallingApi= 0, mAction= 518, mCallingPId = 0, mRfFieldOnTime= null
01-22 19:18:44.997  3110  3110 D [NFC_SE]NfcOemLogHelper: reportLogEvent = [mCommandApdus: [mResponseApdus: , mCallingApi= 0, mAction= 518, mCallingPId = 0, mRfFieldOnTime= null
01-22 19:18:44.997  3110  3110 D [NFC_SE]NfcOemLogHelper: try to send FLD_ERROR
01-22 19:18:44.997  3110  3110 D [NFC_SE]NfcOemLogHelper: RF Field is disabled
01-22 19:18:44.997  1559  1559 D BLASTSyncEngine: SyncGroup 37573: Set ready false, caller=com.android.server.wm.BLASTSyncEngine.setReady:32 com.android.server.wm.TransitionController.deferTransitionReady:25 com.android.server.wm.KeyguardController.updateDeferTransitionForAod:50 com.android.server.wm.DisplayPolicy.setAwake:76 com.android.server.policy.PhoneWindowManager.startedWakingUp:56 com.android.server.power.Notifier$$ExternalSyntheticLambda3.run:44 
01-22 19:18:44.997  1559  1559 W PhoneWindowManager: lockNow pending, ignore updating lockscreen timeout
01-22 19:18:44.998  1559  2562 D CAE     : onGetSensorHubData(SensorHubParserProvider.java:92) - onGetSensorHubData Event [event buffer len :16], AP_WAKEUP
01-22 19:18:44.998  1559  2562 I CAE     : parse(SensorHubParserProvider.java:188) - buffer size = 16
01-22 19:18:44.998  1559  2562 I CAE     : parse(SensorHubParserProvider.java:199) - 1, 1, 55, 0, 11, 5, 6, 30, 0, 0, 0, -56, 3, -19, -122, 16,
01-22 19:18:44.998  1559  2562 I CAE     : parse(SLocationRunner.java:88) - SLocationRunner parse start : 3
01-22 19:18:44.998  1559  2562 D CAE     : display(ContextProvider.java:375) - ================= SLOCATION_RUNNER =================
01-22 19:18:44.998  1559  2562 I CAE     : display(ContextProvider.java:391) - ExtraDataArray=[1, 1, 55, 0, 11, 5, 6, 30, 0, 0, 0, -56, 3, -19, -122, 16]
01-22 19:18:44.998  1559  2562 I CAE     : parse(SLocationRunner.java:96) - SLocationRunner parse end:16
01-22 19:18:44.998  1559  1559 D PowerManagerNotifier: handleEarlyInteractiveChange: groupId=0 reason=17
01-22 19:18:44.998  7505  7532 V python  : extracting _python_bundle/site-packages/kivy/graphics/context.so
01-22 19:18:44.998  2814  2985 I KeyguardService: onStartedWakingUp pmWakeReason=17 powerButtonLaunchGestureTriggered=false
01-22 19:18:44.999  3059  3736 D SatelliteController: handleCmdUpdateNtnSignalStrengthReporting: ignore request, satellite is disabled
01-22 19:18:45.000  1559  2559 D SemContextService: Service.updateContext() : service = SLocation Core
01-22 19:18:45.000  1559  2954 D WifiDisplayAdapter: isFitToActiveDisplayLocked : false
01-22 19:18:45.000  3110  3110 D libnfc_nci: nfcManager_doSetScreenState: state = 4 prevScreenState= 2, discovry_param = 1
01-22 19:18:45.000  3110  3110 D libnfc_nci: nfcManager_doSetScreenOrPowerState: enter; screen state=0x2
01-22 19:18:45.000  3110  3110 D libnfc_nci: nfcManager_doSetScreenOrPowerState: NFC stack is closed. skip sending screen state
01-22 19:18:45.000  7505  7532 V python  : extracting _python_bundle/site-packages/kivy/graphics/context_instructions.so
01-22 19:18:45.000 17353 17353 I NearbyDiscovery: (REDACTED) FastPairDisplayObserver: %s -> %s
01-22 19:18:45.001 17353 17525 I NearbyDiscovery: (REDACTED) PureOffloadFastPairScanner: eventType=%s, isInternalReq=%s, isScanning=%s, isScanningAllowed=%s
01-22 19:18:45.001  2814  2985 I PluginAODManager: updateRefreshRate: acquire=false called=com.android.systemui.keyguard.KeyguardViewMediator$$ExternalSyntheticLambda62.accept:410 com.android.systemui.keyguard.KeyguardViewMediator.onStartedWakingUp:26 
01-22 19:18:45.002  1559  5893 D HintManagerService: SystemUI make new AppHintSession but force pause
01-22 19:18:45.002  1205  1256 I HYPER-HAL: [RequestManager.cpp]acquire(): Acquired ID : 123989098  [1213 / 184817]    HINT :      list : [TID_LOW_LATENCY / 0] [TID / 2950] [TID / 2951] [TID / 2913] [TID / 2952] 
01-22 19:18:45.003  1195  1195 I SensorsHub: queueBatch: handle=55 period=10000000 timeout=0
01-22 19:18:45.003  7505  7532 V python  : extracting _python_bundle/site-packages/kivy/graphics/fbo.so
01-22 19:18:45.004 28652 28670 E BluetoothScspManager: checkScspJob: not connected wifi
01-22 19:18:45.005  1559  5960 I RefreshRateTokenController: Removing refreshRateToken={ RefreshRateToken[->RefreshRateMaxLimitToken:PluginAODManager, mRefreshRate:30 acquire at 1865992748 (891056 ms ago)}, caller=com.android.server.display.mode.RefreshRateToken.release:5 com.samsung.android.hardware.display.IRefreshRateToken$Stub.onTransact:86 android.os.Binder.execTransactInternal:1462 android.os.Binder.execTransact:1401 <bottom of call stack> 
01-22 19:18:45.005  2814  2985 D PluginAODManager: updateRefreshRate disabled
01-22 19:18:45.005  2814  2985 D KeyguardViewMediator: onStartedWakingUp, seq = 9333, mPowerGestureIntercepted = false
01-22 19:18:45.005  2814  2985 D KeyguardViewMediator: notifyStartedWakingUp
01-22 19:18:45.005  2814  2814 D KeyguardViewMediator: handleMessage 14
01-22 19:18:45.005  2814  2814 D KeyguardViewMediator: handleNotifyWakingUp
01-22 19:18:45.005  2814  2814 D KeyguardViewMediator: KeyguardViewMediator queue processing message: NOTIFY_STARTED_WAKING_UP
01-22 19:18:45.005  2814  2814 D KeyguardViewMediator: setShowingLocked: notifyDefaultDisplayCallbacks=false showing=true aodShowing=false
01-22 19:18:45.005  2814  2814 D KeyguardFingerprint: shouldListenForFingerprint ( isFingerprintEnabled = false , mKeyguardIsVisible = true , mDeviceInteractive = true , mPrimaryBouncerIsOrWillBeShowing = false , mPrimaryBouncerFullyShown = false , mGoingToSleep = false , mSwitchingUser = false , mIsDreamingForBiometrics = false , mKeyguardUnlocking = false , mKeyguardGoingAway = true , mKeyguardShowing = true , mKeyguardOccluded = false , mSystemReady = true , mHasFocus = true
01-22 19:18:45.005  2814  2814 D KeyguardFingerprint: updateFingerprintListeningState#mFingerprintRunningState=0 shouldListenForFingerprint=false isUdfpsEnrolled=false bioType : 1
01-22 19:18:45.005  2814  2962 D KeyguardViewMediator: updateActivityLockScreenState(true, false, setDozing)
01-22 19:18:45.005  7505  7532 V python  : extracting _python_bundle/site-packages/kivy/graphics/gl_instructions.so
01-22 19:18:45.006  1204  1382 I display : Set Affinity config for fps(120) : cpuIDs : 1023
01-22 19:18:45.006  1204  1382 I display : Set Affinity CPU ID : 0
01-22 19:18:45.006  1204  1382 I display : Set Affinity CPU ID : 1
01-22 19:18:45.006  1204  1382 I display : Set Affinity CPU ID : 2
01-22 19:18:45.006  1204  1382 I display : Set Affinity CPU ID : 3
01-22 19:18:45.006  1204  1382 I display : Set Affinity CPU ID : 4
01-22 19:18:45.006  1204  1382 I display : Set Affinity CPU ID : 5
01-22 19:18:45.006  1204  1382 I display : Set Affinity CPU ID : 6
01-22 19:18:45.006  1204  1382 I display : Set Affinity CPU ID : 7
01-22 19:18:45.006  1204  1382 I display : Set Affinity CPU ID : 8
01-22 19:18:45.006  1204  1382 I display : Set Affinity CPU ID : 9
01-22 19:18:45.006  1204  1382 I display : Set affinity HWC : 1204
01-22 19:18:45.006  1559  5960 D BLASTSyncEngine: SyncGroup 37573: Set ready true, caller=com.android.server.wm.BLASTSyncEngine.setReady:32 com.android.server.wm.Transition.applyReady:54 com.android.server.wm.TransitionController.continueTransitionReady:20 com.android.server.wm.KeyguardController.updateDeferTransitionForAod:95 com.android.server.wm.KeyguardController.setKeyguardShown:87 com.android.server.wm.ActivityTaskManagerService$$ExternalSyntheticLambda13.accept:13 
01-22 19:18:45.006  1195  1195 I SensorsHub: queueActivate: handle 55 enable 1
01-22 19:18:45.006  1195  1195 I SensorsHub: LightSeamless_Sensor::setConfig fail to get persist.dm.passive.ambient_brightness
01-22 19:18:45.006  1559  2226 V InputMethodManagerService: IME window vis: 0 active: 0 visible: 0 displayId: 0
01-22 19:18:45.006  1195  1195 I SensorsHub: type : 55, enable : 1
01-22 19:18:45.006  1204  1382 D display : 	setPowerOn:configRequestState(1)
01-22 19:18:45.007  1559  5960 W PhoneWindowManager: lockNow pending, ignore updating lockscreen timeout
01-22 19:18:45.007  1559  5960 D SurfaceComposerClient: setCornerRadius ## bec5419 Splash Screen org.tkideneb2.zeiterfassung#497728 cornerRadius=0.000000
01-22 19:18:45.007  1559  5960 D SurfaceComposerClient: setCornerRadius ## d37c539 org.tkideneb2.zeiterfassung/org.kivy.android.PythonActivity#497725 cornerRadius=0.000000
01-22 19:18:45.007  1204  1382 D display : setPowerOn, Power on request done
01-22 19:18:45.007  7505  7532 V python  : extracting _python_bundle/site-packages/kivy/graphics/instructions.so
01-22 19:18:45.007  1204  1382 I display : Set Affinity config for fps(120) : cpuIDs : 1023
01-22 19:18:45.007  1559  2656 D BackgroundInstallControlService: Package event received: 0
01-22 19:18:45.007  1204  1382 I display : Set Affinity CPU ID : 0
01-22 19:18:45.007  1559  5960 D BLASTSyncEngine: SyncGroup 37573:  Unfinished container: ActivityRecord{254619014 u0 org.tkideneb2.zeiterfassung/org.kivy.android.PythonActivity t4624} mSyncState=2
01-22 19:18:45.007  1204  1382 I display : Set Affinity CPU ID : 1
01-22 19:18:45.007  1204  1382 I display : Set Affinity CPU ID : 2
01-22 19:18:45.007  1204  1382 I display : Set Affinity CPU ID : 3
01-22 19:18:45.007  1204  1382 I display : Set Affinity CPU ID : 4
01-22 19:18:45.007  1204  1382 I display : Set Affinity CPU ID : 5
01-22 19:18:45.007  1204  1382 I display : Set Affinity CPU ID : 6
01-22 19:18:45.007  1204  1382 I display : Set Affinity CPU ID : 7
01-22 19:18:45.007  1204  1382 I display : Set Affinity CPU ID : 8
01-22 19:18:45.007  1204  1382 I display : Set Affinity CPU ID : 9
01-22 19:18:45.007  1204  1382 I display : Set affinity HWC : 1204
01-22 19:18:45.007 28652 28920 I ScanManager: handleScreenOn()
01-22 19:18:45.007 28652 28920 I bt_shim_scanner: system/main/shim/le_scanning_manager.cc:418 BatchscanReadReports: in shim layer
01-22 19:18:45.007  1559  1599 W PhoneWindowManager: lockNow pending, ignore updating lockscreen timeout
01-22 19:18:45.007  1559  1599 D SurfaceComposerClient: setCornerRadius ## bec5419 Splash Screen org.tkideneb2.zeiterfassung#497728 cornerRadius=0.000000
01-22 19:18:45.007  1559  1599 D SurfaceComposerClient: setCornerRadius ## d37c539 org.tkideneb2.zeiterfassung/org.kivy.android.PythonActivity#497725 cornerRadius=0.000000
01-22 19:18:45.007  1559  1599 D BLASTSyncEngine: SyncGroup 37573:  Unfinished container: ActivityRecord{254619014 u0 org.tkideneb2.zeiterfassung/org.kivy.android.PythonActivity t4624} mSyncState=2
01-22 19:18:45.008  1559  1598 D SensorManager: registerListener :: 55, Light Seamless Sensor, 250000, 0, com.android.server.display.mode.DisplayModeDirector$BrightnessObserver$LightSensorEventListener@9eef9ff
01-22 19:18:45.008  1559  1598 D BrightnessSynchronizer: onDisplayChanged() : displayId=0
01-22 19:18:45.008  1559  1598 D BrightnessSynchronizer: updateScreenBrightness: displayId=0 type=2 mPreferredSettingValue=0.34901962(89) currentBrightnessInt=89 currentBrightnessIntFromFloat=89(0.34901962)
01-22 19:18:45.008  1559  1598 D BrightnessSynchronizer: onChange : content://settings/system/screen_brightness
01-22 19:18:45.008  1559  1598 D BrightnessSynchronizer: updateScreenBrightness: displayId=0 type=1 mPreferredSettingValue=0.34901962(89) currentBrightnessInt=89 currentBrightnessIntFromFloat=89(0.34901962)
01-22 19:18:45.008  1248  1248 I SurfaceFlinger: Force repainting for DOZE_SUSPEND -> DOZE or ON.
01-22 19:18:45.008  1248  1248 D SurfaceFlinger: Finished setting power mode 2 on physical display 4633128672291736003
01-22 19:18:45.008  1248  1402 D Scheduler: displayPowerTimerCallback ExpiredDisplayPowerTimer: 0
01-22 19:18:45.009  1559  7558 I SemInputMotionHelper: setMotionControl: ALL: 12, client=com.samsung.android.hardware.secinputdev.SemInputDeviceManager, ret=0
01-22 19:18:45.009  1559  2735 D PowerManagerUtil: [4732][T:  40]  [Caller: 0] [WMS:  0] [DSL: 0] [Panel: 26] [Frame: -1]
01-22 19:18:45.009  1559  2735 W LocalDisplayAdapter: !@display_state - 1722 : ON (MAIN) took 27 ms
01-22 19:18:45.009  1195  1195 I SensorsHub: queueBatch: handle=27 period=20000000 timeout=0
01-22 19:18:45.009  1559  2735 D SemInputDeviceManagerService: setDisplayState[1] LATE: ON(2) -> ON(2)
01-22 19:18:45.009  1174  1174 D Zygote  : Forked child process 7567
01-22 19:18:45.009  1559  7558 D SemInputDeviceManager: setProperty: (100) CMD,SIP,0
01-22 19:18:45.009  1559  7558 I SemInputCommandService: setPropertyAllTouch: SIP,0 retDefault=1 retExtra=-2
01-22 19:18:45.009  1559  7558 D TspStateManager: wrote command: cmd=0, type=5
01-22 19:18:45.009  1248  1248 I SurfaceFlinger: [Display 0 name="Integrierter Bildschirm"#49] setFrameRateCategory: High
01-22 19:18:45.009  7505  7532 V python  : extracting _python_bundle/site-packages/kivy/graphics/opengl.so
01-22 19:18:45.009  1248  1248 I SurfaceFlinger: [bec5419 Splash Screen org.tkideneb2.zeiterfassung#497728] attach to parent LayerHierarchy{RequestedLayerState{ActivityRecord{254619014 u0 org.tkideneb2.zeiterfassung/org.kivy.android.PythonActivity t4624}#497722 parentId=497721} 2 children}
01-22 19:18:45.010  1559  2141 I WindowManager: Relayout Window{d37c539 u0 org.tkideneb2.zeiterfassung/org.kivy.android.PythonActivity}: viewVisibility=0 req=1440x3120 ty=1 d0
01-22 19:18:45.010  6627  6627 I HBD     : d inset is lower than 0 
01-22 19:18:45.010  1248  2404 I SurfaceFlinger: id=497729 createSurf, flag=44004, org.tkideneb2.zeiterfassung/org.kivy.android.PythonActivity$_7505#497729
01-22 19:18:45.010  1559  2141 D WindowManager: makeSurface duration=1 name=org.tkideneb2.zeiterfassung/org.kivy.android.PythonActivity$_7505
01-22 19:18:45.010  1559  2141 D SurfaceComposerClient: setCornerRadius ## d37c539 org.tkideneb2.zeiterfassung/org.kivy.android.PythonActivity#497725 cornerRadius=0.000000
01-22 19:18:45.010  1559  2141 W PhoneWindowManager: lockNow pending, ignore updating lockscreen timeout
01-22 19:18:45.010  1559  2141 D SurfaceComposerClient: setCornerRadius ## bec5419 Splash Screen org.tkideneb2.zeiterfassung#497728 cornerRadius=0.000000
01-22 19:18:45.010  1559  2141 D SurfaceComposerClient: setCornerRadius ## d37c539 org.tkideneb2.zeiterfassung/org.kivy.android.PythonActivity#497725 cornerRadius=0.000000
01-22 19:18:45.010  2814  2814 D SubscreenNotificationListCoordinator: onAfterRenderList() isSubScreen = false, pluginLockMode = 0, doNotShowOnCover = false
01-22 19:18:45.010  1559  2141 D BLASTSyncEngine: SyncGroup 37573:  Unfinished container: ActivityRecord{254619014 u0 org.tkideneb2.zeiterfassung/org.kivy.android.PythonActivity t4624} mSyncState=2
01-22 19:18:45.011  2814  2814 I SecKeyguardClockPositionAlgorithm: prepareClockContainerHeightChanging:
01-22 19:18:45.011  3244  3244 I VRI[RecentsActivity]@2d7b28d: onDisplayChanged oldDisplayState=4 newDisplayState=2
01-22 19:18:45.011  3244  3244 I VRI[CocktailBarService]@bb5dd7a: onDisplayChanged oldDisplayState=4 newDisplayState=2
01-22 19:18:45.011  2814  2814 I PluginFaceWidgetManager: isEditMode = false
01-22 19:18:45.011  3244  3244 I VRI[LauncherActivity]@647f595: onDisplayChanged oldDisplayState=4 newDisplayState=2
01-22 19:18:45.011  2814  2814 I NowBarItemManager: getVisibleList isScreenTurnedOn = false / aodShowState false shouldControlScreenOff false visibleList size = 0
01-22 19:18:45.011 30801 30801 I BSS_SysUiManager: handleMessage = 3, 45161951, 2
01-22 19:18:45.011 30801 30801 I BSS_SysUiManager: handleMessage = 2, 45161951, 0
01-22 19:18:45.011  2814  2814 I SecKeyguardClockPositionAlgorithm: prepareClockContainerHeightChanging:
01-22 19:18:45.011  2814  2814 I PluginFaceWidgetManager: isEditMode = false
01-22 19:18:45.011  2814  2814 I NowBarItemManager: getVisibleList isScreenTurnedOn = false / aodShowState false shouldControlScreenOff false visibleList size = 0
01-22 19:18:45.011  1559  4286 D FingerprintService.Ext: handleBioSysUiRequest: 3, 0, 0, null
01-22 19:18:45.012 30801 30819 I BLASTBufferQueue: [VRI[FP Iconview]@97f2e43#2](f:0,a:3,s:0) onFrameAvailable-start syncTransactionSet=false
01-22 19:18:45.012 30801 30819 I BLASTBufferQueue: [VRI[FP Iconview]@97f2e43#2](f:0,a:3,s:0) onFrameAvailable framenumber=5 syncTransactionSet=false
01-22 19:18:45.012 30801 30819 I BLASTBufferQueue: [VRI[FP Iconview]@97f2e43#2](f:1,a:3,s:0) onFrameAvailable framenumber=5 syncTransactionSet=false
01-22 19:18:45.012 30801 30819 I BLASTBufferQueue: [VRI[FP Iconview]@97f2e43#2](f:0,a:4,s:0) mergePendingTransactions t: 132289287684165, frameNumber: 5
01-22 19:18:45.013  7505  7532 V python  : extracting _python_bundle/site-packages/kivy/graphics/opengl_utils.so
01-22 19:18:45.013 30801 30819 I BLASTBufferQueue: [VRI[FP Iconview]@97f2e43#2](f:0,a:4,s:0) acquireNextBufferLocked size=1454x3134 mFrameNumber=5 applyTransaction=true mTimestamp=1866883812435969(auto) mPendingTransactions.size=0 graphicBufferId=132289287684108 transform=0
01-22 19:18:45.013  1204  1382 I display : Current VRR MODE is 1
01-22 19:18:45.013  1204  1382 I display : setActiveConfigWithConstraints:: HFR match - config: 12, base: 12, try: 0
01-22 19:18:45.013  1204  1382 I display : setActiveConfigWithConstraints::update 1440x3120@30hs
01-22 19:18:45.013  2814  2944 D KeyguardTransitionRepository: (Internal) Setting current transition info: TransitionInfo(ownerName=FromDozingTransitionInteractor(biometric wake and unlock), from=DOZING, to=GONE, animated)
01-22 19:18:45.013  1559  2735 D LocalDisplayAdapter: notifyStateChangeFinish: com.samsung.android.hardware.secinputdev.external.DisplayStateListenerWrapper$1@7ec35c8 took 4 ms
01-22 19:18:45.013  1559  2735 D LocalDisplayAdapter: notifyStateChangeFinish: com.android.server.biometrics.SemBiometricDisplayStateMonitor@4581368 took 0 ms
01-22 19:18:45.013  1559  2735 D RefreshRateModeManager: DisplayStateListener#onFinish, isPowerModeOn=true, displayType=1
01-22 19:18:45.013  1559  2735 D LocalDisplayAdapter: notifyStateChangeFinish: com.android.server.display.mode.RefreshRateModeManager$1@7af001f took 0 ms
01-22 19:18:45.013  2814  2814 I BLASTBufferQueue_Java: update, w= 1440 h= 168 mName = VRI[NavigationBar0]@7074a40 mNativeObject= 0xb400006e37138240 sc.mNativeObject= 0xb400006db703ea90 format= -3 caller= android.view.ViewRootImpl.updateBlastSurfaceIfNeeded:3574 android.view.ViewRootImpl.relayoutWindow:11685 android.view.ViewRootImpl.performTraversals:4804 android.view.ViewRootImpl.doTraversal:3924 android.view.ViewRootImpl$TraversalRunnable.run:12903 android.view.Choreographer$CallbackRecord.run:1901 
01-22 19:18:45.013  1559  2735 D LocalDisplayAdapter: surface lcd : 89(0.070), 89(0.070), main +
01-22 19:18:45.013  1559  2553 I SemBiometricDisplayStateMonitor: DisplayStateListener#onFinish : ON, ON, DEFAULT_DISPLAY
01-22 19:18:45.013  2814  2814 I VRI[NavigationBar0]@7074a40: Relayout returned: old=(0,2952,1440,3120) new=(0,2952,1440,3120) relayoutAsync=true req=(1440,168)0 dur=0 res=0x0 s={true 0xb400006d47136760} ch=false seqId=4891
01-22 19:18:45.014  1195  1195 I SensorsHub: queueActivate: handle 27 enable 1
01-22 19:18:45.014  1195  1195 I SensorsHub: type : 27, enable : 1
01-22 19:18:45.014  7505  7532 V python  : extracting _python_bundle/site-packages/kivy/graphics/scissor_instructions.so
01-22 19:18:45.014  2814  2814 I VRI[NavigationBar0]@7074a40: registerCallbackForPendingTransactions
01-22 19:18:45.014  2814  2814 D NavBarStateManager: NavBarStates(0) canUseNavBarBackgroundFrame: false
01-22 19:18:45.015  1559  4286 I DreamManagerService: Leaving dreamland.
01-22 19:18:45.015  1559  4286 D PowerManagerService: [api] release WakeLock DOZE_WAKE_LOCK                    'dream:doze' ACQ=-14m51s498ms (uid=1000 pid=1559 displayId=0 lock=ee1e6)
01-22 19:18:45.015  2814  2814 D BrightnessControllerObserver: BrightnessObserver.onChange() : auto_brightness_transition_time
01-22 19:18:45.015  2814  2814 D BrightnessControllerObserver: BrightnessObserver.onChange() : auto_brightness_transition_time
01-22 19:18:45.015  2814  2814 D DisplayLifecycle: updateDisplay id = 0
01-22 19:18:45.015  2814  2814 I Keyguard.AODTouchModeManager: onDisplayChanged newDisplayState=2, currentDisplayState=4, displayId=0
01-22 19:18:45.015  2814  2814 I AODTriggers: onAODEventDispatched = 4 / eventData = aod.e0@36c8366
01-22 19:18:45.015  2814  2814 I AOD_LIVE_CLOCK@LiveClockController: updateDisplayState: DISPLAY_STATE_ON
01-22 19:18:45.015  2814  2814 I VRI[LockscreenShortcutBlur]@1c270b7: onDisplayChanged oldDisplayState=4 newDisplayState=2
01-22 19:18:45.015  2814  2814 I VRI[NavigationBar0]@7074a40: onDisplayChanged oldDisplayState=4 newDisplayState=2
01-22 19:18:45.016  2814  2814 I VRI[NotificationShade]@aa1a57e: onDisplayChanged oldDisplayState=4 newDisplayState=2
01-22 19:18:45.016  2814  2814 I VRI[StatusBar]@2962aad: onDisplayChanged oldDisplayState=4 newDisplayState=2
01-22 19:18:45.016  2814  2814 I VRI[Bouncer]@6595895: onDisplayChanged oldDisplayState=4 newDisplayState=2
01-22 19:18:45.016  7505  7532 V python  : extracting _python_bundle/site-packages/kivy/graphics/shader.so
01-22 19:18:45.016  1559  1596 D SensorManager: registerListener :: 27, Device Orientataion, 20000, 0, com.android.server.wm.WindowOrientationListener$OrientationSensorJudge@752b746
01-22 19:18:45.016  2814  2814 D KeyguardFingerprint: shouldListenForFingerprint ( isFingerprintEnabled = false , mKeyguardIsVisible = true , mDeviceInteractive = true , mPrimaryBouncerIsOrWillBeShowing = false , mPrimaryBouncerFullyShown = false , mGoingToSleep = false , mSwitchingUser = false , mIsDreamingForBiometrics = false , mKeyguardUnlocking = false , mKeyguardGoingAway = true , mKeyguardShowing = true , mKeyguardOccluded = false , mSystemReady = true , mHasFocus = true
01-22 19:18:45.016  2814  2814 D KeyguardFingerprint: updateFingerprintListeningState#mFingerprintRunningState=0 shouldListenForFingerprint=false isUdfpsEnrolled=false bioType : 1
01-22 19:18:45.016  1195  1318 I SensorsHub: DeviceOrientation(0): event = 255, time = 2541830040409609
01-22 19:18:45.016  2814  2814 D PickupController: onStartedWakingUp() 
01-22 19:18:45.016  1195  1195 I SensorsHub: queueActivate: handle 36 enable 0
01-22 19:18:45.016  1195  1195 I SensorsHub: type : 36, enable : 0
01-22 19:18:45.016  1559  1596 D WindowOrientationListener: onSensorChanged device orientation: -1
01-22 19:18:45.016  2814  2962 I KeyguardViewMediator: setLockScreenShown true false
01-22 19:18:45.016  2814  2962 D KeyguardViewMediator: updateSALogging 17
01-22 19:18:45.016  2814  2962 D SystemUIAnalytics: sendEventLog LSE1062, SID_KEYGUARD_NORMAL, EID_SHOW_LOCKSCREEN, 5
01-22 19:18:45.017  2814  2962 D SamsungAnalytics605073: sendLog
01-22 19:18:45.017  2814  2814 D SensorManager: unregisterListener
01-22 19:18:45.017  2814  2814 I SensorController: unregister
01-22 19:18:45.017  2814  2814 D PluginLockMediatorImpl: onStartedWakingUp: reason = 7
01-22 19:18:45.017  2814  2814 I DymLock|DynamicLockManager: onStartedWakingUp : dls_state = 2
01-22 19:18:45.017  2814  2814 I LockscreenNotificationIconsOnlyController: onNotificationInfoUpdated 2
01-22 19:18:45.018 28652 28841 W BluetoothMetricsLogger: count is not larger than 0. count: 0 key: 120302
01-22 19:18:45.018 28652 28841 W BluetoothMetricsLogger: count is not larger than 0. count: 0 key: 120305
01-22 19:18:45.018  2814  2814 I AODNotificationManager: updateNotification() 
01-22 19:18:45.018  7505  7532 V python  : extracting _python_bundle/site-packages/kivy/graphics/stencil_instructions.so
01-22 19:18:45.018  2814  2814 D PluginAODManager: onNotificationInfoUpdated() 2
01-22 19:18:45.018  2814  2814 D PluginAODManager: onNotificationInfoUpdated() 0|com.bumble.app|1|SINGLE_MESSAGES-2291966350|10461
01-22 19:18:45.018  2814  2814 D PluginAODManager: onNotificationInfoUpdated() -1|android|27|null|1000
01-22 19:18:45.018  2814  2814 I AODNotificationManager: updateVisibleNotifications: 2
01-22 19:18:45.018  2814  2814 D BackActionInteractor: registerBackCallback
01-22 19:18:45.019  2814  2814 D BriefViewController: [BriefLog]_isScreenOn true
01-22 19:18:45.019  7505  7532 V python  : extracting _python_bundle/site-packages/kivy/graphics/svg.so
01-22 19:18:45.020  1559  2141 V WindowManager: rotationForOrientation(orient=SCREEN_ORIENTATION_PORTRAIT (1), last=ROTATION_0 (0)); user=ROTATION_0 (0) 
01-22 19:18:45.020  1559  2141 D WindowManager: rotationForOrientation, orientationSource=ActivityRecord{254619014 u0 org.tkideneb2.zeiterfassung/org.kivy.android.PythonActivity t4624}
01-22 19:18:45.020  1559  2141 V WindowManager: Computed rotation=ROTATION_0 (0) for display id=0 based on lastOrientation=SCREEN_ORIENTATION_PORTRAIT (1) and oldRotation=ROTATION_0 (0), caller=com.android.server.wm.DisplayRotation.updateOrientation:79 com.android.server.wm.DisplayContent.updateOrientation:41 com.android.server.wm.DisplayContent.updateOrientation:1 com.android.server.wm.WindowManagerService.relayoutWindow:1403 com.android.server.wm.Session.relayout:27 android.view.IWindowSession$Stub.onTransact:829 
01-22 19:18:45.021  1559  2141 I WindowManager: Relayout hash=d37c539, pid=7505, syncId=-1: mAttrs={(0,0)(fillxfill) sim={adjust=pan} ty=BASE_APPLICATION wanim=0x1030001
01-22 19:18:45.021  1559  2141 I WindowManager:   fl=1810100
01-22 19:18:45.021  1559  2141 I WindowManager:   pfl=100080c0
01-22 19:18:45.021  1559  2141 I WindowManager:   bhv=1
01-22 19:18:45.021  1559  2141 I WindowManager:   fitSides=0
01-22 19:18:45.021  1559  2141 I WindowManager:   frameRateBoostOnTouch=true
01-22 19:18:45.021  1559  2141 I WindowManager:   dvrrWindowFrameRateHint=true naviIconColor=0}
01-22 19:18:45.022  1248  1248 E Scheduler: trackPendingFrame: Invalid present fence
01-22 19:18:45.023  1248  1248 I SurfaceFlinger: SF setDisplayBrightness(4633128672291736003): display(0.069804, 128.000000 Nits), sdr(0.069804, 128.000000 Nits) dimmingRatio: 1.000000
01-22 19:18:45.023  1204  1280 I display : Set Affinity config for fps(60) : cpuIDs : 1023
01-22 19:18:45.023  1204  1280 I display : Set Affinity CPU ID : 0
01-22 19:18:45.023  1204  1280 I display : Set Affinity CPU ID : 1
01-22 19:18:45.023  1204  1280 I display : Set Affinity CPU ID : 2
01-22 19:18:45.023  1204  1280 I display : Set Affinity CPU ID : 3
01-22 19:18:45.023  1248  2404 I VSyncReactor: Current= 30, Period= 30, Distance= 0
01-22 19:18:45.023  1204  1280 I display : Set Affinity CPU ID : 4
01-22 19:18:45.023  1204  1280 I display : Set Affinity CPU ID : 5
01-22 19:18:45.023  1204  1280 I display : Set Affinity CPU ID : 6
01-22 19:18:45.023  1204  1280 I display : Set Affinity CPU ID : 7
01-22 19:18:45.023  1204  1280 I display : Set Affinity CPU ID : 8
01-22 19:18:45.023  1204  1280 I display : Set Affinity CPU ID : 9
01-22 19:18:45.023  1204  1280 I display : Set affinity HWC : 1204
01-22 19:18:45.024  1559  6879 I WindowManager: Relayout Window{bec5419 u0 Splash Screen org.tkideneb2.zeiterfassung}: viewVisibility=0 req=1440x3120 ty=3 d0
01-22 19:18:45.024  1248  2404 I SurfaceFlinger: id=497730 createSurf, flag=44004, Splash Screen org.tkideneb2.zeiterfassung$_2814#497730
01-22 19:18:45.024  1559  6879 D WindowManager: makeSurface duration=0 name=Splash Screen org.tkideneb2.zeiterfassung$_2814
01-22 19:18:45.024  1559  6879 D SurfaceComposerClient: setCornerRadius ## bec5419 Splash Screen org.tkideneb2.zeiterfassung#497728 cornerRadius=0.000000
01-22 19:18:45.024  1559  6879 D SurfaceComposerClient: setCornerRadius ## d37c539 org.tkideneb2.zeiterfassung/org.kivy.android.PythonActivity#497725 cornerRadius=0.000000
01-22 19:18:45.025  1559  6879 W PhoneWindowManager: lockNow pending, ignore updating lockscreen timeout
01-22 19:18:45.025  1559  6879 D SurfaceComposerClient: setCornerRadius ## bec5419 Splash Screen org.tkideneb2.zeiterfassung#497728 cornerRadius=0.000000
01-22 19:18:45.025  1559  6879 D SurfaceComposerClient: setCornerRadius ## d37c539 org.tkideneb2.zeiterfassung/org.kivy.android.PythonActivity#497725 cornerRadius=0.000000
01-22 19:18:45.025  1559  6879 D BLASTSyncEngine: SyncGroup 37573:  Unfinished container: ActivityRecord{254619014 u0 org.tkideneb2.zeiterfassung/org.kivy.android.PythonActivity t4624} mSyncState=2
01-22 19:18:45.025  1559  1598 I RefreshRateModeManager: Schedule to change allowedModes=baseModeId=1 allowGroupSwitching=false primary=physical: (10.0 120.0) render:  (0.0 120.0) appRequest=physical: (10.0 120.0) render:  (0.0 120.0) idleScreenRefreshRateConfig=null, mDisplayToken=android.os.BinderProxy@eaa04c8
01-22 19:18:45.025  1559  1598 I RefreshRateModeManager:     -1:
01-22 19:18:45.025  1559  1598 I RefreshRateModeManager:       PRIORITY_REFRESH_RATE_MODE -> CombinedVote{ mVotes=[PhysicalVote{ RefreshRateVote{  mMinRefreshRate=10.0, mMaxRefreshRate=120.0 } }, DisableRefreshRateSwitchingVote{ mDisableRefreshRateSwitching=false }] }
01-22 19:18:45.025  1559  1598 I RefreshRateModeManager:     0:
01-22 19:18:45.025  1559  1598 I RefreshRateModeManager:       PRIORITY_USER_SETTING_PEAK_RENDER_FRAME_RATE -> RenderVote{ RefreshRateVote{  mMinRefreshRate=0.0, mMaxRefreshRate=120.0 } }
01-22 19:18:45.025  1559  1598 I RefreshRateModeManager:       PRIORITY_RESOLUTION -> SizeVote{ mWidth=1440, mHeight=3120, mMinWidth=1440, mMinHeight=3120 }
01-22 19:18:45.025  1559  1598 I RefreshRateModeManager:       PRIORITY_USER_SETTING_PEAK_REFRESH_RATE -> CombinedVote{ mVotes=[PhysicalVote{ RefreshRateVote{  mMinRefreshRate=0.0, mMaxRefreshRate=120.0 } }, DisableRefreshRateSwitchingVote{ mDisableRefreshRateSwitching=false }] }
01-22 19:18:45.025  1559  1598 I RefreshRateModeManager:       PRIORITY_USER_SETTING_DISPLAY_PREFERRED_SIZE -> SizeVote{ mWidth=1440, mHeight=3120, mMinWidth=1440, mMinHeight=3120 }
01-22 19:18:45.025  1559  1598 I RefreshRateModeManager:       PRIORITY_USER_SETTING_MIN_RENDER_FRAME_RATE -> RenderVote{ RefreshRateVote{  mMinRefreshRate=0.0, mMaxRefreshRate=Infinity } }
01-22 19:18:45.025  1559  1598 I RefreshRateModeManager: 
01-22 19:18:45.025  1559  1598 I RefreshRateModeManager:  mModeSwitchingType: SWITCHING_TYPE_WITHIN_GROUPS mAlwaysRespectAppRequest: false
01-22 19:18:45.025  1559  1598 I RefreshRateModeManager:  Current Mode mReportedRefreshRateMode(toSurfaceFlinger)=REFRESH_RATE_MODE_SEAMLESS, mRefreshRateMode(fromSettings)=REFRESH_RATE_MODE_SEAMLESS
01-22 19:18:45.025  1559  1598 I RefreshRateModeManager:  BrightnessState mPassive=false, PassiveModeToken=false, mLfd=0, mBrightness=89, mAmbientLux=-1.0, mIsWirelessCharing=false
01-22 19:18:45.026  1559  6879 I WindowManager: Relayout hash=bec5419, pid=2814, syncId=-1: mAttrs={(0,0)(fillxfill) sim={adjust=pan} ty=APPLICATION_STARTING fmt=TRANSLUCENT wanim=0x1030001
01-22 19:18:45.026  1559  6879 I WindowManager:   fl=81030118
01-22 19:18:45.026  1559  6879 I WindowManager:   pfl=10000010
01-22 19:18:45.026  1559  6879 I WindowManager:   bhv=1
01-22 19:18:45.026  1559  6879 I WindowManager:   fitSides=0
01-22 19:18:45.026  1559  6879 I WindowManager:   frameRateBoostOnTouch=true
01-22 19:18:45.026  1559  6879 I WindowManager:   dvrrWindowFrameRateHint=true naviIconColor=0}
01-22 19:18:45.026  2814  2913 I VRI[zeiterfassung]@90ce889: onActiveControlsChanged, removed=false, mAdded=true, caller=android.view.ViewRootImpl.handleInsetsControlChanged:3002 android.view.ViewRootImpl.relayoutWindow:11629 android.view.ViewRootImpl.performTraversals:4804 android.view.ViewRootImpl.doTraversal:3924 android.view.ViewRootImpl$TraversalRunnable.run:12903 
01-22 19:18:45.026  7505  7532 V python  : extracting _python_bundle/site-packages/kivy/graphics/tesselator.so
01-22 19:18:45.026  1559  2955 D CoreBackPreview: Window{bec5419 u0 Splash Screen org.tkideneb2.zeiterfassung}: Setting back callback OnBackInvokedCallbackInfo{mCallback=android.window.IOnBackInvokedCallback$Stub$Proxy@457b5af, mPriority=0, mIsAnimationCallback=false, mOverrideBehavior=0}
01-22 19:18:45.028 30801 30810 I BLASTBufferQueue: [VRI[FP Iconview]@97f2e43#2](f:0,a:4,s:0) releaseBufferCallback bufferId:132289287684107 framenumber:2 layerId:497727
01-22 19:18:45.029 30801 30810 I BLASTBufferQueue: [VRI[FP Iconview]@97f2e43#2](f:0,a:3,s:0) released bufferId:132289287684107 framenumber:2 layerId:497727
01-22 19:18:45.029 30801 30810 I BLASTBufferQueue: [VRI[FP Iconview]@97f2e43#2](f:0,a:3,s:0) Can't acquire next buffer. No available frames
01-22 19:18:45.029 30801 30810 I BLASTBufferQueue: [VRI[FP Iconview]@97f2e43#2](f:0,a:3,s:0) transactionCallback
01-22 19:18:45.029 30801 30810 I BLASTBufferQueue: [VRI[FP Iconview]@97f2e43#2](f:0,a:3,s:0) updated mTransformHint=0
01-22 19:18:45.029  1559  2735 D LocalDisplayAdapter: surface lcd : 89(0.070), 89(0.070), main -
01-22 19:18:45.029  7505  7532 V python  : extracting _python_bundle/site-packages/kivy/graphics/texture.so
01-22 19:18:45.029  1559  1835 D DisplayPowerController[0]: setActualDisplayState: DOZE_SUSPEND -> ON
01-22 19:18:45.029  1559  1835 D DisplayPowerController[0]: [ew] false
01-22 19:18:45.029  1559  1835 D DisplayPowerController[0]: [ew] clearEnableRequestTimeout -
01-22 19:18:45.029  1559  1835 D DisplayPowerController[0]: animateScreenStateChange: target=ON, mIsEnabled=true
01-22 19:18:45.029  1559  1835 D DisplayPowerController[0]: [ew] releaseSuspendBlocker: -
01-22 19:18:45.029 17353 17525 I NearbyDiscovery: (REDACTED) ApFastPairScanner: isScreenOn=%s, isLocationEnabled=%s, disableLocationRequirement=%s, isDiscoveryScanningEnabled=%s, during24GhzWifiWarmingUpPeriod=%s
01-22 19:18:45.030  1559  1835 D DisplayPowerController[0]: animateScreenStateChange: target=ON, mIsEnabled=true
01-22 19:18:45.030  1559  1835 D PowerManagerService: displayReady: true groupId=0
01-22 19:18:45.030  1559  1835 D PowerManagerService: Setting HAL interactive mode to true
01-22 19:18:45.030 17353 17525 D BluetoothAdapter: isLeEnabled(): ON
01-22 19:18:45.030 17353 17525 I NearbyDiscovery: (REDACTED) ApFastPairScanner: eventType=%s, intReq=%s, scanning=%s, scanAllowed=%s, bleEnabled=%s, lockScanRate=%s, startScanningByLowPowerMode=%s
01-22 19:18:45.030  1559  2955 I WindowManager: Relayout Window{bb05b8a u0 NavigationBar0}: viewVisibility=0 req=1440x168 ty=2019 d0
01-22 19:18:45.031  1559  2955 D SurfaceComposerClient: setCornerRadius ## bec5419 Splash Screen org.tkideneb2.zeiterfassung#497728 cornerRadius=0.000000
01-22 19:18:45.031  1559  2955 D SurfaceComposerClient: setCornerRadius ## d37c539 org.tkideneb2.zeiterfassung/org.kivy.android.PythonActivity#497725 cornerRadius=0.000000
01-22 19:18:45.032  7505  7505 I BLASTBufferQueue_Java: new BLASTBufferQueue, mName= VRI[PythonActivity]@84872f0 mNativeObject= 0xb400006e370d4c10 caller= android.view.ViewRootImpl.updateBlastSurfaceIfNeeded:3585 android.view.ViewRootImpl.relayoutWindow:11685 android.view.ViewRootImpl.performTraversals:4804 android.view.ViewRootImpl.doTraversal:3924 android.view.ViewRootImpl$TraversalRunnable.run:12903 android.view.Choreographer$CallbackRecord.run:1901 android.view.Choreographer$CallbackRecord.run:1910 android.view.Choreographer.doCallbacks:1367 android.view.Choreographer.doFrame:1292 android.view.Choreographer$FrameDisplayEventReceiver.run:1870 
01-22 19:18:45.032  1559  2955 W PhoneWindowManager: lockNow pending, ignore updating lockscreen timeout
01-22 19:18:45.032  7505  7505 I BLASTBufferQueue_Java: update, w= 1440 h= 3120 mName = VRI[PythonActivity]@84872f0 mNativeObject= 0xb400006e370d4c10 sc.mNativeObject= 0xb400006db7012bd0 format= -1 caller= android.view.ViewRootImpl.updateBlastSurfaceIfNeeded:3590 android.view.ViewRootImpl.relayoutWindow:11685 android.view.ViewRootImpl.performTraversals:4804 android.view.ViewRootImpl.doTraversal:3924 android.view.ViewRootImpl$TraversalRunnable.run:12903 android.view.Choreographer$CallbackRecord.run:1901 
01-22 19:18:45.032  1559  2955 D SurfaceComposerClient: setCornerRadius ## bec5419 Splash Screen org.tkideneb2.zeiterfassung#497728 cornerRadius=0.000000
01-22 19:18:45.032  1559  2955 D SurfaceComposerClient: setCornerRadius ## d37c539 org.tkideneb2.zeiterfassung/org.kivy.android.PythonActivity#497725 cornerRadius=0.000000
01-22 19:18:45.032  7505  7505 I VRI[PythonActivity]@84872f0: Relayout returned: old=(0,0,1440,3120) new=(0,0,1440,3120) relayoutAsync=false req=(1440,3120)0 dur=22 res=0x3 s={true 0xb400006d47039ca0} ch=true seqId=0
01-22 19:18:45.032  3631  3694 I EPDG -- SIM0 IwlanNetworkService: requestNetworkRegistrationInfo for domain 2
01-22 19:18:45.032  1559  2955 D BLASTSyncEngine: SyncGroup 37573:  Unfinished container: ActivityRecord{254619014 u0 org.tkideneb2.zeiterfassung/org.kivy.android.PythonActivity t4624} mSyncState=2
01-22 19:18:45.032  2814  2950 I VRI[NavigationBar0]@7074a40: mWNT: t=0xb400006ec7415050 mBlastBufferQueue=0xb400006e37138240 fn= 960201 HdrRenderState mRenderHdrSdrRatio=1.0 caller= android.view.ViewRootImpl$10.onFrameDraw:6536 android.view.ViewRootImpl$4.onFrameDraw:2489 android.view.ThreadedRenderer$1.onFrameDraw:718 
01-22 19:18:45.032  7505  7505 I VRI[PythonActivity]@84872f0: performConfigurationChange setNightDimText nightDimLevel=0
01-22 19:18:45.033  7505  7505 D VRI[PythonActivity]@84872f0: mThreadedRenderer.initialize() mSurface={isValid=true 0xb400006d47039ca0} hwInitialized=true
01-22 19:18:45.033  2814  2814 D NowBarController: [BriefLog]_do not updateRemoteNowBar: showing false
01-22 19:18:45.033  2814  2814 I KeyguardTransitionRepository: STARTED transition: TransitionStep(from=DOZING, to=GONE, value=0.0, transitionState=STARTED, ownerName=FromDozingTransitionInteractor(biometric wake and unlock))
01-22 19:18:45.033  7505  7505 D VRI[PythonActivity]@84872f0: reportNextDraw android.view.ViewRootImpl.performTraversals:5443 android.view.ViewRootImpl.doTraversal:3924 android.view.ViewRootImpl$TraversalRunnable.run:12903 android.view.Choreographer$CallbackRecord.run:1901 android.view.Choreographer$CallbackRecord.run:1910 
01-22 19:18:45.033  7505  7505 D VRI[PythonActivity]@84872f0: Setup new sync=wmsSync-VRI[PythonActivity]@84872f0#2
01-22 19:18:45.033  7505  7505 I VRI[PythonActivity]@84872f0: Creating new active sync group VRI[PythonActivity]@84872f0#3
01-22 19:18:45.033  7505  7505 D VRI[PythonActivity]@84872f0: Start draw after previous draw not visible
01-22 19:18:45.033  7505  7532 V python  : extracting _python_bundle/site-packages/kivy/graphics/transformation.so
01-22 19:18:45.033  3631  3871 I EPDG -- SIM0 IwlanNetworkService: Calling onRequestNetworkRegistrationInfoComplete.resultCode = 0, netState = NetworkRegistrationInfo{ domain=PS transportType=WLAN registrationState=UNKNOWN networkRegistrationState=UNKNOWN roamingType=NOT_ROAMING accessNetworkTechnology=IWLAN rejectCause=0 emergencyEnabled=false availableServices=[] cellIdentity=null voiceSpecificInfo=null dataSpecificInfo=null nrState=**** rRplmn= isUsingCarrierAggregation=false isNonTerrestrialNetwork=TERRESTRIAL}
01-22 19:18:45.033  7505  7505 D VRI[PythonActivity]@84872f0: registerCallbacksForSync syncBuffer=false
01-22 19:18:45.034  2814  2913 I BLASTBufferQueue_Java: new BLASTBufferQueue, mName= VRI[zeiterfassung]@90ce889 mNativeObject= 0xb400006e378e2c70 caller= android.view.ViewRootImpl.updateBlastSurfaceIfNeeded:3585 android.view.ViewRootImpl.relayoutWindow:11685 android.view.ViewRootImpl.performTraversals:4804 android.view.ViewRootImpl.doTraversal:3924 android.view.ViewRootImpl$TraversalRunnable.run:12903 android.view.Choreographer$CallbackRecord.run:1901 android.view.Choreographer$CallbackRecord.run:1910 android.view.Choreographer.doCallbacks:1367 android.view.Choreographer.doFrame:1292 android.view.Choreographer$FrameDisplayEventReceiver.run:1870 
01-22 19:18:45.034  2814  2913 I BLASTBufferQueue_Java: update, w= 1440 h= 3120 mName = VRI[zeiterfassung]@90ce889 mNativeObject= 0xb400006e378e2c70 sc.mNativeObject= 0xb400006db7069390 format= -3 caller= android.view.ViewRootImpl.updateBlastSurfaceIfNeeded:3590 android.view.ViewRootImpl.relayoutWindow:11685 android.view.ViewRootImpl.performTraversals:4804 android.view.ViewRootImpl.doTraversal:3924 android.view.ViewRootImpl$TraversalRunnable.run:12903 android.view.Choreographer$CallbackRecord.run:1901 
01-22 19:18:45.034 30801 30801 I BSS_SysUiManager: handleMessage = 7, 115, 1
01-22 19:18:45.034 30801 30801 I BSS_DisplayStateManager: handleDisplayStateChanged: DOZE_SUSPEND -> ON
01-22 19:18:45.034  2814  2913 I VRI[zeiterfassung]@90ce889: Relayout returned: old=(0,0,1440,3120) new=(0,0,1440,3120) relayoutAsync=false req=(1440,3120)0 dur=24 res=0x3 s={true 0xb400006d4770ec70} ch=true seqId=0
01-22 19:18:45.035  1559  5960 I BiometricContextProvider: onDisplayStateChanged: DISPLAY_STATE_UNKNOWN
01-22 19:18:45.035  2814  2913 I VRI[zeiterfassung]@90ce889: performConfigurationChange setNightDimText nightDimLevel=0
01-22 19:18:45.035  7505  7532 V python  : extracting _python_bundle/site-packages/kivy/graphics/vbo.so
01-22 19:18:45.035  2814  2913 D VRI[zeiterfassung]@90ce889: mThreadedRenderer.initialize() mSurface={isValid=true 0xb400006d4770ec70} hwInitialized=true
01-22 19:18:45.035 30801 30801 I VRI[FP Iconview]@97f2e43: onDisplayChanged oldDisplayState=4 newDisplayState=2
01-22 19:18:45.035  2814  2913 D VRI[zeiterfassung]@90ce889: reportNextDraw android.view.ViewRootImpl.performTraversals:5443 android.view.ViewRootImpl.doTraversal:3924 android.view.ViewRootImpl$TraversalRunnable.run:12903 android.view.Choreographer$CallbackRecord.run:1901 android.view.Choreographer$CallbackRecord.run:1910 
01-22 19:18:45.035  2814  2913 D VRI[zeiterfassung]@90ce889: Setup new sync=wmsSync-VRI[zeiterfassung]@90ce889#77
01-22 19:18:45.035  2814  2913 I VRI[zeiterfassung]@90ce889: Creating new active sync group VRI[zeiterfassung]@90ce889#78
01-22 19:18:45.035  2814  2913 D VRI[zeiterfassung]@90ce889: registerCallbacksForSync syncBuffer=false
01-22 19:18:45.035 30801 30801 I BSS_DisplayStateManager: handleDisplayStateChanged: ON -> ON
01-22 19:18:45.036  2814  2951 D VRI[zeiterfassung]@90ce889: Received frameDrawingCallback syncResult=0 frameNum=1.
01-22 19:18:45.036  2814  2951 I VRI[zeiterfassung]@90ce889: mWNT: t=0xb400006ec75dda90 mBlastBufferQueue=0xb400006e378e2c70 fn= 1 HdrRenderState mRenderHdrSdrRatio=1.0 caller= android.view.ViewRootImpl$12.onFrameDraw:15441 android.view.ThreadedRenderer$1.onFrameDraw:718 <bottom of call stack> 
01-22 19:18:45.036  2814  2951 I VRI[zeiterfassung]@90ce889: Setting up sync and frameCommitCallback
01-22 19:18:45.036  7505  7532 V python  : extracting _python_bundle/site-packages/kivy/graphics/vertex.so
01-22 19:18:45.037  7505  7534 D VRI[PythonActivity]@84872f0: Received frameDrawingCallback syncResult=0 frameNum=1.
01-22 19:18:45.037  1559  2955 I WindowManager: Relayout hash=bb05b8a, pid=0, syncId=-1: mAttrs={(0,0)(fillx168) gr=BOTTOM CENTER_VERTICAL sim={adjust=pan} layoutInDisplayCutoutMode=always ty=NAVIGATION_BAR fmt=TRANSLUCENT
01-22 19:18:45.037  1559  2955 I WindowManager:   fl=20040028
01-22 19:18:45.037  1559  2955 I WindowManager:   pfl=31001000
01-22 19:18:45.037  1559  2955 I WindowManager:   bhv=1
01-22 19:18:45.037  1559  2955 I WindowManager:   providedInsets:
01-22 19:18:45.037  1559  2955 I WindowManager:     InsetsFrameProvider: {id=#f7410001, index=0, type=navigationBars, source=FRAME, flags=[], insetsSize=Insets{left=0, top=0, right=0, bottom=168}, insetsSizeOverrides=[TypedInsetsSize: {windowType=INPUT_METHOD, insetsSize=null}]}
01-22 19:18:45.037  1559  2955 I WindowManager:     InsetsFrameProvider: {id=#f7410006, index=0, type=tappableElement, source=FRAME, flags=[]}
01-22 19:18:45.037  1559  2955 I WindowManager:     InsetsFrameProvider: {id=#f7410005, index=0, type=mandatorySystemGestures, source=FRAME, flags=[]}
01-22 19:18:45.037  1559  2955 I WindowManager:     InsetsFrameProvider: {id=#f7410004, index=0, type=systemGestures, source=DISPLAY, flags=[], insetsSize=Insets{left=0, top=0, right=0, bottom=0}, mMinimalInsetsSizeInDisplayCutoutSafe=Insets{left=0, top=0, right=0, bottom=0}}
01-22 19:18:45.037  1559  2955 I WindowManager:     InsetsFrameProvider: {id=#f7410024, index=1, type=systemGestures, source=DISPLAY, flags=[], insetsSize=Insets{left=0, top=0, right=0, bottom=0}, mMinimalInsetsSizeInDisplayCutoutSafe=Insets{left=0, top=0, right=0, bottom=0}}
01-22 19:18:45.037  1559  2955 I WindowManager:   frameRateBoostOnTouch=true
01-22 19:18:45.037  1559  2955 I WindowManager:   dvrrWindowFrameRateHint=true
01-22 19:18:45.037  1559  2955 I WindowManager:   paramsForRotation:
01-22 19:18:45.037  1559  2955 I WindowManager:     ROTATION_0={(0,0)(fillx168) gr=BOTTOM CENTER_VERTICAL layoutInDisplayCutoutMode=always ty=NAVIGATION_BAR fmt=TRANSLUCENT
01-22 19:18:45.037  1559  2955 I WindowManager:       fl=20040028
01-22 19:18:45.037  1559  2955 I WindowManager:       pfl=31001000
01-22 19:18:45.037  1559  2955 I WindowManager:       bhv=1
01-22 19:18:45.037  1559  2955 I WindowManager:       providedInsets:
01-22 19:18:45.037  1559  2955 I WindowManager:         InsetsFrameProvider: {id=#f7410001, index=0, type=navigationBars, source=FRAME, flags=[], insetsSize=Insets{left=0, top=0, right=0, bottom=168}, insetsSizeOverrides=[TypedInsetsSize: {windowType=INPUT_METHOD, insetsSize=null}]}
01-22 19:18:45.037  1559  2955 I WindowManager:         InsetsFrameProvider: {id=#f7410006, index=0, type=tappableElement, source=FRAME, flags=[]}
01-22 19:18:45.037  1559  2955 I WindowManager:         InsetsFrameProvider: {id=#f7410005, index=0, type=mandatorySystemGestures, source=FRAME, flags=[]}
01-22 19:18:45.037  1559  2955 I WindowManager:         InsetsFrameProvider: {id=#f7410004, index=0, type=systemGestures, source=DISPLAY, flags=[], insetsSize=Insets{left=0, top=0, right=0, bottom=0}, mMinimalInsetsSizeInDisplayCutoutSafe=Insets{left=0, top=0, right=0, bottom=0}}
01-22 19:18:45.037  1559  2955 I WindowManager:         InsetsFrameProvider: {id=#f7410024, index=1, type=systemGestures, source=DISPLAY, flags=[], insetsSize=Insets{left=0, top=0, right=0, bottom=0}, mMinimalInsetsSizeInDisplayCutoutSafe=Insets{left=0, top=0, right=0, bottom=0}}
01-22 19:18:45.037  1559  2955 I WindowManager:       frameRateBoostOnTouch=true
01-22 19:18:45.037  1559  2955 I WindowManager:       dvrrWindowFrameRateHint=true naviIconColor=0}
01-22 19:18:45.037  1559  2955 I WindowManager:     ROTATION_90={(0,0)(168xfill) gr=RIGHT CENTER_HORIZONTAL layoutInDisplayCutoutMode=always ty=NAVIGATION_BAR fmt=TRANSLUCENT
01-22 19:18:45.037  1559  2955 I WindowManager:       fl=20040028
01-22 19:18:45.037  1559  2955 I WindowManager:       pfl=31001000
01-22 19:18:45.037  1559  2955 I WindowManager:       bhv=1
01-22 19:18:45.037  1559  2955 I WindowManager:       providedInsets:
01-22 19:18:45.037  1559  2955 I WindowManager:         InsetsFrameProvider: {id=#f7410001, index=0, type=navigationBars, source=FRAME, flags=[], insetsSizeOverrides=[TypedInsetsSize: {windowType=INPUT_METHOD, insetsSize=null}]}
01-22 19:18:45.037  1559  2955 I WindowManager:         InsetsFrameProvider: {id=#f7410006, index=0, type=tappableElement, source=FRAME, flags=[]}
01-22 19:18:45.037  1559  2955 I WindowManager:         InsetsFrameProvider: {id=#f7410005, index=0, type=mandatorySystemGestures, source=FRAME, flags=[]}
01-22 19:18:45.037  1559  2955 I WindowManager:         InsetsFrameProvider: {id=#f7410004, index=0, type=systemGestures, source=DISPLAY, flags=[], insetsSize=Insets{left=0, top=0, right=0, bottom=0}, mMinimalInsetsSizeInDisplayCutoutSafe=Insets{left=0, top=0, right=0, bottom=0}}
01-22 19:18:45.037  1559  2955 I WindowManager:         InsetsFrameProvider: {id=#f7410024, index=1, type=systemGestures, source=DISPLAY, flags=[], insetsSize=Insets{left=0, top=0, right=0, bottom=0}, mMinimalInsetsSizeInDisplayCutoutSafe=Insets{left=0, top=0, right=0, bottom=0}}
01-22 19:18:45.037  1559  2955 I WindowManager:       frameRateBoostOnTouch=true
01-22 19:18:45.037  1559  2955 I WindowManager:       dvrrWindowFrameRateHint=true naviIconColor=0}
01-22 19:18:45.037  1559  2955 I WindowManager:     ROTATION_180={(0,0)(fillx168) gr=BOTTOM CENTER_VERTICAL layoutInDisplayCutoutMode=always ty=NAVIGATION_BAR fmt=TRANSLUCENT
01-22 19:18:45.037  1559  2955 I WindowManager:       fl=20040028
01-22 19:18:45.037  1559  2955 I WindowManager:       pfl=31001000
01-22 19:18:45.037  1559  2955 I WindowManager:       bhv=1
01-22 19:18:45.037  1559  2955 I WindowManager:       providedInsets:
01-22 19:18:45.037  1559  2955 I WindowManager:         InsetsFrameProvider: {id=#f7410001, index=0, type=navigationBars, source=FRAME, flags=[], insetsSize=Insets{left=0, top=0, right=0, bottom=168}, insetsSizeOverrides=[TypedInsetsSize: {windowType=INPUT_METHOD, insetsSize=null}]}
01-22 19:18:45.037  7505  7534 I VRI[PythonActivity]@84872f0: mWNT: t=0xb400006ec70405d0 mBlastBufferQueue=0xb400006e370d4c10 fn= 1 HdrRenderState mRenderHdrSdrRatio=1.0 caller= android.view.ViewRootImpl$12.onFrameDraw:15441 android.view.ThreadedRenderer$1.onFrameDraw:718 <bottom of call stack> 
01-22 19:18:45.037  1559  2955 I WindowManager:         InsetsFrameProvider: {id=#f7410006, index=0, type=tappableElement, source=FRAME, flags=[]}
01-22 19:18:45.037  1559  2955 I WindowManager:         InsetsFrameProvider: {id=#f7410005, index=0, type=mandatorySystemGestures, source=FRAME, flags=[]}
01-22 19:18:45.037  1559  2955 I WindowManager:         InsetsFrameProvider: {id=#f7410004, index=0, type=systemGestures, source=DISPLAY, flags=[], insetsSize=Insets{left=0, top=0, right=0, bottom=0}, mMinimalInsetsSizeInDisplayCutoutSafe=Insets{left=0, top=0, right=0, bottom=0}}
01-22 19:18:45.037  1559  2955 I WindowManager:         InsetsFrameProvider: {id=#f7410024, index=1, type=systemGestures, source=DISPLAY, flags=[], insetsSize=Insets{left=0, top=0, right=0, bottom=0}, mMinimalInsetsSizeInDisplayCutoutSafe=Insets{left=0, top=0, right=0, bottom=0}}
01-22 19:18:45.037  1559  2955 I WindowManager:       frameRateBoostOnTouch=true
01-22 19:18:45.037  1559  2955 I WindowManager:       dvrrWindowFrameRateHint=true naviIconColor=0}
01-22 19:18:45.037  1559  2955 I WindowManager:     ROTATION_270={(0,0)(168xfill) gr=LEFT CENTER_HORIZONTAL layoutInDisplayCutoutMode=always ty=NAVIGATION_BAR fmt=TRANSLUCENT
01-22 19:18:45.037  1559  2955 I WindowManager:       fl=20040028
01-22 19:18:45.037  1559  2955 I WindowManager:       pfl=31001000
01-22 19:18:45.037  1559  2955 I WindowManager:       bhv=1
01-22 19:18:45.037  1559  2955 I WindowManager:       providedInsets:
01-22 19:18:45.037  1559  2955 I WindowManager:         InsetsFrameProvider: {id=#f7410001, index=0, type=navigationBars, source=FRAME, flags=[], insetsSizeOverrides=[TypedInsetsSize: {windowType=INPUT_METHOD, insetsSize=null}]}
01-22 19:18:45.037  1559  2955 I WindowManager:         InsetsFrameProvider: {id=#f7410006, index=0, type=tappableElement, source=FRAME, flags=[]}
01-22 19:18:45.037  1559  2955 I WindowManager:         InsetsFrameProvider: {id=#f7410005, index=0, type=mandatorySystemGestures, source=FRAME, flags=[]}
01-22 19:18:45.037  1559  2955 I WindowManager:         InsetsFrameProvider: {id=#f7410004, index=0, type=systemGestures, source=DISPLAY, flags=[], insetsSize=Insets{left=0, top=0, right=0, bottom=0}, mMinimalInsetsSizeInDisplayCutoutSafe=Insets{left=0, top=0, right=0, bottom=0}}
01-22 19:18:45.037  1559  2955 I WindowManager:         InsetsFrameProvider: {id=#f7410024, index=1, type=systemGestures, source=DISPLAY, flags=[], insetsSize=Insets{left=0, top=0, right=0, bottom=0}, mMinimalInsetsSizeInDisplayCutoutSafe=Insets{left=0, top=0, right=0, bottom=0}}
01-22 19:18:45.037  1559  2955 I WindowManager:       frameRateBoostOnTouch=true
01-22 19:18:45.037  1559  2955 I WindowManager:       dvrrWindowFrameRateHint=true naviIconColor=0} naviIconColor=0}
01-22 19:18:45.037  7505  7534 I VRI[PythonActivity]@84872f0: Setting up sync and frameCommitCallback
01-22 19:18:45.037  7505  7526 I BLASTBufferQueue: [VRI[PythonActivity]@84872f0#1](f:0,a:0,s:0) onFrameAvailable the first frame is available
01-22 19:18:45.037  1559  1596 V WindowManager: Computed rotation=ROTATION_0 (0) for display id=0 based on lastOrientation=SCREEN_ORIENTATION_PORTRAIT (1) and oldRotation=ROTATION_0 (0), caller=com.android.server.wm.WindowManagerService.updateRotationUnchecked:72 com.android.server.wm.DisplayRotation$OrientationListener.onProposedRotationChanged:328 com.android.server.wm.WindowOrientationListener$OrientationSensorJudge.finalizeRotation:26 com.android.server.wm.WindowOrientationListener$OrientationSensorJudge.onSensorChanged:392 android.hardware.SystemSensorManager$SensorEventQueue.dispatchSensorEvent:1142 android.os.MessageQueue.nativePollOnce:-2 
01-22 19:18:45.037  7505  7526 I VRI[PythonActivity]@84872f0: Received frameCommittedCallback lastAttemptedDrawFrameNum=1 didProduceBuffer=true
01-22 19:18:45.037  7505  7532 V python  : extracting _python_bundle/site-packages/kivy/graphics/vertex_instructions.so
01-22 19:18:45.037  7505  7505 D VRI[PythonActivity]@84872f0: reportDrawFinished seqId=0
01-22 19:18:45.037  1248  2394 I SurfaceFlinger: [org.tkideneb2.zeiterfassung/org.kivy.android.PythonActivity$_7505#497729] setTransactionState with the first frame. bufferData(ID: 32233729556484, frameNumber: 1)
01-22 19:18:45.038  1559  6879 D WindowManager: finishDrawingWindow: Window{d37c539 u0 org.tkideneb2.zeiterfassung/org.kivy.android.PythonActivity} mDrawState=DRAW_PENDING seqId=0
01-22 19:18:45.038  7505  7505 I VRI[PythonActivity]@84872f0: onDisplayChanged oldDisplayState=4 newDisplayState=2
01-22 19:18:45.038  1559  1599 D SurfaceComposerClient: setCornerRadius ## bec5419 Splash Screen org.tkideneb2.zeiterfassung#497728 cornerRadius=0.000000
01-22 19:18:45.038  1559  1599 D SurfaceComposerClient: setCornerRadius ## d37c539 org.tkideneb2.zeiterfassung/org.kivy.android.PythonActivity#497725 cornerRadius=0.000000
01-22 19:18:45.039  2814  2952 I BLASTBufferQueue: [VRI[zeiterfassung]@90ce889#22069](f:0,a:0,s:0) onFrameAvailable the first frame is available
01-22 19:18:45.039  2814  2952 I VRI[zeiterfassung]@90ce889: Received frameCommittedCallback lastAttemptedDrawFrameNum=1 didProduceBuffer=true
01-22 19:18:45.039  1248  2394 I SurfaceFlinger: [Splash Screen org.tkideneb2.zeiterfassung$_2814#497730] setTransactionState with the first frame. bufferData(ID: 12086038195112, frameNumber: 1)
01-22 19:18:45.039  2814  2952 D HWUI    : CFMS:: SetUp Pid : 2814    Tid : 2952
01-22 19:18:45.040  2814  2913 D VRI[zeiterfassung]@90ce889: reportDrawFinished seqId=0
01-22 19:18:45.040  2814  2913 I VRI[zeiterfassung]@90ce889: onDisplayChanged oldDisplayState=2 newDisplayState=2
01-22 19:18:45.040  1559  1599 W PhoneWindowManager: lockNow pending, ignore updating lockscreen timeout
01-22 19:18:45.040  1559  1599 D SurfaceComposerClient: setCornerRadius ## bec5419 Splash Screen org.tkideneb2.zeiterfassung#497728 cornerRadius=0.000000
01-22 19:18:45.040  1559  1599 V WindowManager: Finish starting ActivityRecord{254619014 u0 org.tkideneb2.zeiterfassung/org.kivy.android.PythonActivity t4624}: first real window is shown, no animation
01-22 19:18:45.040  1559  1599 D SurfaceComposerClient: setCornerRadius ## d37c539 org.tkideneb2.zeiterfassung/org.kivy.android.PythonActivity#497725 cornerRadius=0.000000
01-22 19:18:45.040  1559  1599 D BLASTSyncEngine: SyncGroup 37573:  Unfinished container: ActivityRecord{254619014 u0 org.tkideneb2.zeiterfassung/org.kivy.android.PythonActivity t4624} mSyncState=2
01-22 19:18:45.041  1559  1599 D SurfaceComposerClient: setCornerRadius ## bec5419 Splash Screen org.tkideneb2.zeiterfassung#497728 cornerRadius=0.000000
01-22 19:18:45.041  1559  1599 D SurfaceComposerClient: setCornerRadius ## d37c539 org.tkideneb2.zeiterfassung/org.kivy.android.PythonActivity#497725 cornerRadius=0.000000
01-22 19:18:45.041  1559  1599 W PhoneWindowManager: lockNow pending, ignore updating lockscreen timeout
01-22 19:18:45.041  1559  1599 D SurfaceComposerClient: setCornerRadius ## bec5419 Splash Screen org.tkideneb2.zeiterfassung#497728 cornerRadius=0.000000
01-22 19:18:45.041  1559  1599 V WindowManager: Finish starting ActivityRecord{254619014 u0 org.tkideneb2.zeiterfassung/org.kivy.android.PythonActivity t4624}: first real window is shown, no animation
01-22 19:18:45.041  1559  1599 D SurfaceComposerClient: setCornerRadius ## d37c539 org.tkideneb2.zeiterfassung/org.kivy.android.PythonActivity#497725 cornerRadius=0.000000
01-22 19:18:45.041  1559  1599 D BLASTSyncEngine: SyncGroup 37573:  Unfinished container: ActivityRecord{254619014 u0 org.tkideneb2.zeiterfassung/org.kivy.android.PythonActivity t4624} mSyncState=2
01-22 19:18:45.042  3059  4214 D Am      : Broadcasting: Intent { act=com.samsung.intent.action.BIG_DATA_INFO (has extras) }
01-22 19:18:45.042  1559  1595 I DreamController: Stopping dream: name=ComponentInfo{com.android.systemui/com.android.systemui.doze.DozeService}, isPreviewMode=false, canDoze=true, userId=0, reason='finished self'(from 'power manager request')
01-22 19:18:45.042  3631  3694 I EPDG -- SIM1 IwlanNetworkService: requestNetworkRegistrationInfo for domain 2
01-22 19:18:45.042  2064  2090 D SemNativeCarrierFeature_vendor: getInstance
01-22 19:18:45.042  3631  3876 I EPDG -- SIM1 IwlanNetworkService: Calling onRequestNetworkRegistrationInfoComplete.resultCode = 0, netState = NetworkRegistrationInfo{ domain=PS transportType=WLAN registrationState=UNKNOWN networkRegistrationState=UNKNOWN roamingType=NOT_ROAMING accessNetworkTechnology=IWLAN rejectCause=0 emergencyEnabled=false availableServices=[] cellIdentity=null voiceSpecificInfo=null dataSpecificInfo=null nrState=**** rRplmn= isUsingCarrierAggregation=false isNonTerrestrialNetwork=TERRESTRIAL}
01-22 19:18:45.042  3059  3059 D TelephonyManager: requestModemActivityInfo: Sending result to app: ModemActivityInfo{ mTimestamp=2541830066 mSleepTimeMs=1808379678 mIdleTimeMs=36617112 mActivityStatsTechSpecificInfo=[{mRat=UNKNOWN,mFrequencyRange=UNKNOWN,mTxTimeMs[]=[5546712, 4059016, 8815541, 36022445, 21955900],mRxTimeMs=974031173}]}
01-22 19:18:45.043  3244  3325 I HoneySpace.StatusIconTracker: invokeEvent() called with: event = Mobile(bundle=Bundle[mParcelledData.dataSize=256])
01-22 19:18:45.045  7505  7532 V python  : extracting _python_bundle/site-packages/kivy/input/
01-22 19:18:45.045  7505  7532 V python  : extracting _python_bundle/site-packages/kivy/input/__init__.pyc
01-22 19:18:45.045  1559  2955 D CoreBackPreview: Window{35e5496 u0 NotificationShade}: Setting back callback OnBackInvokedCallbackInfo{mCallback=android.window.IOnBackInvokedCallback$Stub$Proxy@5dee145, mPriority=0, mIsAnimationCallback=false, mOverrideBehavior=0}
01-22 19:18:45.046  7505  7532 V python  : extracting _python_bundle/site-packages/kivy/input/factory.pyc
01-22 19:18:45.046  1559  2955 D WindowManager: finishDrawingWindow: Window{bec5419 u0 Splash Screen org.tkideneb2.zeiterfassung} mDrawState=DRAW_PENDING seqId=0
01-22 19:18:45.046  1559  2955 V WindowManager: Finishing drawing window Window{bec5419 u0 Splash Screen org.tkideneb2.zeiterfassung}: mDrawState=DRAW_PENDING
01-22 19:18:45.046  1559  2955 V WindowManager: Draw state now committed in Window{bec5419 u0 Splash Screen org.tkideneb2.zeiterfassung}
01-22 19:18:45.046  1559  1599 D SurfaceComposerClient: setCornerRadius ## bec5419 Splash Screen org.tkideneb2.zeiterfassung#497728 cornerRadius=0.000000
01-22 19:18:45.046  7505  7532 V python  : extracting _python_bundle/site-packages/kivy/input/motionevent.pyc
01-22 19:18:45.046  1559  1599 D SurfaceComposerClient: setCornerRadius ## d37c539 org.tkideneb2.zeiterfassung/org.kivy.android.PythonActivity#497725 cornerRadius=0.000000
01-22 19:18:45.046  1559  1599 W PhoneWindowManager: lockNow pending, ignore updating lockscreen timeout
01-22 19:18:45.046  1559  1599 D SurfaceComposerClient: setCornerRadius ## bec5419 Splash Screen org.tkideneb2.zeiterfassung#497728 cornerRadius=0.000000
01-22 19:18:45.046  1559  1599 V WindowManager: Finish starting ActivityRecord{254619014 u0 org.tkideneb2.zeiterfassung/org.kivy.android.PythonActivity t4624}: first real window is shown, no animation
01-22 19:18:45.046  1559  1599 D SurfaceComposerClient: setCornerRadius ## d37c539 org.tkideneb2.zeiterfassung/org.kivy.android.PythonActivity#497725 cornerRadius=0.000000
01-22 19:18:45.046  7505  7532 V python  : extracting _python_bundle/site-packages/kivy/input/postproc/
01-22 19:18:45.046  1559  1599 V WindowManager: SyncGroup 37573: Finished!
01-22 19:18:45.046  1559  1599 V WindowManager: performShowLocked: mDrawState=HAS_DRAWN in Window{bec5419 u0 Splash Screen org.tkideneb2.zeiterfassung}
01-22 19:18:45.046  1559  1599 V WindowManager: Finish starting ActivityRecord{254619014 u0 org.tkideneb2.zeiterfassung/org.kivy.android.PythonActivity t4624}: first real window is shown, no animation
01-22 19:18:45.046  7505  7532 V python  : extracting _python_bundle/site-packages/kivy/input/postproc/__init__.pyc
01-22 19:18:45.046  1559  1599 V WindowManager: performShowLocked: mDrawState=HAS_DRAWN in Window{d37c539 u0 org.tkideneb2.zeiterfassung/org.kivy.android.PythonActivity}
01-22 19:18:45.046  1559  1599 D ChangeTransitionController: onTransactionReady: TransitionRecord{38d49e1 id=37573 type=TO_BACK flags=0x104 c=[
01-22 19:18:45.046  1559  1599 D ChangeTransitionController:    ChangeInfo{8e7209a container=DefaultTaskDisplayArea_d0@51744758 flags=0x0}
01-22 19:18:45.046  1559  1599 D ChangeTransitionController:    ChangeInfo{773fdcb container=Task{5bf6647 #4624 type=standard A=10544:org.tkideneb2.zeiterfassung} flags=0x0}
01-22 19:18:45.046  1559  1599 D ChangeTransitionController:    ChangeInfo{9b919a8 container=Display{#0 state=ON size=1440x3120 ROTATION_0} flags=0x0}
01-22 19:18:45.046  1559  1599 D ChangeTransitionController:    ChangeInfo{9914cc1 container=ActivityRecord{254619014 u0 org.tkideneb2.zeiterfassung/org.kivy.android.PythonActivity t4624} flags=0x0}
01-22 19:18:45.046  1559  1599 D ChangeTransitionController: ]
01-22 19:18:45.046  1559  1599 D ChangeTransitionController: }
01-22 19:18:45.046  1559  1599 V WindowManager: Start calculating TransitionInfo based on participants: {ActivityRecord{254619014 u0 org.tkideneb2.zeiterfassung/org.kivy.android.PythonActivity t4624}}
01-22 19:18:45.047  1559  1599 V WindowManager:   Final targets: [ChangeInfo{773fdcb container=Task{5bf6647 #4624 type=standard A=10544:org.tkideneb2.zeiterfassung} flags=0x10}, ChangeInfo{8e7209a container=DefaultTaskDisplayArea_d0@51744758 flags=0x10}]
01-22 19:18:45.047  7505  7532 V python  : extracting _python_bundle/site-packages/kivy/input/postproc/calibration.pyc
01-22 19:18:45.047  1248  2394 I SurfaceFlinger: id=497731 createSurf, flag=84004, Transition Root: DefaultTaskDisplayArea_d0#497731
01-22 19:18:45.047  7505  7532 V python  : extracting _python_bundle/site-packages/kivy/input/postproc/dejitter.pyc
01-22 19:18:45.047  7505  7532 V python  : extracting _python_bundle/site-packages/kivy/input/postproc/doubletap.pyc
01-22 19:18:45.047  1559  1599 I SurfaceControlRegistry: show, t=StartTransaction_SyncId<37573> sc=ActivityRecord{254619014 u0 org.tkideneb2.zeiterfassung/org.kivy.android.PythonActivity t4624}, caller=android.view.SurfaceControl$Transaction.show:3557 com.android.server.wm.Transition.onTransactionReady:2048 com.android.server.wm.BLASTSyncEngine$SyncGroup.finishNow:240 com.android.server.wm.BLASTSyncEngine.onSurfacePlacement:263 com.android.server.wm.RootWindowContainer.performSurfacePlacementNoTrace:1083 com.android.server.wm.WindowSurfacePlacer.performSurfacePlacement:166 
01-22 19:18:45.047  7505  7532 V python  : extracting _python_bundle/site-packages/kivy/input/postproc/ignorelist.pyc
01-22 19:18:45.047  1559  1599 D SurfaceComposerClient: setCornerRadius ## DefaultTaskDisplayArea_d0#10 cornerRadius=0.000000
01-22 19:18:45.047  1559  1599 D SurfaceComposerClient: setCornerRadius ## Task=4624#497721 cornerRadius=0.000000
01-22 19:18:45.048  7505  7532 V python  : extracting _python_bundle/site-packages/kivy/input/postproc/retaintouch.pyc
01-22 19:18:45.048  1559  1599 V WindowManager: Calling onTransitionReady: {id=37573 t=TO_BACK f=0x104 trk=0 r=[0@Point(0, 0)] c=[
01-22 19:18:45.048  1559  1599 V WindowManager:         {WCT{RemoteToken{9e83207 Task{5bf6647 #4624 type=standard A=10544:org.tkideneb2.zeiterfassung}}} m=TO_FRONT f=NONE p=WCT{RemoteToken{ec80d7e DefaultTaskDisplayArea_d0@51744758}} leash=Surface(name=Task=4624)/@0x686ac66 sb=Rect(0, 0 - 1440, 3120) eb=Rect(0, 0 - 1440, 3120) epz=Point(1440, 3120) d=0 taskParent=-1 inset=Rect(0, 113 - 0, 168)},
01-22 19:18:45.048  1559  1599 V WindowManager:         {WCT{RemoteToken{ec80d7e DefaultTaskDisplayArea_d0@51744758}} m=TO_FRONT f=FLAG_IS_TASK_DISPLAY_AREA leash=Surface(name=DefaultTaskDisplayArea_d0)/@0xa20403d sb=Rect(0, 0 - 1440, 3120) eb=Rect(0, 0 - 1440, 3120) epz=Point(1440, 3120) d=0 inset=Rect(0, 0 - 0, 0)}
01-22 19:18:45.048  1559  1599 V WindowManager:     ]}
01-22 19:18:45.048  7505  7532 V python  : extracting _python_bundle/site-packages/kivy/input/postproc/tripletap.pyc
01-22 19:18:45.048  1230  1249 I sysinput:aidl: onReportInformation:93, 1, cmd@fod_enable,1,0,0,0:0
01-22 19:18:45.048  7505  7532 V python  : extracting _python_bundle/site-packages/kivy/input/provider.pyc
01-22 19:18:45.048  7505  7532 V python  : extracting _python_bundle/site-packages/kivy/input/providers/
01-22 19:18:45.049  7505  7532 V python  : extracting _python_bundle/site-packages/kivy/input/providers/__init__.pyc
01-22 19:18:45.049  7505  7532 V python  : extracting _python_bundle/site-packages/kivy/input/providers/androidjoystick.pyc
01-22 19:18:45.049  2064  2092 D SemNativeCarrierFeature_vendor: getInstance
01-22 19:18:45.049  7505  7532 V python  : extracting _python_bundle/site-packages/kivy/input/providers/leapfinger.pyc
01-22 19:18:45.049  7505  7532 V python  : extracting _python_bundle/site-packages/kivy/input/providers/linuxwacom.pyc
01-22 19:18:45.049  1559  1559 I ActivityManager: Changes in 10147 6 to 5, 239 to 255
01-22 19:18:45.050  1559  1559 D PowerManagerNotifier: handleEarlyGlobalInteractiveChange reason = 17
01-22 19:18:45.050  7505  7532 V python  : extracting _python_bundle/site-packages/kivy/input/providers/mouse.pyc
01-22 19:18:45.050  2814  2846 V WindowManagerShell: onTransitionReady(transaction=6695857118230)
01-22 19:18:45.050  2064  2090 D SemNativeCarrierFeature_vendor: getInstance
01-22 19:18:45.050  7505  7532 V python  : extracting _python_bundle/site-packages/kivy/input/providers/tuio.pyc
01-22 19:18:45.051  7505  7532 V python  : extracting _python_bundle/site-packages/kivy/input/recorder.pyc
01-22 19:18:45.051  1230  1249 I sysinput:Touch1: operator():237, OK
01-22 19:18:45.051  7505  7532 V python  : extracting _python_bundle/site-packages/kivy/input/shape.pyc
01-22 19:18:45.051  7505  7532 V python  : extracting _python_bundle/site-packages/kivy/interactive.pyc
01-22 19:18:45.051  7505  7532 V python  : extracting _python_bundle/site-packages/kivy/lang/
01-22 19:18:45.052  7505  7532 V python  : extracting _python_bundle/site-packages/kivy/lang/__init__.pyc
01-22 19:18:45.052  7505  7532 V python  : extracting _python_bundle/site-packages/kivy/lang/builder.pyc
01-22 19:18:45.052  2814  2870 V WindowManagerShell: onTransitionReady (#37573) android.os.BinderProxy@f6480b6: {id=37573 t=TO_BACK f=0x104 trk=0 r=[0@Point(0, 0)] c=[
01-22 19:18:45.052  2814  2870 V WindowManagerShell:         {m=TO_FRONT f=NONE p=WCT{android.window.IWindowContainerToken$Stub$Proxy@d80dafa} leash=Surface(name=Task=4624)/@0xad7628f sb=Rect(0, 0 - 1440, 3120) eb=Rect(0, 0 - 1440, 3120) epz=Point(1440, 3120) d=0 taskParent=-1 inset=Rect(0, 113 - 0, 168)},
01-22 19:18:45.052  2814  2870 V WindowManagerShell:         {m=TO_FRONT f=FLAG_IS_TASK_DISPLAY_AREA leash=Surface(name=DefaultTaskDisplayArea_d0)/@0x756b91c sb=Rect(0, 0 - 1440, 3120) eb=Rect(0, 0 - 1440, 3120) epz=Point(1440, 3120) d=0 inset=Rect(0, 0 - 0, 0)}
01-22 19:18:45.052  2814  2870 V WindowManagerShell:     ]}
01-22 19:18:45.053  7505  7532 V python  : extracting _python_bundle/site-packages/kivy/lang/parser.pyc
01-22 19:18:45.053  2814  2870 V ShellDesktopMode: DesktopModeLogger: taskInfo map after processing changes 0
01-22 19:18:45.053  2814  2870 D ShellDesktopMode: DesktopTaskChangeListener: onTaskMovingToFront for taskId=4624, displayId=0
01-22 19:18:45.053  2814  2870 I SurfaceControlRegistry: show, t=StartTransaction_SyncId<37573> sc=DefaultTaskDisplayArea_d0, caller=android.view.SurfaceControl$Transaction.show:3557 com.android.wm.shell.transition.Transitions.dispatchReady:1279 com.android.wm.shell.transition.Transitions.onTransitionReady:251 com.android.wm.shell.transition.Transitions$TransitionPlayerImpl$$ExternalSyntheticLambda0.run:13 android.os.Handler.handleCallback:995 android.os.Handler.dispatchMessage:103 
01-22 19:18:45.053  2814  2870 I SurfaceControlRegistry: show, t=FinishTransaction_SyncId<37573> sc=DefaultTaskDisplayArea_d0, caller=android.view.SurfaceControl$Transaction.show:3557 com.android.wm.shell.transition.Transitions.dispatchReady:1330 com.android.wm.shell.transition.Transitions.onTransitionReady:251 com.android.wm.shell.transition.Transitions$TransitionPlayerImpl$$ExternalSyntheticLambda0.run:13 android.os.Handler.handleCallback:995 android.os.Handler.dispatchMessage:103 
01-22 19:18:45.053  2814  2870 I SurfaceControlRegistry: show, t=StartTransaction_SyncId<37573> sc=Task=4624, caller=android.view.SurfaceControl$Transaction.show:3557 com.android.wm.shell.transition.Transitions.dispatchReady:907 com.android.wm.shell.transition.Transitions.onTransitionReady:251 com.android.wm.shell.transition.Transitions$TransitionPlayerImpl$$ExternalSyntheticLambda0.run:13 android.os.Handler.handleCallback:995 android.os.Handler.dispatchMessage:103 
01-22 19:18:45.053  7505  7532 V python  : extracting _python_bundle/site-packages/kivy/lib/
01-22 19:18:45.053  2814  2870 V WindowManagerShell: Playing animation for (#37573) android.os.BinderProxy@f6480b6@0
01-22 19:18:45.053  2814  2870 I SurfaceControlRegistry: show, t=StartTransaction_SyncId<37573> sc=Transition Root: DefaultTaskDisplayArea_d0, caller=android.view.SurfaceControl$Transaction.show:3557 com.android.wm.shell.transition.Transitions.playTransition:79 com.android.wm.shell.transition.Transitions.processReadyQueue:239 com.android.wm.shell.transition.Transitions.dispatchReady:1352 com.android.wm.shell.transition.Transitions.onTransitionReady:251 com.android.wm.shell.transition.Transitions$TransitionPlayerImpl$$ExternalSyntheticLambda0.run:13 
01-22 19:18:45.054  2814  2870 V WindowManagerShell: start keyguard going-away transition, info = {id=37573 t=TO_BACK f=0x104 trk=0 r=[0@Point(0, 0)] c=[{m=TO_FRONT f=NONE p=WCT{android.window.IWindowContainerToken$Stub$Proxy@d80dafa} leash=Surface(name=Task=4624)/@0xad7628f sb=Rect(0, 0 - 1440, 3120) eb=Rect(0, 0 - 1440, 3120) epz=Point(1440, 3120) d=0 taskParent=-1 inset=Rect(0, 113 - 0, 168)},{m=TO_FRONT f=FLAG_IS_TASK_DISPLAY_AREA leash=Surface(name=DefaultTaskDisplayArea_d0)/@0x756b91c sb=Rect(0, 0 - 1440, 3120) eb=Rect(0, 0 - 1440, 3120) epz=Point(1440, 3120) d=0 inset=Rect(0, 0 - 0, 0)}]}
01-22 19:18:45.054  2814  2870 D KeyguardService: Starts IRemoteAnimationRunner: info={id=37573 t=TO_BACK f=0x104 trk=0 r=[0@Point(0, 0)] c=[{m=TO_FRONT f=NONE p=WCT{android.window.IWindowContainerToken$Stub$Proxy@d80dafa} leash=Surface(name=Task=4624)/@0xad7628f sb=Rect(0, 0 - 1440, 3120) eb=Rect(0, 0 - 1440, 3120) epz=Point(1440, 3120) d=0 taskParent=-1 inset=Rect(0, 113 - 0, 168)},{m=TO_FRONT f=FLAG_IS_TASK_DISPLAY_AREA leash=Surface(name=DefaultTaskDisplayArea_d0)/@0x756b91c sb=Rect(0, 0 - 1440, 3120) eb=Rect(0, 0 - 1440, 3120) epz=Point(1440, 3120) d=0 inset=Rect(0, 0 - 0, 0)}]}
01-22 19:18:45.054  7505  7532 V python  : extracting _python_bundle/site-packages/kivy/lib/__init__.pyc
01-22 19:18:45.054  1559  2646 D SysinputHAL_AIDL: setProperty(TSP(1)): CMD, fod_enable,1,0,0,0 ret=0
01-22 19:18:45.054  1559  2646 D SemInputDevice:TSP: SetPropertyTask: CMD,fod_enable,1,0,0,0 [01-22 19:18:44.967]
01-22 19:18:45.054  7505  7532 V python  : extracting _python_bundle/site-packages/kivy/lib/ddsfile.pyc
01-22 19:18:45.054  7505  7532 V python  : extracting _python_bundle/site-packages/kivy/lib/gstplayer/
01-22 19:18:45.054  1248  2394 I VSyncReactor: Current= 30, Period= 30, Distance= 30
01-22 19:18:45.055  7505  7532 V python  : extracting _python_bundle/site-packages/kivy/lib/gstplayer/__init__.pyc
01-22 19:18:45.055  7505  7532 V python  : extracting _python_bundle/site-packages/kivy/lib/mtdev.pyc
01-22 19:18:45.055  7505  7532 V python  : extracting _python_bundle/site-packages/kivy/lib/vidcore_lite/
01-22 19:18:45.055  2064  2092 D SemNativeCarrierFeature_vendor: getInstance
01-22 19:18:45.055  7505  7532 V python  : extracting _python_bundle/site-packages/kivy/lib/vidcore_lite/__init__.pyc
01-22 19:18:45.056  7505  7532 V python  : extracting _python_bundle/site-packages/kivy/loader.pyc
01-22 19:18:45.056  1559  7559 D SemInputDeviceManager: setProperty: (0) CMD,GRIP_DATA,2,0
01-22 19:18:45.056  1559  7559 D TspStateManager: wrote command: cmd=2,0, type=4
01-22 19:18:45.056  7505  7532 V python  : extracting _python_bundle/site-packages/kivy/logger.pyc
01-22 19:18:45.056  1248  2394 I SurfaceFlinger: id=497732 createSurf, flag=84000, Surface(name=Task=4624)/@0xad7628f_transition-leash#497732
01-22 19:18:45.057  7505  7532 V python  : extracting _python_bundle/site-packages/kivy/metrics.pyc
01-22 19:18:45.057  1559  1559 I MdnieScenarioControlService: action  :  com.samsung.server.PowerManagerService.action.USER_ACTIVITY
01-22 19:18:45.057  1559  1785 W ActivityManager: Slow operation: 67ms so far, now at startProcess: done updating battery stats
01-22 19:18:45.057  1559  1785 W ActivityManager: Slow operation: 67ms so far, now at startProcess: building log message
01-22 19:18:45.057  1559  1785 I ActivityManager: Start proc 7567:net.lovoo.android/u0a463 for service {net.lovoo.android/androidx.work.impl.background.systemjob.SystemJobService}
01-22 19:18:45.057  7505  7532 V python  : extracting _python_bundle/site-packages/kivy/modules/
01-22 19:18:45.057  1559  1785 W ActivityManager: Slow operation: 67ms so far, now at startProcess: starting to update pids map
01-22 19:18:45.057  7505  7532 V python  : extracting _python_bundle/site-packages/kivy/modules/__init__.pyc
01-22 19:18:45.057  1559  1785 I ActivityManager: ProcessObserver broadcast disabled
01-22 19:18:45.057  1559  1785 W ActivityManager: Slow operation: 67ms so far, now at startProcess: done updating pids map
01-22 19:18:45.057  7505  7532 V python  : extracting _python_bundle/site-packages/kivy/modules/_webdebugger.pyc
01-22 19:18:45.058  1559  1835 D DisplayPowerController[0]: [api] handleSettingsChange: sb: 0,349 abAdj: 0,983 sbLock: false fd: true
01-22 19:18:45.058  1559  1835 D DisplayPowerController[0]: animateScreenStateChange: target=ON, mIsEnabled=true
01-22 19:18:45.058  7567  7567 I t.lovoo.android: Using CollectorTypeCMC GC.
01-22 19:18:45.058  2814  2870 I SurfaceControlRegistry: show, t=StartTransaction_SyncId<37573> sc=Task=4624, caller=android.view.SurfaceControl$Transaction.show:3557 com.android.wm.shell.shared.TransitionUtil.createLeash:476 com.android.wm.shell.shared.TransitionUtil.newTarget:1 com.android.systemui.keyguard.KeyguardService.-$$Nest$smwrap:120 com.android.systemui.keyguard.KeyguardService$1.startAnimation:28 com.android.wm.shell.keyguard.KeyguardTransitionHandler.startAnimation:25 
01-22 19:18:45.059  2814  2870 I SurfaceControlRegistry: apply, t=StartTransaction_SyncId<37573>, caller=android.view.SurfaceControl$Transaction.apply:3459 android.view.SurfaceControl$Transaction.apply:3447 android.view.SurfaceControl$Transaction.apply:3397 com.android.systemui.keyguard.KeyguardService$1.startAnimation:273 com.android.wm.shell.keyguard.KeyguardTransitionHandler.startAnimation:25 com.android.wm.shell.keyguard.KeyguardTransitionHandler.startAnimation:3 
01-22 19:18:45.059  2814  2870 V WindowManagerShell:  animated by com.android.wm.shell.keyguard.KeyguardTransitionHandler@d9a7639
01-22 19:18:45.059  2814  2814 D KeyguardViewMediator: handleMessage 1004
01-22 19:18:45.060  2814  2814 D KeyguardViewMediator: handleMessage 12
01-22 19:18:45.060  2814  2814 D KeyguardViewMediator: handleStartKeyguardExitAnimation startTime=0 fadeoutDuration=0
01-22 19:18:45.060  2814  2814 I KeyguardUnlock: notifyStartSurfaceBehindRemoteAnimation::target = [Landroid.view.RemoteAnimationTarget;@7a44b08
01-22 19:18:45.060  2814  2814 I KeyguardUnlock: playCannedUnlockAnimation animStartDelay=100, dozeUiStat=true, isWakeAndUnlockAnimationAODFullScreenMode=falseneedWallpaperForUnlockAnimation=false
01-22 19:18:45.060  2814  2814 D KeyguardVisible: setForceVisibleForUnlockAnimation true
01-22 19:18:45.060  7505  7532 V python  : extracting _python_bundle/site-packages/kivy/modules/console.pyc
01-22 19:18:45.060  1248  1248 I SurfaceFlinger: RequestedLayer [bec5419 Splash Screen org.tkideneb2.zeiterfassung#497728] hidden!! flag  from(1) --> to(0)
01-22 19:18:45.060  1248  1248 I SurfaceFlinger: RequestedLayer [Splash Screen org.tkideneb2.zeiterfassung$_2814#497730] hidden!! flag  from(1) --> to(0)
01-22 19:18:45.060  1248  1248 I SurfaceFlinger: RequestedLayer [org.tkideneb2.zeiterfassung/org.kivy.android.PythonActivity$_7505#497729] hidden!! flag  from(1) --> to(0)
01-22 19:18:45.060  1248  1248 I SurfaceFlinger: RequestedLayer [Transition Root: DefaultTaskDisplayArea_d0#497731] hidden!! flag  from(1) --> to(0)
01-22 19:18:45.060  2814  2814 D KeyguardUnlock: playCannedUnlockAnimation: isLauncherActivity=false, isPrimaryBouncerShowing=false, openingWallpaperLeash=null, closingWallpaperLeash=null
01-22 19:18:45.060  1248  1248 I SurfaceFlinger: RequestedLayer [ActivityRecord{254619014 u0 org.tkid[...]android.PythonActivity t4624}#497722] hidden!! flag  from(1) --> to(0)
01-22 19:18:45.060  1248  1248 I SurfaceFlinger: RequestedLayer [Task=4624#497721] hidden!! flag  from(1) --> to(0)
01-22 19:18:45.060  1248  1248 E SurfaceFlinger: alpha changed 1.000 -> 0.000 - Surface(name=Task=4624)/@0xad7628f_transition-leash#497732
01-22 19:18:45.061  1248  1248 I SurfaceFlinger: [LayerHierarchy{RequestedLayerState{DefaultTaskDisplayArea_d0#10 parentId=497731 z=2} 23 children}] reparent to LayerHierarchy{RequestedLayerState{Transition Root: DefaultTaskDisplayArea_d0#497731 parentId=9} 1 children}
01-22 19:18:45.061  2814  2814 D KeyguardViewMediator: adjustStatusBarLocked: goingAway=true showing=true occluded=false isSecure=true force=false showHomeOverLock=true gestureNaviMode=false --> flags=0x0
01-22 19:18:45.061  1248  1248 I SurfaceFlinger: [LayerHierarchy{RequestedLayerState{Task=4624#497721 parentId=497732} 1 children}] reparent to LayerHierarchy{RequestedLayerState{Surface(name=Task=4624)/@0xad7628f_transition-leash#497732 parentId=497731 z=2} 1 children}
01-22 19:18:45.061  1248  1248 I SurfaceFlinger: [org.tkideneb2.zeiterfassung/org.kivy.android.PythonActivity$_7505#497729] attach to parent LayerHierarchy{RequestedLayerState{d37c539 org.tkideneb2.zeiterfassung/org.kivy.android.PythonActivity#497725 parentId=497722} 1 children}
01-22 19:18:45.061  1248  1248 I SurfaceFlinger: [Splash Screen org.tkideneb2.zeiterfassung$_2814#497730] attach to parent LayerHierarchy{RequestedLayerState{bec5419 Splash Screen org.tkideneb2.zeiterfassung#497728 parentId=497722 z=2147483647} 1 children}
01-22 19:18:45.061  1248  1248 I SurfaceFlinger: [Transition Root: DefaultTaskDisplayArea_d0#497731] attach to parent LayerHierarchy{RequestedLayerState{AppZoomOut:2:14#9 parentId=4 z=2} 3 children}
01-22 19:18:45.061  1248  1248 I SurfaceFlinger: [Surface(name=Task=4624)/@0xad7628f_transition-leash#497732] attach to parent LayerHierarchy{RequestedLayerState{Transition Root: DefaultTaskDisplayArea_d0#497731 parentId=9} 2 children}
01-22 19:18:45.061  1559  5930 D StatusBarManagerService: update existing record: barType=0 userId=0 what1=0x00000000 what2=0x00000000 pkg=com.android.systemui token=android.os.BinderProxy@a2ef5e
01-22 19:18:45.061  7505  7532 V python  : extracting _python_bundle/site-packages/kivy/modules/cursor.pyc
01-22 19:18:45.062  7505  7532 V python  : extracting _python_bundle/site-packages/kivy/modules/inspector.pyc
01-22 19:18:45.062  2814  2814 I FaceWidgetDashboardManager: dismissFaceWidgetFullScreen
01-22 19:18:45.062  2814  2814 D FaceWidgetDashBoard: close() - 1(returned) : showing is false
01-22 19:18:45.062  2814  2961 D KeyguardUnlock: playUnlockAnimation: isLauncherActivity=false
01-22 19:18:45.062  2814  2961 D KeyguardUnlock: playUnlockAnimation: duration=250
01-22 19:18:45.062 30801 30819 I BLASTBufferQueue: [VRI[FP Iconview]@97f2e43#2](f:0,a:3,s:0) onFrameAvailable-start syncTransactionSet=false
01-22 19:18:45.062 30801 30819 I BLASTBufferQueue: [VRI[FP Iconview]@97f2e43#2](f:0,a:3,s:0) onFrameAvailable framenumber=6 syncTransactionSet=false
01-22 19:18:45.062 30801 30819 I BLASTBufferQueue: [VRI[FP Iconview]@97f2e43#2](f:1,a:3,s:0) onFrameAvailable framenumber=6 syncTransactionSet=false
01-22 19:18:45.062 30801 30819 I BLASTBufferQueue: [VRI[FP Iconview]@97f2e43#2](f:0,a:4,s:0) mergePendingTransactions t: 132289287684167, frameNumber: 6
01-22 19:18:45.062  2814  2814 D InsetsController: Setting requestedVisibleTypes to -9 (was -11)
01-22 19:18:45.062  7505  7532 V python  : extracting _python_bundle/site-packages/kivy/modules/joycursor.pyc
01-22 19:18:45.062 30801 30819 I BLASTBufferQueue: [VRI[FP Iconview]@97f2e43#2](f:0,a:4,s:0) acquireNextBufferLocked size=1454x3134 mFrameNumber=6 applyTransaction=true mTimestamp=1866883862193508(auto) mPendingTransactions.size=0 graphicBufferId=132289287684107 transform=0
01-22 19:18:45.062  2814  2814 I InsetsController: setRequestedVisibleTypes: visible=true, mask=navigationBars, host=NotificationShade, from=android.view.InsetsController.controlAnimationUnchecked:1604 android.view.InsetsController.applyAnimation:2416 android.view.InsetsController.applyAnimation:2343 android.view.InsetsController.show:1422 android.view.InsetsController.show:1335 com.android.systemui.statusbar.phone.StatusBarKeyguardViewManager$8.run:31 com.android.systemui.statusbar.phone.StatusBarKeyguardViewManager.updateNavigationBarVisibility:35 com.android.systemui.statusbar.phone.StatusBarKeyguardViewManager.updateStates:110 com.android.systemui.statusbar.phone.SecStatusBarKeyguardViewManager$5.onUnlockAnimationStarted:5 com.android.systemui.keyguard.KeyguardSecLegacyUnlockAnimationControllerImpl.notifyStartSurfaceBehindRemoteAnimation:49 
01-22 19:18:45.062  7505  7532 V python  : extracting _python_bundle/site-packages/kivy/modules/keybinding.pyc
01-22 19:18:45.063  7505  7532 V python  : extracting _python_bundle/site-packages/kivy/modules/monitor.pyc
01-22 19:18:45.063  2814  2814 I InsetsController: controlAnimationUncheckedInner: Added types=navigationBars, animType=0, host=NotificationShade, from=android.view.InsetsController.controlAnimationUnchecked:1608 android.view.InsetsController.applyAnimation:2416 android.view.InsetsController.applyAnimation:2343 
01-22 19:18:45.063  7505  7532 V python  : extracting _python_bundle/site-packages/kivy/modules/recorder.pyc
01-22 19:18:45.063  2814  2814 D KeyguardViewMediator: KeyguardViewMediator queue processing message: START_KEYGUARD_EXIT_ANIM
01-22 19:18:45.063  2814  2814 D KeyguardViewMediator: KeyguardViewMediator queue processing message: 
01-22 19:18:45.063  7505  7532 V python  : extracting _python_bundle/site-packages/kivy/modules/screen.pyc
01-22 19:18:45.064  7505  7532 V python  : extracting _python_bundle/site-packages/kivy/modules/showborder.pyc
01-22 19:18:45.064  7505  7532 V python  : extracting _python_bundle/site-packages/kivy/modules/touchring.pyc
01-22 19:18:45.064  7505  7532 V python  : extracting _python_bundle/site-packages/kivy/modules/webdebugger.pyc
01-22 19:18:45.064  7505  7532 V python  : extracting _python_bundle/site-packages/kivy/multistroke.pyc
01-22 19:18:45.064  1248  1248 I BpBinder: onLastStrongRef automatically unlinking death recipients: 
01-22 19:18:45.065  7505  7532 V python  : extracting _python_bundle/site-packages/kivy/network/
01-22 19:18:45.065  5817  5817 W ContextImpl: Calling a method in the system process without a qualified user: android.app.ContextImpl.startService:2068 android.content.ContextWrapper.startService:872 android.content.ContextWrapper.startService:872 com.sec.android.diagmonagent.sa.receiver.CFLogReceiver.onReceive:56 android.app.ActivityThread.handleReceiver:5663 
01-22 19:18:45.066  7505  7532 V python  : extracting _python_bundle/site-packages/kivy/network/__init__.pyc
01-22 19:18:45.066  1204  1382 I display : mSmoothDim init value : 1
01-22 19:18:45.066  7505  7532 V python  : extracting _python_bundle/site-packages/kivy/network/urlrequest.pyc
01-22 19:18:45.066  1204  1382 D display : ExynosPrimaryDisplay::setDisplayBrightness (0.069804, 128.000000) smooth: 1
01-22 19:18:45.066  7505  7532 V python  : extracting _python_bundle/site-packages/kivy/parser.pyc
01-22 19:18:45.067  1204  1317 I display : HWC brightness (0.069804, 890)
01-22 19:18:45.067  7505  7532 V python  : extracting _python_bundle/site-packages/kivy/properties.so
01-22 19:18:45.067  2814  2814 I SecKeyguardClockPositionAlgorithm: prepareClockContainerHeightChanging:
01-22 19:18:45.067  1559  1595 V WindowManager: Sent Transition (#37573) createdAt=01-22 19:18:44.975 via request=TransitionRequestInfo { type = TO_BACK, triggerTask = null, pipChange = null, remoteTransition = null, displayChange = null, flags = 260, debugId = 37573 }
01-22 19:18:45.067  1559  1595 V WindowManager:     startWCT=WindowContainerTransaction { changes= {} hops= [] errorCallbackToken=null taskFragmentOrganizer=null }
01-22 19:18:45.067  2814  2814 I PluginFaceWidgetManager: isEditMode = false
01-22 19:18:45.067  1559  1595 V WindowManager:     info={id=37573 t=TO_BACK f=0x104 trk=0 r=[0@Point(0, 0)] c=[
01-22 19:18:45.067  1559  1595 V WindowManager:         {WCT{RemoteToken{9e83207 Task{5bf6647 #4624 type=standard A=10544:org.tkideneb2.zeiterfassung}}} m=TO_FRONT f=NONE p=WCT{RemoteToken{ec80d7e DefaultTaskDisplayArea_d0@51744758}} leash=Surface(name=Task=4624)/@0x686ac66 sb=Rect(0, 0 - 1440, 3120) eb=Rect(0, 0 - 1440, 3120) epz=Point(1440, 3120) d=0 taskParent=-1 inset=Rect(0, 113 - 0, 168)},
01-22 19:18:45.067  1559  1595 V WindowManager:         {WCT{RemoteToken{ec80d7e DefaultTaskDisplayArea_d0@51744758}} m=TO_FRONT f=FLAG_IS_TASK_DISPLAY_AREA leash=Surface(name=DefaultTaskDisplayArea_d0)/@0xa20403d sb=Rect(0, 0 - 1440, 3120) eb=Rect(0, 0 - 1440, 3120) epz=Point(1440, 3120) d=0 inset=Rect(0, 0 - 0, 0)}
01-22 19:18:45.067  1559  1595 V WindowManager:     ]}
01-22 19:18:45.067  2814  2814 I NowBarItemManager: getVisibleList isScreenTurnedOn = false / aodShowState false shouldControlScreenOff false visibleList size = 0
01-22 19:18:45.067  1559  5893 D InsetsSourceProvider: updateVisibility: serverVisible=true, clientVisible=true, source=InsetsSource: {f7410001 mType=navigationBars mFrame=[0,2952][1440,3120] mVisible=true mFlags= mSideHint=BOTTOM mBoundingRects=null}, controlTarget=Window{35e5496 u0 NotificationShade}, from=com.android.server.wm.InsetsSourceProvider.setClientVisible:8 com.android.server.wm.InsetsSourceProvider.updateClientVisibility:20 com.android.server.wm.InsetsStateController.onRequestedVisibleTypesChanged:44 com.android.server.wm.InsetsPolicy.onRequestedVisibleTypesChanged:3 com.android.server.wm.Session.updateRequestedVisibleTypes:37 android.view.IWindowSession$Stub.onTransact:1188 com.android.server.wm.Session.onTransact:1 android.os.Binder.execTransactInternal:1462 android.os.Binder.execTransact:1401 <bottom of call stack> 
01-22 19:18:45.068  2814  2846 I KeyguardService: onDreamingStopped
01-22 19:18:45.068  1204  1317 D display : mBrightness: 0.069804 mBrightnessNits: 128.000000 mCurrentBrightnessNorm: 0.069804 mCurrentBrightnessNits: 128.000000
01-22 19:18:45.068  1559  5893 D WindowManager: updateSystemBarAttributes: displayId=0, focusedCanBeNavColorWin=false, win=Window{35e5496 u0 NotificationShade}, navColorWin=null, caller=com.android.server.wm.InsetsStateController.onRequestedVisibleTypesChanged:86 com.android.server.wm.InsetsPolicy.onRequestedVisibleTypesChanged:3 com.android.server.wm.Session.updateRequestedVisibleTypes:37 
01-22 19:18:45.068  1559  5893 D WindowManager: updateSystemBarAttributes, bhv=2, apr=0, statusBarAprRegions=[], requestedVisibilities=-9
01-22 19:18:45.068  2814  2814 I SecKeyguardClockPositionAlgorithm: prepareClockContainerHeightChanging:
01-22 19:18:45.068  2814  2814 I PluginFaceWidgetManager: isEditMode = false
01-22 19:18:45.068  2814  2814 I NowBarItemManager: getVisibleList isScreenTurnedOn = false / aodShowState false shouldControlScreenOff false visibleList size = 0
01-22 19:18:45.068  1471  2736 I vendor.samsung.hardware.biometrics.fingerprint-service: cbgeFinal wait another operation end
01-22 19:18:45.068  1471  2736 I vendor.samsung.hardware.biometrics.fingerprint-service: repeat cbge
01-22 19:18:45.068 28652 28920 I bt_shim_scanner: system/main/shim/le_scanning_manager.cc:197 ScanFilterParamSetup: in shim layer, clientIf=4
01-22 19:18:45.068  1471  2736 I vendor.samsung.hardware.biometrics.fingerprint-service: state end   : cbgeV3(F) rv(0)
01-22 19:18:45.068  1471  2736 I vendor.samsung.hardware.biometrics.fingerprint-service: state start : cbgeV3(D)
01-22 19:18:45.068  1471  2736 I vendor.samsung.hardware.biometrics.fingerprint-service: cbmd
01-22 19:18:45.068  1471  2736 I vendor.samsung.hardware.biometrics.fingerprint-service: swipc
01-22 19:18:45.068  2814  2814 W View    : requestLayout() improperly called by com.android.systemui.qs.SecQSGradationDrawableView{eced6f3 V.E...... ......I. 0,0-1440,413 #7f0a0a16 app:id/qs_gradation_view} during layout: running second layout pass
01-22 19:18:45.068  2814  2814 W View    : requestLayout() improperly called by android.widget.FrameLayout{681bfb0 V.E...... ......I. 0,0-1440,3120 #2} during layout: running second layout pass
01-22 19:18:45.069  2814  2814 W View    : requestLayout() improperly called by android.widget.FrameLayout{fc66e29 V.E...... ......I. 0,196-1440,2952 #7f0a0a14 app:id/qs_frame} during layout: running second layout pass
01-22 19:18:45.069  2814  2814 I SecKeyguardClockPositionAlgorithm: prepareClockContainerHeightChanging:
01-22 19:18:45.069  3059  3059 D SatelliteController: Satellite for carrier is not supported.
01-22 19:18:45.069  3059  3059 D SatelliteController: Satellite for carrier is not supported.
01-22 19:18:45.069  2814  2814 I PluginFaceWidgetManager: isEditMode = false
01-22 19:18:45.069  2814  2814 I NowBarItemManager: getVisibleList isScreenTurnedOn = false / aodShowState false shouldControlScreenOff false visibleList size = 0
01-22 19:18:45.069  3059  3059 D SatelliteController: registerForSatelliteModemStateChanged: add Listeners for ModemState
01-22 19:18:45.069  3059  3059 E SatelliteController: registerForSatelliteModemStateChanged: mSatelliteSessionController is not initialized yet
01-22 19:18:45.069  2814  2814 I SecKeyguardClockPositionAlgorithm: prepareClockContainerHeightChanging:
01-22 19:18:45.070  2814  2814 I PluginFaceWidgetManager: isEditMode = false
01-22 19:18:45.070  2814  2814 I NowBarItemManager: getVisibleList isScreenTurnedOn = false / aodShowState false shouldControlScreenOff false visibleList size = 0
01-22 19:18:45.070 28652 28920 I bt_shim_scanner: system/main/shim/le_scanning_manager.cc:411 BatchscanDisable: in shim layer
01-22 19:18:45.070 30801 30810 I BLASTBufferQueue: [VRI[FP Iconview]@97f2e43#2](f:0,a:4,s:0) releaseBufferCallback bufferId:132289287684106 framenumber:3 layerId:497727
01-22 19:18:45.070 30801 30810 I BLASTBufferQueue: [VRI[FP Iconview]@97f2e43#2](f:0,a:3,s:0) released bufferId:132289287684106 framenumber:3 layerId:497727
01-22 19:18:45.070 30801 30810 I BLASTBufferQueue: [VRI[FP Iconview]@97f2e43#2](f:0,a:3,s:0) Can't acquire next buffer. No available frames
01-22 19:18:45.071 30801 30810 I BLASTBufferQueue: [VRI[FP Iconview]@97f2e43#2](f:0,a:3,s:0) transactionCallback
01-22 19:18:45.071 30801 30810 I BLASTBufferQueue: [VRI[FP Iconview]@97f2e43#2](f:0,a:3,s:0) updated mTransformHint=0
01-22 19:18:45.071 28652 28920 I bt_shim_scanner: system/main/shim/le_scanning_manager.cc:418 BatchscanReadReports: in shim layer
01-22 19:18:45.071 30870 30877 I adbd    : jdwp connection from 7567
01-22 19:18:45.071  2814  2950 I VRI[NotificationShade]@aa1a57e: mWNT: t=0xb400006ec760b990 mBlastBufferQueue=0xb400006e371bba70 fn= 541 HdrRenderState mRenderHdrSdrRatio=1.0 caller= android.view.SyncRtSurfaceTransactionApplier.applyTransaction:100 android.view.SyncRtSurfaceTransactionApplier.lambda$scheduleApply$0:73 android.view.SyncRtSurfaceTransactionApplier.$r8$lambda$afI4fXg3U3-nBZQEDQMiNy-B06s:0 
01-22 19:18:45.072  1559  1598 V UsbDeviceManager: onKeyguardStateChanged: isShowing:true secure:true user:0
01-22 19:18:45.072  1559  1598 I DisplayDeviceRepository: Display device changed render timings: "Integrierter Bildschirm", renderFrameRate=30.0, presentationDeadlineNanos=34333334, appVsyncOffsetNanos=33333334, frameRateOverrides=[{uid=10056 frameRateHz=30.0}]
01-22 19:18:45.072  7505  7532 V python  : extracting _python_bundle/site-packages/kivy/resources.pyc
01-22 19:18:45.072  7505  7532 V python  : extracting _python_bundle/site-packages/kivy/setupconfig.pyc
01-22 19:18:45.072  1559  1598 D RefreshRateModeManager: onBrightnessChanged: brt=89, lux=-1.0
01-22 19:18:45.073  7505  7532 V python  : extracting _python_bundle/site-packages/kivy/storage/
01-22 19:18:45.073  1559  1598 I DisplayDeviceRepository: Display device same: DisplayDeviceInfo{"Integrierter Bildschirm": uniqueId="local:4633128672291736003", 1440 x 3120, modeId 5, renderFrameRate 30.0, hasArrSupport false, frameRateCategoryRate FrameRateCategoryRate {normal=60.0, high=90.0}, supportedRefreshRates [120.00001, 80.0, 60.0, 48.0, 30.0, 24.0, 10.0, 120.00001, 80.0, 60.0, 48.0, 30.0, 24.0, 10.0, 120.00001, 80.0, 60.0, 48.0, 30.0, 24.0, 10.0], defaultModeId 1, userPreferredModeId 1, supportedModes [{id=1, width=1440, height=3120, fps=120.00001, vsync=120.00001, synthetic=false, alternativeRefreshRates=[10.0, 24.0, 30.0, 48.0, 60.0, 80.0], supportedHdrTypes=[2, 3, 4]}, {id=2, width=1440, height=3120, fps=80.0, vsync=80.0, synthetic=false, alternativeRefreshRates=[10.0, 24.0, 30.0, 48.0, 60.0, 120.00001], supportedHdrTypes=[2, 3, 4]}, {id=3, width=1440, height=3120, fps=60.0, vsync=60.0, synthetic=false, alternativeRefreshRates=[10.0, 24.0, 30.0, 48.0, 80.0, 120.00001], supportedHdrTypes=[2, 3, 4]}, {id=4, width=1440, height=3120, fps=48.0, vsync=48.0, synthetic=false, alternativeRefreshRates=[10.0, 24.0, 30.0, 60.0, 80.0, 120.00001], supportedHdrTypes=[2, 3, 4]}, {id=5, width=1440, height=3120, fps=30.0, vsync=30.0, synthetic=false, alternativeRefreshRates=[10.0, 24.0, 48.0, 60.0, 80.0, 120.00001], supportedHdrTypes=[2, 3, 4]}, {id=6, width=1440, height=3120, fps=24.0, vsync=24.0, synthetic=false, alternativeRefreshRates=[10.0, 30.0, 48.0, 60.0, 80.0, 120.00001], supportedHdrTypes=[2, 3, 4]}, {id=7, width=1440, height=3120, fps=10.0, vsync=10.0, synthetic=false, alternativeRefreshRates=[24.0, 30.0, 48.0, 60.0, 80.0, 120.00001], supportedHdrTypes=[2, 3, 4]}, {id=8, width=1080, height=2340, fps=120.00001, vsync=120.00001, synthetic=false, alternativeRefreshRates=[10.0, 24.0, 30.0, 48.0, 60.0, 80.0], supportedHdrTypes=[2, 3, 4]}, {id=9, width=1080, height=2340, fps=80.0, vsync=80.0, synthetic=false, alternativeRefreshRates=[10.0, 24.0, 30.0, 48.0, 60.0, 120.00001], supportedHdrTypes=[2, 3, 4]}, {id=10, width=1080, height=2340, fps=60.0, vsync=60.0, synthetic=false, alternativeRefreshRates=[10.0, 24.0, 30.0, 48.0, 80.0, 120.00001], supportedHdrTypes=[2, 3, 4]}, {id=11, width=1080, height=2340, fps=48.0, vsync=48.0, synthetic=false, alternativeRefreshRates=[10.0, 24.0, 30.0, 60.0, 80.0, 120.00001], supportedHdrTypes=[2, 3, 4]}, {id=12, width=1080, height=2340, fps=30.0, vsync=30.0, synthetic=false, alternativeRefreshRates=[10.0, 24.0, 48.0, 60.0, 80.0, 120.00001], supportedHdrTypes=[2, 3, 4]}, {id=13, width=1080, height=2340, fps=24.0, vsync=24.0, synthetic=false, alternativeRefreshRates=[10.0, 30.0, 48.0, 60.0, 80.0, 120.00001], supportedHdrTypes=[2, 3, 4]}, {id=14, width=1080, height=2340, fps=10.0, vsync=10.0, synthetic=false, alternativeRefreshRates=[24.0, 30.0, 48.0, 60.0, 80.0, 120.00001], supportedHdrTypes=[2, 3, 4]}, {id=15, width=720, height=1560, fps=120.00001, vsync=120.00001, synthetic=false, alternativeRefreshRates=[10.0, 24.0, 30.0, 48.0, 60.0, 80.0], supportedHdrTypes=[2, 3, 4]}, {id=16, width=720, height=1560, fps=80.0, vsync=80.0, synthetic=false, alternativeRefreshRates=[10.0, 24.0, 30.0, 48.0, 60.0, 120.00001], supportedHdrTypes=[2, 3, 4]}, {id=17, width=720, height=1560, fps=60.0, vsync=60.0, synthetic=false, alternativeRefreshRates=[10.0, 24.0, 30.0, 48.0, 80.0, 120.00001], supportedHdrTypes=[2, 3, 4]}, {id=18, width=720, height=1560, fps=48.0, vsync=48.0, synthetic=false, alternativeRefreshRates=[10.0, 24.0, 30.0, 60.0, 80.0, 120.00001], supportedHdrTypes=[2, 3, 4]}, {id=19, width=720, height=1560, fps=30.0, vsync=30.0, synthetic=false, alternativeRefreshRates=[10.0, 24.0, 48.0, 60.0, 80.0, 120.00001], supportedHdrTypes=[2, 3, 4]}, {id=20, width=720, height=1560, fps=24.0, vsync=24.0, synthetic=false, alternativeRefreshRates=[10.0, 30.0, 48.0, 60.0, 80.0, 120.00001], supportedHdrTypes=[2, 3, 4]}, {id=21, width=720, height=1560, fps=10.0, vsync=10.0, synthetic=false, alternativeRefreshRates=[24.0, 30.0, 48.0, 60.0, 80.0, 120.00001], supportedHdrTypes=[2, 3, 4]}], colorMode 0, supportedColorModes
01-22 19:18:45.073  7505  7532 V python  : extracting _python_bundle/site-packages/kivy/storage/__init__.pyc
01-22 19:18:45.073  1559  4286 V WindowManager: Schedule remove starting ActivityRecord{254619014 u0 org.tkideneb2.zeiterfassung/org.kivy.android.PythonActivity t4624} startingWindow=Window{bec5419 u0 Splash Screen org.tkideneb2.zeiterfassung} animate=true Callers=com.android.server.wm.ActivityRecord.onSyncTransactionCommitted:16 com.android.server.wm.BLASTSyncEngine$SyncGroup$1CommitCallback.onCommitted:104 com.android.server.wm.BLASTSyncEngine$SyncGroup$$ExternalSyntheticLambda0.onTransactionCommitted:8 android.view.SurfaceControl$Transaction$$ExternalSyntheticLambda4.run:0 com.android.server.SystemServerInitThreadPool$$ExternalSyntheticLambda0.execute:1 
01-22 19:18:45.073  1559  4286 D TaskOrganizerController: applyStartingWindowAnimation, window=Window{d37c539 u0 org.tkideneb2.zeiterfassung/org.kivy.android.PythonActivity}, caller=com.android.server.wm.TaskOrganizerController.removeStartingWindow:132 com.android.server.wm.StartingSurfaceController$StartingSurface.remove:23 com.android.server.wm.ActivityRecord.removeStartingWindowAnimation:171 
01-22 19:18:45.073  1559  4286 I WindowManager: Reparenting to leash, surface=Surface(name=d37c539 org.tkideneb2.zeiterfassung/org.kivy.android.PythonActivity)/@0xde7689f, leashParent=Surface(name=ActivityRecord{254619014 u0 org.tkideneb2.zeiterfassung/org.kivy.android.PythonActivity t4624})/@0x7622dec
01-22 19:18:45.073  7505  7532 V python  : extracting _python_bundle/site-packages/kivy/storage/dictstore.pyc
01-22 19:18:45.073  1248  2394 I SurfaceFlinger: id=497733 createSurf, flag=24000, Surface(name=d37c539 org.tkideneb2.zeiterfassung/org.kivy.android.PythonActivity)/@0xde7689f - animation-leash of starting_reveal#497733
01-22 19:18:45.073  7505  7532 V python  : extracting _python_bundle/site-packages/kivy/storage/jsonstore.pyc
01-22 19:18:45.074  7505  7532 V python  : extracting _python_bundle/site-packages/kivy/storage/redisstore.pyc
01-22 19:18:45.074  1559  4286 D WindowManager: makeSurface duration=1 leash=Surface(name=Surface(name=d37c539 org.tkideneb2.zeiterfassung/org.kivy.android.PythonActivity)/@0xde7689f - animation-leash of starting_reveal)/@0xf53a5b5
01-22 19:18:45.074  7505  7532 V python  : extracting _python_bundle/site-packages/kivy/support.pyc
01-22 19:18:45.074  7505  7532 V python  : extracting _python_bundle/site-packages/kivy/tools/
01-22 19:18:45.074  1559  1598 D LocalDisplayAdapter: setDesiredDisplayModeSpecsAsync(4633128672291736003) : defaultMode=0 allowGroupSwitching=false primaryRanges=physical: (10.0 120.0) render:  (0.0 120.0) appRequestRanges=physical: (10.0 120.0) render:  (0.0 120.0) idleScreenRefreshRate=null
01-22 19:18:45.074  7505  7532 V python  : extracting _python_bundle/site-packages/kivy/tools/__init__.pyc
01-22 19:18:45.074  1559  1598 I SurfaceComposerClient: setDesiredDisplayModeSpecs DisplayModeSpecs{defaultMode: 0, allowGroupSwitching: false, primaryRanges: RefreshRateRanges{physical: RefreshRateRange{min: 10.000000, max: 120.000000}, render: RefreshRateRange{min: 0.000000, max: 120.000000}}, appRequestRanges: RefreshRateRanges{physical: RefreshRateRange{min: 10.000000, max: 120.000000}, render: RefreshRateRange{min: 0.000000, max: 120.000000}}, idleScreenRefreshRateConfig: (null)}
01-22 19:18:45.075  7505  7532 V python  : extracting _python_bundle/site-packages/kivy/tools/benchmark.pyc
01-22 19:18:45.075  1248  1248 I RefreshRateSelector: Display 4633128672291736003 policy changed
01-22 19:18:45.075  1248  1248 I RefreshRateSelector: Previous: {defaultModeId=4, allowGroupSwitching=false, primaryRanges={physical=[10.00 Hz, 30.00 Hz], render=[0.00 Hz, 30.00 Hz]}, appRequestRanges={physical=[10.00 Hz, 120.00 Hz], render=[0.00 Hz, 120.00 Hz]} idleScreenConfig=nullptr}
01-22 19:18:45.075  1248  1248 I RefreshRateSelector: Current:  DisplayManagerPolicy{defaultModeId=0, allowGroupSwitching=false, primaryRanges={physical=[10.00 Hz, 120.00 Hz], render=[0.00 Hz, 120.00 Hz]}, appRequestRanges={physical=[10.00 Hz, 120.00 Hz], render=[0.00 Hz, 120.00 Hz]} idleScreenConfig=nullptr}
01-22 19:18:45.075  1248  1248 I RefreshRateSelector: 1 mode changes were performed under the previous policy
01-22 19:18:45.075  1248  1248 I SurfaceFlinger: [4633128672291736003] Setting desired display mode specs: {defaultModeId=0, allowGroupSwitching=false, primaryRanges={physical=[10.00 Hz, 120.00 Hz], render=[0.00 Hz, 120.00 Hz]}, appRequestRanges={physical=[10.00 Hz, 120.00 Hz], render=[0.00 Hz, 120.00 Hz]} idleScreenConfig=nullptr}
01-22 19:18:45.075  1248  1248 D DisplayModeController: setDesiredMode 4633128672291736003 {mode={fps=120.00 Hz, modePtr={id=0, vsyncRate=120.00 Hz, peakRefreshRate=120.00 Hz}}, emitEvent=true, force=false}
01-22 19:18:45.075  7505  7532 V python  : extracting _python_bundle/site-packages/kivy/tools/changelog_parser.pyc
01-22 19:18:45.075  1559  1598 D BBA2    : updateWindowVisible for pid : 7505, visible : 1
01-22 19:18:45.075  7505  7532 V python  : extracting _python_bundle/site-packages/kivy/tools/coverage.pyc
01-22 19:18:45.076  7505  7532 V python  : extracting _python_bundle/site-packages/kivy/tools/gallery.pyc
01-22 19:18:45.076  7505  7532 V python  : extracting _python_bundle/site-packages/kivy/tools/generate-icons.pyc
01-22 19:18:45.076 17353 17353 D BoundBrokerSvc: onRebind: Intent { act=com.google.android.gms.findmydevice.spot.service.locationreport.START dat=chimera-action:/... xflg=0x4 cmp=com.google.android.gms/.chimera.PersistentApiService }
01-22 19:18:45.077  7505  7532 V python  : extracting _python_bundle/site-packages/kivy/tools/gles_compat/
01-22 19:18:45.077  7505  7532 V python  : extracting _python_bundle/site-packages/kivy/tools/gles_compat/subset_gles.pyc
01-22 19:18:45.077  7505  7532 V python  : extracting _python_bundle/site-packages/kivy/tools/highlight/
01-22 19:18:45.077  2814  2814 D SecLifecycle: wakefulness=1
01-22 19:18:45.077  2814  2814 I AODAmbientWallpaperHelper: onStartedWakingUp
01-22 19:18:45.077  2814  2814 D AODAmbientWallpaperHelper: isWonderLandAmbientWallpaper: isFolded=true, isMainWonderLandWallpaper=false, isSubWonderLandWallpaper=false
01-22 19:18:45.077  7505  7532 V python  : extracting _python_bundle/site-packages/kivy/tools/highlight/__init__.pyc
01-22 19:18:45.077  2814  2814 D FaceWidgetViewModel: onStartedWakingUp()
01-22 19:18:45.077  2814  2814 D FaceWidgetWakefulnessLifecycle: onStartedWakingUp
01-22 19:18:45.077  2814  2814 I NowBarItemManager: notifyForceUpdate
01-22 19:18:45.078  2814  2814 I NowBarCardViewModel: updateView isCollapsed = true screenOn=true
01-22 19:18:45.078  2814  2814 E NowBarCardStackView: getTopCard topCard is null view size = 0
01-22 19:18:45.078  7505  7532 V python  : extracting _python_bundle/site-packages/kivy/tools/highlight/kivy-mode.el
01-22 19:18:45.078  2814  2814 I PluginFaceWidgetManager: isEditMode = false
01-22 19:18:45.078  2814  2814 I NowBarItemManager: getVisibleList isScreenTurnedOn = true / aodShowState false shouldControlScreenOff false visibleList size = 1
01-22 19:18:45.078  2814  2814 I NowBarItemManager: visibleList idx=0, , AI_BRIEF_KEY, AI_BRIEF | 7
01-22 19:18:45.078  2814  2814 I NowBarCardViewModel: setVisibility visible = 0 / nowBarRootVisibility = 0
01-22 19:18:45.078  7505  7532 V python  : extracting _python_bundle/site-packages/kivy/tools/highlight/kivy.json-tmlanguage
01-22 19:18:45.078  7505  7532 V python  : extracting _python_bundle/site-packages/kivy/tools/highlight/kivy.tmLanguage
01-22 19:18:45.078  2814  2814 I NowBarItemManager: getVisibleList isScreenTurnedOn = true / aodShowState false shouldControlScreenOff false visibleList size = 1
01-22 19:18:45.078  2814  2814 I NowBarItemManager: visibleList idx=0, , AI_BRIEF_KEY, AI_BRIEF | 7
01-22 19:18:45.078  7505  7532 V python  : extracting _python_bundle/site-packages/kivy/tools/highlight/kivy.vim
01-22 19:18:45.078  3014  3014 I SprWallpaper|LayeredController_PH: onDisplayStateChanged : ON
01-22 19:18:45.079  2814  2988 I ImageWallpaper_6[Image]: onCommand: action = android.wallpaper.wakingup
01-22 19:18:45.079  2814  2988 I ImageWallpaper_6[Image]: onDisplayStateChanged: OFF -> ON
01-22 19:18:45.079  7505  7532 V python  : extracting _python_bundle/site-packages/kivy/tools/image-testsuite/
01-22 19:18:45.079  1248  1314 I SurfaceFlinger: id=497734 createSurf, flag=84000, 1842dc8 ActivityRecordInputSink org.tkideneb2.zeiterfassung/org.kivy.android.PythonActivity#497734
01-22 19:18:45.079  2814  2870 D ShellTaskOrganizer: removeStartingWindow, removalInfo=StartingWindowRemovalInfo{taskId=4624 frame=Rect(0, 0 - 1440, 3120) playRevealAnimation=true roundedCornerRadius=0.0 deferRemoveMode=0 windowlessSurface=false removeImmediately=false}
01-22 19:18:45.079  7505  7532 V python  : extracting _python_bundle/site-packages/kivy/tools/image-testsuite/README.md
01-22 19:18:45.079  3116  3652 I VolteServiceModule: onScreenOnOffChanged: on =1
01-22 19:18:45.079  3244  4257 I HoneySpace.SystemUiRepository: systemUiFlags: overview_disabled|home_disabled|navbar_hidden|notif_expanded|keygrd_visible|device_dozing|wakefulness_transition|awake|notif_visible|keygrd_going_away
01-22 19:18:45.079  7505  7532 V python  : extracting _python_bundle/site-packages/kivy/tools/image-testsuite/gimp28-testsuite.pyc
01-22 19:18:45.079  3116  3652 I StackIF<0>: updateScreenOnOff: on 1
01-22 19:18:45.079  3244  3325 I HoneySpace.TaskbarEventTracker: invokeEvent() called with: event = SystemUiStateChanged(stateFlags=4028629446)
01-22 19:18:45.079  3116  3652 I SECIMSJ : [1194]> 84
01-22 19:18:45.080  7505  7532 V python  : extracting _python_bundle/site-packages/kivy/tools/image-testsuite/imagemagick-testsuite.sh
01-22 19:18:45.080  3116  3639 I [IMS6.0]: IMS_onResponse()
01-22 19:18:45.080  3116  3639 I StackIF : processMessage 2
01-22 19:18:45.080  3116  3639 I StackIF : Processing Response
01-22 19:18:45.080  3116  3639 I SECIMSJ : [1194]< 101
01-22 19:18:45.080  7505  7532 V python  : extracting _python_bundle/site-packages/kivy/tools/kviewer.pyc
01-22 19:18:45.080  3116  3639 I StackIF : processResponse: reqId 101
01-22 19:18:45.080  3116  3639 I StackIF : processResponse: handle -1 result 0 reason 0
01-22 19:18:45.080  7567  7567 D nativeloader: Load libframework-connectivity-tiramisu-jni.so using APEX ns com_android_tethering for caller /apex/com.android.tethering/javalib/framework-connectivity-t.jar: ok
01-22 19:18:45.080  7505  7532 V python  : extracting _python_bundle/site-packages/kivy/tools/packaging/
01-22 19:18:45.080  5825  5825 I EnvironmentAdaptiveDisplayService: action  :  android.intent.action.SCREEN_ON
01-22 19:18:45.081  7505  7532 V python  : extracting _python_bundle/site-packages/kivy/tools/packaging/__init__.pyc
01-22 19:18:45.081  7505  7532 V python  : extracting _python_bundle/site-packages/kivy/tools/packaging/cython_cfg.pyc
01-22 19:18:45.081  1559  1599 D SurfaceComposerClient: setCornerRadius ## bec5419 Splash Screen org.tkideneb2.zeiterfassung#497728 cornerRadius=0.000000
01-22 19:18:45.081  7505  7532 V python  : extracting _python_bundle/site-packages/kivy/tools/packaging/factory.pyc
01-22 19:18:45.081  1559  1599 D SurfaceComposerClient: setCornerRadius ## d37c539 org.tkideneb2.zeiterfassung/org.kivy.android.PythonActivity#497725 cornerRadius=0.000000
01-22 19:18:45.081  7505  7532 V python  : extracting _python_bundle/site-packages/kivy/tools/packaging/pyinstaller_hooks/
01-22 19:18:45.082  1559  1599 D InsetsSourceProvider: updateFakeControlTarget: fakeControl=InsetsSourceControl: {4bc40000 mType=statusBars mSurfacePosition=Point(0, 0) mInsetsHint=Insets{left=0, top=0, right=0, bottom=0}}, fakeTarget=Window{bec5419 u0 Splash Screen org.tkideneb2.zeiterfassung}
01-22 19:18:45.082  1559  1599 D InsetsSourceProvider: updateFakeControlTarget: fakeControl=InsetsSourceControl: {f7410001 mType=navigationBars mSurfacePosition=Point(0, 0) mInsetsHint=Insets{left=0, top=0, right=0, bottom=0}}, fakeTarget=Window{bec5419 u0 Splash Screen org.tkideneb2.zeiterfassung}
01-22 19:18:45.082  7505  7532 V python  : extracting _python_bundle/site-packages/kivy/tools/packaging/pyinstaller_hooks/__init__.pyc
01-22 19:18:45.082  1471  2736 I QcSensorControl: BAuthDeviceEnableIPC
01-22 19:18:45.082  1471  2736 I qfp-vendorlib: QFPControl_DeviceEnableIPC 1
01-22 19:18:45.082  1471  2736 I vendor.samsung.hardware.biometrics.fingerprint-service: wwipc
01-22 19:18:45.082  1471  2736 I qfp-vendorlib: QFPControl_DeviceWaitIPC Entry!!!
01-22 19:18:45.082  2814  2814 I NowBarCardStackView: refreshAllViews itemList 1 aod.o5.s:71 aod.Sw0.B:16 com.samsung.android.app.facewidget.utils.NowBarCardStackView.m:14 com.samsung.android.app.facewidget.presentation.NowBarCardViewModel.x:174 com.samsung.android.app.facewidget.presentation.NowBarCardViewModel.j:38 com.samsung.android.app.facewidget.domain.NowBarItemManager.k:31 aod.nj0.d:24 com.samsung.android.app.facewidget.FaceWidgetViewModel.onStartedWakingUp:43 com.samsung.android.app.facewidget.plugin.PluginKeyguardStatusViewImpl.onStartedWakingUp:4 java.lang.reflect.Method.invoke:-2 com.android.systemui.plugins.annotations.VersionCheckingProxy.invoke:100 java.lang.reflect.Proxy.invoke:1006 $Proxy7.onStartedWakingUp:-1 com.android.systemui.facewidget.plugin.FaceWidgetWakefulnessLifecycleWrapper$1.onStartedWakingUp:7 com.android.systemui.keyguard.WakefulnessLifecycle$$ExternalSyntheticLambda0.accept:24 
01-22 19:18:45.082  1559  1599 D WindowManager: updateSystemBarAttributes: displayId=0, focusedCanBeNavColorWin=false, win=Window{35e5496 u0 NotificationShade}, navColorWin=Window{bec5419 u0 Splash Screen org.tkideneb2.zeiterfassung}, caller=com.android.server.wm.DisplayPolicy.finishPostLayoutPolicyLw:17 com.android.server.wm.RootWindowContainer.applySurfaceChangesTransaction$1:195 com.android.server.wm.RootWindowContainer.performSurfacePlacementNoTrace:59 
01-22 19:18:45.082  2814  2814 E NowBarCardStackView: getTopCard topCard is null view size = 0
01-22 19:18:45.082  7505  7532 V python  : extracting _python_bundle/site-packages/kivy/tools/packaging/pyinstaller_hooks/__main__.pyc
01-22 19:18:45.082  2814  2814 I NowBarCardStackView: refreshAllViews topcard is null
01-22 19:18:45.082  2814  2814 I NowBarCardStackView: refreshAllViews prev = 0 / new = 1   ==> (idx=0 , AI_BRIEF_KEY, AI_BRIEF | 7) 
01-22 19:18:45.082  2814  2814 E NowBarCardStackView: getTopCard topCard is null view size = 0
01-22 19:18:45.082  1559  1599 D WindowManager: updateSystemBarAttributes, bhv=2, apr=0, statusBarAprRegions=[AppearanceRegion{ bounds=[0,0][1440,3120]}], requestedVisibilities=-9
01-22 19:18:45.082  7505  7532 V python  : extracting _python_bundle/site-packages/kivy/tools/packaging/pyinstaller_hooks/hook-kivy.pyc
01-22 19:18:45.082  1559  1599 W PhoneWindowManager: lockNow pending, ignore updating lockscreen timeout
01-22 19:18:45.082  7505  7532 V python  : extracting _python_bundle/site-packages/kivy/tools/packaging/pyinstaller_hooks/pyi_rth_kivy.pyc
01-22 19:18:45.083  3059  3059 D SatelliteController: registerForSatelliteModemStateChanged: add Listeners for ModemState
01-22 19:18:45.083  3059  3059 E SatelliteController: registerForSatelliteModemStateChanged: mSatelliteSessionController is not initialized yet
01-22 19:18:45.083  1559  6879 D SyntheticPasswordManager.SDP: Inside fromBytes() - result.pinLength : -1
01-22 19:18:45.083  1559  6879 D SyntheticPasswordManager.SDP: 2. result.secureMode : 0
01-22 19:18:45.083  7505  7532 V python  : extracting _python_bundle/site-packages/kivy/tools/pep8checker/
01-22 19:18:45.083  2814  2988 D ImageWallpaper[WallpaperAnimator]: engineDisplayStateChanged: state = ON, which = 6, visible = false, isFullAodShown = false, isMultipack = false, mKeyguardState = false
01-22 19:18:45.083  2814  2814 I NowBarCardStackView: makeNowBarCardView item = NowBarItem{notiID=, nowBarKey='AI_BRIEF_KEY, nowBarPackage='com.android.systemui.aibrief, nowBarViewStyle=7, userId=-10000, pendingIntent=null, pendingIntentOnSubScreen=PendingIntent{22d940d: android.os.BinderProxy@e091c78}, chipIcon=null, expandedChipView=null, chipBackground=1, actions=null, actionBgColors=null, primaryActionNum=0, cardIcon=null, cardIconBg=1, primaryInfo=', primaryInfoColor=1, secondaryInfo=', secondaryInfoColor=0, moreInfo=', customExpandedCardView=null, cardBackground=1, faceWidgetMediaData=null, expandedChipText=, chronometerView=null, chronometerViewOnSubScreen=null, chronometerTag=null, shouldRemoveCard=false, contentViewForNormalCard=com.android.systemui.aibrief.ui.BriefNowBarView{f922fc2 V.E...... ......I. 0,0-0,0 #7f0a00c9 app:id/ai_brief_now_bar_container}, contentViewForExpandCardOnSubScreen=android.widget.FrameLayout{dd7a1d3 V.E...... ......ID 0,0-0,0 #7f0a0d8a app:id/suggestion_container}, contentViewForNormalCard=com.android.systemui.aibrief.ui.BriefNowBarView{f922fc2 V.E...... ......I. 0,0-0,0 #7f0a00c9 app:id/ai_brief_now_bar_container}, contentViewForExpandCardOnSubScreen=android.widget.FrameLayout{dd7a1d3 V.E...... ......ID 0,0-0,0 #7f0a0d8a app:id/suggestion_container}} convertView null parent com.samsung.android.app.facewidget.utils.NowBarCardStackView{af568b7 VFE...... ........ 0,0-0,0 #7f0a1ea8 app:id/card_stack_container}
01-22 19:18:45.083  7505  7532 V python  : extracting _python_bundle/site-packages/kivy/tools/pep8checker/pep8.pyc
01-22 19:18:45.083  1559  1599 D SurfaceComposerClient: setCornerRadius ## bec5419 Splash Screen org.tkideneb2.zeiterfassung#497728 cornerRadius=0.000000
01-22 19:18:45.083  1559  1599 D SurfaceComposerClient: setCornerRadius ## d37c539 org.tkideneb2.zeiterfassung/org.kivy.android.PythonActivity#497725 cornerRadius=0.000000
01-22 19:18:45.084  1559  1559 D SGM:GameManager: onDisplayChanged. displyId: 0, state: 2
01-22 19:18:45.084  1559  1559 D SGM:GameManager: dpi: 560, longPixel: 3120, shortPixel: 1440
01-22 19:18:45.084  1559  1559 I SemMdnieManagerService: DisplayListener onDisplayChanged. mAlwaysOnDisplayEnabled : false , mDisplayOn : false , mDisplayState : 2 , mWorkBlueFilter : true , mNightModeBlock : true
01-22 19:18:45.084  1559  1559 D EyeComfortSolutionService: mBlueLightFilterAdaptiveModeEnabled: true , mBlueLightFilterScheduledTime: false
01-22 19:18:45.084  2814  2814 W Settings: Setting accessibility_reduce_transparency has moved from android.provider.Settings.System to android.provider.Settings.Global, returning read-only value.
01-22 19:18:45.084  2814  2814 W Settings: Setting accessibility_reduce_transparency has moved from android.provider.Settings.System to android.provider.Settings.Global, returning read-only value.
01-22 19:18:45.085  1559  2233 D SGM:FgCheckThread: onLooperPrepared(), msg: MSG_LCD_ON
01-22 19:18:45.085  7505  7532 V python  : extracting _python_bundle/site-packages/kivy/tools/pep8checker/pep8kivy.pyc
01-22 19:18:45.085  1559  2233 D SGM:FgCheckThread: handleLcdOn(). isDeviceLocked: false, inKeyguardRestrictedInputMode: true
01-22 19:18:45.085  7505  7532 V python  : extracting _python_bundle/site-packages/kivy/tools/pep8checker/pre-commit.githook
01-22 19:18:45.085  7505  7532 V python  : extracting _python_bundle/site-packages/kivy/tools/precommit_hooks/
01-22 19:18:45.085  7505  7532 V python  : extracting _python_bundle/site-packages/kivy/tools/precommit_hooks/pre-commit-config.yaml
01-22 19:18:45.086  7505  7532 V python  : extracting _python_bundle/site-packages/kivy/tools/report.pyc
01-22 19:18:45.086  7505  7505 I InsetsController: onStateChanged: host=org.tkideneb2.zeiterfassung/org.kivy.android.PythonActivity, from=android.view.ViewRootImpl.onInsetsStateChanged:3026, state=InsetsState: {mDisplayFrame=Rect(0, 0 - 1440, 3120), mDisplayCutout=DisplayCutout{insets=Rect(0, 112 - 0, 0) waterfall=Insets{left=0, top=0, right=0, bottom=0} boundingRect={Bounds=[Rect(0, 0 - 0, 0), Rect(686, 0 - 754, 112), Rect(0, 0 - 0, 0), Rect(0, 0 - 0, 0)]} cutoutPathParserInfo={CutoutPathParserInfo{displayWidth=1440 displayHeight=3120 physicalDisplayWidth=1440 physicalDisplayHeight=3120 density={3.75} cutoutSpec={M 0,0 H -9.066666666666667 V 29.86666666666667 H 9.066666666666667 V 0 H 0 Z @dp} rotation={0} scale={1.0} physicalPixelDisplaySizeRatio={1.0}}} sideOverrides={}}, mRoundedCorners=RoundedCorners{[RoundedCorner{position=TopLeft, radius=126, center=Point(126, 126)}, RoundedCorner{position=TopRight, radius=126, center=Point(1314, 126)}, RoundedCorner{position=BottomRight, radius=126, center=Point(1314, 2994)}, RoundedCorner{position=BottomLeft, radius=126, center=Point(126, 2994)}]}  mRoundedCornerFrame=Rect(0, 0 - 1440, 3120), mPrivacyIndicatorBounds=PrivacyIndicatorBounds {static bounds=Rect(1286, 0 - 1440, 113) rotation=0}, mDisplayShape=DisplayShape{ spec=-311912193 displayWidth=1440 displayHeight=3120 physicalPixelDisplaySizeRatio=1.0 rotation=0 offsetX=0 offsetY=0 scale=1.0}, mSources= { InsetsSource: {f7410001 mType=navigationBars mFrame=[0,2952][1440,3120] mVisible=true mFlags= mSideHint=BOTTOM mBoundingRects=null}, InsetsSource: {f7410004 mType=systemGestures mFrame=[0,0][0,0] mVisible=true mFlags= mSideHint=NONE mBoundingRects=null}, InsetsSource: {f7410005 mType=mandatorySystemGestures mFrame=[0,2952][1440,3120] mVisible=true mFlags= mSideHint=BOTTOM mBoundingRects=null}, InsetsSource: {f7410006 mType=tappableElement mFrame=[0,2952][1440,3120] mVisible=true mFlags= mSideHint=BOTTOM mBoundingRects=null}, InsetsSource: {f7410024 mType=systemGestures mFrame=[0,0][0,0] mVisible=true mFlags= mSideHint=NONE mBoundingRects=null}, InsetsSource: {3 mType=ime mFrame=[0,0][0,0] mVisible=false mFlags= mSideHint=NONE mBoundingRects=null}, InsetsSource: {27 mType=displayCutout mFrame=[0,0][1440,112] mVisible=true mFlags= mSideHint=TOP mBoundingRects=null}, InsetsSource: {4bc40000 mType=statusBars mFrame=[0,0][1440,113] mVisible=true mFlags= mSideHint=TOP mBoundingRects=null}, InsetsSource: {4bc40005 mType=mandatorySystemGestures mFrame=[0,0][1440,154] mVisible=true mFlags= mSideHint=TOP mBoundingRects=null}, InsetsSource: {4bc40006 mType=tappableElement mFrame=[0,0][1440,113] mVisible=true mFlags= mSideHint=TOP mBoundingRects=null} }
01-22 19:18:45.086  7505  7532 V python  : extracting _python_bundle/site-packages/kivy/tools/stub-gl-debug.pyc
01-22 19:18:45.086  7505  7505 I VRI[PythonActivity]@84872f0: handleResized, frames=ClientWindowFrames{frame=[0,0][1440,3120] display=[0,0][1440,3120] parentFrame=[0,0][0,0]} displayId=0 dragResizing=false compatScale=1.0 frameChanged=false attachedFrameChanged=false configChanged=false displayChanged=false compatScaleChanged=false dragResizingChanged=false
01-22 19:18:45.086  7505  7532 V python  : extracting _python_bundle/site-packages/kivy/tools/texturecompress.pyc
01-22 19:18:45.086  1559  2656 D BackgroundInstallControlService: Package event received: 0
01-22 19:18:45.087 28652 28841 W BluetoothMetricsLogger: count is not larger than 0. count: 0 key: 120302
01-22 19:18:45.087 28652 28841 W BluetoothMetricsLogger: count is not larger than 0. count: 0 key: 120305
01-22 19:18:45.087  1559  1559 I SemMdnieManagerService: DDI setNightMode : false, index : 0, str : (0 0)
01-22 19:18:45.087  1559  1559 D AODManagerService: requestReCalToTSP IsSingleTouchMode = falserequestedReCalToTSP = false / previousDisplayState = DOZE_SUSPEND
01-22 19:18:45.087  7505  7532 V python  : extracting _python_bundle/site-packages/kivy/tools/theming/
01-22 19:18:45.087  7505  7532 V python  : extracting _python_bundle/site-packages/kivy/tools/theming/defaulttheme/
01-22 19:18:45.087  7505  7532 V python  : extracting _python_bundle/site-packages/kivy/tools/theming/defaulttheme/action_bar.png
01-22 19:18:45.087  7567  7567 D ActivityThread: setConscryptValidator
01-22 19:18:45.087  7567  7567 D ActivityThread: setConscryptValidator - put
01-22 19:18:45.087  7505  7532 V python  : extracting _python_bundle/site-packages/kivy/tools/theming/defaulttheme/action_group.png
01-22 19:18:45.088  7505  7532 V python  : extracting _python_bundle/site-packages/kivy/tools/theming/defaulttheme/action_group_disabled.png
01-22 19:18:45.088 30801 30801 I VRI[FP Iconview]@97f2e43: handleResized, frames=ClientWindowFrames{frame=[0,0][1440,3120] display=[0,0][1440,3120] parentFrame=[0,0][0,0]} displayId=0 dragResizing=false compatScale=1.0 frameChanged=false attachedFrameChanged=false configChanged=false displayChanged=false compatScaleChanged=false dragResizingChanged=false
01-22 19:18:45.088  7505  7532 V python  : extracting _python_bundle/site-packages/kivy/tools/theming/defaulttheme/action_group_down.png
01-22 19:18:45.088  7505  7532 V python  : extracting _python_bundle/site-packages/kivy/tools/theming/defaulttheme/action_item.png
01-22 19:18:45.088  3466  3708 I EventReceiver_FLP: BroadcastReceiver : ACTION_SCREEN_ON
01-22 19:18:45.088  3466  3708 I EventReceiver_FLP: BroadcastReceiver finished
01-22 19:18:45.088  7505  7532 V python  : extracting _python_bundle/site-packages/kivy/tools/theming/defaulttheme/action_item_down.png
01-22 19:18:45.089  7505  7532 V python  : extracting _python_bundle/site-packages/kivy/tools/theming/defaulttheme/action_view.png
01-22 19:18:45.089  1248  2394 I VSyncReactor: Current= 30, Period= 120, hwcPeriod= 30
01-22 19:18:45.089  7505  7532 V python  : extracting _python_bundle/site-packages/kivy/tools/theming/defaulttheme/audio-volume-high.png
01-22 19:18:45.089  7505  7532 V python  : extracting _python_bundle/site-packages/kivy/tools/theming/defaulttheme/audio-volume-low.png
01-22 19:18:45.089  7505  7532 V python  : extracting _python_bundle/site-packages/kivy/tools/theming/defaulttheme/audio-volume-medium.png
01-22 19:18:45.089  7505  7532 V python  : extracting _python_bundle/site-packages/kivy/tools/theming/defaulttheme/audio-volume-muted.png
01-22 19:18:45.090  1559  1598 I DisplayDeviceRepository: Display device changed render timings: "Integrierter Bildschirm", renderFrameRate=30.0, presentationDeadlineNanos=34333334, appVsyncOffsetNanos=33333334, frameRateOverrides=[]
01-22 19:18:45.090  7505  7532 V python  : extracting _python_bundle/site-packages/kivy/tools/theming/defaulttheme/bubble.png
01-22 19:18:45.090  1559  1599 W PhoneWindowManager: lockNow pending, ignore updating lockscreen timeout
01-22 19:18:45.090  7505  7532 V python  : extracting _python_bundle/site-packages/kivy/tools/theming/defaulttheme/bubble_arrow.png
01-22 19:18:45.090  1559  1599 D SurfaceComposerClient: setCornerRadius ## bec5419 Splash Screen org.tkideneb2.zeiterfassung#497728 cornerRadius=0.000000
01-22 19:18:45.090  1559  1599 D SurfaceComposerClient: setCornerRadius ## d37c539 org.tkideneb2.zeiterfassung/org.kivy.android.PythonActivity#497725 cornerRadius=0.000000
01-22 19:18:45.090  7505  7532 V python  : extracting _python_bundle/site-packages/kivy/tools/theming/defaulttheme/bubble_btn.png
01-22 19:18:45.090  7505  7532 V python  : extracting _python_bundle/site-packages/kivy/tools/theming/defaulttheme/bubble_btn_pressed.png
01-22 19:18:45.090 28652 28920 E ScanManager: [GSIM LOG]: gsimLogHandler, msg: MESSAGE_SCAN_STOP, appName: com.google.android.gms, scannerId: 4, reportDelayMillis=1200000
01-22 19:18:45.090  7505  7532 V python  : extracting _python_bundle/site-packages/kivy/tools/theming/defaulttheme/button.png
01-22 19:18:45.090  1471  2998 I tlc_communication: blowfish : tlc_communicate commandID(7) (0x00000000 TEEC_SUCCESS) retry0
01-22 19:18:45.091  1471  2998 I TLC_BAUTH: Check the Trustlet return code is completed
01-22 19:18:45.091  1471  2998 I bauth_FPBAuthService: Identify final
01-22 19:18:45.091  1471  2998 I bauth_FPBAuthService: check_opcode status = 2, opcode = 0, func_ret_val = 0, function_status = 2, timeout = 0
01-22 19:18:45.091  1471  2998 I bauth_FPBAuthService: CAPTURE_FINGER_LEAVE
01-22 19:18:45.091  1471  2998 I bauth_FPBAuthService: fpop : 100023
01-22 19:18:45.091  7505  7532 V python  : extracting _python_bundle/site-packages/kivy/tools/theming/defaulttheme/button_disabled.png
01-22 19:18:45.091  1559  1599 W PhoneWindowManager: lockNow pending, ignore updating lockscreen timeout
01-22 19:18:45.091  7505  7532 V python  : extracting _python_bundle/site-packages/kivy/tools/theming/defaulttheme/button_disabled_pressed.png
01-22 19:18:45.091  1559  1599 D SurfaceComposerClient: setCornerRadius ## bec5419 Splash Screen org.tkideneb2.zeiterfassung#497728 cornerRadius=0.000000
01-22 19:18:45.091  1559  1599 D SurfaceComposerClient: setCornerRadius ## d37c539 org.tkideneb2.zeiterfassung/org.kivy.android.PythonActivity#497725 cornerRadius=0.000000
01-22 19:18:45.091  7505  7532 V python  : extracting _python_bundle/site-packages/kivy/tools/theming/defaulttheme/button_pressed.png
01-22 19:18:45.091 28652 28920 E ScanManager: [GSIM LOG]: gsimLogHandler, msg: MESSAGE_SCAN_START, appName: com.google.android.gms, scannerId: 4, reportDelayMillis=1200000
01-22 19:18:45.091  1559  6879 W BMFP    : fp_acquired: 6, 10004,
01-22 19:18:45.091  1559  6879 I FingerprintService: handleAcquired: acquiredInfo=6, vendor=10004
01-22 19:18:45.091  1559  2652 E AidlResponseHandler: Client monitor is not an instance of com.android.server.biometrics.sensors.AcquisitionClient
01-22 19:18:45.091  7505  7532 V python  : extracting _python_bundle/site-packages/kivy/tools/theming/defaulttheme/checkbox_disabled_off.png
01-22 19:18:45.091  1471  2998 I TLC_BAUTH: Call FP cmd 0xc (76)
01-22 19:18:45.091  1471  2998 I TLC_BAUTH: Check Input Data Param buf addr = 0x0x0 , length = 0
01-22 19:18:45.091  7505  7532 V python  : extracting _python_bundle/site-packages/kivy/tools/theming/defaulttheme/checkbox_disabled_on.png
01-22 19:18:45.092 28652 28920 I bt_shim_scanner: system/main/shim/le_scanning_manager.cc:260 ScanFilterEnable: in shim layer
01-22 19:18:45.092  2814  2927 D StackScroller: onDisplayChanged for predraw skip to 2
01-22 19:18:45.092  7505  7532 V python  : extracting _python_bundle/site-packages/kivy/tools/theming/defaulttheme/checkbox_off.png
01-22 19:18:45.092  7505  7532 V python  : extracting _python_bundle/site-packages/kivy/tools/theming/defaulttheme/checkbox_on.png
01-22 19:18:45.092  2814  2927 D StackScroller: onDisplayChanged for predraw skip to 2
01-22 19:18:45.092  1559  5803 D WifiDisplayAdapter: isFitToActiveDisplayLocked : false
01-22 19:18:45.092  7505  7532 V python  : extracting _python_bundle/site-packages/kivy/tools/theming/defaulttheme/checkbox_radio_disabled_off.png
01-22 19:18:45.092 28652 28920 I bt_shim_scanner: system/main/shim/le_scanning_manager.cc:233 ScanFilterAdd: in shim layer
01-22 19:18:45.092  7505  7532 V python  : extracting _python_bundle/site-packages/kivy/tools/theming/defaulttheme/checkbox_radio_disabled_on.png
01-22 19:18:45.093  1471  2998 I tlc_communication: blowfish : tlc_communicate commandID(12) (0x00000000 TEEC_SUCCESS) retry0
01-22 19:18:45.093  1471  2998 I TLC_BAUTH: Check the Trustlet return code is completed
01-22 19:18:45.093  1471  2998 I vendor.samsung.hardware.biometrics.fingerprint-service: adlg : [s] 62 610
01-22 19:18:45.093  1471  2998 I vendor.samsung.hardware.biometrics.fingerprint-service: adlg : [000] 4c 10 5e 00 f9 0c 20 33 00 00 00 de 00 00 00 00
01-22 19:18:45.093  1471  2998 I vendor.samsung.hardware.biometrics.fingerprint-service: adlg : [001] 00 00 00 00 00 00 00 00 00 00 00 00 00 00 00 00
01-22 19:18:45.093  1471  2998 I vendor.samsung.hardware.biometrics.fingerprint-service: adlg : [002] 00 00 00 00 00 00 00 00 00 00 00 00 00 00 00 00
01-22 19:18:45.093  1471  2998 I vendor.samsung.hardware.biometrics.fingerprint-service: adlg : [003] 00 00 00 00 00 00 00 00 00 00 00 00 00 00 00 00
01-22 19:18:45.093  1471  2998 I vendor.samsung.hardware.biometrics.fingerprint-service: adlg : [004] 00 00 00 00 00 00 00 00 00 00 00 00 00 00 00 00
01-22 19:18:45.093  1471  2998 I vendor.samsung.hardware.biometrics.fingerprint-service: adlg : [005] 00 00 00 00 00 00 00 00 00 00 00 00 00 00 4c 12
01-22 19:18:45.093  1471  2998 I vendor.samsung.hardware.biometrics.fingerprint-service: adlg : [006] 40 00 47 2f 20 33 00 00 00 de 00 00 13 0a 1c 00
01-22 19:18:45.093  1471  2998 I vendor.samsung.hardware.biometrics.fingerprint-service: adlg : [007] 02 00 00 00 00 00 64 6f 51 75 69 63 6b 4d 61 74
01-22 19:18:45.093  1471  2998 I vendor.samsung.hardware.biometrics.fingerprint-service: adlg : [008] 63 68 00 00 00 00 00 00 00 00 00 00 00 00 00 00
01-22 19:18:45.093  1471  2998 I vendor.samsung.hardware.biometrics.fingerprint-service: adlg : [009] 00 00 00 00 00 00 00 00 00 00 00 00 00 00 4c 05
01-22 19:18:45.093  1471  2998 I vendor.samsung.hardware.biometrics.fingerprint-service: adlg : [010] 77 00 47 2f 20 33 00 00 08 de 00 00 11 3c 63 61
01-22 19:18:45.093  1471  2998 I vendor.samsung.hardware.biometrics.fingerprint-service: adlg : [011] 40 03 19 09 1f 12 04 06 1a 01 1d 00 00 07 00 00
01-22 19:18:45.093  1471  2998 I vendor.samsung.hardware.biometrics.fingerprint-service: adlg : [012] 00 00 00 00 00 00 00 00 63 3c 00 00 66 65 00 20
01-22 19:18:45.093  1471  2998 I vendor.samsung.hardware.biometrics.fingerprint-service: adlg : [013] 00 00 00 00 00 00 00 00 00 00 00 00 00 00 00 d2
01-22 19:18:45.093  1471  2998 I vendor.samsung.hardware.biometrics.fingerprint-service: adlg : [014] 23 00 00 00 00 01 01 00 00 00 00 00 00 00 00 00
01-22 19:18:45.093  1471  2998 I vendor.samsung.hardware.biometrics.fingerprint-service: adlg : [015] 00 00 00 00 00 00 00 00 7d 00 00 00 00 ff 00 00
01-22 19:18:45.093  1471  2998 I vendor.samsung.hardware.biometrics.fingerprint-service: adlg : [016] 00 00 00 00 00 00 00 00 00 00 00 00 fe 00 00 01
01-22 19:18:45.093  1471  2998 I vendor.samsung.hardware.biometrics.fingerprint-service: adlg : [017] 9c 02 5a 07 00 4c 12 40 00 47 2f 20 33 00 00 00
01-22 19:18:45.093  1471  2998 I vendor.samsung.hardware.biometrics.fingerprint-service: adlg : [018] df 00 00 5a 02 2f 00 09 00 00 00 00 00 70 6f 6c
01-22 19:18:45.093  1471  2998 I vendor.samsung.hardware.biometrics.fingerprint-service: adlg : [019] 69 63 79 5f 61 70 70 6c 79 5f 65 70 5f 73 63 61
01-22 19:18:45.093  7505  7532 V python  : extracting _python_bundle/site-packages/kivy/tools/theming/defaulttheme/checkbox_radio_off.png
01-22 19:18:45.093  1471  2998 I vendor.samsung.hardware.biometrics.fingerprint-service: adlg : [020] 6e 5f 63 6f 6f 72 64 69 6e 61 74 65 73 00 00 00
01-22 19:18:45.093  1471  2998 I vendor.samsung.hardware.biometrics.fingerprint-service: adlg : [021] 00 00 00 00 00 4c 07 70 00 47 2f 20 33 00 00 01
01-22 19:18:45.093  1471  2998 I vendor.samsung.hardware.biometrics.fingerprint-service: adlg : [022] df 00 00 00 00 01 00 71 00 27 14 fc 08 d3 db d0
01-22 19:18:45.093  1471  2998 I vendor.samsung.hardware.biometrics.fingerprint-service: adlg : [023] 2d 0f 59 1e 64 00 00 00 01 20 00 00 00 00 04 ba
01-22 19:18:45.093  1471  2998 I vendor.samsung.hardware.biometrics.fingerprint-service: adlg : [024] 68 32 00 00 00 00 00 00 00 00 00 4f 3e 93 0d 00
01-22 19:18:45.093  1471  2998 I vendor.samsung.hardware.biometrics.fingerprint-service: adlg : [025] 00 00 00 00 00 00 00 00 00 00 00 00 00 00 00 00
01-22 19:18:45.093  1471  2998 I vendor.samsung.hardware.biometrics.fingerprint-service: adlg : [026] 00 00 00 00 00 00 00 00 00 00 00 00 00 00 00 00
01-22 19:18:45.093  1471  2998 I vendor.samsung.hardware.biometrics.fingerprint-service: adlg : [027] 00 00 00 00 00 00 00 00 00 00 00 00 00 00 00 00
01-22 19:18:45.093  1471  2998 I vendor.samsung.hardware.biometrics.fingerprint-service: adlg : [028] 00 17 72 19 2e 4c 04 30 00 48 2f 20 33 00 00 00
01-22 19:18:45.093  1471  2998 I vendor.samsung.hardware.biometrics.fingerprint-service: adlg : [029] df 00 00 00 00 12 01 50 00 00 00 00 00 ce 65 2d
01-22 19:18:45.093  1471  2998 I vendor.samsung.hardware.biometrics.fingerprint-service: adlg : [030] 2e 00 00 00 00 00 00 00 00 00 00 00 00 00 00 00
01-22 19:18:45.093  1471  2998 I vendor.samsung.hardware.biometrics.fingerprint-service: adlg : [031] 00 00 00 00 00 4c 0b 14 00 48 2f 20 33 00 00 00
01-22 19:18:45.093  1471  2998 I vendor.samsung.hardware.biometrics.fingerprint-service: adlg : [032] df 00 00 f6 55 5e 7f 11 00 4c 08 45 00 48 2f 20
01-22 19:18:45.093  1471  2998 I vendor.samsung.hardware.biometrics.fingerprint-service: adlg : [033] 33 00 00 06 df 00 00 00 0d 3e 4f 00 f2 19 09 1f
01-22 19:18:45.093  1471  2998 I vendor.samsung.hardware.biometrics.fingerprint-service: adlg : [034] 12 04 06 1a 01 1d 0b 00 00 00 00 00 00 00 00 00
01-22 19:18:45.093  1471  2998 I vendor.samsung.hardware.biometrics.fingerprint-service: adlg : [035] 00 00 00 3e 13 66 63 00 20 00 00 18 fd 00 97 03
01-22 19:18:45.093  1471  2998 I vendor.samsung.hardware.biometrics.fingerprint-service: adlg : [036] 02 2c 01 02 00 4d 00 00 00 00 00 00 00 00 00 00
01-22 19:18:45.093  1471  2998 I vendor.samsung.hardware.biometrics.fingerprint-service: adlg : [e] 62 610
01-22 19:18:45.093  7505  7532 V python  : extracting _python_bundle/site-packages/kivy/tools/theming/defaulttheme/checkbox_radio_on.png
01-22 19:18:45.094  7505  7532 V python  : extracting _python_bundle/site-packages/kivy/tools/theming/defaulttheme/close.png
01-22 19:18:45.094  7505  7532 V python  : extracting _python_bundle/site-packages/kivy/tools/theming/defaulttheme/filechooser_file.png
01-22 19:18:45.094  7505  7532 V python  : extracting _python_bundle/site-packages/kivy/tools/theming/defaulttheme/filechooser_folder.png
01-22 19:18:45.094  7505  7532 V python  : extracting _python_bundle/site-packages/kivy/tools/theming/defaulttheme/filechooser_selected.png
01-22 19:18:45.095  7505  7532 V python  : extracting _python_bundle/site-packages/kivy/tools/theming/defaulttheme/image-missing.png
01-22 19:18:45.095  7505  7532 V python  : extracting _python_bundle/site-packages/kivy/tools/theming/defaulttheme/media-playback-pause.png
01-22 19:18:45.095  7505  7532 V python  : extracting _python_bundle/site-packages/kivy/tools/theming/defaulttheme/media-playback-start.png
01-22 19:18:45.095  7505  7532 V python  : extracting _python_bundle/site-packages/kivy/tools/theming/defaulttheme/media-playback-stop.png
01-22 19:18:45.096 28652 28920 I bt_shim_scanner: system/main/shim/le_scanning_manager.cc:197 ScanFilterParamSetup: in shim layer, clientIf=4
01-22 19:18:45.096  7505  7532 V python  : extracting _python_bundle/site-packages/kivy/tools/theming/defaulttheme/modalview-background.png
01-22 19:18:45.096  1559  5803 D WifiDisplayAdapter: isFitToActiveDisplayLocked : false
01-22 19:18:45.096  7505  7532 V python  : extracting _python_bundle/site-packages/kivy/tools/theming/defaulttheme/overflow.png
01-22 19:18:45.096  7505  7532 V python  : extracting _python_bundle/site-packages/kivy/tools/theming/defaulttheme/player-background.png
01-22 19:18:45.096  7505  7532 V python  : extracting _python_bundle/site-packages/kivy/tools/theming/defaulttheme/player-play-overlay.png
01-22 19:18:45.097  7505  7532 V python  : extracting _python_bundle/site-packages/kivy/tools/theming/defaulttheme/previous_normal.png
01-22 19:18:45.097  7505  7532 V python  : extracting _python_bundle/site-packages/kivy/tools/theming/defaulttheme/progressbar.png
01-22 19:18:45.097  7505  7532 V python  : extracting _python_bundle/site-packages/kivy/tools/theming/defaulttheme/progressbar_background.png
01-22 19:18:45.097  1559  1559 D SemContextManager: onSemContextChanged() : event = SLocation Core
01-22 19:18:45.097  1559  1559 D SLocation: SensorHubWrapper - SemContextChanged type = 47, packet received
01-22 19:18:45.097  7505  7532 V python  : extracting _python_bundle/site-packages/kivy/tools/theming/defaulttheme/ring.png
01-22 19:18:45.098  7505  7532 V python  : extracting _python_bundle/site-packages/kivy/tools/theming/defaulttheme/selector_left.png
01-22 19:18:45.098  7505  7532 V python  : extracting _python_bundle/site-packages/kivy/tools/theming/defaulttheme/selector_middle.png
01-22 19:18:45.098  7505  7532 V python  : extracting _python_bundle/site-packages/kivy/tools/theming/defaulttheme/selector_right.png
01-22 19:18:45.099  7505  7532 V python  : extracting _python_bundle/site-packages/kivy/tools/theming/defaulttheme/separator.png
01-22 19:18:45.099  7505  7532 V python  : extracting _python_bundle/site-packages/kivy/tools/theming/defaulttheme/slider_cursor.png
01-22 19:18:45.099  7505  7532 V python  : extracting _python_bundle/site-packages/kivy/tools/theming/defaulttheme/slider_cursor_disabled.png
01-22 19:18:45.099  7505  7532 V python  : extracting _python_bundle/site-packages/kivy/tools/theming/defaulttheme/sliderh_background.png
01-22 19:18:45.099  1471  2998 I vendor.samsung.hardware.biometrics.fingerprint-service: adlg : [62] done l:610 r:0
01-22 19:18:45.099  7505  7532 V python  : extracting _python_bundle/site-packages/kivy/tools/theming/defaulttheme/sliderh_background_disabled.png
01-22 19:18:45.099  1471  2998 I QcSensorControl: BAuthregisterCallback
01-22 19:18:45.100  1471  2998 I QcSensorControl: SetFingerLock
01-22 19:18:45.100  1471  2998 I bauth_FPBAuthService: cancel_flag_clear : 0
01-22 19:18:45.100  1471  2998 I bauth_FPBAuthService: acsf 0
01-22 19:18:45.100  1471  2998 I QcSensorControl: BAuthDeviceSpiCtrl
01-22 19:18:45.100  1471  2998 I qfp-vendorlib: QFPControl_DeviceSpiCtrl 0
01-22 19:18:45.100  1471  2998 I QcSensorControl: scc 0
01-22 19:18:45.100  1471  2998 I bauth_FPBAuthService: state end   : identify(F) rv(0)
01-22 19:18:45.100  1471  2998 I bauth_FPBAuthService: wci end
01-22 19:18:45.100  1471  2998 I bauth_Worker: worker thread end status = 2, tid : 75e5611c40
01-22 19:18:45.100  7505  7532 V python  : extracting _python_bundle/site-packages/kivy/tools/theming/defaulttheme/sliderv_background.png
01-22 19:18:45.100  7505  7532 V python  : extracting _python_bundle/site-packages/kivy/tools/theming/defaulttheme/sliderv_background_disabled.png
01-22 19:18:45.100  7505  7532 V python  : extracting _python_bundle/site-packages/kivy/tools/theming/defaulttheme/spinner.png
01-22 19:18:45.101  7505  7532 V python  : extracting _python_bundle/site-packages/kivy/tools/theming/defaulttheme/spinner_disabled.png
01-22 19:18:45.101 28652 28920 I bt_shim_scanner: system/main/shim/le_scanning_manager.cc:151 Scan: in shim layer stopped
01-22 19:18:45.101 28652 28686 W bluetooth: system/gd/hci/le_scanning_manager.cc:716 scan: address_manager_registered_
01-22 19:18:45.101  7505  7532 V python  : extracting _python_bundle/site-packages/kivy/tools/theming/defaulttheme/spinner_pressed.png
01-22 19:18:45.101 28652 28686 W bluetooth: system/gd/hci/le_scanning_manager.cc:768 stop_scan: stop_scan
01-22 19:18:45.101  7505  7532 V python  : extracting _python_bundle/site-packages/kivy/tools/theming/defaulttheme/splitter.png
01-22 19:18:45.101  1559  1559 I PhoneWindowManager: Finished waking up... (groupId=0 why=ON_BECAUSE_OF_USER)
01-22 19:18:45.101  5859  5859 I SemDvfsHyPerManager: acquire hyper - TABaseBoost/5859@28, type = -999
01-22 19:18:45.101  7505  7532 V python  : extracting _python_bundle/site-packages/kivy/tools/theming/defaulttheme/splitter_disabled.png
01-22 19:18:45.101  7505  7532 V python  : extracting _python_bundle/site-packages/kivy/tools/theming/defaulttheme/splitter_disabled_down.png
01-22 19:18:45.102  7505  7532 V python  : extracting _python_bundle/site-packages/kivy/tools/theming/defaulttheme/splitter_disabled_down_h.png
01-22 19:18:45.102  7505  7532 V python  : extracting _python_bundle/site-packages/kivy/tools/theming/defaulttheme/splitter_disabled_h.png
01-22 19:18:45.102  1205  1256 I HYPER-HAL: [RequestManager.cpp]releaseLocked(): Released ID : 17319581
01-22 19:18:45.102 28652 28686 I bluetooth: system/gd/hci/le_address_manager.cc:278 unregister_client: Client unregistered
01-22 19:18:45.102  1205  1256 I HYPER-HAL: [RequestManager.cpp]acquire(): Acquired ID : 17331356  [5859 / 28]    HINT :      list : [TABoost / 1] 
01-22 19:18:45.102  7505  7532 V python  : extracting _python_bundle/site-packages/kivy/tools/theming/defaulttheme/splitter_down.png
01-22 19:18:45.102  7505  7532 V python  : extracting _python_bundle/site-packages/kivy/tools/theming/defaulttheme/splitter_down_h.png
01-22 19:18:45.103  5859  5976 I M0      : limitCPUFreq:: freq = -1
01-22 19:18:45.103  3059  3059 D ServiceStateProvider: subId=3
01-22 19:18:45.103  7505  7532 V python  : extracting _python_bundle/site-packages/kivy/tools/theming/defaulttheme/splitter_grip.png
01-22 19:18:45.103  7505  7532 V python  : extracting _python_bundle/site-packages/kivy/tools/theming/defaulttheme/splitter_grip_h.png
01-22 19:18:45.103  1559  3019 D SLocation: GeofenceCoreManager - received Extra Data from core, len : 11
01-22 19:18:45.103  1559  3019 D SLocation: CommonCoreManager - received Extra Data from core, len : 11
01-22 19:18:45.103  7505  7532 V python  : extracting _python_bundle/site-packages/kivy/tools/theming/defaulttheme/splitter_h.png
01-22 19:18:45.103  7505  7532 V python  : extracting _python_bundle/site-packages/kivy/tools/theming/defaulttheme/switch-background.png
01-22 19:18:45.103 28652 28920 W ScanManager: There is no scan radio to stop
01-22 19:18:45.103 28652 28920 I bt_shim_scanner: system/main/shim/le_scanning_manager.cc:335 SetScanParameters: in shim layer, scannerId1m=3, scannerIdCoded=0
01-22 19:18:45.103  7567  7567 D ApplicationLoaders: Returning zygote-cached class loader: /system/framework/org.apache.http.legacy.jar
01-22 19:18:45.103  7567  7567 D ApplicationLoaders: Returning zygote-cached class loader: /system_ext/framework/androidx.window.extensions.jar
01-22 19:18:45.103  7567  7567 D ApplicationLoaders: Returning zygote-cached class loader: /system_ext/framework/androidx.window.sidecar.jar
01-22 19:18:45.103  2814  4233 I KeyguardService: onFinishedWakingUp
01-22 19:18:45.104  1435  1538 I EMS     : emstune mode received : 0
01-22 19:18:45.104  7505  7532 V python  : extracting _python_bundle/site-packages/kivy/tools/theming/defaulttheme/switch-background_disabled.png
01-22 19:18:45.104  7505  7532 V python  : extracting _python_bundle/site-packages/kivy/tools/theming/defaulttheme/switch-button.png
01-22 19:18:45.104  3631  4077 I EPDG -- SIM0 [EpdgIntentReceiver:Main]: received: android.intent.action.SCREEN_ON
01-22 19:18:45.104  3631  4077 I EPDG -- SIM0 [EpdgIntentReceiver:Main]: complete: android.intent.action.SCREEN_ON
01-22 19:18:45.104  3631  4077 I EPDG -- SIM0 [EpdgHandler]: Event received: SCREEN_ON cid - 0
01-22 19:18:45.104  3631  4077 I EPDG -- SIM0 [SMARTWIFI]: isProfiling, hash=119710078, started=false
01-22 19:18:45.105  7505  7532 V python  : extracting _python_bundle/site-packages/kivy/tools/theming/defaulttheme/switch-button_disabled.png
01-22 19:18:45.105 28652 28920 W bt_shim_scanner: system/main/shim/le_scanning_manager.cc:365 SetScanParameters: Set scan params scan_int_1m : 1860.625, scan_win_1m : 202.5, Duty : 10.88% | scan_int_coded : 0, scan_win_coded : 0, Duty : nan%
01-22 19:18:45.105 28652 28920 I bt_shim_scanner: system/main/shim/le_scanning_manager.cc:151 Scan: in shim layer started
01-22 19:18:45.105  1559  1559 D [SS]BattUtils: [writeNode]path:/sys/class/power_supply/battery/lcd ,data:1
01-22 19:18:45.105  7505  7532 V python  : extracting _python_bundle/site-packages/kivy/tools/theming/defaulttheme/tab.png
01-22 19:18:45.105 28652 28686 I bluetooth: system/gd/hci/le_scanning_manager.cc:765 stop_scan: Scanning already stopped, return!
01-22 19:18:45.105 28652 28686 W bluetooth: system/gd/hci/le_scanning_manager.cc:732 start_scan: start_scan
01-22 19:18:45.105 28652 28686 W bluetooth: system/gd/hci/le_scanning_manager.cc:735 start_scan: Register address manager
01-22 19:18:45.105 28652 28686 I bluetooth: system/gd/hci/le_address_manager.cc:263 register_client: Client registered
01-22 19:18:45.105  7505  7532 V python  : extracting _python_bundle/site-packages/kivy/tools/theming/defaulttheme/tab_btn.png
01-22 19:18:45.105  7505  7532 V python  : extracting _python_bundle/site-packages/kivy/tools/theming/defaulttheme/tab_btn_disabled.png
01-22 19:18:45.105  2814  3774 D SamsungAnalytics605073: SendLog Result = 0
01-22 19:18:45.105  1559  2565 D MotionRecognitionService: Receiver: ACTION_SCREEN_ON
01-22 19:18:45.106  7505  7532 V python  : extracting _python_bundle/site-packages/kivy/tools/theming/defaulttheme/tab_btn_disabled_pressed.png
01-22 19:18:45.106  5859  5859 I SemDvfsHyPerManager: acquire hyper - TATouchBoost/5859@29, type = -999
01-22 19:18:45.106  7505  7532 V python  : extracting _python_bundle/site-packages/kivy/tools/theming/defaulttheme/tab_btn_pressed.png
01-22 19:18:45.106  1205  1256 I HYPER-HAL: [RequestManager.cpp]acquire(): Acquired ID : 17337245  [5859 / 29]    HINT :      list : [TABoost / 1] [TIMEOUT / 1500] 
01-22 19:18:45.106  7505  7532 V python  : extracting _python_bundle/site-packages/kivy/tools/theming/defaulttheme/tab_disabled.png
01-22 19:18:45.106  7505  7532 V python  : extracting _python_bundle/site-packages/kivy/tools/theming/defaulttheme/textinput.png
01-22 19:18:45.107  7505  7532 V python  : extracting _python_bundle/site-packages/kivy/tools/theming/defaulttheme/textinput_active.png
01-22 19:18:45.107  1559  2565 D MotionRecognitionService:   .isMotionEngineEnabled : true
01-22 19:18:45.107  1559  2565 D MotionRecognitionService: SCREEN_ON END
01-22 19:18:45.107  7505  7532 V python  : extracting _python_bundle/site-packages/kivy/tools/theming/defaulttheme/textinput_disabled.png
01-22 19:18:45.107  7505  7532 V python  : extracting _python_bundle/site-packages/kivy/tools/theming/defaulttheme/textinput_disabled_active.png
01-22 19:18:45.107  7505  7532 V python  : extracting _python_bundle/site-packages/kivy/tools/theming/defaulttheme/tree_closed.png
01-22 19:18:45.107  7505  7532 V python  : extracting _python_bundle/site-packages/kivy/tools/theming/defaulttheme/tree_opened.png
01-22 19:18:45.108  3059  3059 D SatelliteController: isInCarrierRoamingNbIotNtn: satellite is disabled
01-22 19:18:45.108  7505  7532 V python  : extracting _python_bundle/site-packages/kivy/tools/theming/defaulttheme/vkeyboard_background.png
01-22 19:18:45.108  7505  7532 V python  : extracting _python_bundle/site-packages/kivy/tools/theming/defaulttheme/vkeyboard_disabled_background.png
01-22 19:18:45.108  7505  7532 V python  : extracting _python_bundle/site-packages/kivy/tools/theming/defaulttheme/vkeyboard_disabled_key_down.png
01-22 19:18:45.109  7505  7532 V python  : extracting _python_bundle/site-packages/kivy/tools/theming/defaulttheme/vkeyboard_disabled_key_normal.png
01-22 19:18:45.109  2814  3298 I DateTimeView: updateAll - getTimeFormat
01-22 19:18:45.109  7505  7532 V python  : extracting _python_bundle/site-packages/kivy/tools/theming/defaulttheme/vkeyboard_key_down.png
01-22 19:18:45.109  2814  3298 D QSClockBellTower: onReceive(android.intent.action.TIME_TICK) mTimeZoneString:Europe/Berlin
01-22 19:18:45.109  7505  7532 V python  : extracting _python_bundle/site-packages/kivy/tools/theming/defaulttheme/vkeyboard_key_normal.png
01-22 19:18:45.109  7505  7532 V python  : extracting _python_bundle/site-packages/kivy/uix/
01-22 19:18:45.109  7505  7532 V python  : extracting _python_bundle/site-packages/kivy/uix/__init__.pyc
01-22 19:18:45.110  5998  5998 I [MCFDs]_IntentUtil: emitToConsumer - (SCREEN_STATE) ACTION_ID_SCREEN_ON, consumer size=4
01-22 19:18:45.110  7505  7532 V python  : extracting _python_bundle/site-packages/kivy/uix/accordion.pyc
01-22 19:18:45.110  5998  5998 I [MCFDs]_ContextManager: onContextChanged - DEVICE STATE : LOCKED
01-22 19:18:45.110  7505  7532 V python  : extracting _python_bundle/site-packages/kivy/uix/actionbar.pyc
01-22 19:18:45.110  2814  2814 W Settings: Setting accessibility_reduce_transparency has moved from android.provider.Settings.System to android.provider.Settings.Global, returning read-only value.
01-22 19:18:45.110  2814  2814 W Settings: Setting accessibility_reduce_transparency has moved from android.provider.Settings.System to android.provider.Settings.Global, returning read-only value.
01-22 19:18:45.110  2814  2814 W Settings: Setting accessibility_reduce_transparency has moved from android.provider.Settings.System to android.provider.Settings.Global, returning read-only value.
01-22 19:18:45.110  7505  7532 V python  : extracting _python_bundle/site-packages/kivy/uix/anchorlayout.pyc
01-22 19:18:45.111  7505  7532 V python  : extracting _python_bundle/site-packages/kivy/uix/behaviors/
01-22 19:18:45.111  5998  5998 I [MCFDs]_AccountHelper: updateHashAndMask - type[1], mask[815698D396], filter[6371C4B0BE], hash[E2275C6328], rotate[40951]
01-22 19:18:45.111  2814  2814 I NowBarExternalViewCardView@190: refreshValuesByNowbarItem expandContentRootView android.widget.FrameLayout{f9439aa G.E...... ......ID 0,0-1440,3120 #7f0a217a app:id/fullscreen_now_bar_parent_container_for_ai}
01-22 19:18:45.111  2814  2814 I NowBarExternalViewCardView@190: refreshConfigureValues landscape = false normalCardWidth = 846.72 normalCardHeight = 218.4
01-22 19:18:45.111  7505  7532 V python  : extracting _python_bundle/site-packages/kivy/uix/behaviors/__init__.pyc
01-22 19:18:45.111  2814  2814 I NowBarExternalViewCardView@190: applyCardContent NowBarItem{notiID=, nowBarKey='AI_BRIEF_KEY, nowBarPackage='com.android.systemui.aibrief, nowBarViewStyle=7, userId=-10000, pendingIntent=null, pendingIntentOnSubScreen=PendingIntent{22d940d: android.os.BinderProxy@e091c78}, chipIcon=null, expandedChipView=null, chipBackground=1, actions=null, actionBgColors=null, primaryActionNum=0, cardIcon=null, cardIconBg=1, primaryInfo=', primaryInfoColor=1, secondaryInfo=', secondaryInfoColor=0, moreInfo=', customExpandedCardView=null, cardBackground=1, faceWidgetMediaData=null, expandedChipText=, chronometerView=null, chronometerViewOnSubScreen=null, chronometerTag=null, shouldRemoveCard=false, contentViewForNormalCard=com.android.systemui.aibrief.ui.BriefNowBarView{f922fc2 V.E...... ......I. 0,0-0,0 #7f0a00c9 app:id/ai_brief_now_bar_container}, contentViewForExpandCardOnSubScreen=android.widget.FrameLayout{dd7a1d3 V.E...... ......ID 0,0-0,0 #7f0a0d8a app:id/suggestion_container}, contentViewForNormalCard=com.android.systemui.aibrief.ui.BriefNowBarView{f922fc2 V.E...... ......I. 0,0-0,0 #7f0a00c9 app:id/ai_brief_now_bar_container}, contentViewForExpandCardOnSubScreen=android.widget.FrameLayout{dd7a1d3 V.E...... ......ID 0,0-0,0 #7f0a0d8a app:id/suggestion_container}}
01-22 19:18:45.111  5998  5998 I [MCFDs]_AmbientDetectHandler: onContextChange - 1
01-22 19:18:45.111  5998  5998 I [MCFDs]_AmbientDetectAdvBehavior: stop - true
01-22 19:18:45.111  5998  5998 I [MCFDs]_AmbientDetectAdvBehavior: setNextStart - -1
01-22 19:18:45.111  7505  7532 V python  : extracting _python_bundle/site-packages/kivy/uix/behaviors/button.pyc
01-22 19:18:45.111  5998  5998 I [MCFDs]_AmbientDetectScanBehavior: stopScan - -
01-22 19:18:45.111  5998  5998 I [MCFDs]_AmbientDetectWpsBehavior: stop - false
01-22 19:18:45.111  2814  2814 I NowBarExternalViewCardView@190: applyCardContent contentViewForNormalCard com.android.systemui.aibrief.ui.BriefNowBarView{f922fc2 V.E...... ......I. 0,0-0,0 #7f0a00c9 app:id/ai_brief_now_bar_container} / contentViewForExpandCard android.widget.FrameLayout{dd7a1d3 V.E...... ......ID 0,0-0,0 #7f0a0d8a app:id/suggestion_container} / ongoingExpandView null
01-22 19:18:45.111  2814  2814 W Settings: Setting accessibility_reduce_transparency has moved from android.provider.Settings.System to android.provider.Settings.Global, returning read-only value.
01-22 19:18:45.111  7505  7532 V python  : extracting _python_bundle/site-packages/kivy/uix/behaviors/codenavigation.pyc
01-22 19:18:45.111  2814  2814 W Settings: Setting accessibility_reduce_transparency has moved from android.provider.Settings.System to android.provider.Settings.Global, returning read-only value.
01-22 19:18:45.111  2814  2814 I NowBarExternalViewCardView@190: applySettingCardLayout 0 / , AI_BRIEF_KEY, AI_BRIEF | 7 / settingCardView com.samsung.android.app.facewidget.presentation.NowbarCardSettingView{4f89ae9 V.E...... ......I. 0,0-0,0 #7f0a22d1 app:id/nowbar_card_settings_rootview}
01-22 19:18:45.112  7505  7532 V python  : extracting _python_bundle/site-packages/kivy/uix/behaviors/compoundselection.pyc
01-22 19:18:45.112  2814  2814 I NowBarExternalViewCardView@190: setCardSettingViewState state 0  isExpanded false needToAnimation false nowbarCardSettingView android.widget.FrameLayout{475ca0f G.E...... ......I. 0,0-0,0 #7f0a241e app:id/setting_content_rootview} noAnimation false
01-22 19:18:45.112  2814  2814 I NowBarExternalViewCardView@190: setCardSettingViewState skipped same cardState: 0
01-22 19:18:45.112  2814  2814 W Settings: Setting accessibility_reduce_transparency has moved from android.provider.Settings.System to android.provider.Settings.Global, returning read-only value.
01-22 19:18:45.112  7505  7532 V python  : extracting _python_bundle/site-packages/kivy/uix/behaviors/cover.pyc
01-22 19:18:45.112  2814  2814 I NowBarExternalViewCardView@190: onShapeAnimationValueChanged inner item NowBarItem{notiID=, nowBarKey='AI_BRIEF_KEY, nowBarPackage='com.android.systemui.aibrief, nowBarViewStyle=7, userId=-10000, pendingIntent=null, pendingIntentOnSubScreen=PendingIntent{22d940d: android.os.BinderProxy@e091c78}, chipIcon=null, expandedChipView=null, chipBackground=1, actions=null, actionBgColors=null, primaryActionNum=0, cardIcon=null, cardIconBg=1, primaryInfo=', primaryInfoColor=1, secondaryInfo=', secondaryInfoColor=0, moreInfo=', customExpandedCardView=null, cardBackground=1, faceWidgetMediaData=null, expandedChipText=, chronometerView=null, chronometerViewOnSubScreen=null, chronometerTag=null, shouldRemoveCard=false, contentViewForNormalCard=com.android.systemui.aibrief.ui.BriefNowBarView{f922fc2 V.E...... ......I. 0,0-0,0 #7f0a00c9 app:id/ai_brief_now_bar_container}, contentViewForExpandCardOnSubScreen=android.widget.FrameLayout{dd7a1d3 V.E...... ......ID 0,0-0,0 #7f0a0d8a app:id/suggestion_container}, contentViewForNormalCard=com.android.systemui.aibrief.ui.BriefNowBarView{f922fc2 V.E...... ......I. 0,0-0,0 #7f0a00c9 app:id/ai_brief_now_bar_container}, contentViewForExpandCardOnSubScreen=android.widget.FrameLayout{dd7a1d3 V.E...... ......ID 0,0-0,0 #7f0a0d8a app:id/suggestion_container}}
01-22 19:18:45.112  2814  2814 I NowBarExternalViewCardView@190: onShapeAnimationValueChanged inner 846.72 218.4 301.0 / , AI_BRIEF_KEY, AI_BRIEF | 7
01-22 19:18:45.112  2814  2814 W Settings: Setting accessibility_reduce_transparency has moved from android.provider.Settings.System to android.provider.Settings.Global, returning read-only value.
01-22 19:18:45.112  2814  2814 D WallpaperManager: semGetWallpaperColors: which = 2
01-22 19:18:45.112  7505  7532 V python  : extracting _python_bundle/site-packages/kivy/uix/behaviors/drag.pyc
01-22 19:18:45.112  2814  2814 D SemWallpaperColorsArea: SemWallpaperColorsArea [1440, 3120] which: 6 rotation: 0 has Base: false
01-22 19:18:45.112  2814  2814 D SemWallpaperColorsArea: SemWallpaperColorsArea which = 6, mDensity : 3.5, 1440x3120,411x891,32,48, 6
01-22 19:18:45.112  2814  2814 I SemWallpaperColorsArea: Final area : Rect(84, 21 - 1354, 112)
01-22 19:18:45.112  2814  2814 I SemWallpaperColorsArea: Final area : Rect(140, 623 - 1298, 983)
01-22 19:18:45.112  2814  2814 I SemWallpaperColorsArea: Final area : Rect(140, 1627 - 1298, 1697)
01-22 19:18:45.112  2814  2814 I SemWallpaperColorsArea: Final area : Rect(140, 1809 - 1298, 2436)
01-22 19:18:45.112  2814  2814 I SemWallpaperColorsArea: Final area : Rect(140, 2789 - 1298, 3006)
01-22 19:18:45.112  2814  2814 I SemWallpaperColorsArea: Final area : Rect(0, 0 - 1438, 3118)
01-22 19:18:45.113  7505  7532 V python  : extracting _python_bundle/site-packages/kivy/uix/behaviors/emacs.pyc
01-22 19:18:45.113  2814  2814 D View    : semSetBlurInfo, blurInfo : android.view.SemBlurInfo@51ca9c {BLUR_MODE_WINDOW, mBlurRadius = 300, mBackgroundBlurColor = 0, mCornerRadiusTL = 301.0, mCornerRadiusTR = 301.0, mCornerRadiusBL = 301.0, mCornerRadiusBR = 301.0, mClipRectLeft = 0, mClipRectTop = 0, mClipRectRight = 2147483647, mClipRectBottom = 2147483647, mColorCurve = android.view.SemBlurInfo$ColorCurve@f36fca5 {minX = 0.0, minY = 13.3, maxX = 255.0, maxY = 235.1, curveBias = -5.0, saturation = 0.35}}, androidx.cardview.widget.CardView{802087a V.E...... ......I. 0,0-0,0 #7f0a22d4 app:id/nowbar_cardview_background}
01-22 19:18:45.113  2814  2814 W Settings: Setting accessibility_reduce_transparency has moved from android.provider.Settings.System to android.provider.Settings.Global, returning read-only value.
01-22 19:18:45.113  3059  3059 D SatelliteController: registerForSatelliteModemStateChanged: add Listeners for ModemState
01-22 19:18:45.113  3059  3059 E SatelliteController: registerForSatelliteModemStateChanged: mSatelliteSessionController is not initialized yet
01-22 19:18:45.113  2814  2814 I NowBarExternalViewCardView@190: applySettingCardLayout 0 / , AI_BRIEF_KEY, AI_BRIEF | 7 / settingCardView com.samsung.android.app.facewidget.presentation.NowbarCardSettingView{4f89ae9 V.E...... ......I. 0,0-0,0 #7f0a22d1 app:id/nowbar_card_settings_rootview}
01-22 19:18:45.113  2814  2814 I NowBarExternalViewCardView@190: setCardSettingViewState state 0  isExpanded false needToAnimation false nowbarCardSettingView android.widget.FrameLayout{475ca0f G.E...... ......I. 0,0-0,0 #7f0a241e app:id/setting_content_rootview} noAnimation false
01-22 19:18:45.113  2814  2814 I NowBarExternalViewCardView@190: setCardSettingViewState skipped same cardState: 0
01-22 19:18:45.113  2814  2814 I NowBarExternalViewCardView@190: setExpandState false -> false needToAnimation false clickedNowbarItem AI_BRIEF | 7
01-22 19:18:45.113  7505  7532 V python  : extracting _python_bundle/site-packages/kivy/uix/behaviors/focus.pyc
01-22 19:18:45.113  2814  2814 I NowBarExternalViewCardView@190: setClickedNowbarItemWhenAOD = null
01-22 19:18:45.113  2814  2814 I NowBarExternalViewCardView@190: needToStartAiEffect isLockscreenViewMode true / isAttachedToWindow false / isExpanded false
01-22 19:18:45.113  2814  2814 W Settings: Setting accessibility_reduce_transparency has moved from android.provider.Settings.System to android.provider.Settings.Global, returning read-only value.
01-22 19:18:45.113  5998  5998 I [MCFDs]_AccountHelper: updateHashAndMask - type[0], mask[0002088292], filter[6371C4B0BE], hash[6373CC322C], ExMask[0282020000000080], ExHash[C08BD617F5A36B60], rotate[40952]
01-22 19:18:45.113  7505  7532 V python  : extracting _python_bundle/site-packages/kivy/uix/behaviors/knspace.pyc
01-22 19:18:45.113  2814  2814 I NowBarExternalViewCardView@190: needToStartAiEffect isLockscreenViewMode true / isAttachedToWindow true / isExpanded false
01-22 19:18:45.113  2814  2814 W Settings: Setting accessibility_reduce_transparency has moved from android.provider.Settings.System to android.provider.Settings.Global, returning read-only value.
01-22 19:18:45.113  2814  2814 W Settings: Setting accessibility_reduce_transparency has moved from android.provider.Settings.System to android.provider.Settings.Global, returning read-only value.
01-22 19:18:45.113  2814  2814 W Settings: Setting accessibility_reduce_transparency has moved from android.provider.Settings.System to android.provider.Settings.Global, returning read-only value.
01-22 19:18:45.113  2814  2814 D WallpaperManager: semGetWallpaperColors: which = 2
01-22 19:18:45.113 17353 17525 I NearbyDiscovery: (REDACTED) ApFastPairScanner: isScreenOn=%s, isLocationEnabled=%s, disableLocationRequirement=%s, isDiscoveryScanningEnabled=%s, during24GhzWifiWarmingUpPeriod=%s
01-22 19:18:45.113  7505  7532 V python  : extracting _python_bundle/site-packages/kivy/uix/behaviors/togglebutton.pyc
01-22 19:18:45.114  2814  2814 D SemWallpaperColorsArea: SemWallpaperColorsArea [1440, 3120] which: 6 rotation: 0 has Base: false
01-22 19:18:45.114  2814  2814 D SemWallpaperColorsArea: SemWallpaperColorsArea which = 6, mDensity : 3.5, 1440x3120,411x891,32,48, 6
01-22 19:18:45.114  2814  2814 I SemWallpaperColorsArea: Final area : Rect(84, 21 - 1354, 112)
01-22 19:18:45.114  2814  2814 I SemWallpaperColorsArea: Final area : Rect(140, 623 - 1298, 983)
01-22 19:18:45.114  2814  2814 I SemWallpaperColorsArea: Final area : Rect(140, 1627 - 1298, 1697)
01-22 19:18:45.114  2814  2814 I SemWallpaperColorsArea: Final area : Rect(140, 1809 - 1298, 2436)
01-22 19:18:45.114  2814  2814 I SemWallpaperColorsArea: Final area : Rect(140, 2789 - 1298, 3006)
01-22 19:18:45.114  2814  2814 I SemWallpaperColorsArea: Final area : Rect(0, 0 - 1438, 3118)
01-22 19:18:45.114 17353 17525 I NearbyDiscovery: (REDACTED) ApFastPairScanner: Start scanning internally, %s
01-22 19:18:45.114  7505  7532 V python  : extracting _python_bundle/site-packages/kivy/uix/behaviors/touchripple.pyc
01-22 19:18:45.114  2814  2814 D View    : semSetBlurInfo, blurInfo : android.view.SemBlurInfo@3d2d134 {BLUR_MODE_WINDOW, mBlurRadius = 300, mBackgroundBlurColor = -1509949440, mCornerRadiusTL = 301.0, mCornerRadiusTR = 301.0, mCornerRadiusBL = 301.0, mCornerRadiusBR = 301.0, mClipRectLeft = 0, mClipRectTop = 0, mClipRectRight = 2147483647, mClipRectBottom = 2147483647, mColorCurve = android.view.SemBlurInfo$ColorCurve@eb91b5d {minX = 0.0, minY = 13.3, maxX = 255.0, maxY = 235.1, curveBias = -5.0, saturation = 0.35}}, androidx.cardview.widget.CardView{802087a V.E...... ......I. 0,0-0,0 #7f0a22d4 app:id/nowbar_cardview_background}
01-22 19:18:45.114 17353 17525 D BluetoothAdapter: isLeEnabled(): ON
01-22 19:18:45.114  2814  2814 D View    : semSetBlurInfo, blurInfo : android.view.SemBlurInfo@3d2d134 {BLUR_MODE_WINDOW, mBlurRadius = 300, mBackgroundBlurColor = -1509949440, mCornerRadiusTL = 301.0, mCornerRadiusTR = 301.0, mCornerRadiusBL = 301.0, mCornerRadiusBR = 301.0, mClipRectLeft = 0, mClipRectTop = 0, mClipRectRight = 2147483647, mClipRectBottom = 2147483647, mColorCurve = android.view.SemBlurInfo$ColorCurve@eb91b5d {minX = 0.0, minY = 13.3, maxX = 255.0, maxY = 235.1, curveBias = -5.0, saturation = 0.35}}, androidx.cardview.widget.CardView{802087a V.E...... ......I. 0,0-0,0 #7f0a22d4 app:id/nowbar_cardview_background}
01-22 19:18:45.114 24043 24043 I Notification4Heart_NB: PhoneStatusBroadcastReceiver.onReceive-action: android.intent.action.SCREEN_ON
01-22 19:18:45.114  7505  7532 V python  : extracting _python_bundle/site-packages/kivy/uix/boxlayout.pyc
01-22 19:18:45.114  2814  2814 D NowBarCardShowHideAnimation: showTopCard: translationZ 0.0 cardView , AI_BRIEF_KEY, AI_BRIEF | 7 / com.samsung.android.app.facewidget.utils.NowBarCardStackView{af568b7 VFE...... ......ID 0,0-0,0 #7f0a1ea8 app:id/card_stack_container}
01-22 19:18:45.114  2814  2814 I NowBarCardStackView: updateCardVisibilityByExpandState false / viewMode = LOCKSCREEN
01-22 19:18:45.114  2814  2814 E NowBarCardViewModel: updateExpandedClickPanelVisibility screen on = true expanded false isTopCardSettingViewOpened = false
01-22 19:18:45.114 24043 15309 I Notification4Heart_NB: PhoneStatus.onScreenStateChanged-isOn: true
01-22 19:18:45.114  2814  2814 I NowBarItemManager: getVisibleList isScreenTurnedOn = true / aodShowState false shouldControlScreenOff false visibleList size = 1
01-22 19:18:45.114  2814  2814 I NowBarItemManager: visibleList idx=0, , AI_BRIEF_KEY, AI_BRIEF | 7
01-22 19:18:45.114  2814  2814 I AODBottomUIContainer: onNowBarStateChanged isNowBarEmpty:false
01-22 19:18:45.114  7505  7532 V python  : extracting _python_bundle/site-packages/kivy/uix/bubble.pyc
01-22 19:18:45.114  2814  2814 I ViewPositionControllerManager: setChargingInfoMovingEnabled: supplier - aod.u@9438857 -> null
01-22 19:18:45.114  2814  2814 I AODBottomUIContainer: initChargingInfoPosition nowBarEmptyfalse
01-22 19:18:45.114  2814  2814 I ChargingInfoComponent: setZigZagViewController true -> false
01-22 19:18:45.115 24043 15309 I Notification4Heart_NB: DebugHistory.[onBridgeFlushQueueEvent] PHONE_SCREEN_EVENT:true
01-22 19:18:45.115  7505  7532 V python  : extracting _python_bundle/site-packages/kivy/uix/button.pyc
01-22 19:18:45.115 24239 24239 I CAMERA_CONTROLLER: [2]ScreenOnOff.onReceive():48 - onReceive : android.intent.action.SCREEN_ON
01-22 19:18:45.115  2814  2814 I ViewPositionControllerManager: setChargingInfoMovingEnabled: supplier - null -> aod.u@76354ff
01-22 19:18:45.115  2814  2814 I ViewPositionControllerManager: registerListener: component=ChargingInfo
01-22 19:18:45.115  2814  2814 I ViewPositionControllerManager: notifyPositionUpdated: component=ChargingInfo, listenerMap=[NIO, NowBar, Battery, ChargingInfo]
01-22 19:18:45.115  2814  2814 I FaceWidgetPositionControllerImpl[PortBottom]: getAODFinalPosition() [0,0]
01-22 19:18:45.115  2814  2814 I ViewPositionControllerManager: getAODFinalPosition: component=ChargingInfo, key=PortBottom, position=Point(0, 0)
01-22 19:18:45.115  2814  2814 I ChargingInfoComponent: getPositionControlTargetView mIsZigZagViewController false
01-22 19:18:45.115  2814  2814 E AODBottomUIContainer: initChargingInfoPosition: mChargingInfoPositionController is null
01-22 19:18:45.115  2814  2814 D FaceWidgetClockPage: updateClockColor() page state : EXPAND
01-22 19:18:45.115  7505  7532 V python  : extracting _python_bundle/site-packages/kivy/uix/camera.pyc
01-22 19:18:45.115  2814  2814 I DigitalVerticalClockView_LOCK_SCREEN_1@974: setSemWallpaperColors: [version:22, which:6, adaptive dim:0.0/ff000000, darkmode dim:0.15]
01-22 19:18:45.115  2814  2814 I DigitalVerticalClockView_LOCK_SCREEN_1@974: 	[SeedColors, [-8289984, -6245165, -11173038]]
01-22 19:18:45.115  2814  2814 I DigitalVerticalClockView_LOCK_SCREEN_1@974: 	[STATUSBAR, Rect(84, 21 - 1354, 112):0/ffffffff/1.0/0.1, 0.0/0.0/0.0]
01-22 19:18:45.115  2814  2814 I DigitalVerticalClockView_LOCK_SCREEN_1@974: 	[BODY_TOP, Rect(140, 623 - 1298, 983):1/ff3c3c3c/3.2150726/0.35376814, 214.88373/0.2/0.84313726]
01-22 19:18:45.115  2814  2814 I DigitalVerticalClockView_LOCK_SCREEN_1@974: 	[BODY_MID, Rect(140, 1627 - 1298, 1697):0/ffebebeb/2.5055223/0.47898787, 124.0/0.2112676/0.2784314]
01-22 19:18:45.115  2814  2814 I DigitalVerticalClockView_LOCK_SCREEN_1@974: 	[BODY_BOTTOM, Rect(140, 1809 - 1298, 2436):0/ffebebeb/2.707353/0.5105239, 60.0/0.3478261/0.27058825]
01-22 19:18:45.115  2814  2814 I DigitalVerticalClockView_LOCK_SCREEN_1@974: 	[NAVIBAR, Rect(140, 2789 - 1298, 3006):0/fff1f1f1/2.6898468/0.50778854, 61.0/0.5263158/0.44705883]
01-22 19:18:45.115  2814  2814 I DigitalVerticalClockView_LOCK_SCREEN_1@974: 	[BACKGROUND, Rect(0, 0 - 1438, 3118):0/fff2f2f2/3.2357106/0.59307975, 113.33333/0.070866145/0.49803922]
01-22 19:18:45.115  2814  2814 I DigitalVerticalClockView_LOCK_SCREEN_1@974: setWallpaperColorItem: 1/ff3c3c3c/3.2150726/0.35376814, 214.88373/0.2/0.84313726
01-22 19:18:45.115  2814  2814 I AdaptiveTextColorCalculator: calcTextColor:  Full: #FF818140 [60,000000, 0,336788, 0,378431] / Area: #FFACBED7 [214,883728, 0,349593, 0,758824] (76,377497) / Adaptive: targetL 32,853905 adjustedAdaptiveColor: #FF584D12 [51,111115, 0,656788, 0,207607] / base: 68,000000 HSL Offset[0,000000, 0,320000 ,0,000000] took 0,023242 ms
01-22 19:18:45.115  2814  2814 I KeyguardClockProvider: updateClockColor: color = AdaptiveColorImpl(isAdaptiveColor=true)
01-22 19:18:45.115  7505  7532 V python  : extracting _python_bundle/site-packages/kivy/uix/carousel.pyc
01-22 19:18:45.115  2814  2814 I DigitalVerticalClockView_LOCK_SCREEN_1@974: updateBaseTargetPaletteItem: base=SOLID color : FF584D12, target=SOLID color : FFCCCC8B
01-22 19:18:45.115  2814  2814 I DigitalVerticalClockView_LOCK_SCREEN_1@974: setColorThemeAdaptiveColorInternal : colorThemeColor = #ff584d12, AODColorThemeColor = #ffcccc8b, animation = false, dozing = true, dozeAmount = 1.0, mIsWhiteWallpaper = false
01-22 19:18:45.116  7505  7532 V python  : extracting _python_bundle/site-packages/kivy/uix/checkbox.pyc
01-22 19:18:45.116  7505  7532 V python  : extracting _python_bundle/site-packages/kivy/uix/codeinput.pyc
01-22 19:18:45.116  4686  4686 I ShtCore : (Paran)(2.2.04) Intent Received:android.intent.action.SCREEN_ON
01-22 19:18:45.116  4686  4727 I ShtCoreImpl: (Paran)(2.2.04) screen updated-true
01-22 19:18:45.116  4686  4727 I ShtCoreImpl: (Paran)(2.2.04) updateRunningCondition() : setting( false ), headtracking( false ), conn( false ), media( false ), wear( false ), screen( true ), audiopath( false ), sensorsupport( true )
01-22 19:18:45.116  7505  7532 V python  : extracting _python_bundle/site-packages/kivy/uix/colorpicker.pyc
01-22 19:18:45.116 24043 15309 E Notification4Heart_NB: PhoneStatus.isDesktopMode manager is null
01-22 19:18:45.116 29886 29886 I Receiver_Screen: onReceive:  in=1769105925116
01-22 19:18:45.116 29886 29886 I Receiver_Screen: onReceive: ACTION_SCREEN_ON
01-22 19:18:45.116 24043 15309 I Notification4Heart_NB: PhoneStatus.isActive-isScreenOn: true, isKeyLocked: true, isCoverOpen: true
01-22 19:18:45.117 24043 15309 I Notification4Heart_NB: PendingManager.requestListenerHints - [Type : MUTE]
01-22 19:18:45.117  7505  7532 V python  : extracting _python_bundle/site-packages/kivy/uix/dropdown.pyc
01-22 19:18:45.117  1559  5930 D NotificationService: NMS : requestListenerHintsForWearable state=1
01-22 19:18:45.117 29886 29886 I Receiver_Screen: onReceive: out in millis= 1
01-22 19:18:45.117  7505  7532 V python  : extracting _python_bundle/site-packages/kivy/uix/effectwidget.pyc
01-22 19:18:45.117 24043 15309 E Notification4Heart_NB: PhoneStatus.isDesktopMode manager is null
01-22 19:18:45.117 24043 15309 I Notification4Heart_NB: PhoneStatus.isActive-isScreenOn: true, isKeyLocked: true, isCoverOpen: true
01-22 19:18:45.117 24043 15309 W Notification4Heart_NB: PendingManager.onBridgeFlushQueueEvent-flush pending notifications!!
01-22 19:18:45.117  7505  7532 V python  : extracting _python_bundle/site-packages/kivy/uix/filechooser.pyc
01-22 19:18:45.117  2814  2814 D FaceWidgetClockPage: updateClockSuspendState() reason = wakingup, suspend=true, pause=false, kv=true, wa=true, di=true, wu=true, aodDash=false
01-22 19:18:45.117  2814  2814 I DigitalVerticalClockView_LOCK_SCREEN_1@974: suspend : mSuspend = true, enable = true
01-22 19:18:45.117  2814  2814 I DigitalVerticalClockView_LOCK_SCREEN_1@974: setDozing: false
01-22 19:18:45.117  2814  2814 I DigitalVerticalClockView_LOCK_SCREEN_1@974: onDozingChanged: 
01-22 19:18:45.117  2814  2814 I DigitalVerticalClockView_LOCK_SCREEN_1@974: updateIsWhiteWallpaper: changed to true
01-22 19:18:45.117  2814  2814 I DigitalVerticalClockView_LOCK_SCREEN_1@974: onWhiteWallpaperChanged: true
01-22 19:18:45.117  2814  2814 I DigitalVerticalClockView_LOCK_SCREEN_1@974: updateBaseTargetPaletteItem: base=SOLID color : FF584D12, target=SOLID color : FFCCCC8B
01-22 19:18:45.117 24043 15309 I Notification4Heart_NB: PendingManager.requestFlushNotifications->>> Enter <<<
01-22 19:18:45.117  2814  2814 I AODDataSettings[8.0.6]:AODDataManager: onStartedWakingUp
01-22 19:18:45.117  2814  2814 I AODDataSettings[8.0.6]:AODDataManager: changeDisplay=DisplayImpl(type=SingleDisplay, orientation=Portrait, aodState=LockScreenOnly)
01-22 19:18:45.117  2814  2814 I DataStoreState: setDisplay : DisplayImpl(type=SingleDisplay, orientation=Portrait, aodState=LockScreenOnly)
01-22 19:18:45.117  2814  2814 D AodData[8.0.6]:LockScreenRemoteItemStoreImpl@199479016: onChangedEnv: SingleDisplay:Portrait:LockScreenOnly::1440.0x3120.0
01-22 19:18:45.118  2814  2814 I AodData[8.0.6]:LockScreenRemoteItemStoreImpl@199479016: refreshIdList: display=DisplayImpl(type=SingleDisplay, orientation=Portrait, aodState=LockScreenOnly), profileId=, rootSize=null, forced=false
01-22 19:18:45.118  2814  2814 I AodData[8.0.6]:LockScreenRemoteItemStoreImpl@199479016: refreshIdList: launch - cur=DisplayImpl(type=SingleDisplay, orientation=Portrait, aodState=LockScreenOnly) display=DisplayImpl(type=SingleDisplay, orientation=Portrait, aodState=LockScreenOnly), profileId=, rootSize=1440.0x3120.0, forced=false, sizeChanged=false
01-22 19:18:45.118  7505  7532 V python  : extracting _python_bundle/site-packages/kivy/uix/floatlayout.pyc
01-22 19:18:45.118  7505  7532 V python  : extracting _python_bundle/site-packages/kivy/uix/gesturesurface.pyc
01-22 19:18:45.118  2814  2814 I AodData[8.0.6]:DefaultGetImpl@265269830: request data show_noti_below_clock
01-22 19:18:45.118  2814  2814 D AodData[8.0.6]:ProfileDataMediator@227954996: getProfile ()
01-22 19:18:45.118 32748 32748 I Popcorn_ScreenOnOffReceiver: mDynamicReceiver.onReceive() : android.intent.action.SCREEN_ON
01-22 19:18:45.118  7505  7532 V python  : extracting _python_bundle/site-packages/kivy/uix/gridlayout.pyc
01-22 19:18:45.119 24043 24218 I NotificationPipeline: Flushing notifications queue, size: 0
01-22 19:18:45.119  2814  2814 D AodData[8.0.6]:ProfileDataMediator@227954996: Return stored value (0)  LockProfileBundle(primary=LockProfileData(isThemeClock=false, clockType=1, clockScaleRate=1.0, paletteType=0, paletteIndex=0, isAdaptiveColor=false, customColor=-328966, fontType=0, clockFontPath=, clockFontWeight=700, clockFontRoundedCorners=20, clockFontHeights=null, clockFontStretchEnabled=null, clockVisibility=0, shortcutsVisibility=1, shortcutsList=1;com.samsung.android.dialer/com.samsung.android.dialer.DialtactsActivity;1;com.sec.android.app.camera/com.sec.android.app.camera.Camera, clockGravity=0, clockBottomMarginRatio=0.0, clockHorizontalMarginRatio=0.0, enabledWidgetsIdList=, widgetAlignType=null, showWeatherInfo=false, showDateInfoFirst=false, worldClockList=, fromKnoxProfile=false, clockMovableAreaRatioRect=null, showNotiBelowClock=null), allStateRelevant={}, screenRelevant={}, orientationRelevant={})
01-22 19:18:45.119  2814  2814 D AodData[8.0.6]:AodDataProvider@230500208: call: primary result - aod-get, show_noti_below_clock, [result]
01-22 19:18:45.119  2814  2814 I AODDataSettings[8.0.6]:AODDataManager: showNotiCardBelowClock changed to true
01-22 19:18:45.119  7505  7532 V python  : extracting _python_bundle/site-packages/kivy/uix/image.pyc
01-22 19:18:45.119  2814  2814 I KeyguardClockProvider: getLockClockItem: use default item
01-22 19:18:45.119  2814  2814 I KeyguardClockProvider: clockItem changed ClockItemImpl(id=clock:0:SingleDisplay:Portrait:LockScreenOnly:, width=DirectionDimensionImpl(value=0.0, type=WRAP_CONTENT, isHorizontal=true), height=DirectionDimensionImpl(value=0.0, type=WRAP_CONTENT, isHorizontal=false), x=RelativeAreaDimensionXImpl(value=0.0, type=PERCENT, locatedAt=Center, left=DirectionDimensionImpl(value=0.06736111, type=PERCENT, isHorizontal=true), right=DirectionDimensionImpl(value=0.9326389, type=PERCENT, isHorizontal=true)), y=RelativeAreaDimensionYImpl(value=1.216164, type=PERCENT, locatedAt=Bottom, top=DirectionDimensionImpl(value=0.10801282, type=PERCENT, isHorizontal=false), bottom=DirectionDimensionImpl(value=0.6080128, type=PERCENT, isHorizontal=false)), scaleX=1.0, scaleY=1.0, isEnabled=true, clockType=1, font=FontImpl(presetFontIndex=0, fontPath=null, fontWeight=700, fontRoundedCorners=20, fontHeights=[], fontStretchEnabled=false), color=AdaptiveColorImpl(isAdaptiveColor=true), isShowWeather=false, isShowDateFirst=false, isDefaultPosition=true, cityClockList=, themeClock=ThemeClockImpl(themeName=, trialThemeName=null), showNotiBelowClock=true)
01-22 19:18:45.119  2814  2814 I KeyguardClockProvider: updateClockScale: scale=1.0
01-22 19:18:45.119  2814  2814 I FaceWidgetClockRoamManager: shouldShowDualClock() isRoamingClockEnabled=true, isEasyModeEnabled=false, mIsNetworkRoaming=false
01-22 19:18:45.119 32748 32748 I Popcorn_Util: isScreenOn() : true
01-22 19:18:45.119  2814  2814 I DigitalVerticalClockView_LOCK_SCREEN_1@461: forceRefresh : false millis : [2026-01-22 19:18:45]
01-22 19:18:45.119 32748 32748 I Popcorn_Util: isInKeyguard() : true
01-22 19:18:45.119 32748 32748 I Popcorn_Util: isInUserUse() : false
01-22 19:18:45.119 32748 32748 I Popcorn_ScreenOnOffReceiver: isInUserUse() : false
01-22 19:18:45.119 32748 32748 I Popcorn_GameModeManager: onReceive() : android.intent.action.SCREEN_ON
01-22 19:18:45.119  7505  7532 V python  : extracting _python_bundle/site-packages/kivy/uix/label.pyc
01-22 19:18:45.120  7505  7532 V python  : extracting _python_bundle/site-packages/kivy/uix/layout.pyc
01-22 19:18:45.120  1559  1784 I ActivityManager: Changes in 10124 8 to 8, 0 to 128
01-22 19:18:45.120  1559  1784 I ActivityManager: Changes in 10122 8 to 8, 0 to 128
01-22 19:18:45.120  7505  7532 V python  : extracting _python_bundle/site-packages/kivy/uix/modalview.pyc
01-22 19:18:45.120  1559  1784 I ActivityManager: Changes in 5025 8 to 8, 0 to 128
01-22 19:18:45.120  2814  2814 I DigitalVerticalClockView_LOCK_SCREEN_1@461: onTimeChanged : [DateTimeInfo : date = Do., 22. Januar, hourMin = 19:18, hourMinSec = , hour = 19, minute = 18, amPm  = , colon = :, second = , timezone = null, isLeftOfAmPm = false, ttsDate = Donnerstag, 22. Januar], timeInMillis = 1769105925119
01-22 19:18:45.120  2814  2814 I DigitalVerticalClockView_LOCK_SCREEN_1@461: updatePaletteItemTransition : paletteItem = SOLID color : FFCBCBCC, animation = false, dozeAmount = 1.0
01-22 19:18:45.120  7505  7532 V python  : extracting _python_bundle/site-packages/kivy/uix/pagelayout.pyc
01-22 19:18:45.120  2814  2814 I KeyguardClockProvider: measuredClockSize: (429.0, 628.0) 
01-22 19:18:45.120  7505  7532 V python  : extracting _python_bundle/site-packages/kivy/uix/popup.pyc
01-22 19:18:45.120  2814  2814 I DisplayValues: initValues currentWidth 1440 currentHeight = 3120
01-22 19:18:45.120 17353 17525 D BluetoothLeScanner: Start Scan with callback
01-22 19:18:45.120  2814  2814 I DisplayValues: initValues currentWidth 1440 currentHeight = 3120
01-22 19:18:45.121  2814  2814 I KeyguardClockPositionManager: getLockClockItem: use default item
01-22 19:18:45.121  2814  2814 D KeyguardClockPositionManager: clockItem changed - 1440.0x3120.0, item = ClockItemImpl(id=clock:0:SingleDisplay:Portrait:LockScreenOnly:, width=DirectionDimensionImpl(value=0.0, type=WRAP_CONTENT, isHorizontal=true), height=DirectionDimensionImpl(value=0.0, type=WRAP_CONTENT, isHorizontal=false), x=RelativeAreaDimensionXImpl(value=0.0, type=PERCENT, locatedAt=Center, left=DirectionDimensionImpl(value=0.06736111, type=PERCENT, isHorizontal=true), right=DirectionDimensionImpl(value=0.9326389, type=PERCENT, isHorizontal=true)), y=RelativeAreaDimensionYImpl(value=1.216164, type=PERCENT, locatedAt=Bottom, top=DirectionDimensionImpl(value=0.10801282, type=PERCENT, isHorizontal=false), bottom=DirectionDimensionImpl(value=0.6080128, type=PERCENT, isHorizontal=false)), scaleX=1.0, scaleY=1.0, isEnabled=true, clockType=1, font=FontImpl(presetFontIndex=0, fontPath=null, fontWeight=700, fontRoundedCorners=20, fontHeights=[], fontStretchEnabled=false), color=AdaptiveColorImpl(isAdaptiveColor=true), isShowWeather=false, isShowDateFirst=false, isDefaultPosition=true, cityClockList=, themeClock=ThemeClockImpl(themeName=, trialThemeName=null), showNotiBelowClock=true)
01-22 19:18:45.121  7505  7532 V python  : extracting _python_bundle/site-packages/kivy/uix/progressbar.pyc
01-22 19:18:45.121  2814  2814 E AbsSettings: refreshInner: refreshedSettingsDBItem key enabled_complication_widgets_id_list val = 
01-22 19:18:45.121  2814  2814 I KeyguardClockPositionManager: getClockMovableArea: ClockMovableAreaFactor(hasWidget=false, hasNotification=false, widgetAlignType=Default, rotation=0, isMainScreen=true, showNotiCardBelowClock=true, orientation=1)
01-22 19:18:45.121  7505  7532 V python  : extracting _python_bundle/site-packages/kivy/uix/recycleboxlayout.pyc
01-22 19:18:45.121  2814  2814 I KeyguardClockProvider: updateClockScale: scale=1.0
01-22 19:18:45.121  2814  2814 I FaceWidgetClockRoamManager: shouldShowDualClock() isRoamingClockEnabled=true, isEasyModeEnabled=false, mIsNetworkRoaming=false
01-22 19:18:45.121  2814  2814 I DigitalVerticalClockView_LOCK_SCREEN_1@461: forceRefresh : false millis : [2026-01-22 19:18:45]
01-22 19:18:45.121  7505  7532 V python  : extracting _python_bundle/site-packages/kivy/uix/recyclegridlayout.pyc
01-22 19:18:45.122  7505  7532 V python  : extracting _python_bundle/site-packages/kivy/uix/recyclelayout.pyc
01-22 19:18:45.122 28652 29633 I bt_shim_scanner: system/main/shim/le_scanning_manager.cc:135 RegisterScanner: in shim layer, UUID=7f3004cc-96a8-4543-b276-2035b6a970ee
01-22 19:18:45.122  7505  7532 V python  : extracting _python_bundle/site-packages/kivy/uix/recycleview/
01-22 19:18:45.122  2814  2814 I DigitalVerticalClockView_LOCK_SCREEN_1@461: onTimeChanged : [DateTimeInfo : date = Do., 22. Januar, hourMin = 19:18, hourMinSec = , hour = 19, minute = 18, amPm  = , colon = :, second = , timezone = null, isLeftOfAmPm = false, ttsDate = Donnerstag, 22. Januar], timeInMillis = 1769105925121
01-22 19:18:45.122  2814  2814 I DigitalVerticalClockView_LOCK_SCREEN_1@461: updatePaletteItemTransition : paletteItem = SOLID color : FFCBCBCC, animation = false, dozeAmount = 1.0
01-22 19:18:45.122 28652 28686 W bluetooth: system/gd/hci/le_scanning_manager.cc:650 register_scanner: register_scanner
01-22 19:18:45.122  1248  2394 I VSyncReactor: Current= 30, Period= 120, hwcPeriod= 30
01-22 19:18:45.122  1559  1559 E PocketModeEvent: ACTION_SCREEN_ON(by 17)
01-22 19:18:45.122  2814  2814 I KeyguardClockProvider: measuredClockSize: (429.0, 628.0) 
01-22 19:18:45.122  7505  7532 V python  : extracting _python_bundle/site-packages/kivy/uix/recycleview/__init__.pyc
01-22 19:18:45.122  2814  2814 I AODDataSettings[8.0.6]:AODDataManager: set last notified widget data: ComplicationWidgetsImpl(id=complication_widget:0:SingleDisplay:Portrait:LockScreenOnly:, width=DirectionDimensionImpl(value=0.0, type=WRAP_CONTENT, isHorizontal=true), height=DirectionDimensionImpl(value=0.0, type=WRAP_CONTENT, isHorizontal=false), x=DefaultDimensionImpl(value=0.0, type=PX, isHorizontal=true), y=DirectionDimensionImpl(value=0.0, type=PX, isHorizontal=false), isEnabled=true, widgets=[], widgetListRawData=)
01-22 19:18:45.122  2814  2814 I AODDataSettings[8.0.6]:AODDataManager: getCurrentSize() from windowConfig = 1440.0x3120.0
01-22 19:18:45.122  2814  2814 I DataStoreState: setRootSize : 1440.0x3120.0
01-22 19:18:45.122  7505  7532 V python  : extracting _python_bundle/site-packages/kivy/uix/recycleview/datamodel.pyc
01-22 19:18:45.122  2814  2814 D FaceWidgetMusicPageShownManager: mCurrentMediaData is NULL
01-22 19:18:45.122  2814  2814 D FaceWidgetMusicPageShownManager: updateMusicPageShownState() show = false, reattach = false, reason = waking up
01-22 19:18:45.122  2814  2814 D FaceWidgetMusicPageShownManager: skip to show media panel
01-22 19:18:45.122 28729 28729 I MCFQS   : (ScreenOnRepository) update()-[td:main] isActive=true (screen:true, dex:false)
01-22 19:18:45.123  2814  2814 D KeyguardSecIndicationController: addTrustAgentHelp false
01-22 19:18:45.123  2814  2814 D KeyguardSecIndicationPolicy:  remove Item pos = DEFAULT, type =     TRUST_AGENT_HELP
01-22 19:18:45.123  7505  7532 V python  : extracting _python_bundle/site-packages/kivy/uix/recycleview/layout.pyc
01-22 19:18:45.123  2814  2814 D KeyguardSecIndicationController: addUsbRestriction false/isSecure=true
01-22 19:18:45.123  2814  2814 D KeyguardSecIndicationPolicy:  remove Item pos = DEFAULT, type =      USB_RESTRICTION
01-22 19:18:45.123  2814  2814 D KeyguardSecIndicationController: addBatteryAndOwnerInfoIndication() battery status = BatteryStatus{status=2,level=98,plugged=2,chargingStatus=0,maxChargingWattage=-1,remaining=160000ultraFastCharger=1}
01-22 19:18:45.123  5998  7598 I [MCFDs]_BleScanner(Account): startScan - t - [021800016373CC322C], [FFFF000F0002088292][0218000000C08BD617F5A36B60], [FFFF0080000282020000000080] ScanPolicy{mode=0}
01-22 19:18:45.123  7505  7532 V python  : extracting _python_bundle/site-packages/kivy/uix/recycleview/views.pyc
01-22 19:18:45.123  2814  2814 D KeyguardSecIndicationController: addIndicationTimeout() returned - unlocking
01-22 19:18:45.123  2814  2814 D KeyguardSecIndicationController: addIndication() returned - unlocking
01-22 19:18:45.123  2814  2814 D KeyguardSecIndicationController: addIndication() returned - unlocking
01-22 19:18:45.123  2814  2814 D S.S.N.  :  onStartedWakingUp - why: 17
01-22 19:18:45.123  2814  2814 D CentralSurfaces: !shouldBeKeyguard mStatusBarStateController.isKeyguardRequested() true keyguardForDozing false wakeAndUnlocking true isWakingAndOccluded false
01-22 19:18:45.123  2814  2814 D CentralSurfaces: hideKeyguardImpl false
01-22 19:18:45.123  1559  1784 I ActivityManager: Changes in 10332 8 to 8, 0 to 128
01-22 19:18:45.123  2814  2814 D SbStateController: setState: KEYGUARD -> SHADE
01-22 19:18:45.123  2814  2814 D SbStateController: setState: requested state SHADE!= upcomingState: KEYGUARD. This usually means the status bar state transition was interrupted before the upcoming state could be applied.
01-22 19:18:45.123 28729 28753 I MCFQS   : (DiscoveryResponseUseCaseImpl) listenScreenStateChanged()-[td:disco] isScreenOn: true, visibility: EVERYONE
01-22 19:18:45.123  7505  7532 V python  : extracting _python_bundle/site-packages/kivy/uix/relativelayout.pyc
01-22 19:18:45.123  2814  2814 D DozeServiceHost: updateDozing dozing = false / dozingRequested = true / state = SHADE mode = 1
01-22 19:18:45.123  2814  2814 I ScrimController: setFrontScrimToBlack direct=true isAODShown=false
01-22 19:18:45.123  2814  2814 D AODOverlayContainer: setVisibility 8
01-22 19:18:45.123  2814  2814 I AODUiController: setIsDozing dozing:false
01-22 19:18:45.123  2814  2814 I AODAlarmTimer_AOD_CHARGING_INFO_TICK: cancelAlarm: 
01-22 19:18:45.123  7505  7532 V python  : extracting _python_bundle/site-packages/kivy/uix/rst.pyc
01-22 19:18:45.124  7505  7532 V python  : extracting _python_bundle/site-packages/kivy/uix/sandbox.pyc
01-22 19:18:45.124  2814  2814 D AODChargingModel: unregisterChargingLightSensor()
01-22 19:18:45.125  7505  7532 V python  : extracting _python_bundle/site-packages/kivy/uix/scatter.pyc
01-22 19:18:45.125 17353 17399 D BluetoothLeScanner: onScannerRegistered() - status=0 scannerId=6 mScannerId=0
01-22 19:18:45.125  1195  1195 I SensorsHub: queueActivate: handle 5 enable 0
01-22 19:18:45.125  1559  2568 D PocketModeEvent: MSG_TYPE_SCREEN_ON
01-22 19:18:45.125  7505  7532 V python  : extracting _python_bundle/site-packages/kivy/uix/scatterlayout.pyc
01-22 19:18:45.125  1195  1195 I SensorsHub: type : 5, enable : 0
01-22 19:18:45.125  7505  7532 V python  : extracting _python_bundle/site-packages/kivy/uix/screenmanager.pyc
01-22 19:18:45.125  3466  3548 I RequestManager_FLP: onOpChanged, op=0 / packageName=com.osp.app.signin
01-22 19:18:45.126  2814  2814 D SensorManager: unregisterListener
01-22 19:18:45.126  2814  2814 D FaceWidgetViewModel: setDozing false
01-22 19:18:45.126  2814  2814 D FaceWidgetMusicPageShownManager: mCurrentMediaData is NULL
01-22 19:18:45.126  2814  2814 D FaceWidgetMusicPageShownManager: updateMusicPageShownState() show = false, reattach = false, reason = doze
01-22 19:18:45.126  2814  2814 D FaceWidgetMusicPageShownManager: skip to show media panel
01-22 19:18:45.126  2814  2814 D FaceWidgetMusicPage: getNowBarMusicHeight ratio = 0.6775 height = 3120 ret = 2113.8
01-22 19:18:45.126  7505  7532 V python  : extracting _python_bundle/site-packages/kivy/uix/scrollview.pyc
01-22 19:18:45.126  2814  2814 I NotificationIconsOnlyContainer: updateIsWhiteWallpaper() : mIsWhiteWallpaper=0
01-22 19:18:45.126  2814  2814 I NotificationIconsOnlyContainer: updateIconColor() : B2FFFFFF, 
01-22 19:18:45.126  2814  2814 I KeyguardNIOStatusBarController: updateIconAreaMargins() isDozing=false darkAmount=1.0 force=false currentFinalX=80 currentFinalY=22
01-22 19:18:45.126  2814  2814 I ViewPositionControllerManager: unregisterListener: NIO
01-22 19:18:45.126  2814  2814 I ViewPositionControllerManager: removePositionController: component=NIO, policy=PortNIO, count=2
01-22 19:18:45.126  2814  2814 I ComplicationWidgetPluginController:  setDozing false 1.0
01-22 19:18:45.126  2814  2814 E AbsSettings: refreshInner: refreshedSettingsDBItem key enabled_complication_widgets_id_list val = 
01-22 19:18:45.126  2814  2814 I ComplicationManager: isComplicationVisible : true (dozing=false isFolderOpened=false isLand=false  isAODThemeImageOnly=false)
01-22 19:18:45.126  2814  2814 I KeyguardDozeTransitionManager: setDozing: false
01-22 19:18:45.126  3466  3548 I RequestManager_FLP: onOpChanged, op=0 / packageName=com.samsung.android.oneconnect
01-22 19:18:45.127  7505  7532 V python  : extracting _python_bundle/site-packages/kivy/uix/settings.pyc
01-22 19:18:45.127 29886  7599 I DatabaseManager: insert data finished for 2026-01-22 19:18:45 in  10
01-22 19:18:45.127  4079  4079 I [MCFServer]_SubscriberManager: onReceive - ACTION_ID_SCREEN_ON
01-22 19:18:45.127  7505  7532 V python  : extracting _python_bundle/site-packages/kivy/uix/slider.pyc
01-22 19:18:45.127  7505  7532 V python  : extracting _python_bundle/site-packages/kivy/uix/spinner.pyc
01-22 19:18:45.127  2814  2814 I AODThemeSettingsHelper: getAODSelectedThemeClock = 0
01-22 19:18:45.128  2814  2814 I ViewPositionControllerManager: unregisterListener: NowBar
01-22 19:18:45.128  2814  2814 I ViewPositionControllerManager: removePositionController: component=NowBar, policy=PortBottom, count=2
01-22 19:18:45.128  2814  2814 I NowBarColorModel#93398658: notifyColorChanged isWhiteWallpaper false darkAmount 1.0  darkMode false nowBarMode LOCKSCREEN dozing false
01-22 19:18:45.128  1195  1195 I SensorsHub: flush: handle=1
01-22 19:18:45.128  7505  7532 V python  : extracting _python_bundle/site-packages/kivy/uix/splitter.pyc
01-22 19:18:45.128  2814  2814 W Settings: Setting accessibility_reduce_transparency has moved from android.provider.Settings.System to android.provider.Settings.Global, returning read-only value.
01-22 19:18:45.128  1559  2568 D SensorManager: registerListener :: 1, LSM6DSVTR Accelerometer, 200000, 0, com.samsung.android.gesture.PocketMotionManager$1@aaf75be
01-22 19:18:45.128  1195  1318 E SensorsHub: AccSensor : Meta event
01-22 19:18:45.128  1559  2568 D PocketMotionManager: register acc sensor
01-22 19:18:45.128 17353 17525 I NearbyDiscovery: (REDACTED) ApFastPairScanner: Start scanning, mode=%s
01-22 19:18:45.128  7505  7532 V python  : extracting _python_bundle/site-packages/kivy/uix/stacklayout.pyc
01-22 19:18:45.128  2814  2814 D WallpaperManager: semGetWallpaperColors: which = 2
01-22 19:18:45.128  1559  2568 D SemContextService: lock : registerCallback
01-22 19:18:45.128  2814  2814 D SemWallpaperColorsArea: SemWallpaperColorsArea [1440, 3120] which: 6 rotation: 0 has Base: false
01-22 19:18:45.128  7505  7532 V python  : extracting _python_bundle/site-packages/kivy/uix/stencilview.pyc
01-22 19:18:45.128  2814  2814 D SemWallpaperColorsArea: SemWallpaperColorsArea which = 6, mDensity : 3.5, 1440x3120,411x891,32,48, 6
01-22 19:18:45.128  2814  2814 I SemWallpaperColorsArea: Final area : Rect(84, 21 - 1354, 112)
01-22 19:18:45.128  2814  2814 I SemWallpaperColorsArea: Final area : Rect(140, 623 - 1298, 983)
01-22 19:18:45.128  2814  2814 I SemWallpaperColorsArea: Final area : Rect(140, 1627 - 1298, 1697)
01-22 19:18:45.128  2814  2814 I SemWallpaperColorsArea: Final area : Rect(140, 1809 - 1298, 2436)
01-22 19:18:45.128  2814  2814 I SemWallpaperColorsArea: Final area : Rect(140, 2789 - 1298, 3006)
01-22 19:18:45.128  2814  2814 I SemWallpaperColorsArea: Final area : Rect(0, 0 - 1438, 3118)
01-22 19:18:45.129  7505  7532 V python  : extracting _python_bundle/site-packages/kivy/uix/switch.pyc
01-22 19:18:45.129  2814  2814 D View    : semSetBlurInfo, blurInfo : android.view.SemBlurInfo@5f7b8f6 {BLUR_MODE_WINDOW, mBlurRadius = 300, mBackgroundBlurColor = -1509949440, mCornerRadiusTL = 301.0, mCornerRadiusTR = 301.0, mCornerRadiusBL = 301.0, mCornerRadiusBR = 301.0, mClipRectLeft = 0, mClipRectTop = 0, mClipRectRight = 2147483647, mClipRectBottom = 2147483647, mColorCurve = android.view.SemBlurInfo$ColorCurve@918e4f7 {minX = 0.0, minY = 13.3, maxX = 255.0, maxY = 235.1, curveBias = -5.0, saturation = 0.35}}, androidx.cardview.widget.CardView{802087a V.E...... ......I. 0,0-0,0 #7f0a22d4 app:id/nowbar_cardview_background}
01-22 19:18:45.129  2814  2814 I ViewPositionControllerManager: unregisterListener: Battery
01-22 19:18:45.129  2814  2814 I ViewPositionControllerManager: removePositionController: component=Battery, policy=PortBattery, count=1
01-22 19:18:45.129  2814  2814 I ViewPositionControllerManager: removePositionController: component=NIO, policy=PortNIO, count=1
01-22 19:18:45.129  2814  2814 D MediaExpandStateObserver: onChanged MediaExpandStateModel(type=NONE, clockY=0.0, clockValidMaxScale=1.0, hasAnimation=true, isDozing=false, darkAmount=1.0, isMediaOutput=false)
01-22 19:18:45.129  2814  2814 D MediaExpandStateObserver: animateClipContainer NONE NONE
01-22 19:18:45.129  2814  2814 I ComplicationWidgetPluginController:  animateContents true
01-22 19:18:45.129  7505  7532 V python  : extracting _python_bundle/site-packages/kivy/uix/tabbedpanel.pyc
01-22 19:18:45.129  2814  2814 D KeyguardSecAffordanceView: reset LeftShortcut
01-22 19:18:45.129  2814  2814 D KeyguardSecAffordanceView: reset RightShortcut
01-22 19:18:45.129 15573 15573 I OIC_IP_CB_INTERFACE: ScreenOnReceiver - Cellular: true Wi-Fi: false
01-22 19:18:45.129  2814  2814 D KeyguardTouchAnimator: reset unlockExecuted=false
01-22 19:18:45.129  2814  2814 D KeyguardEditModeAnimatorController: reset false
01-22 19:18:45.129  2814  2814 D KeyguardEditModeAnimatorController: long pressed false
01-22 19:18:45.129  2814  2814 D KeyguardEditModeAnimatorController: resetViews
01-22 19:18:45.129  2814  2814 D KeyguardEditModeController: cancel() true
01-22 19:18:45.129  2814  2814 D KeyguardTouchAnimator: resetChildViewVI(): isUnlockExecuted=false scale=1.0
01-22 19:18:45.129  2814  2814 I PluginFaceWidgetManager: isEditMode = false
01-22 19:18:45.129  7505  7532 V python  : extracting _python_bundle/site-packages/kivy/uix/textinput.pyc
01-22 19:18:45.129 28729 28729 I MCFQS   : (BleScanRepository) updateBleScan()-[td:main] screenOn updated REQUEST_ONLY. stop previous
01-22 19:18:45.129  2814  2814 I NowBarItemManager: getVisibleList isScreenTurnedOn = true / aodShowState false shouldControlScreenOff false visibleList size = 1
01-22 19:18:45.129 28729 28729 I MCFQS   : (BleScanRepository) stopBleScan()-[td:main] , cb=253654252
01-22 19:18:45.129  2814  2814 I NowBarItemManager: visibleList idx=0, , AI_BRIEF_KEY, AI_BRIEF | 7
01-22 19:18:45.129  2814  2814 D KeyguardUpdateMonitor: isUserUnlocked userId:0, unlocked:true
01-22 19:18:45.129  2814  2814 D KeyguardUpdateMonitor: isUserUnlocked userId:0, unlocked:true
01-22 19:18:45.129  2814  2814 I ViewPositionControllerManager: unregisterListener: ChargingInfo
01-22 19:18:45.130  2814  2814 I ViewPositionControllerManager: removePositionController: component=ChargingInfo, policy=PortBottom, count=1
01-22 19:18:45.130  2814  2814 D KeyguardStatusBarViewController: Visibility changed! - mDozing=false, mFirstBypassAttempt=false, mKeyguardUpdateMonitor.shouldListenForFace()=false, mDelayShowingKeyguardStatusBar=false, mDisableStateTracker.isDisabled()=false, Flags.glanceableHubV2()=false, mCommunalShowing=false, mExplicitAlpha=-1.0, mHiddenByKnox=false, isLockStarStatusBarEnabled()=true
01-22 19:18:45.130  2814  2814 I FaceWidgetViewModel: onNioViewStateUpdated : alpha 1.0, visibility 0
01-22 19:18:45.130  2814  2814 D KeyguardStatusBarViewExt: v:0, a:1,00, com.android.systemui.statusbar.phone.KeyguardStatusBarViewController.updateViewState:34 com.android.systemui.shade.NotificationPanelViewController.setDozing:71 com.android.systemui.statusbar.phone.CentralSurfacesImpl.updateDozingState:104 com.android.systemui.statusbar.phone.CentralSurfacesImpl$17.onDozingChanged:85 com.android.systemui.statusbar.phone.DozeServiceHost.updateDozing:348 
01-22 19:18:45.130  1559  1559 I AfterimageCompensationService: ACTION_SCREEN_ON
01-22 19:18:45.130  2814  2814 I PluginFaceWidgetManager: isEditMode = false
01-22 19:18:45.130  2814  2814 I NowBarItemManager: getVisibleList isScreenTurnedOn = true / aodShowState false shouldControlScreenOff false visibleList size = 1
01-22 19:18:45.130  2814  2814 I NowBarItemManager: visibleList idx=0, , AI_BRIEF_KEY, AI_BRIEF | 7
01-22 19:18:45.130  2814  2814 I NowBarCardViewModel: setVisibility visible = 0 / nowBarRootVisibility = 0
01-22 19:18:45.130  2814  2814 D KeyguardTouchAnimator: dozeAmount cleared
01-22 19:18:45.131  2814  2814 I DigitalVerticalClockView_LOCK_SCREEN_1@974: refreshColor: Adaptive
01-22 19:18:45.131  2814  2814 I DigitalVerticalClockView_LOCK_SCREEN_1@974: updateBaseTargetPaletteItem: base=SOLID color : FF584D12, target=SOLID color : FFCCCC8B
01-22 19:18:45.131  2814  2814 I DigitalVerticalClockView_LOCK_SCREEN_1@974: setColorThemeAdaptiveColorInternal : colorThemeColor = #ff584d12, AODColorThemeColor = #ffcccc8b, animation = false, dozing = false, dozeAmount = 0.0, mIsWhiteWallpaper = true
01-22 19:18:45.131  2814  2814 I DigitalVerticalClockView_LOCK_SCREEN_1@974: updatePaletteItemTransition : paletteItem = SOLID color : FF584D12, animation = false, dozeAmount = 0.0
01-22 19:18:45.131  7505  7532 V python  : extracting _python_bundle/site-packages/kivy/uix/togglebutton.pyc
01-22 19:18:45.131  2814  2814 I DigitalVerticalClockView_LOCK_SCREEN_1@974: updateShadowStyle: shadow : [ShadowStyle: shadowRadius = 0.0, shadowDx = 0.0, shadowDy = 0.0, shadowColor = 0]
01-22 19:18:45.131  2814  2814 I KeyguardClockProvider: getClockVisibility:0
01-22 19:18:45.131  2814  2814 D SGGLockStarManager: isClockAnimationEnable, result null
01-22 19:18:45.131  2814  2814 D SGGLockStarManager: isClockAnimationEnable, result null
01-22 19:18:45.131  2814  2814 D FaceWidgetClockPage: isNeedToTransition() true
01-22 19:18:45.131  2814  2814 I NotificationIconsOnlyContainer: updateIconColor() : EDFFFFFF, 
01-22 19:18:45.131  7505  7532 V python  : extracting _python_bundle/site-packages/kivy/uix/treeview.pyc
01-22 19:18:45.131  2814  2814 I NowBarColorModel#93398658: notifyColorChanged isWhiteWallpaper false darkAmount 0.0  darkMode false nowBarMode LOCKSCREEN dozing false
01-22 19:18:45.131  2814  2814 W Settings: Setting accessibility_reduce_transparency has moved from android.provider.Settings.System to android.provider.Settings.Global, returning read-only value.
01-22 19:18:45.131  2814  2814 W Settings: Setting accessibility_reduce_transparency has moved from android.provider.Settings.System to android.provider.Settings.Global, returning read-only value.
01-22 19:18:45.131  1559  1559 I MdnieScenarioControlService: action  :  android.intent.action.SCREEN_ON
01-22 19:18:45.131  1559  1559 D MdnieScenarioControlService: isLockScreenOn : true
01-22 19:18:45.131  2814  2814 W Settings: Setting accessibility_reduce_transparency has moved from android.provider.Settings.System to android.provider.Settings.Global, returning read-only value.
01-22 19:18:45.131  2814  2814 D WallpaperManager: semGetWallpaperColors: which = 2
01-22 19:18:45.131  7505  7532 V python  : extracting _python_bundle/site-packages/kivy/uix/video.pyc
01-22 19:18:45.131  2814  2814 D SemWallpaperColorsArea: SemWallpaperColorsArea [1440, 3120] which: 6 rotation: 0 has Base: false
01-22 19:18:45.131  2814  2814 D SemWallpaperColorsArea: SemWallpaperColorsArea which = 6, mDensity : 3.5, 1440x3120,411x891,32,48, 6
01-22 19:18:45.131  2814  2814 I SemWallpaperColorsArea: Final area : Rect(84, 21 - 1354, 112)
01-22 19:18:45.131  2814  2814 I SemWallpaperColorsArea: Final area : Rect(140, 623 - 1298, 983)
01-22 19:18:45.131  2814  2814 I SemWallpaperColorsArea: Final area : Rect(140, 1627 - 1298, 1697)
01-22 19:18:45.132  2814  2814 I SemWallpaperColorsArea: Final area : Rect(140, 1809 - 1298, 2436)
01-22 19:18:45.132  2814  2814 I SemWallpaperColorsArea: Final area : Rect(140, 2789 - 1298, 3006)
01-22 19:18:45.132  2814  2814 I SemWallpaperColorsArea: Final area : Rect(0, 0 - 1438, 3118)
01-22 19:18:45.132 15573  7601 I OIC_IP_CB_INTERFACE: ScreenOnReceiver - New Handler thread id: 16187
01-22 19:18:45.132  1559  1559 V MdnieScenarioControlService: mAclOffEnabled : false
01-22 19:18:45.132  2814  2814 D View    : semSetBlurInfo, blurInfo : android.view.SemBlurInfo@5559dd0 {BLUR_MODE_WINDOW, mBlurRadius = 300, mBackgroundBlurColor = 0, mCornerRadiusTL = 301.0, mCornerRadiusTR = 301.0, mCornerRadiusBL = 301.0, mCornerRadiusBR = 301.0, mClipRectLeft = 0, mClipRectTop = 0, mClipRectRight = 2147483647, mClipRectBottom = 2147483647, mColorCurve = android.view.SemBlurInfo$ColorCurve@a69c1c9 {minX = 0.0, minY = 13.3, maxX = 255.0, maxY = 235.1, curveBias = -5.0, saturation = 0.35}}, androidx.cardview.widget.CardView{802087a V.E...... ......I. 0,0-0,0 #7f0a22d4 app:id/nowbar_cardview_background}
01-22 19:18:45.132  7505  7532 V python  : extracting _python_bundle/site-packages/kivy/uix/videoplayer.pyc
01-22 19:18:45.132  2814  2814 D WallpaperManager: semGetWallpaperColors: which = 2
01-22 19:18:45.132  2814  2814 D SemWallpaperColorsArea: SemWallpaperColorsArea [1440, 3120] which: 6 rotation: 0 has Base: false
01-22 19:18:45.132  2814  2814 D SemWallpaperColorsArea: SemWallpaperColorsArea which = 6, mDensity : 3.5, 1440x3120,411x891,32,48, 6
01-22 19:18:45.132  2814  2814 I SemWallpaperColorsArea: Final area : Rect(84, 21 - 1354, 112)
01-22 19:18:45.132  2814  2814 I SemWallpaperColorsArea: Final area : Rect(140, 623 - 1298, 983)
01-22 19:18:45.132  2814  2814 I SemWallpaperColorsArea: Final area : Rect(140, 1627 - 1298, 1697)
01-22 19:18:45.132  2814  2814 I SemWallpaperColorsArea: Final area : Rect(140, 1809 - 1298, 2436)
01-22 19:18:45.132  2814  2814 I SemWallpaperColorsArea: Final area : Rect(140, 2789 - 1298, 3006)
01-22 19:18:45.132  2814  2814 I SemWallpaperColorsArea: Final area : Rect(0, 0 - 1438, 3118)
01-22 19:18:45.132  1559  1559 I AdaptiveDisplaySolutionService: action  :  android.intent.action.SCREEN_ON
01-22 19:18:45.132  7505  7532 V python  : extracting _python_bundle/site-packages/kivy/uix/vkeyboard.pyc
01-22 19:18:45.132  2814  2814 I ComplicationGridUIController:  changeBlurType displayType Lock / -10990318 / 28.492351925474026
01-22 19:18:45.132  2814  2814 D MediaExpandStateObserver: onChanged MediaExpandStateModel(type=NONE, clockY=0.0, clockValidMaxScale=1.0, hasAnimation=true, isDozing=false, darkAmount=0.0, isMediaOutput=false)
01-22 19:18:45.132  2814  2814 D MediaExpandStateObserver: animateClipContainer NONE NONE
01-22 19:18:45.132  2814  2814 I SecKeyguardClockPositionAlgorithm: prepareClockContainerHeightChanging:
01-22 19:18:45.132  2814  2814 I SecKeyguardClockPositionAlgorithm: setup() mStatusBarHeight = 113, mDarkAmount = 0.0, mHeight = 3120, mFaceWidgetContainerHeight = 337, mCurrentClockType = 1
01-22 19:18:45.133  2814  2814 I SecKeyguardClockPositionAlgorithm: getMediaContainerHeight() height = 0 container Visibility = 8, isValid = false, mIsDozing = false, source = 0, target = 0
01-22 19:18:45.133  7505  7532 V python  : extracting _python_bundle/site-packages/kivy/uix/widget.pyc
01-22 19:18:45.133  1230  1249 I sysinput:aidl: onReportInformation:93, 1, cmd@fod_enable,1,0,0,0:0
01-22 19:18:45.133  2814  2814 I PluginFaceWidgetManager: isEditMode = false
01-22 19:18:45.133  1559  1559 I EyeComfortSolutionService: action  :  android.intent.action.SCREEN_ON
01-22 19:18:45.133  2814  2814 I NowBarItemManager: getVisibleList isScreenTurnedOn = true / aodShowState false shouldControlScreenOff false visibleList size = 1
01-22 19:18:45.133  2814  2814 I NowBarItemManager: visibleList idx=0, , AI_BRIEF_KEY, AI_BRIEF | 7
01-22 19:18:45.133  2814  2814 I AlwaysOnDisplayEx: onDozeAmountChanged linearAmount = 0.0 / amount = 0.0 / mNeedAODClockTransition = false
01-22 19:18:45.133  2814  2814 D DozeServiceHost: updateDozing dozing = false / dozingRequested = true / state = SHADE mode = 1
01-22 19:18:45.133  2814  2814 D CentralSurfaces: !shouldBeKeyguard mStatusBarStateController.isKeyguardRequested() true keyguardForDozing false wakeAndUnlocking true isWakingAndOccluded false
01-22 19:18:45.133  2814  2814 D CentralSurfaces: hideKeyguardImpl false
01-22 19:18:45.133  1559  2646 D SysinputHAL_AIDL: setProperty(TSP(1)): CMD, fod_enable,1,0,0,0 ret=0
01-22 19:18:45.133  1559  2646 D SemInputDevice:TSP: ActivateTask: 2,0 [01-22 19:18:44.982]
01-22 19:18:45.133  7505  7532 V python  : extracting _python_bundle/site-packages/kivy/utils.pyc
01-22 19:18:45.133  2814  2814 D QuickPanelLog: NPVC | instantCollapse
01-22 19:18:45.133  2814  2814 D QuickPanelLog:  - com.android.systemui.shade.NotificationPanelViewController.instantCollapse:7
01-22 19:18:45.133  2814  2814 D QuickPanelLog:  - com.android.systemui.shade.ShadeControllerImpl.instantCollapseShade:5
01-22 19:18:45.133  2814  2814 D QuickPanelLog:  - com.android.systemui.statusbar.phone.CentralSurfacesImpl.updateIsKeyguard:429
01-22 19:18:45.133  2814  2814 D QuickPanelLog:  - com.android.systemui.statusbar.phone.CentralSurfacesImpl$17.onDozingChanged:104
01-22 19:18:45.133  2814  2814 D QuickPanelLog:  - com.android.systemui.statusbar.phone.DozeServiceHost.updateDozing:348
01-22 19:18:45.133  2814  2814 D QuickPanelLog:  - com.android.systemui.statusbar.phone.CentralSurfacesImpl$17.onStateChanged:10
01-22 19:18:45.133  2814  2814 D QuickPanelLog:  - com.android.systemui.statusbar.StatusBarStateControllerImpl.setState:266
01-22 19:18:45.133  2814  2814 D QuickPanelLog:  - com.android.systemui.statusbar.phone.CentralSurfacesImpl.updateIsKeyguard:284
01-22 19:18:45.133  2814  2814 D QuickPanelLog:  - com.android.systemui.statusbar.phone.CentralSurfacesImpl$9$$ExternalSyntheticLambda0.run:23
01-22 19:18:45.133  2814  2814 D QuickPanelLog:  - com.android.systemui.shade.NotificationShadeWindowControllerImpl.batchApplyWindowLayoutParams:7
01-22 19:18:45.133  1230  1249 I sysinput:Touch1: operator():237, OK
01-22 19:18:45.133  1230  1249 I sysinput:aidl: onReportInformation:93, 1, enabled@2,0:0
01-22 19:18:45.133  2814  2814 I SecKeyguardClockPositionAlgorithm: prepareClockContainerHeightChanging:
01-22 19:18:45.133  7505  7532 V python  : extracting _python_bundle/site-packages/kivy/vector.pyc
01-22 19:18:45.134  1559  1559 D SemWifiApIntentHandler: rcvd:android.intent.action.SCREEN_ON
01-22 19:18:45.134  2814  2814 I PluginFaceWidgetManager: isEditMode = false
01-22 19:18:45.134  2814  2814 I NowBarItemManager: getVisibleList isScreenTurnedOn = true / aodShowState false shouldControlScreenOff false visibleList size = 1
01-22 19:18:45.134  2814  2814 I NowBarItemManager: visibleList idx=0, , AI_BRIEF_KEY, AI_BRIEF | 7
01-22 19:18:45.134  1230  1249 I sysinput:Touch1: operator():132, 2,0 OK
01-22 19:18:45.134  7505  7532 V python  : extracting _python_bundle/site-packages/kivy/weakmethod.pyc
01-22 19:18:45.134  2814  2814 D KeyguardStatusBarViewController: Alpha changed! - mExplicitAlpha=-1.0, getKeyguardContentsAlpha()=0.0, alphaQsExpansion=1.0, mKeyguardStatusBarAnimateAlpha=1.0, mKeyguardHeadsUpShowingAmount=0.0
01-22 19:18:45.134  2814  2814 D KeyguardStatusBarViewController: Visibility changed! - mDozing=false, mFirstBypassAttempt=false, mKeyguardUpdateMonitor.shouldListenForFace()=false, mDelayShowingKeyguardStatusBar=false, mDisableStateTracker.isDisabled()=false, Flags.glanceableHubV2()=false, mCommunalShowing=false, mExplicitAlpha=-1.0, mHiddenByKnox=false, isLockStarStatusBarEnabled()=true
01-22 19:18:45.134  2814  2814 I FaceWidgetViewModel: onNioViewStateUpdated : alpha 0.0, visibility 0
01-22 19:18:45.134 15573 15573 I [+0100]oneconnect[1.8.41.23_01][CORE]: OcfConnection@CloudConnectionRestoreReceiver.onReceive - action : android.intent.action.SCREEN_ON
01-22 19:18:45.134  7505  7532 V python  : extracting _python_bundle/site-packages/kivy/weakproxy.so
01-22 19:18:45.134  2814  2814 D KeyguardStatusBarViewExt: v:0, a:0,00, com.android.systemui.statusbar.phone.KeyguardStatusBarViewController.updateViewState:34 com.android.systemui.shade.NotificationPanelViewController$$ExternalSyntheticLambda48.run:545 com.android.systemui.shade.NotificationShadeWindowControllerImpl.batchApplyWindowLayoutParams:7 com.android.systemui.shade.NotificationPanelViewController.setExpandedHeightInternal:23 com.android.systemui.shade.NotificationPanelViewController.setExpandedHeight:1 
01-22 19:18:45.134  2814  2814 I FaceWidgetViewModel: onNioViewStateUpdated : alpha 0.0, visibility 4
01-22 19:18:45.134  2814  2814 D KeyguardStatusBarViewExt: v:4, a:0,00, com.android.systemui.statusbar.phone.KeyguardStatusBarViewController.updateViewState:34 com.android.systemui.shade.NotificationPanelViewController$$ExternalSyntheticLambda48.run:545 com.android.systemui.shade.NotificationShadeWindowControllerImpl.batchApplyWindowLayoutParams:7 com.android.systemui.shade.NotificationPanelViewController.setExpandedHeightInternal:23 com.android.systemui.shade.NotificationPanelViewController.setExpandedHeight:1 
01-22 19:18:45.134  2814  2814 I ComplicationWidgetPluginController: onShadeExpandedChanged false false
01-22 19:18:45.135  2814  2814 D KeyguardUpdateMonitor: isUserUnlocked userId:0, unlocked:true
01-22 19:18:45.135  2814  2814 I ComplicationWidgetPluginController: requestAppWidgetListening false , false true true
01-22 19:18:45.135  2814  2814 I SharedAppWidgetFacade:  stopAppWidgetListening
01-22 19:18:45.135  2814  2814 I LockWidgetHostManagerImpl: stopListening aod.EH0@e5c7309 aod.o90@40b4c10
01-22 19:18:45.135  1559  3897 I AppWidgetServiceImpl: stopListening callbacks : null
01-22 19:18:45.135  2814  2814 D {OngoingActivityController}: onExpandedChanged : shade is close
01-22 19:18:45.135  7505  7532 V python  : extracting _python_bundle/site-packages/kivymd-1.2.0.dist-info/
01-22 19:18:45.135  2814  2814 D ShadeExpansionStateManager: updateStateInternal: OPEN -> CLOSED
01-22 19:18:45.135  2814  2814 D NotificationPanelView: setOnStatusBarDownEvent null ? true
01-22 19:18:45.135 15573  7603 I [+0100]oneconnect[1.8.41.23_01][CORE]: OcfConnection@CloudConnectionRestoreReceiver.onReceive - ACTION_SCREEN_ON, not sign in state - restoreCloudConnection
01-22 19:18:45.135  1559  2666 D SemWifiApSmartBleScanner: Screen is ON, restarting scanning
01-22 19:18:45.135  2814  2814 D QuickPanelLog: NPVC | onPanelStateChanged: STATE_CLOSED
01-22 19:18:45.135  2814  2814 D QuickPanelLog:  - com.android.systemui.shade.NotificationPanelViewController$$ExternalSyntheticLambda6.onPanelStateChanged$2:146
01-22 19:18:45.135  2814  2814 D QuickPanelLog:  - com.android.systemui.shade.ShadeExpansionStateManager.updateStateInternal:51
01-22 19:18:45.135  2814  2814 D QuickPanelLog:  - com.android.systemui.shade.NotificationPanelViewController.updateExpansionAndVisibility:71
01-22 19:18:45.135  2814  2814 D QuickPanelLog:  - com.android.systemui.shade.NotificationPanelViewController$$ExternalSyntheticLambda48.run:557
01-22 19:18:45.135  2814  2814 D QuickPanelLog:  - com.android.systemui.shade.NotificationShadeWindowControllerImpl.batchApplyWindowLayoutParams:7
01-22 19:18:45.135  2814  2814 D QuickPanelLog:  - com.android.systemui.shade.NotificationPanelViewController.setExpandedHeightInternal:23
01-22 19:18:45.135  2814  2814 D QuickPanelLog:  - com.android.systemui.shade.NotificationPanelViewController.setExpandedHeight:1
01-22 19:18:45.135  2814  2814 D QuickPanelLog:  - com.android.systemui.shade.NotificationPanelViewController.setExpandedFraction:7
01-22 19:18:45.135  2814  2814 D QuickPanelLog:  - com.android.systemui.shade.NotificationPanelViewController.instantCollapse:14
01-22 19:18:45.135  2814  2814 D QuickPanelLog:  - com.android.systemui.shade.ShadeControllerImpl.instantCollapseShade:5
01-22 19:18:45.135  2814  2814 D KeyguardVisible: go panelState: OPEN -> CLOSED tracking=false, expanded=true, fraction=1.0
01-22 19:18:45.135  2814  2814 D ShadeExpansionStateManager: onPanelExpansionChanged: OPEN -> CLOSED
01-22 19:18:45.135  2814  2814 D ShadeExpansionStateManager: onPanelExpansionChanged: ShadeExpansionChangeEvent(fraction=0.0, expanded=false, tracking=false)
01-22 19:18:45.136  1559  2666 D SemWifiApPowerSaveImpl: Lcd ON
01-22 19:18:45.136  7505  7532 V python  : extracting _python_bundle/site-packages/kivymd-1.2.0.dist-info/INSTALLER
01-22 19:18:45.136  2814  2814 D SecPanelSplitHelper: slide ( SHADE_STATE )
01-22 19:18:45.136  2814  2814 D SecPanelSplitHelper:  - com.android.systemui.shade.SecPanelSplitHelper.onPanelExpansionChanged:38
01-22 19:18:45.136  2814  2814 D SecPanelSplitHelper:  - com.android.systemui.shade.NotificationPanelViewController.updateExpansionAndVisibility:196
01-22 19:18:45.136  2814  2814 D SecPanelSplitHelper:  - com.android.systemui.shade.NotificationPanelViewController$$ExternalSyntheticLambda48.run:557
01-22 19:18:45.136  2814  2814 D SecPanelSplitHelper:  - com.android.systemui.shade.NotificationShadeWindowControllerImpl.batchApplyWindowLayoutParams:7
01-22 19:18:45.136  2814  2814 D SecPanelSplitHelper:  - com.android.systemui.shade.NotificationPanelViewController.setExpandedHeightInternal:23
01-22 19:18:45.136  2814  2814 D SecPanelSplitHelper:  - com.android.systemui.shade.NotificationPanelViewController.setExpandedHeight:1
01-22 19:18:45.136  2814  2814 D SecPanelSplitHelper:  - com.android.systemui.shade.NotificationPanelViewController.setExpandedFraction:7
01-22 19:18:45.136  2814  2814 D SecPanelSplitHelper:  - com.android.systemui.shade.NotificationPanelViewController.instantCollapse:14
01-22 19:18:45.136  2814  2814 D SecPanelSplitHelper:  - com.android.systemui.shade.ShadeControllerImpl.instantCollapseShade:5
01-22 19:18:45.136  2814  2814 D SecPanelSplitHelper:  - com.android.systemui.statusbar.phone.CentralSurfacesImpl.updateIsKeyguard:429
01-22 19:18:45.136  2814  2814 D PanelTransitionAnimator: fraction = 1.0 direction = DOWN stateToChange = SHADE_STATE StatusBar = KEYGUARD panelTransitionState = SHADE_STATE
01-22 19:18:45.136  2814  2814 D PanelTransitionAnimator: SHADE_STATE
01-22 19:18:45.136  2814  2814 D PanelTransitionAnimator: clearAnimationState SHADE_STATE
01-22 19:18:45.136  7505  7532 V python  : extracting _python_bundle/site-packages/kivymd-1.2.0.dist-info/METADATA
01-22 19:18:45.136  3244  5232 I HoneySpace.SystemUiRepository: systemUiFlags: overview_disabled|home_disabled|navbar_hidden|keygrd_visible|device_dozing|wakefulness_transition|awake|keygrd_going_away
01-22 19:18:45.136  1559  2666 I SemWifiApAdvancedAutohotspotService:  Screen ON
01-22 19:18:45.136  2814  2814 D KeyguardVisible: go panelState: CLOSED -> CLOSED tracking=false, expanded=false, fraction=0.0
01-22 19:18:45.136  1559  3508 D BluetoothAdapter: isLeEnabled(): ON
01-22 19:18:45.136  7505  7532 V python  : extracting _python_bundle/site-packages/kivymd-1.2.0.dist-info/RECORD
01-22 19:18:45.136  1559  3508 D BluetoothLeScanner: Stop Scan with callback
01-22 19:18:45.136  2814  2814 D PanelSplitOpenAnimator: onPanelExpansionChanged : 0.0 state : 1
01-22 19:18:45.136  1559  2646 D SysinputHAL_AIDL: activate(TSP(1)),2,0 ret=0
01-22 19:18:45.136  2814  2814 D ImmersiveScrollAnimator: clearAnimators
01-22 19:18:45.136  1559  2646 D SemInputDevice:TSP: SetPropertyTask: CMD,fod_enable,1,1,0,0 [01-22 19:18:44.982]
01-22 19:18:45.136  1559  3586 I SemWifiApAdvancedAutohotspotService: got: CMD_SCREEN_ON
01-22 19:18:45.136  1559  3586 D SemWifiApAdvancedAutohotspotService: prev history :10
01-22 19:18:45.136  1559  3586 D SemWifiApSmartGattClient: mHotspotVersion value : 0
01-22 19:18:45.136  2814  2814 D KeyguardVisible: shouldPanelBeVisible false / headUpVisible=false, why=0
01-22 19:18:45.137  7505  7532 V python  : extracting _python_bundle/site-packages/kivymd-1.2.0.dist-info/REQUESTED
01-22 19:18:45.137  3244  3325 I HoneySpace.TaskbarEventTracker: invokeEvent() called with: event = SystemUiStateChanged(stateFlags=2954887618)
01-22 19:18:45.137  7505  7532 V python  : extracting _python_bundle/site-packages/kivymd-1.2.0.dist-info/WHEEL
01-22 19:18:45.137  1559  3586 I SemWifiApAdvancedAutohotspotService: getAdvnacedConnectionSetting() : 1
01-22 19:18:45.137  1559  3586 I SemWifiApAdvancedAutohotspotService: Never option is chosen
01-22 19:18:45.137 15573  7601 I OIC_CA_INF_CTR: IN application adapter changed callback [0xb400006de707fe80]
01-22 19:18:45.137 15573  7601 I OIC_CA_INF_CTR: OUT application adapter changed callback [0xb400006de707fe80]
01-22 19:18:45.137 15573  7601 I OIC_CA_INF_CTR: IN application adapter changed callback [0xb400006de70813b0]
01-22 19:18:45.137  7505  7532 V python  : extracting _python_bundle/site-packages/kivymd-1.2.0.dist-info/entry_points.txt
01-22 19:18:45.137  2814  2814 I NowBarCardViewModel: setVisibility visible = 4 / nowBarRootVisibility = 4
01-22 19:18:45.137  1559  1559 D AdaptiveBrightnessLongtermModelBuilder[0]: Received android.intent.action.SCREEN_ON
01-22 19:18:45.137  7505  7532 V python  : extracting _python_bundle/site-packages/kivymd-1.2.0.dist-info/licenses/
01-22 19:18:45.137  2814  2814 D NotificationPanelView: instantCollapse forced set isSliding is false
01-22 19:18:45.137  7505  7532 V python  : extracting _python_bundle/site-packages/kivymd-1.2.0.dist-info/licenses/LICENSE
01-22 19:18:45.138  2814  2814 W SensorController: unregister - already unregistered sensor type=1
01-22 19:18:45.138  7505  7532 V python  : extracting _python_bundle/site-packages/kivymd-1.2.0.dist-info/top_level.txt
01-22 19:18:45.138  2814  2814 D LockscreenShadeTransitionController: onDozingChanged false
01-22 19:18:45.138  2814  2814 D KeyguardSecIndicationPolicy:  remove Item pos = DEFAULT, type =     LEGACY_TRANSIENT
01-22 19:18:45.138  1559  2568 W CAE     : registerCallback(ContextAwareService.java:188) - [regi 01] Mutex is locked for ACTIVITY_TRACKER
01-22 19:18:45.138  7505  7532 V python  : extracting _python_bundle/site-packages/kivymd/
01-22 19:18:45.138  3244  5232 I HoneySpace.SystemUiRepository: systemUiFlags: overview_disabled|home_disabled|navbar_hidden|keygrd_visible|wakefulness_transition|awake|keygrd_going_away
01-22 19:18:45.138  1559  2568 W CAE     : registerCallback(ContextAwareService.java:195) - [regi 04]  com.samsung.android.contextaware.ContextAwareManager$CaListenerDelegate@57a844a
01-22 19:18:45.138  1559  2568 W CAE     : getListener(ListenerListManager.java:127) - [getListener1]  com.samsung.android.contextaware.ContextAwareManager$CaListenerDelegate@57a844a
01-22 19:18:45.138  2814  2814 D SecLockIconViewController: updateVisibility
01-22 19:18:45.138  1559  2568 W CAE     : getListener(ListenerListManager.java:128) - [getListener2]  com.samsung.android.contextaware.manager.ContextAwareService$Listener@2b7c5b5
01-22 19:18:45.138  7505  7532 V python  : extracting _python_bundle/site-packages/kivymd/__init__.pyc
01-22 19:18:45.138  1559  2568 V CAE     : start(ContextProvider.java:128)
01-22 19:18:45.138  2814  2814 D SecDefaultPanelBackgroundDisplayInteractor: blurReduced = false , minimalBatteryUse = false , statusBarState = SHADE, keyguardState = DOZING
01-22 19:18:45.138  7505  7532 V python  : extracting _python_bundle/site-packages/kivymd/_version.pyc
01-22 19:18:45.138  2814  2814 D SecDefaultPanelBackgroundDisplayInteractor: blurReduced = false , minimalBatteryUse = false , statusBarState = SHADE, keyguardState = DOZING
01-22 19:18:45.138  2814  2814 D StackScrollerController:  stateChanged setMaxDisplayedNotifications as -1
01-22 19:18:45.138  2814  2814 D StackScroller: setMaxDisplayedNotifications prev 0 new -1
01-22 19:18:45.138  7505  7532 V python  : extracting _python_bundle/site-packages/kivymd/app.pyc
01-22 19:18:45.139  7505  7532 V python  : extracting _python_bundle/site-packages/kivymd/color_definitions.pyc
01-22 19:18:45.139  2814  2814 D LockscreenShadeTransitionController: onStateChanged SHADE and notify onExpansionFinished
01-22 19:18:45.139  2814  2814 D LockScreenNotiIconCoordinator: onExpansionFinished
01-22 19:18:45.139  2814  2814 D KeyguardEditModeAnimatorController: startCancelAnimation
01-22 19:18:45.139  2814  2814 D KeyguardEditModeAnimatorController: startCancelAnimation : is not keyguard state
01-22 19:18:45.139  2814  2814 D KeyguardEditModeAnimatorController: resetViews
01-22 19:18:45.139  2814  2814 D KeyguardEditModeController: cancel() true
01-22 19:18:45.139  2814  2814 D LockscreenNotificationManager: BarState updated : 0
01-22 19:18:45.139  3244  3325 I HoneySpace.TaskbarEventTracker: invokeEvent() called with: event = SystemUiStateChanged(stateFlags=2952790466)
01-22 19:18:45.139  7505  7532 V python  : extracting _python_bundle/site-packages/kivymd/effects/
01-22 19:18:45.139  2814  2814 D KeyguardSecIndicationPolicy:  remove Item pos = DEFAULT, type =     LEGACY_TRANSIENT
01-22 19:18:45.139  7505  7532 V python  : extracting _python_bundle/site-packages/kivymd/effects/__init__.pyc
01-22 19:18:45.139  1195  1318 I SensorsHub: AutoBrightnessSensor: lux = 14, time = 2541830160429843
01-22 19:18:45.139  2814  2814 I NowBarCardViewModel: setVisibility visible = 8 / nowBarRootVisibility = 8
01-22 19:18:45.139  7505  7532 V python  : extracting _python_bundle/site-packages/kivymd/effects/fadingedge/
01-22 19:18:45.139  2814  2814 I NowBarUtils: sendBlockingTouchAreaToWallpaper Rect(720, 3011 - 720, 3011) reason updateCardVisibility cardState=-1
01-22 19:18:45.139  7505  7532 V python  : extracting _python_bundle/site-packages/kivymd/effects/fadingedge/__init__.pyc
01-22 19:18:45.139  2814  2814 I FaceWidgetViewModel: onNioViewStateUpdated : alpha 1.0, visibility 4
01-22 19:18:45.140  2814  2814 D KeyguardStatusBarViewExt: v:4, a:1,00, com.android.systemui.shade.NotificationPanelViewController$StatusBarStateListener.onStateChanged:69 com.android.systemui.shade.NotificationPanelViewController$StatusBarStateListener.onStateChanged:1 com.android.systemui.statusbar.StatusBarStateControllerImpl.setState:266 com.android.systemui.statusbar.phone.CentralSurfacesImpl.updateIsKeyguard:284 com.android.systemui.statusbar.phone.CentralSurfacesImpl$9$$ExternalSyntheticLambda0.run:23 
01-22 19:18:45.140  7505  7532 V python  : extracting _python_bundle/site-packages/kivymd/effects/fadingedge/fadingedge.pyc
01-22 19:18:45.140  7505  7532 V python  : extracting _python_bundle/site-packages/kivymd/effects/roulettescroll/
01-22 19:18:45.140  7505  7532 V python  : extracting _python_bundle/site-packages/kivymd/effects/roulettescroll/__init__.pyc
01-22 19:18:45.140  2814  2814 D NotificationPanelView: onBarStateChanged() to 0
01-22 19:18:45.140  2814  2814 D PluginLockDelegateApp: onBarStateChanged 
01-22 19:18:45.140  2814  2814 I DymLock|DynamicLockManager: setBarState() state[0] mIsScreenOn[false] dls_state[2]
01-22 19:18:45.140  7505  7532 V python  : extracting _python_bundle/site-packages/kivymd/effects/roulettescroll/roulettescroll.pyc
01-22 19:18:45.141 15573 24658 I [+0100]oneconnect[1.8.41.23_01][CORE]: PetActivityScheduledTaskManager.scheduleActivityDataFetch - event: android.intent.action.SCREEN_ON | areThereAnyFetchAbleActivityTags: false | isCheckNearbyTagStatusJobActive: false | fetchJob isActive:  null
01-22 19:18:45.141 15573  7601 I OIC_CA_INF_CTR: OUT application adapter changed callback [0xb400006de70813b0]
01-22 19:18:45.141 15573  7601 I OIC_CA_INF_CTR: IN application adapter changed callback [0xb400006de7080b40]
01-22 19:18:45.141  7505  7532 V python  : extracting _python_bundle/site-packages/kivymd/effects/stiffscroll/
01-22 19:18:45.141  7505  7532 V python  : extracting _python_bundle/site-packages/kivymd/effects/stiffscroll/__init__.pyc
01-22 19:18:45.141  2814  2814 D SecLockIconViewController: updateVisibility
01-22 19:18:45.141  2814  2814 I {OngoingActivityController}: onStateChanged: status bar state 1-->0
01-22 19:18:45.141  2814  2814 D {OngoingActivityController}: updateParentViewVisibility() animate:false shouldVisible()
01-22 19:18:45.141  2814  2814 D CollapsedStatusBarFragment: onHideActivityChip() animate:false
01-22 19:18:45.141  7505  7532 V python  : extracting _python_bundle/site-packages/kivymd/effects/stiffscroll/stiffscroll.pyc
01-22 19:18:45.141  7505  7532 V python  : extracting _python_bundle/site-packages/kivymd/factory_registers.pyc
01-22 19:18:45.141  2814  2814 D PanelTransitionAnimator: clearAnimationState SHADE_STATE
01-22 19:18:45.142  7505  7532 V python  : extracting _python_bundle/site-packages/kivymd/font_definitions.pyc
01-22 19:18:45.142  2814  2814 D SecPanelExpansionStateInteractor: onStateChanged to SHADE
01-22 19:18:45.142  2814  2814 D WallpaperManager: getSeedColors: which = 1, fromGoogle = false
01-22 19:18:45.142  2814  2814 D WallpaperManager: semGetWallpaperColors: which = 1
01-22 19:18:45.142  7505  7532 V python  : extracting _python_bundle/site-packages/kivymd/fonts/
01-22 19:18:45.142 28652 29634 I bt_shim_scanner: system/main/shim/le_scanning_manager.cc:141 Unregister: in shim layer, scannerId=2
01-22 19:18:45.142  1559  2568 V CAE     : clear(ActivityTrackerRunner.java:108)
01-22 19:18:45.142  1559  2568 V CAE     : enable(ActivityTrackerRunner.java:84)
01-22 19:18:45.142  2814  2814 D SemWallpaperColorsArea: SemWallpaperColorsArea [1440, 3120] which: 5 rotation: 0 has Base: false
01-22 19:18:45.142 28652 28686 W bluetooth: system/gd/hci/le_scanning_manager.cc:697 unregister_scanner: unregister_scanner
01-22 19:18:45.142  2814  2814 D SemWallpaperColorsArea: SemWallpaperColorsArea which = 5, mDensity : 3.5, 1440x3120,411x891,32,48, 6
01-22 19:18:45.142  2814  2814 I SemWallpaperColorsArea: Final area : Rect(84, 21 - 1354, 112)
01-22 19:18:45.142  2814  2814 I SemWallpaperColorsArea: Final area : Rect(49, 217 - 1389, 2516)
01-22 19:18:45.142  2814  2814 I SemWallpaperColorsArea: Final area : Rect(0, 2950 - 1438, 3118)
01-22 19:18:45.142  7505  7532 V python  : extracting _python_bundle/site-packages/kivymd/fonts/Roboto-Black.ttf
01-22 19:18:45.142  2814  2814 D ColoredBackgroundWallpaperInteractor: home MatchingColor : 0xff0c1324
01-22 19:18:45.142  2814  2814 D WallpaperManager: getSeedColors: which = 2, fromGoogle = false
01-22 19:18:45.142  2814  2814 D WallpaperManager: semGetWallpaperColors: which = 2
01-22 19:18:45.142  1559  2564 D SensorService: setSContextDataLocked ints length 5 , byte length 13
01-22 19:18:45.142  1559  2564 D SensorService: setSContextDataLocked 1ab1
01-22 19:18:45.142  2814  2814 D SemWallpaperColorsArea: SemWallpaperColorsArea [1440, 3120] which: 6 rotation: 0 has Base: false
01-22 19:18:45.142  1559  3508 D SemWifiApSmartBleScanner: Stopped scanning
01-22 19:18:45.142  1559  1559 D SLocation: DeviceStatusNotifyManager - broadcastReceiver.onReceive start 2541830168
01-22 19:18:45.142  2814  2814 D SemWallpaperColorsArea: SemWallpaperColorsArea which = 6, mDensity : 3.5, 1440x3120,411x891,32,48, 6
01-22 19:18:45.142  2814  2814 I SemWallpaperColorsArea: Final area : Rect(84, 21 - 1354, 112)
01-22 19:18:45.142  2814  2814 I SemWallpaperColorsArea: Final area : Rect(140, 623 - 1298, 983)
01-22 19:18:45.142  2814  2814 I SemWallpaperColorsArea: Final area : Rect(140, 1627 - 1298, 1697)
01-22 19:18:45.142  2814  2814 I SemWallpaperColorsArea: Final area : Rect(140, 1809 - 1298, 2436)
01-22 19:18:45.142  2814  2814 I SemWallpaperColorsArea: Final area : Rect(140, 2789 - 1298, 3006)
01-22 19:18:45.142  2814  2814 I SemWallpaperColorsArea: Final area : Rect(0, 0 - 1438, 3118)
01-22 19:18:45.142  1195  1195 I SensorsHub: SContextSensor::injecet_sensor_data
01-22 19:18:45.142  1559  1559 D SLocation: DeviceStatusNotifyManager - broadcastReceiver.onReceive end 2541830168
01-22 19:18:45.142  2814  2814 D ColoredBackgroundWallpaperInteractor: lock MatchingColor : 0xff414120
01-22 19:18:45.142  1195  1195 D SensorsHub: b1 1a 00 00 00 00 00 00 00 00 12 12 2d  
01-22 19:18:45.142  2814  2814 D ColoredBackgroundRepository: bgColorOverlaid = true, extractColor = 0xff140c04, alpha = 51, alphaAppliedColor = 0x33140c04
01-22 19:18:45.143  1195  1195 D SensorsHub: inject_scontext_data: New ssp_data_injection_fd(43)
01-22 19:18:45.143  1559  3019 I SLocation: DeviceStatusNotifyManager - received action : android.intent.action.SCREEN_ON, package : null
01-22 19:18:45.143  2814  2814 D SecQpBlurController: statusBarState : SHADE , panelExpandedFraction : 0.0
01-22 19:18:45.143  1195  1195 D SensorsHub: SContext Data Injection return 64
01-22 19:18:45.143  2814  2814 D InsignificantCoordinator: onStatePostChange :  0
01-22 19:18:45.143  2814  2814 D QuickPanelLog: NPVC | instantCollapse
01-22 19:18:45.143  2814  2814 D QuickPanelLog:  - com.android.systemui.shade.NotificationPanelViewController.instantCollapse:7
01-22 19:18:45.143  2814  2814 D QuickPanelLog:  - com.android.systemui.shade.ShadeControllerImpl.instantCollapseShade:5
01-22 19:18:45.143  2814  2814 D QuickPanelLog:  - com.android.systemui.statusbar.phone.CentralSurfacesImpl.updateIsKeyguard:429
01-22 19:18:45.143  2814  2814 D QuickPanelLog:  - com.android.systemui.statusbar.phone.CentralSurfacesImpl$9$$ExternalSyntheticLambda0.run:23
01-22 19:18:45.143  2814  2814 D QuickPanelLog:  - com.android.systemui.shade.NotificationShadeWindowControllerImpl.batchApplyWindowLayoutParams:7
01-22 19:18:45.143  2814  2814 D QuickPanelLog:  - com.android.systemui.statusbar.phone.CentralSurfacesImpl$9.onStartedWakingUp:18
01-22 19:18:45.143  2814  2814 D QuickPanelLog:  - com.android.systemui.keyguard.WakefulnessLifecycle$$ExternalSyntheticLambda0.accept:24
01-22 19:18:45.143  2814  2814 D QuickPanelLog:  - com.android.systemui.keyguard.SecLifecycle.dispatch:171
01-22 19:18:45.143  2814  2814 D QuickPanelLog:  - com.android.systemui.keyguard.KeyguardLifecyclesDispatcher$KeyguardLifecycleHandler.handleMessage:271
01-22 19:18:45.143  2814  2814 D QuickPanelLog:  - android.os.Handler.dispatchMessage:110
01-22 19:18:45.143  1559  2568 D CAE     : getFaultDetectionResult(ActivityTrackerRunner.java:154) - true
01-22 19:18:45.143  1559  2568 I CAE     : notifyCmdProcessResultObserver(ContextProvider.java:627) - CheckResult = 0, Cause = Success
01-22 19:18:45.143  2814  2814 D TileChunkLayoutBar: calculateContainerHeight Expanded row: 9 Collapsed row: 2
01-22 19:18:45.144  2814  2814 D NavBarView: disableBack=false (isBackDismissIme=false, handlingGestures=false, disabledFlagBack=false, isBottomGesture=false, isImeRenderingNavButtons=false)
01-22 19:18:45.144  2814  2814 D Navbar.Store: handleEvent(0) OnUpdateSysUiStateFlag(noArguments=true) [Module] SamsungNavigationBarView
01-22 19:18:45.144  2814  2814 D Navbar.Store: --[Band]GESTURE_PACK_UPDATE_SYSTEMUI_STATE_FLAG
01-22 19:18:45.144  2814  2814 D Navbar.Store: --[Band] (afterAction) GESTURE_PACK_UPDATE_SYSTEMUI_STATE_FLAG
01-22 19:18:45.144 15573  7601 I OIC_CAMANAGER: Before calling into application address space for adapterStateChanged
01-22 19:18:45.145  7505  7532 V python  : extracting _python_bundle/site-packages/kivymd/fonts/Roboto-BlackItalic.ttf
01-22 19:18:45.145  3244  5240 I HoneySpace.SystemUiRepository: systemUiFlags: navbar_hidden|keygrd_visible|wakefulness_transition|awake|keygrd_going_away
01-22 19:18:45.145 28652 29633 I bt_shim_scanner: system/main/shim/le_scanning_manager.cc:141 Unregister: in shim layer, scannerId=1
01-22 19:18:45.146 28652 28686 W bluetooth: system/gd/hci/le_scanning_manager.cc:697 unregister_scanner: unregister_scanner
01-22 19:18:45.146  5817  5817 W ContextImpl: Calling a method in the system process without a qualified user: android.app.ContextImpl.startService:2068 android.content.ContextWrapper.startService:872 android.content.ContextWrapper.startService:872 com.sec.android.diagmonagent.sa.receiver.CFLogReceiver.onReceive:56 android.app.ActivityThread.handleReceiver:5663 
01-22 19:18:45.146 28729 28729 I MCFQS   : (BleScanRepository) handleBleScanWorkMessage()-[td:main] try 83ms later
01-22 19:18:45.146  1559  3897 I ActivityManager: Changes in 10124 8 to 8, 128 to 0
01-22 19:18:45.146  2814  2927 D Tile.SoundModeTile: handleSetListening: listening true
01-22 19:18:45.146  1559  3897 I ActivityManager: Changes in 10122 8 to 8, 128 to 0
01-22 19:18:45.146  1559  3897 I ActivityManager: Changes in 5025 8 to 8, 128 to 0
01-22 19:18:45.146  2814  2927 D Tile.WifiTile: handleUpdateState isTransient=false transientEnabling =false cb.isTransient=false state.state = 1 mStateBeforeClick.value =true enabled =false
01-22 19:18:45.146  1248  1248 I SurfaceFlinger: [LayerHierarchy{RequestedLayerState{d37c539 org.tkideneb2.zeiterfassung/org.kivy.android.PythonActivity#497725 parentId=497733} 1 children}] reparent to LayerHierarchy{RequestedLayerState{Surface(name=d37c539 org.tkideneb2.zeiterfassung/org.kivy.android.PythonActivity)/@0xde7689f - animation-leash of starting_reveal#497733 parentId=497722} 1 children}
01-22 19:18:45.146  1248  1248 I SurfaceFlinger: [Surface(name=d37c539 org.tkideneb2.zeiterfassung/org.kivy.android.PythonActivity)/@0xde7689f - animation-leash of starting_reveal#497733] attach to parent LayerHierarchy{RequestedLayerState{ActivityRecord{254619014 u0 org.tkideneb2.zeiterfassung/org.kivy.android.PythonActivity t4624}#497722 parentId=497721} 2 children}
01-22 19:18:45.147  1248  1248 I SurfaceFlinger: [1842dc8 ActivityRecordInputSink org.tkideneb2.zeiterfassung/org.kivy.android.PythonActivity#497734] attach to parent LayerHierarchy{RequestedLayerState{ActivityRecord{254619014 u0 org.tkideneb2.zeiterfassung/org.kivy.android.PythonActivity t4624}#497722 parentId=497721} 3 children}
01-22 19:18:45.147  2814  2927 D SBluetoothTile:  handleUpdateState enabled = true connected = true connecting = false changedState =false bluetoothState = 12 enabledChanging = false state = QSTile$BooleanState[spec=Bluetooth,icon=ResourceIcon[resId=0x7f080f78],nextIcon=null,iconSupplier=null,label=Bluetooth,secondaryLabel=Watch5 Pro von Benedikt,contentDescription=Bluetooth,stateDescription=null,dualLabelContentDescription=Mit Watch5 Pro von Benedikt verbunden,expandedAccessibilityClassName=null,disabledByPolicy=false,dualTarget=true,isTransient=false,handlesSecondaryClick=false,state=2,sideViewCustomDrawable=null,tileClassName=null,value=true,forceExpandIcon=false]
01-22 19:18:45.147  7505  7532 V python  : extracting _python_bundle/site-packages/kivymd/fonts/Roboto-Bold.ttf
01-22 19:18:45.149  1559  1784 I ActivityManager: Changes in 5006 8 to 8, 0 to 128
01-22 19:18:45.149  1248  1248 I LayerHistory: NotificationShade$_2814#497715 voted ExplicitCategory with category: High
01-22 19:18:45.149  1248  1248 I LayerHistory: StatusBar$_2814#110 voted ExplicitCategory with category: High
01-22 19:18:45.149  1248  1248 I LayerHistory: FP Iconview$_30801#497727 Max (can't resolve refresh rate)
01-22 19:18:45.149  1248  1248 I SurfaceFlinger: Power On Imminent - choose 120.00 Hz
01-22 19:18:45.149  1559  1598 I DisplayDeviceRepository: Display device changed render timings: "Integrierter Bildschirm", renderFrameRate=30.0, presentationDeadlineNanos=34333334, appVsyncOffsetNanos=33333334, frameRateOverrides=[{uid=10056 frameRateHz=120.00001}]
01-22 19:18:45.149 10841 21695 I BCMGR[11.2.04.4]: BleScanHelper] directStopLeScan - stopScan
01-22 19:18:45.149 10841 21695 I BCMGR[11.2.04.4]: BleScanHelper] handleStartScan - startScan filter(SCREEN_ON) size=15
01-22 19:18:45.150  2814  2814 D PanelSplitOpenAnimator: onPanelExpansionChanged : 0.0 state : 0
01-22 19:18:45.150  2814  2814 D PanelSplitOpenAnimator: setPosition : 0.0 // true false false 0.0
01-22 19:18:45.150  1559  1599 W PhoneWindowManager: lockNow pending, ignore updating lockscreen timeout
01-22 19:18:45.150  1559  1599 D SurfaceComposerClient: setCornerRadius ## bec5419 Splash Screen org.tkideneb2.zeiterfassung#497728 cornerRadius=0.000000
01-22 19:18:45.150  1559  1599 D SurfaceComposerClient: setCornerRadius ## d37c539 org.tkideneb2.zeiterfassung/org.kivy.android.PythonActivity#497725 cornerRadius=0.000000
01-22 19:18:45.150  1248  1248 I HWComposer: [4633128672291736003] ActiveConfigToHWC, ID : 8
01-22 19:18:45.151  2814  2814 D ImmersiveScrollAnimator: clearAnimators
01-22 19:18:45.151  1559  3495 D ActivityManager: unpendingScheduleServiceRestart: u=10280, drop=false
01-22 19:18:45.151  2814  2814 I NowBarCardViewModel: setVisibility visible = 4 / nowBarRootVisibility = 4
01-22 19:18:45.151  2814  2814 D NotificationPanelView: instantCollapse forced set isSliding is false
01-22 19:18:45.151 15573  7603 I [+0100]oneconnect[1.8.41.23_01][CORE]: OcfConnection@CloudConnectionRestoreReceiver.restoreCloudConnection - needCheckTop=true, needCheckScreenOn=true, reason=702(LCD_ON_NO_SIGN_IN)
01-22 19:18:45.151  1559  5893 I ActivityManager: Changes in 5006 8 to 8, 128 to 0
01-22 19:18:45.151  2814  2814 D UnlockedScreenOffAnimation: onStartedWakingUp: needUpdateSetLockScreenShown=false
01-22 19:18:45.152  2814  2870 D ShellSplitScreen: onStartedWakingUp
01-22 19:18:45.152  2814  2814 D NavBarView: disableBack=false (isBackDismissIme=false, handlingGestures=false, disabledFlagBack=false, isBottomGesture=false, isImeRenderingNavButtons=false)
01-22 19:18:45.152  2814  2814 D Navbar.Store: handleEvent(0) OnUpdateSysUiStateFlag(noArguments=true) [Module] SamsungNavigationBarView
01-22 19:18:45.152  2814  2814 D Navbar.Store: --[Band]GESTURE_PACK_UPDATE_SYSTEMUI_STATE_FLAG
01-22 19:18:45.152  2814  2814 D Navbar.Store: --[Band] (afterAction) GESTURE_PACK_UPDATE_SYSTEMUI_STATE_FLAG
01-22 19:18:45.152  1204  1382 I display : Current VRR MODE is 1
01-22 19:18:45.152  2814  2814 D PluginAODManager: onStartedWakingUp
01-22 19:18:45.152  1204  1382 I display : setActiveConfigWithConstraints:: HFR match - config: 8, base: 8, try: 0
01-22 19:18:45.152  2814  2814 D PluginAODManager: onStartedWakingUp why=17
01-22 19:18:45.152  2814  2814 D PluginAODManager: clearNotiMapIfNeeded() clear
01-22 19:18:45.152  1204  1382 I display : setActiveConfigWithConstraints::update 1440x3120@120hs
01-22 19:18:45.152  2814  2814 I NowBarItemManager: onNowBarItemUpdated updated updatedNowBarItem = , AI_BRIEF_KEY, AI_BRIEF | 7 oldNowBarItem = , AI_BRIEF_KEY, AI_BRIEF | 7
01-22 19:18:45.152  2814  2814 I NowBarItemManager: notifyForceUpdate
01-22 19:18:45.152  2814  2814 I NowBarCardViewModel: updateView skipped NowbarCardView invisible
01-22 19:18:45.152  2814  2814 D DozeService: onDreamingStopped: 
01-22 19:18:45.152  3244  3325 I HoneySpace.TaskbarEventTracker: invokeEvent() called with: event = SystemUiStateChanged(stateFlags=2952790082)
01-22 19:18:45.153  2814  2927 D Tile.SoundModeTile: handleUpdateState: profile 0, muteAllSound false
01-22 19:18:45.153  1559  5960 D PowerManagerService: [api] acquire WakeLock DRAW_WAKE_LOCK                    'Doze' (uid=10056 pid=2814 displayId=0 lock=a876277)
01-22 19:18:45.153  2814  2814 I DozeMachine: transition: old=DOZE_AOD req=FINISH new=FINISH
01-22 19:18:45.153  2814  2814 D DozeServiceHost: stopDozing
01-22 19:18:45.153  2814  2814 D DozeServiceHost: updateDozing dozing = false / dozingRequested = false / state = SHADE mode = 1
01-22 19:18:45.153  2814  2814 D PluginAODManager: enableTouch : true FaceWidgetContainerWrapper = com.android.systemui.facewidget.plugin.FaceWidgetContainerWrapper@df77992
01-22 19:18:45.153  1559  3526 D FreecessController: UFZ : com.google.android.youtube(10280) [6422] reason: has Focus
01-22 19:18:45.153  2814  2814 D PluginAODManager: updateRefreshRate: release token in Screen ON
01-22 19:18:45.153  2814  2814 I PluginAODManager: updateRefreshRate: acquire=false called=com.android.systemui.doze.DozeScreenState.transitionTo:111 com.android.systemui.doze.DozeMachine.transitionTo:612 
01-22 19:18:45.153  2814  2814 D ScrimController: setAodFrontScrimAlpha: alpha=0.0 skip setAodFrontScrimAlpha
01-22 19:18:45.153  1559  3526 W LocationManagerService: onFreezeStateChanged, uid[10280]=false
01-22 19:18:45.153  2814  2814 D DozeService: stopAlwaysOnDisplay: mAODPlugin=com.samsung.android.app.aodservice.plugin.PluginAODImpl@68269b1
01-22 19:18:45.153  2814  2814 D PluginAODManager: removeUpdateMonitor mWakefulness=1
01-22 19:18:45.153  1559  3526 I PowerManagerService: [PWL] SetWakeLockEnableDisable uid = 10280 , disable= false
01-22 19:18:45.153  1559  3526 I PowerManagerService: [PWL] can not change uid =  10280
01-22 19:18:45.153  2814  2814 D PluginAODManager: removeNotiCollectionListener: 
01-22 19:18:45.153  2814  2814 I PluginAODImpl: onDreamingStopped()
01-22 19:18:45.153  2814  2814 I AlwaysOnDisplayEx: !@AlwaysOnDisplayEx: onDestroy hashCode=38002180
01-22 19:18:45.153  2814  2814 I AODUiTimer: removeAODTimeTickTimerListener
01-22 19:18:45.153  2814  2814 W AODAlarmTimer_AOD_CHARGING_INFO_TICK: stop : not yet started 
01-22 19:18:45.153  2814  2814 I AODStateMachine: request : (CHARGING) --> (IDLE) : canTransition (true)
01-22 19:18:45.154  2814  2814 I AODCommonUtils: isSupportLiveClockImageProcessing liveClockVersion = -1
01-22 19:18:45.154  2814  2814 I AODCommonUtils: isSupportLiveClockImagePrecessing : live clock NOT work - old device
01-22 19:18:45.154  2814  2814 I AODCommonUtils: isSupportLiveClock: false
01-22 19:18:45.154  2814  2814 I AlwaysOnDisplayEx: clearLiveClock do not support liveclock
01-22 19:18:45.154  2814  2814 I DozeMachine: transition: old=FINISH req=DOZE new=FINISH
01-22 19:18:45.154  2814  2814 I MODManager: clearMODIfNeeded: finish MOD
01-22 19:18:45.154  1559  3797 D LiftUpHandler:   mReceiver.onReceive : ACTION_SCREEN_ON
01-22 19:18:45.154  2814  2814 I AOD_CONFIG@AODConfigurationController: [transitionTo] CHARGING >> IDLE
01-22 19:18:45.154  2814  2814 E AOD_CONFIG@AODConfigurationController: Skipping unregisterMonitor MONITOR_SEMCONTEXT - no registered monitor
01-22 19:18:45.154  2814  2814 E AOD_CONFIG@AODConfigurationController: Skipping unregisterMonitor MONITOR_BROADCAST_PSM - no registered monitor
01-22 19:18:45.154  2814  2814 E AOD_CONFIG@AODConfigurationController: Skipping unregisterMonitor MONITOR_BROADCAST_WALLPAPER - no registered monitor
01-22 19:18:45.154  2814  2814 E AOD_CONFIG@AODConfigurationController: Skipping unregisterMonitor MONITOR_FOLD_STATE - no registered monitor
01-22 19:18:45.154  2814  2814 E AOD_CONFIG@AODConfigurationController: Skipping unregisterMonitor MONITOR_BROADCAST_ROAMING - no registered monitor
01-22 19:18:45.154  2814  2814 E AOD_CONFIG@AODConfigurationController: Skipping unregisterMonitor MONITOR_WEATHER_INFO_ENABLED - no registered monitor
01-22 19:18:45.154  2814  2814 E AOD_CONFIG@AODConfigurationController: Skipping unregisterMonitor MONITOR_BROADCAST_OMC - no registered monitor
01-22 19:18:45.154  2814  2814 I AODUiController: removeBottomUI: 
01-22 19:18:45.154  2814  2814 W AODAlarmTimer_AOD_CHARGING_INFO_TICK: stop : not yet started 
01-22 19:18:45.154  2814  2814 I AODBatteryManager: updateBatteryData: ACTION_BATTERY_CHANGED: true, isSleepModeChanged:false ,isRemainingTimeChanged: false, isUSBRestriction: false
01-22 19:18:45.154  2814  2814 I AODBatteryManager: saveBatteryData : AOD BatteryData [mBatteryLevel=98, mBatteryStatus=CHARGING, mBatteryPlugType=USB, mBatteryPlugged=true, mRemainingChargeTime=160000, mBatteryChargingType=2, mBatteryChargerType=FAST, mBatteryOnline=NOT_DEFINED, mBatterySwellingMode=NONE, mBatteryProtectMode=false, mBatteryProtectModeType=3, mSleepChargingEvent=null, mSleepChargingEventFinishTime=null, mBatteryHealth=2, mIsDirectPowerMode=false, mIsUsbRestriction=false]
01-22 19:18:45.154  2814  2814 I ChargingInfoManager: updateChargingInfo: newState = AOD ChargingInfo [mState=BATTERY_AND_REMAIN_TIME, mIsCharging=true, mIsPlugged=true, mIsFullyCharged=false, mIsBatteryProtectMode=false, mBetteryLevel=98, mBetteryProtectModeType3, mIsSlowChargingfalse], oldState = AOD ChargingInfo [mState=BATTERY_AND_REMAIN_TIME, mIsCharging=true, mIsPlugged=true, mIsFullyCharged=false, mIsBatteryProtectMode=false, mBetteryLevel=98, mBetteryProtectModeType3, mIsSlowChargingfalse]
01-22 19:18:45.154  2814  2814 I CommonUtils: isOnlyEmergencyMode: false/false
01-22 19:18:45.155  1559  3797 D LiftUpHandler: [LTW] Stopped already.
01-22 19:18:45.155  2814  2814 I AODUiController: IDLE break by interactive
01-22 19:18:45.155  2814  2814 I MODManager: unregister
01-22 19:18:45.155  1195  1318 I SensorsHub: LightSeamless_Sensor : event = 14, time = 2541830180432265
01-22 19:18:45.155  1195  1318 I SensorsHub: context 10 0 9 1,1,26,1,0,0,0,0,127,11, 2541830180699394
01-22 19:18:45.155  2814  2814 I AOD_BRIGHTNESS@BrightnessManager: releaseForceState: EDGE LIGHTING
01-22 19:18:45.155  7505  7532 V python  : extracting _python_bundle/site-packages/kivymd/fonts/Roboto-BoldItalic.ttf
01-22 19:18:45.155  1559  2568 D CAE     : doCommendProcess(ContextAwareService.java:396) - complete notify the operation result.
01-22 19:18:45.155  1559  5803 D AODManagerService: unregisterAODDozeCallbackInternal
01-22 19:18:45.155  1559  2568 I CAE     : displayUsedCountForService(ContextAwareService.java:460) - totalCnt = 1, serviceCount = 1, subCollectionCount = 0
01-22 19:18:45.155  1559  2568 D CAE     : showListenerList(ContextAwareService.java:325) - ===== Context Aware Service List =====
01-22 19:18:45.155  2814  2814 I MODManager: unregisterFingerprintListener called
01-22 19:18:45.155  1559  2568 I CAE     : showListenerList(ContextAwareService.java:334) - Listener : com.samsung.android.contextaware.manager.ContextAwareService$Listener@2b7c5b5, Service : SLOCATION_RUNNER(1)
01-22 19:18:45.155  1559  2568 I CAE     : showListenerList(ContextAwareService.java:334) - Listener : com.samsung.android.contextaware.manager.ContextAwareService$Listener@2b7c5b5, Service : CH_LOC_TRIGGER(1)
01-22 19:18:45.155  1559  2568 I CAE     : showListenerList(ContextAwareService.java:334) - Listener : com.samsung.android.contextaware.manager.ContextAwareService$Listener@2b7c5b5, Service : FREE_FALL_DETECTION(1)
01-22 19:18:45.155  1559  2568 I CAE     : showListenerList(ContextAwareService.java:334) - Listener : com.samsung.android.contextaware.manager.ContextAwareService$Listener@2b7c5b5, Service : SENSOR_STATUS_CHECK_RUNNER(1)
01-22 19:18:45.155  1559  2568 I CAE     : showListenerList(ContextAwareService.java:334) - Listener : com.samsung.android.contextaware.manager.ContextAwareService$Listener@2b7c5b5, Service : PEDOMETER_CURRENT_INFO(1)
01-22 19:18:45.155  1559  2568 I CAE     : showListenerList(ContextAwareService.java:334) - Listener : com.samsung.android.contextaware.manager.ContextAwareService$Listener@2b7c5b5, Service : ACTIVITY_TRACKER(1)
01-22 19:18:45.155  2814 28927 I AODPreventBurnInMonitor: stopAlarm = false
01-22 19:18:45.155  1559  2706 D FingerprintService.Ext: unregisterAodController: 2814
01-22 19:18:45.155  2814  2814 E MODManager: hideSubUIChargingInfo skip because mAODChargingInfoSubUiPresenter is null
01-22 19:18:45.156  1559  2562 D CAE     : onGetSensorHubData(SensorHubParserProvider.java:92) - onGetSensorHubData Event [event buffer len :10], AP_WAKEUP
01-22 19:18:45.156  1559  2562 I CAE     : parse(SensorHubParserProvider.java:188) - buffer size = 10
01-22 19:18:45.156  1559  2562 I CAE     : parse(SensorHubParserProvider.java:199) - 1, 1, 26, 1, 0, 0, 0, 0, 127, 11,
01-22 19:18:45.156  2814  2814 E SQLiteLog: (10) POSIX Error : 11 SQLite Error : 3850
01-22 19:18:45.156  2814  2814 E SQLiteLog: (10) LOCK : Getting lock (4) failed due to (11). The current owner is (4557).
01-22 19:18:45.156 28652 29634 I bt_shim_scanner: system/main/shim/le_scanning_manager.cc:135 RegisterScanner: in shim layer, UUID=9332e5cc-db50-42da-90e5-951303433c59
01-22 19:18:45.156  2814 28927 D ScoverManager: unregisterListener
01-22 19:18:45.156 28652 28686 W bluetooth: system/gd/hci/le_scanning_manager.cc:650 register_scanner: register_scanner
01-22 19:18:45.156  2814  2814 I ChargingInfoManager: removeMessages: 
01-22 19:18:45.156  2814  2814 W AODAlarmTimer_HIDE_CHARGING_INFO_TIMER: stop : not yet started 
01-22 19:18:45.156  2814  2814 I AODCommonUtils: setLowFrequencyDrivenMode mode: client=aod scope=normal scalability=0 node=/sys/class/lcd/panel/vrr_lfd
01-22 19:18:45.157  1559  1598 D RefreshRateModeManager: onBrightnessChanged: brt=89, lux=14.0
01-22 19:18:45.157  1559  2562 D CAE     : display(ContextProvider.java:375) - ================= ACTIVITY_TRACKER =================
01-22 19:18:45.157  1559  2562 I CAE     : display(ContextProvider.java:391) - Accuracy=[11], OperationMode=[0], ActivityType=[127], TimeStamp=[1769040000000]
01-22 19:18:45.157  1559  2559 D SemContextService: Service.updateContext() : 25, activity version = 11
01-22 19:18:45.157  1559  2568 I CAE     : showListenerList(ContextAwareService.java:334) - Listener : com.samsung.android.contextaware.manager.ContextAwareService$Listener@2b7c5b5, Service : ACTIVITY_TRACKER_CURRENT_INFO(1)
01-22 19:18:45.157  1559  2568 I CAE     : showListenerList(ContextAwareService.java:334) - Listener : com.samsung.android.contextaware.manager.ContextAwareService$Listener@2b7c5b5, Service : ACTIVITY_TRACKER_INTERRUPT(1)
01-22 19:18:45.157  1559  2568 I CAE     : showListenerList(ContextAwareService.java:334) - Listener : com.samsung.android.contextaware.manager.ContextAwareService$Listener@2b7c5b5, Service : ACTIVITY_TRACKER_BATCH(1)
01-22 19:18:45.157  1559  2568 I CAE     : showListenerList(ContextAwareService.java:334) - Listener : com.samsung.android.contextaware.manager.ContextAwareService$Listener@2b7c5b5, Service : PEDOMETER(1)
01-22 19:18:45.157  1559  2568 W CAE     : registerCallback(ContextAwareService.java:209) - [regi 02] Mutex is unlocked for ACTIVITY_TRACKER
01-22 19:18:45.157  1559  2568 E SemContext.CaeProvider: setAttribute() : attribute is null!
01-22 19:18:45.157  1559  2568 D SemContextService: 	.registerCallback : 10, client= android
01-22 19:18:45.157  1559  2568 D SemContextService: unlock : registerCallback
01-22 19:18:45.157  1559  2568 D SemContextManager:   .registerListener : listener = com.samsung.android.gesture.PocketMotionManager@8a817ce, service=Activity Tracker
01-22 19:18:45.157  1559  2568 E PocketMotionManager: register activity tracker
01-22 19:18:45.157  1559  2568 D SemContextService: lock : requestToUpdate
01-22 19:18:45.157  2814  2814 D SecBrightnessController: updateSlider() - BrightnessDialog resetTimer()
01-22 19:18:45.157  1559  2568 W CAE     : getContextInfo(ContextAwareService.java:419) - [getContext 01] Mutex is locked for ACTIVITY_TRACKER_CURRENT_INFO
01-22 19:18:45.157  1559  2568 W CAE     : getListener(ListenerListManager.java:127) - [getListener1]  com.samsung.android.contextaware.ContextAwareManager$CaListenerDelegate@57a844a
01-22 19:18:45.158  1559  2568 W CAE     : getListener(ListenerListManager.java:128) - [getListener2]  com.samsung.android.contextaware.manager.ContextAwareService$Listener@2b7c5b5
01-22 19:18:45.158  1559  2568 V CAE     : enable(ActivityTrackerCurrentInfoRunner.java:178)
01-22 19:18:45.158  2814  2814 D SecBrightnessController: updateSlider() - BrightnessDialog resetTimer()
01-22 19:18:45.158  1559  1784 I ActivityManager: Changes in 10111 10 to 10, 0 to 128
01-22 19:18:45.158  2814  2814 D SecBrightnessController: updateSlider() - BrightnessDialog resetTimer()
01-22 19:18:45.158  2814  2814 D SecBrightnessController: updateSlider() - BrightnessDialog resetTimer()
01-22 19:18:45.158  2814  2814 D KeyguardViewMediator: onKeyguardExitRemoteAnimationFinished surfBehindRemoteAniRun=true surfBehindRemoteAniReq=false showKeyguard=false
01-22 19:18:45.158  2814  2814 D KeyguardUnlock: notifyFinishedKeyguardExitAnimation
01-22 19:18:45.159 15573  7601 I OCF_CA_MANAGER[0.12.70]: octransport:16
01-22 19:18:45.159  2814  2814 I SecKeyguardClockPositionAlgorithm: prepareClockContainerHeightChanging:
01-22 19:18:45.159  2814  2927 D SRotationLockTile:  mRotationLocked: false handleUpdateState: true orientation = true
01-22 19:18:45.159 15573  7601 I OCF_JNI[0.12.70]: JNI-OCFCLIENTMANAGER::onAdapaterStateChangedCb enter
01-22 19:18:45.159 17353  7448 E LoadedApk: Exception : java.lang.NullPointerException: Attempt to invoke virtual method 'boolean android.os.Looper.isPerfLogEnable()' on a null object reference
01-22 19:18:45.159  2814  2814 D ScrimController: updateScrimColor main=0xff121318 front=0xff000000|1.000000|0 noti=0xff121318|0.000000|8 behind=0xff000000|0.000000|0 vis=2
01-22 19:18:45.159  2814  2814 D KeyguardViewMediator: onKeyguardExitFinished()
01-22 19:18:45.159  2814  2814 D KeyguardViewMediator: notifyDefaultDisplayCallbacks: showing=false userId=0
01-22 19:18:45.160 28652 28920 E ScanManager: [GSIM LOG]: gsimLogHandler, msg: MESSAGE_SCAN_START, appName: com.google.android.gms, scannerId: 6, reportDelayMillis=0
01-22 19:18:45.160 28652 28920 I bt_shim_scanner: system/main/shim/le_scanning_manager.cc:260 ScanFilterEnable: in shim layer
01-22 19:18:45.160  2814  2814 D KeyguardViewMediator: setShowingLocked: notifyDefaultDisplayCallbacks=true showing=false aodShowing=false
01-22 19:18:45.160  2814  2962 D KeyguardViewMediator: updateActivityLockScreenState(false, false, onKeyguardExitFinished: exitKeyguardAndFinishSurfaceBehindRemoteAnimation)
01-22 19:18:45.160  2814  2814 D DismissCallbackRegistry: notifyDismissSucceeded(0)
01-22 19:18:45.160  2814  2814 D KeyguardViewMediator: resetKeyguardDonePendingLocked: 
01-22 19:18:45.160  2814  2814 D KeyguardViewMediator: adjustStatusBarLocked: no need to update flags=0x0 / showHomeOverLock=true
01-22 19:18:45.160 28652 28920 I bt_shim_scanner: system/main/shim/le_scanning_manager.cc:233 ScanFilterAdd: in shim layer
01-22 19:18:45.160  2814  2814 D KeyguardUpdateMonitor: setUnlockingKeyguard( true )
01-22 19:18:45.160  2814  2814 D KeyguardUpdateMonitor: stopListeningForFingerprint()
01-22 19:18:45.160  2814  7610 I AlwaysOnDisplayEx: clearAODTspRect
01-22 19:18:45.160  2814  2814 D KeyguardFingerprint: requestSessionClose() - isFingerprintDetectionRunning : false
01-22 19:18:45.160  1559  2226 V InputMethodManagerService: IME window vis: 0 active: 0 visible: 0 displayId: 0
01-22 19:18:45.160  2814  2962 I KeyguardViewMediator: setLockScreenShown false false
01-22 19:18:45.160  1559  2226 D InputMethodManagerService: isImeSwitcherDisabledPackage : false
01-22 19:18:45.160  1559  5930 I AODManagerService: updateAODTspRectInternal union: key : com.samsung.android.app.aodservice rect : Rect(0, 0 - 0, 0)
01-22 19:18:45.160  1559  5930 D SemInputDeviceManager: setProperty: (100) CMD,AOD_RECT,0,0,0,0
01-22 19:18:45.161 28652 28920 I bt_shim_scanner: system/main/shim/le_scanning_manager.cc:197 ScanFilterParamSetup: in shim layer, clientIf=6
01-22 19:18:45.161  1559  5930 I SemInputCommandService: setPropertyAllTouch: AOD_RECT,0,0,0,0 retDefault=1 retExtra=-2
01-22 19:18:45.161  2814  2814 D KeyguardFixedRotation: cancel
01-22 19:18:45.161  2814  2814 D KeyguardViewMediator: onKeyguardExitRemoteAnimationFinished#hideKeyguardViewAfterRemoteAnimation
01-22 19:18:45.161  2814  2814 D KeyguardVisible: start needsExpand=false
01-22 19:18:45.161  1559  1598 V UsbDeviceManager: onKeyguardStateChanged: isShowing:false secure:true user:0
01-22 19:18:45.161  1559  5893 I ActivityManager: Changes in 10332 8 to 8, 128 to 0
01-22 19:18:45.162  1559  1595 D UsbDeviceManager: handleMessage -> MSG_UPDATE_SCREEN_LOCK: mScreenLocked=false
01-22 19:18:45.162  2814  2814 I FaceWidgetWindowManager: onKeyguardVisibilityChanged() showing = false
01-22 19:18:45.162  2814  2814 I FaceWidgetWindowManager: removeAllViews
01-22 19:18:45.162  2814  2814 D FaceWidgetDashBoard: close() - 1(returned) : showing is false
01-22 19:18:45.162  2814  2814 D FaceWidgetDashBoard: reset child count 0
01-22 19:18:45.162  2814  2814 D FaceWidgetViewModel: updateInfoParameters(visibility) isAODState = false, clockSidePadding = (0, 0), musicSidePadding = (40, 40)
01-22 19:18:45.162  2814  2814 D FaceWidgetViewModel:  updateAdditionalInfoVisibility isKeyguardVisible false mIsDozing false
01-22 19:18:45.162  2814  2814 D FaceWidgetViewModel: shouldContainerVisible() reason = (visibility) false - keyguard is not visible (false, false)
01-22 19:18:45.162  2814  2814 D FaceWidgetMusicPageShownManager: mCurrentMediaData is NULL
01-22 19:18:45.162  2814  2814 D FaceWidgetMusicPageShownManager: updateMusicPageShownState() show = false, reattach = false, reason = keyguard visibility
01-22 19:18:45.162  2814  2814 D FaceWidgetMusicPageShownManager: skip to show media panel
01-22 19:18:45.162  2814  2814 D FaceWidgetPagesController: refreshViews() pending reason = REFRESH_CLOCK_RECT
01-22 19:18:45.162  2814  2814 D FaceWidgetPagesController: onKeyguardVisibilityChanged() showing = false
01-22 19:18:45.162  2814  2814 D FaceWidgetPagesController: refreshViews() reason = VISIBILITY_CHANGED, force = true
01-22 19:18:45.162  1559  2238 D StorageManagerService: handleMessage -> H_SECURE_KEYGUARD_STATE_CHANGED isShowing=false
01-22 19:18:45.162 28652 28920 I bt_shim_scanner: system/main/shim/le_scanning_manager.cc:233 ScanFilterAdd: in shim layer
01-22 19:18:45.162  2814  2814 D FaceWidgetClockPage: updateClockSuspendState() reason = visibility, suspend=true, pause=true, kv=false, wa=true, di=true, wu=true, aodDash=false
01-22 19:18:45.162  2814  2814 I DigitalVerticalClockView_LOCK_SCREEN_1@974: suspend : mSuspend = true, enable = true
01-22 19:18:45.162  2814  2814 D FaceWidgetMusicViewModel: updateMusicPageColorForVisibility
01-22 19:18:45.162  2814  2814 D FaceWidgetMusicViewModel: updateMusicPageColorForVisibility, useLightModeColor = false
01-22 19:18:45.162  2814  2814 D FaceWidgetMusicViewModel: updateMusicPageColorForVisibility
01-22 19:18:45.162  2814  2814 D FaceWidgetMusicViewModel: updateMusicPageColorForVisibility, useLightModeColor = false
01-22 19:18:45.162  2814  2814 I NowBarCardViewModel: onKeyguardVisibilityChanged false
01-22 19:18:45.162  2814  2814 I NowBarCardViewModel: onKeyguardVisibilityChanged false -> barState 0 isDozing false
01-22 19:18:45.162  2814  2814 I NowBarCardViewModel: setVisibility visible = 8 / nowBarRootVisibility = 8
01-22 19:18:45.162  2814  2814 I NowBarCardViewModel: closeExtendNowBarCard
01-22 19:18:45.163  2814  2814 I NowBarCardViewModel: setNowBarState nowBarViewState = COLLAPSED aod.o5.s:71 aod.Sw0.B:16 com.samsung.android.app.facewidget.presentation.NowBarCardViewModel.o:29 com.samsung.android.app.facewidget.presentation.NowBarCardViewModel.h:10 com.samsung.android.app.facewidget.presentation.NowBarCardViewModel.i:53 com.samsung.android.app.facewidget.presentation.NowBarCardViewModel$keyguardUpdateMonitorCallback$1.onKeyguardVisibilityChanged:174 com.android.systemui.facewidget.plugin.FaceWidgetKeyguardUpdateMonitorWrapper$FaceWidgetKeyguardUpdateMonitorCallbackWrapper.onKeyguardVisibilityChanged:3 com.android.keyguard.KeyguardSecUpdateMonitorImpl$$ExternalSyntheticLambda24.accept:36 com.android.keyguard.KeyguardSecUpdateMonitorImpl.dispatchCallback:12 com.android.keyguard.KeyguardSecUpdateMonitorImpl.setKeyguardShowing:75 com.android.systemui.statusbar.policy.KeyguardStateControllerImpl.notifyKeyguardState:16 com.android.systemui.statusbar.phone.StatusBarKeyguardViewManager.hide:24 com.android.systemui.statusbar.phone.SecStatusBarKeyguardViewManager.hide:43 com.android.systemui.keyguard.KeyguardUnlockAnimationController.hideKeyguardViewAfterRemoteAnimation:15 com.android.systemui.keyguard.KeyguardViewMediator$$ExternalSyntheticLambda1.run:206 com.android.systemui.DejankUtils.postAfterTraversal:5 com.android.systemui.keyguard.KeyguardViewMediator.postAfterTraversal:1 com.android.systemui.keyguard.KeyguardViewMediator.exitKeyguardAndFinishSurfaceBehindRemoteAnimation:93 com.android.systemui.keyguard.KeyguardSecLegacyUnlockAnimationControllerImpl$playUnlockAnimation$4.run:11 android.os.Handler.handleCallback:995 
01-22 19:18:45.163  1559  1559 D UsbHostRestrictor: handleMessage -> MSG_ENTER_RELEASE
01-22 19:18:45.163  1559  2568 V CAE     : clear(ActivityTrackerCurrentInfoRunner.java:202)
01-22 19:18:45.163  1559  1559 D UsbHostRestrictor: enterRelease: Screen Lock Off
01-22 19:18:45.163  1559  1559 D UsbHostRestrictor: Write ScrLck Block FILE
01-22 19:18:45.163  1559  2564 D SensorService: setSContextDataLocked ints length 2 , byte length 4
01-22 19:18:45.163  1559  2564 D SensorService: setSContextDataLocked 11ab8
01-22 19:18:45.163  1559  1559 D UsbHostRestrictor: stopLockTimer--
01-22 19:18:45.163  1559  2656 D BackgroundInstallControlService: Package event received: 0
01-22 19:18:45.164  1195  1195 I SensorsHub: SContextSensor::injecet_sensor_data
01-22 19:18:45.164  1195  1195 D SensorsHub: b8 1a 01 00  
01-22 19:18:45.164  1195  1195 D SensorsHub: inject_scontext_data: New ssp_data_injection_fd(43)
01-22 19:18:45.164  2814  2814 I AODBatteryManager: updateBatteryData: ACTION_BATTERY_CHANGED: true, isSleepModeChanged:false ,isRemainingTimeChanged: false, isUSBRestriction: false
01-22 19:18:45.164  2814  2814 I AODBatteryManager: saveBatteryData : AOD BatteryData [mBatteryLevel=98, mBatteryStatus=CHARGING, mBatteryPlugType=USB, mBatteryPlugged=true, mRemainingChargeTime=160000, mBatteryChargingType=2, mBatteryChargerType=FAST, mBatteryOnline=NOT_DEFINED, mBatterySwellingMode=NONE, mBatteryProtectMode=false, mBatteryProtectModeType=3, mSleepChargingEvent=null, mSleepChargingEventFinishTime=null, mBatteryHealth=2, mIsDirectPowerMode=false, mIsUsbRestriction=false]
01-22 19:18:45.164  2814  2814 I ChargingInfoManager: updateChargingInfo: newState = AOD ChargingInfo [mState=BATTERY_AND_REMAIN_TIME, mIsCharging=true, mIsPlugged=true, mIsFullyCharged=false, mIsBatteryProtectMode=false, mBetteryLevel=98, mBetteryProtectModeType3, mIsSlowChargingfalse], oldState = AOD ChargingInfo [mState=BATTERY_AND_REMAIN_TIME, mIsCharging=true, mIsPlugged=true, mIsFullyCharged=false, mIsBatteryProtectMode=false, mBetteryLevel=98, mBetteryProtectModeType3, mIsSlowChargingfalse]
01-22 19:18:45.164  2814  2814 I NowBarItemManager: getVisibleList isScreenTurnedOn = true / aodShowState false shouldControlScreenOff false visibleList size = 1
01-22 19:18:45.164  2814  2814 I NowBarItemManager: visibleList idx=0, , AI_BRIEF_KEY, AI_BRIEF | 7
01-22 19:18:45.164  2814  2814 I NowBarCardStackView: isExpandedCardState false -> false
01-22 19:18:45.164  2814  2814 I NowBarCardViewModel: hideMediaOutputView: MediaOutput already hide
01-22 19:18:45.164  2814  2814 E NowBarCardViewModel: updateExpandedClickPanelVisibility screen on = true expanded false isTopCardSettingViewOpened = false
01-22 19:18:45.164  2814  2814 D NotificationPanelView: setNowBarExpandMode() enabled = false, duration = 300, listener = null, mKeyguardSecBottomArea = com.android.systemui.statusbar.phone.KeyguardSecBottomAreaView{fcd00d7 G.E...... ......ID 0,0-1440,3120 #7f0a05fd app:id/keyguard_bottom_shortcut_area}
01-22 19:18:45.164  2814  2814 D KeyguardSecAffordanceView: setNowBarExpandMode interactive: false, mIsNowBarVisible: false, LeftShortcut
01-22 19:18:45.164  1559  1784 D ActivityManager: sync unfroze 21232 com.samsung.android.fmm for 3
01-22 19:18:45.164  2814  2814 D KeyguardSecAffordanceView: setNowBarExpandMode interactive: false, mIsNowBarVisible: false, RightShortcut
01-22 19:18:45.164  1195  1195 D SensorsHub: SContext Data Injection return 64
01-22 19:18:45.164  2814  2814 D KeyguardSecIndicationPolicy:  remove Item pos = DEFAULT, type =     LEGACY_TRANSIENT
01-22 19:18:45.164  2814  2814 D KeyguardSecIndicationController: addTrustAgentHelp false
01-22 19:18:45.164  2814  2814 D KeyguardSecIndicationPolicy:  remove Item pos = DEFAULT, type =     TRUST_AGENT_HELP
01-22 19:18:45.164  2814  2814 D KeyguardSecIndicationController: addUsbRestriction false/isSecure=true
01-22 19:18:45.164  2814  2814 D KeyguardSecIndicationPolicy:  remove Item pos = DEFAULT, type =      USB_RESTRICTION
01-22 19:18:45.165  2814  2814 D KeyguardSecIndicationController: addBatteryAndOwnerInfoIndication() battery status = BatteryStatus{status=2,level=98,plugged=2,chargingStatus=0,maxChargingWattage=-1,remaining=160000ultraFastCharger=1}
01-22 19:18:45.165  2814  2814 D KeyguardSecIndicationController: addIndicationTimeout() returned - unlocking
01-22 19:18:45.165  2814  2814 D KeyguardSecIndicationController: addIndication() returned - unlocking
01-22 19:18:45.165  2814  2814 D SecPanelTouchBlockHelper: isBlockedByKeyguardAnimating
01-22 19:18:45.165  2814  2814 D SecPanelTouchBlockHelper: isShadePanelDisabled
01-22 19:18:45.165  2814  2814 D SecQuickSettingsAffordanceInteractor: isEnabled: commandQueue?.panelsEnabled() is false
01-22 19:18:45.165  2814  2814 I NowBarCardViewModel: updateView skipped NowbarCardView invisible
01-22 19:18:45.165  1559  2568 D CAE     : getFaultDetectionResult(ActivityTrackerCurrentInfoRunner.java:214) - true
01-22 19:18:45.165  1559  2568 I CAE     : notifyCmdProcessResultObserver(ContextProvider.java:627) - CheckResult = 0, Cause = Success
01-22 19:18:45.165  1559  6879 I Telecom : SamsungTelecomServiceImpl : isInCall - callingPackage : com.android.systemui / callingUser : UserHandle{0} / hasCrossUserAccess : true
01-22 19:18:45.165  1559  2568 W CAE     : getContextInfo(ContextAwareService.java:446) - [getContext 02] Mutex is unlocked for ACTIVITY_TRACKER_CURRENT_INFO
01-22 19:18:45.165  1559  2568 D SemContextService:     .requestToUpdate() : service = Activity Tracker
01-22 19:18:45.165  1559  2568 D SemContextService: unlock : requestToUpdate
01-22 19:18:45.165  2814  2814 D KeyguardUpdateMonitor: setUnlockingKeyguard( false )
01-22 19:18:45.165 21232 21232 I D_FME:[OfflineFindingEventReceiver]: Receive : android.intent.action.SCREEN_ON
01-22 19:18:45.165  1559  2568 D SemContextManager:   .requestToUpdate : listener = com.samsung.android.gesture.PocketMotionManager@8a817ce, service=Activity Tracker
01-22 19:18:45.165  2814  2814 D KeyguardFingerprint: shouldListenForFingerprint ( isFingerprintEnabled = false , mKeyguardIsVisible = false , mDeviceInteractive = true , mPrimaryBouncerIsOrWillBeShowing = false , mPrimaryBouncerFullyShown = false , mGoingToSleep = false , mSwitchingUser = false , mIsDreamingForBiometrics = false , mKeyguardUnlocking = false , mKeyguardGoingAway = true , mKeyguardShowing = false , mKeyguardOccluded = false , mSystemReady = true , mHasFocus = true
01-22 19:18:45.165  2814  2814 D KeyguardFingerprint: updateFingerprintListeningState#mFingerprintRunningState=0 shouldListenForFingerprint=false isUdfpsEnrolled=false bioType : 1
01-22 19:18:45.165  1559  2568 E PocketMotionManager: request activity tracker
01-22 19:18:45.165 19136 19136 I Rubin   : [2] com.samsung.android.rubin.inferenceengine.contextanalytics.engine.loggers.x.onReceive(Unknown Source) : Action=android.intent.action.SCREEN_ON
01-22 19:18:45.165  1559  2568 D PocketProximityManager: setStateOut()
01-22 19:18:45.165  3244  5240 I HoneySpace.RecentTasks: onRecentTasksChanged
01-22 19:18:45.165  1559  2568 D PocketModeEvent: register prox type : 3
01-22 19:18:45.166  2814  2814 D Bubbles : onKeyguardShowingChanged: isUnlockedShade=true
01-22 19:18:45.166  2814  2814 D CollapsedStatusBarFragmentExt: onKeyguardShowingChanged()    shouldHideIconsForNextAppWindow:false, lastFullscreen(pkg:, flag:false),    keyguard(fa:false, ga:true, oc:false, show:false)
01-22 19:18:45.166  2814  2814 I {ChipAnimationController}: animateChipHide() view:ongoing_call_chip state:8 animate:true visibility:8
01-22 19:18:45.166  2814  2814 D {ChipAnimationController}: cancelAnimation() v:ongoing_call_chip
01-22 19:18:45.166  2814  2814 D {ChipAnimationController}: hideView() id:ongoing_call_chip state:8
01-22 19:18:45.166  2814  2814 I {ChipAnimationController}: animateChipHide() view:ongoing_activity_capsule state:8 animate:true visibility:8
01-22 19:18:45.166  2814  2814 D {ChipAnimationController}: cancelAnimation() v:ongoing_activity_capsule
01-22 19:18:45.166  1195  1195 I SensorsHub: queueBatch: handle=34 period=200000000 timeout=0
01-22 19:18:45.166  2814  2814 D {ChipAnimationController}: hideView() id:ongoing_activity_capsule state:8
01-22 19:18:45.166  2814  2814 D CollapsedStatusBarFragmentExt: prv:StatusBarVisibilityModel(showClock=false, showNotificationIcons=false, showOngoingCallChip=false, showPrimaryOngoingActivityChip=false, showSecondaryOngoingActivityChip=false, showSystemInfo=false)
01-22 19:18:45.166  2814  2814 D CollapsedStatusBarFragmentExt: new:StatusBarVisibilityModel(showClock=true, showNotificationIcons=true, showOngoingCallChip=false, showPrimaryOngoingActivityChip=false, showSecondaryOngoingActivityChip=false, showSystemInfo=true)
01-22 19:18:45.166  2814  2814 D CollapsedStatusBarFragmentExt: com.android.systemui.statusbar.phone.fragment.CollapsedStatusBarFragment.disable:71 com.android.systemui.statusbar.CommandQueue$H.handleMessage:2997 com.android.systemui.statusbar.CommandQueue.disable:12 com.android.systemui.statusbar.CommandQueue.recomputeDisableFlags:77 com.android.systemui.shade.NotificationPanelViewController.updateExpandedHeight:194 com.android.systemui.shade.NotificationPanelViewController$$ExternalSyntheticLambda48.run:536 
01-22 19:18:45.166  2814  2814 D SecLockIconViewController: updateVisibility
01-22 19:18:45.166 21232 21267 I D_FME:[OfflineFindingService]: handle Command : android.intent.action.SCREEN_ON
01-22 19:18:45.166  7505  7532 V python  : extracting _python_bundle/site-packages/kivymd/fonts/Roboto-Italic.ttf
01-22 19:18:45.167  2814 29144 I engmode_java_manager: getStatus() is called.
01-22 19:18:45.167  2814 29144 I engmode_java_manager: com.android.systemui(10056, 0) call em(64)
01-22 19:18:45.167  2814 29144 I engmode_jni: EM version = 30.2.06
01-22 19:18:45.167  2814  2814 D Navbar.Store: handleEvent(0) OnKeyguardStateChanged(isShowing=false) [Module] NavigationBar
01-22 19:18:45.167  2814  2814 D Navbar.Store: --[Band]SETUPWIZARD_PACK_SET_NAVBAR_STYLE
01-22 19:18:45.167  2814  2814 D Navbar.Store: --[Band] (afterAction) SETUPWIZARD_PACK_SET_NAVBAR_STYLE
01-22 19:18:45.167  2814  2814 D Navbar.Store: ----apply(0) NavBarStoreAction$UpdateNavBarNormalStyle
01-22 19:18:45.167  2814  2814 D NavBarStateManager: NavBarStates(0) canShowKeyboardButtonForRotation(0): true
01-22 19:18:45.167  6422  6422 I VRI[Shell$HomeActivity]@f7863a5: onDisplayChanged oldDisplayState=4 newDisplayState=2
01-22 19:18:45.168 28652 28920 I bt_shim_scanner: system/main/shim/le_scanning_manager.cc:197 ScanFilterParamSetup: in shim layer, clientIf=6
01-22 19:18:45.168  2814  2814 D NavBarStateManager: NavBarStates(0) canShowKeyboardButtonForRotation(0): true
01-22 19:18:45.169  6422  6422 I VRI[Shell$HomeActivity]@f7863a5: onDisplayChanged oldDisplayState=2 newDisplayState=2
01-22 19:18:45.169  6422  6422 I VRI[Shell$HomeActivity]@f7863a5: onDisplayChanged oldDisplayState=2 newDisplayState=2
01-22 19:18:45.169  2814  2814 D NavBarStateManager: NavBarStates(0) canShowKeyboardButtonForRotation(1): true
01-22 19:18:45.164  5859  5859 I SemDvfsHyPerManager: acquire hyper - TATouchBoost/5859@29, type = -999
01-22 19:18:45.170  3110  3110 D NfcService: handleMessage: MSG_APPLY_SCREEN_STATEON_UNLOCKED
01-22 19:18:45.170  3110  3110 D [NFC_SE]SamsungExtension: onLogEventNotified() item:[mCommandApdus: [mResponseApdus: , mCallingApi= 0, mAction= 518, mCallingPId = 0, mRfFieldOnTime= null
01-22 19:18:45.170  3110  3110 D [NFC_SE]NfcOemLogHelper: reportLogEvent = [mCommandApdus: [mResponseApdus: , mCallingApi= 0, mAction= 518, mCallingPId = 0, mRfFieldOnTime= null
01-22 19:18:45.170  3110  3110 D [NFC_SE]NfcOemLogHelper: try to send FLD_ERROR
01-22 19:18:45.170  3110  3110 D [NFC_SE]NfcOemLogHelper: RF Field is disabled
01-22 19:18:45.170  1205  1256 I HYPER-HAL: [RequestManager.cpp]acquire(): Acquired ID : 17337245  [5859 / 29]    HINT :      list : [TABoost / 1] [TIMEOUT / 1500] 
01-22 19:18:45.170  2814  2814 D NavBarStateManager: NavBarStates(0) canShowKeyboardButtonForRotation(2): true
01-22 19:18:45.170  3110  3110 D NfcService: applyRouting: skip because nfc is not enabled
01-22 19:18:45.170  3110  3110 D libnfc_nci: nfcManager_doSetScreenState: state = 8 prevScreenState= 4, discovry_param = 1
01-22 19:18:45.170  3110  3110 D libnfc_nci: nfcManager_doSetScreenOrPowerState: enter; screen state=0x3
01-22 19:18:45.170  3110  3110 D libnfc_nci: nfcManager_doSetScreenOrPowerState: NFC stack is closed. skip sending screen state
01-22 19:18:45.171  1559  2706 I ActivityManager: Changes in 10111 10 to 10, 128 to 0
01-22 19:18:45.171  6422  6422 I VRI[Shell$HomeActivity]@f7863a5: onDisplayChanged oldDisplayState=2 newDisplayState=2
01-22 19:18:45.171  6422  6422 I VRI[Shell$HomeActivity]@f7863a5: onDisplayChanged oldDisplayState=2 newDisplayState=2
01-22 19:18:45.171  2814  2927 D DeviceState: isESIM() :0 : false
01-22 19:18:45.171  2814  2927 D NetworkController.MobileSignalController(3): isPowerOffServiceState,mCurrentState.getVoiceServiceState() = 0,mCurrentState.airplaneMode = false,mCurrentState.canCellularVoiceService() = true,mCurrentState.getMobileDataRegState() = true
01-22 19:18:45.171  2814  2927 D Tile.AirplaneModeTile:  handleUpdateState mIsWiFiOnlyDevice false isNoSimState false isPowerOffServiceState false mSetting.getValue() 0 isSatelliteModeOn false isChinaDevice false
01-22 19:18:45.171  2814  2927 D Tile.AirplaneModeTile:  handleUpdateState:  value = false, state = 1
01-22 19:18:45.171  2814  2814 D NavBarStateManager: NavBarStates(0) canShowKeyboardButtonForRotation(3): true
01-22 19:18:45.172  1195  1195 I SensorsHub: queueActivate: handle 34 enable 1
01-22 19:18:45.172  1195  1195 I SensorsHub: type : 34, enable : 1
01-22 19:18:45.172 28652 28661 E BluetoothUtils: Need ACCESS_FINE_LOCATION permission for AttributionSource { uid = 1002, packageName = com.android.bluetooth, attributionTag = null, token = android.os.Binder@82cd30e, deviceId = 0, next = AttributionSource { uid = 5006, packageName = com.samsung.android.beaconmanager, attributionTag = null, token = android.os.BinderProxy@6bfd12e, deviceId = 0, next = null } }
01-22 19:18:45.172  2814  2814 D NavBarView: disableBack=false (isBackDismissIme=false, handlingGestures=false, disabledFlagBack=false, isBottomGesture=false, isImeRenderingNavButtons=false)
01-22 19:18:45.172  2814  2814 D Navbar.Store: ----handleEvent(0) OnUpdateSysUiStateFlag(noArguments=true) [Module] SamsungNavigationBarView
01-22 19:18:45.172  2814  2814 D Navbar.Store: ------[Band]GESTURE_PACK_UPDATE_SYSTEMUI_STATE_FLAG
01-22 19:18:45.172  2814  2814 D Navbar.Store: ------[Band] (afterAction) GESTURE_PACK_UPDATE_SYSTEMUI_STATE_FLAG
01-22 19:18:45.173  2814  2814 D KeyguardUnlockInfo: executeAfterKeyguardGoneAction dismissAction=0, goneRunnable=0
01-22 19:18:45.173  2814  2814 D KeyguardVisible: onKeyguardFadingAwayChanged true
01-22 19:18:45.173  2814  2814 D CentralSurfaces: !shouldBeKeyguard mStatusBarStateController.isKeyguardRequested() false keyguardForDozing false wakeAndUnlocking true isWakingAndOccluded false
01-22 19:18:45.173  2814  2814 D CentralSurfaces: hideKeyguardImpl false
01-22 19:18:45.173  1559  2568 D SensorManager: registerListener :: 34, STK33F11 Light CCT, 200000, 0, com.samsung.android.gesture.PocketModeEvent$2@b7bc5fc
01-22 19:18:45.174  1559  2568 D PocketModeEvent: register light sensor
01-22 19:18:45.174  6422  6422 I VRI[Shell$HomeActivity]@f7863a5: onDisplayChanged oldDisplayState=2 newDisplayState=2
01-22 19:18:45.174  1559  2568 E PocketModeEvent: MSG_TYPE_START_SENSING
01-22 19:18:45.174  6422  6422 I VRI[Shell$HomeActivity]@f7863a5: onDisplayChanged oldDisplayState=2 newDisplayState=2
01-22 19:18:45.174  2814  2814 D PanelSplitOpenAnimator: onPanelExpansionChanged : 0.0 state : 0
01-22 19:18:45.174  2814  2814 D PanelSplitOpenAnimator: setPosition : 0.0 // true false false 0.0
01-22 19:18:45.174  6422  6422 I VRI[Shell$HomeActivity]@f7863a5: onDisplayChanged oldDisplayState=2 newDisplayState=2
01-22 19:18:45.175  2814  2814 D ImmersiveScrollAnimator: clearAnimators
01-22 19:18:45.175  2814  2814 I NowBarCardViewModel: setVisibility visible = 4 / nowBarRootVisibility = 4
01-22 19:18:45.175  2814  2814 D NotificationPanelView: instantCollapse forced set isSliding is false
01-22 19:18:45.175  2814  2814 D SecStatusBarKeyguardViewManager: onKeyguardFadedAway
01-22 19:18:45.175  2814  2814 D KeyguardVisible: onKeyguardGoingAwayChanged false
01-22 19:18:45.175  2814  2814 E CentralSurfaces: Keyguard is done going away, but someone left the light reveal scrim at reveal amount: 0.0
01-22 19:18:45.175  2814  2814 D KeyguardVisible: onKeyguardFadingAwayChanged false
01-22 19:18:45.175  2814  2814 D BiometricUnlockCtrl: finishKeyguardFadingAway
01-22 19:18:45.175  2814  2814 D DozeServiceHost: updateDozing dozing = false / dozingRequested = false / state = SHADE mode = 0
01-22 19:18:45.175  2814  2814 D BiometricUnlockCtrl: finishKeyguardFadingAway
01-22 19:18:45.175  2814  2814 D DozeServiceHost: updateDozing dozing = false / dozingRequested = false / state = SHADE mode = 0
01-22 19:18:45.175  2814  2814 D KeyguardUpdateMonitor: sendKeyguardStateUpdated(false, false, false, false)
01-22 19:18:45.176  2814  2814 D NotificationShadeWindowController: Bouncer LP changed!!! = 0x1, h = 0
01-22 19:18:45.176  2814  2814 D KeyguardViewMediator: keyguardGone
01-22 19:18:45.176  2814  2814 D KeyguardVisible: keyguardGoingAway false
01-22 19:18:45.176 30801 30819 I BLASTBufferQueue: [VRI[FP Iconview]@97f2e43#2](f:0,a:3,s:0) onFrameAvailable-start syncTransactionSet=false
01-22 19:18:45.176 30801 30819 I BLASTBufferQueue: [VRI[FP Iconview]@97f2e43#2](f:0,a:3,s:0) onFrameAvailable framenumber=7 syncTransactionSet=false
01-22 19:18:45.176 30801 30819 I BLASTBufferQueue: [VRI[FP Iconview]@97f2e43#2](f:1,a:3,s:0) onFrameAvailable framenumber=7 syncTransactionSet=false
01-22 19:18:45.176 30801 30819 I BLASTBufferQueue: [VRI[FP Iconview]@97f2e43#2](f:0,a:4,s:0) mergePendingTransactions t: 132289287684169, frameNumber: 7
01-22 19:18:45.176 30801 30819 I BLASTBufferQueue: [VRI[FP Iconview]@97f2e43#2](f:0,a:4,s:0) acquireNextBufferLocked size=1454x3134 mFrameNumber=7 applyTransaction=true mTimestamp=1866883976479758(auto) mPendingTransactions.size=0 graphicBufferId=132289287684106 transform=0
01-22 19:18:45.177  2814  2951 I VRI[zeiterfassung]@90ce889: mWNT: t=0xb400006ec760b990 mBlastBufferQueue=0xb400006e378e2c70 fn= 2 HdrRenderState mRenderHdrSdrRatio=1.0 caller= android.view.SyncRtSurfaceTransactionApplier.applyTransaction:100 android.view.SyncRtSurfaceTransactionApplier.lambda$scheduleApply$0:73 android.view.SyncRtSurfaceTransactionApplier.$r8$lambda$afI4fXg3U3-nBZQEDQMiNy-B06s:0 
01-22 19:18:45.177  2814  2951 I VRI[zeiterfassung]@90ce889: mWNT: t=0xb400006ec75c7c90 mBlastBufferQueue=0xb400006e378e2c70 fn= 2 HdrRenderState mRenderHdrSdrRatio=1.0 caller= android.view.SyncRtSurfaceTransactionApplier.applyTransaction:100 android.view.SyncRtSurfaceTransactionApplier.lambda$scheduleApply$0:73 android.view.SyncRtSurfaceTransactionApplier.$r8$lambda$afI4fXg3U3-nBZQEDQMiNy-B06s:0 
01-22 19:18:45.177 28652 28920 I bt_shim_scanner: system/main/shim/le_scanning_manager.cc:151 Scan: in shim layer stopped
01-22 19:18:45.177 28652 28686 W bluetooth: system/gd/hci/le_scanning_manager.cc:716 scan: address_manager_registered_
01-22 19:18:45.177 28652 28686 W bluetooth: system/gd/hci/le_scanning_manager.cc:768 stop_scan: stop_scan
01-22 19:18:45.177 28652 28686 I bluetooth: system/gd/hci/le_address_manager.cc:278 unregister_client: Client unregistered
01-22 19:18:45.177 28652 28920 I bt_shim_scanner: system/main/shim/le_scanning_manager.cc:335 SetScanParameters: in shim layer, scannerId1m=6, scannerIdCoded=0
01-22 19:18:45.177 28652 28920 W bt_shim_scanner: system/main/shim/le_scanning_manager.cc:365 SetScanParameters: Set scan params scan_int_1m : 958.125, scan_win_1m : 191.25, Duty : 19.96% | scan_int_coded : 0, scan_win_coded : 0, Duty : nan%
01-22 19:18:45.177 28652 28920 I bt_shim_scanner: system/main/shim/le_scanning_manager.cc:151 Scan: in shim layer started
01-22 19:18:45.177  2814  2952 D HWUI    : CacheManager::trimMemory(40)
01-22 19:18:45.177  1204  1280 I display : Set Affinity config for fps(120) : cpuIDs : 1023
01-22 19:18:45.177  1204  1280 I display : Set Affinity CPU ID : 0
01-22 19:18:45.177  1204  1280 I display : Set Affinity CPU ID : 1
01-22 19:18:45.177  1204  1280 I display : Set Affinity CPU ID : 2
01-22 19:18:45.177  1204  1280 I display : Set Affinity CPU ID : 3
01-22 19:18:45.177  1204  1280 I display : Set Affinity CPU ID : 4
01-22 19:18:45.177 28652 28686 I bluetooth: system/gd/hci/le_scanning_manager.cc:765 stop_scan: Scanning already stopped, return!
01-22 19:18:45.177  1204  1280 I display : Set Affinity CPU ID : 5
01-22 19:18:45.177  1248  1314 I VSyncReactor: Current= 30, Period= 120, hwcPeriod= 120
01-22 19:18:45.177  1204  1280 I display : Set Affinity CPU ID : 6
01-22 19:18:45.177  1204  1280 I display : Set Affinity CPU ID : 7
01-22 19:18:45.177  1204  1280 I display : Set Affinity CPU ID : 8
01-22 19:18:45.177  1204  1280 I display : Set Affinity CPU ID : 9
01-22 19:18:45.177 28652 28686 W bluetooth: system/gd/hci/le_scanning_manager.cc:732 start_scan: start_scan
01-22 19:18:45.177  1204  1280 I display : Set affinity HWC : 1204
01-22 19:18:45.177 28652 28686 W bluetooth: system/gd/hci/le_scanning_manager.cc:735 start_scan: Register address manager
01-22 19:18:45.177 28652 28686 I bluetooth: system/gd/hci/le_address_manager.cc:263 register_client: Client registered
01-22 19:18:45.178  3244  5232 I HoneySpace.SystemUiRepository: systemUiFlags: navbar_hidden|wakefulness_transition|awake|keygrd_going_away
01-22 19:18:45.179  2814  2814 D KeyguardUnlock: notifyFinishedKeyguardExitAnimation
01-22 19:18:45.179  2814  2814 I SecKeyguardClockPositionAlgorithm: prepareClockContainerHeightChanging:
01-22 19:18:45.179  3244  3325 I HoneySpace.TaskbarEventTracker: invokeEvent() called with: event = SystemUiStateChanged(stateFlags=2952790018)
01-22 19:18:45.179  1559  4286 D LockSettingsStorage: sendLockTypeChangedInfo : lockscreen.lockout_biometric_attempt_deadline = 0
01-22 19:18:45.179  1248  1248 I SurfaceFlinger: finalizeDisplayModeChange 4633128672291736003
01-22 19:18:45.179  3244  5231 I HoneySpace.SystemUiRepository: systemUiFlags: navbar_hidden|wakefulness_transition|awake
01-22 19:18:45.180  2814  2814 D KeyguardUpdateMonitor: handleDreamingStateChanged() dreaming : true -> false
01-22 19:18:45.180  2814  2814 D KeyguardFingerprint: shouldListenForFingerprint ( isFingerprintEnabled = false , mKeyguardIsVisible = false , mDeviceInteractive = true , mPrimaryBouncerIsOrWillBeShowing = false , mPrimaryBouncerFullyShown = false , mGoingToSleep = false , mSwitchingUser = false , mIsDreamingForBiometrics = false , mKeyguardUnlocking = false , mKeyguardGoingAway = true , mKeyguardShowing = false , mKeyguardOccluded = false , mSystemReady = true , mHasFocus = true
01-22 19:18:45.180  2814  2814 D KeyguardFingerprint: updateFingerprintListeningState#mFingerprintRunningState=0 shouldListenForFingerprint=false isUdfpsEnrolled=false bioType : 1
01-22 19:18:45.180  2814  2814 D Navbar.Store: handleEvent(0) OnNavBarWindowStateShowing(noArguments=true) [Module] NavBarHelper
01-22 19:18:45.180  1559  1598 D LocalDisplayAdapter: updateActiveModeLocked for d=4633128672291736003, mActiveModeId=1, mActiveSfDisplayMode=DisplayMode{id=0, width=1440, height=3120, xDpi=515.154, yDpi=514.597, peakRefreshRate=120.00001, vsyncRate=120.00001, appVsyncOffsetNanos=8333333, presentationDeadlineNanos=9333333, supportedHdrTypes=[2, 3, 4], group=0}
01-22 19:18:45.180  3244  3325 I HoneySpace.TaskbarEventTracker: invokeEvent() called with: event = SystemUiStateChanged(stateFlags=805306370)
01-22 19:18:45.180  2814  2814 D PluginActionManager: stopListening
01-22 19:18:45.180  3244  4219 I HoneySpace.SystemUiRepository: systemUiFlags: wakefulness_transition|awake
01-22 19:18:45.180  2814  2814 D AppController: screen_on : action = android.intent.action.SCREEN_ON
01-22 19:18:45.180  2814  2927 D StackScroller: onDisplayChanged for predraw skip to 2
01-22 19:18:45.180  1559  1598 I DisplayDeviceRepository: Display device changed render timings: "Integrierter Bildschirm", renderFrameRate=120.00001, presentationDeadlineNanos=9333333, appVsyncOffsetNanos=8333333, frameRateOverrides=[{uid=10056 frameRateHz=120.00001}]
01-22 19:18:45.180  2814  2927 D KeyguardUpdateMonitor: sendBiometricUnlockState type=FINGERPRINT biometricId=1
01-22 19:18:45.181  2814  3537 D AppController: screen_on : regist SensorManager 
01-22 19:18:45.181  2814  2814 I InsetsController: onStateChanged: host=StatusBar, from=android.view.ViewRootImpl.onInsetsStateChanged:3026, state=InsetsState: {mDisplayFrame=Rect(0, 0 - 1440, 3120), mDisplayCutout=DisplayCutout{insets=Rect(0, 112 - 0, 0) waterfall=Insets{left=0, top=0, right=0, bottom=0} boundingRect={Bounds=[Rect(0, 0 - 0, 0), Rect(686, 0 - 754, 112), Rect(0, 0 - 0, 0), Rect(0, 0 - 0, 0)]} cutoutPathParserInfo={CutoutPathParserInfo{displayWidth=1440 displayHeight=3120 physicalDisplayWidth=1440 physicalDisplayHeight=3120 density={3.75} cutoutSpec={M 0,0 H -9.066666666666667 V 29.86666666666667 H 9.066666666666667 V 0 H 0 Z @dp} rotation={0} scale={1.0} physicalPixelDisplaySizeRatio={1.0}}} sideOverrides={}}, mRoundedCorners=RoundedCorners{[RoundedCorner{position=TopLeft, radius=126, center=Point(126, 126)}, RoundedCorner{position=TopRight, radius=126, center=Point(1314, 126)}, RoundedCorner{position=BottomRight, radius=126, center=Point(1314, 2994)}, RoundedCorner{position=BottomLeft, radius=126, center=Point(126, 2994)}]}  mRoundedCornerFrame=Rect(0, 0 - 0, 0), mPrivacyIndicatorBounds=PrivacyIndicatorBounds {static bounds=Rect(1286, 0 - 1440, 113) rotation=0}, mDisplayShape=DisplayShape{ spec=-311912193 displayWidth=1440 displayHeight=3120 physicalPixelDisplaySizeRatio=1.0 rotation=0 offsetX=0 offsetY=0 scale=1.0}, mSources= { InsetsSource: {f7410001 mType=navigationBars mFrame=[0,2952][1440,3120] mVisible=true mFlags= mSideHint=BOTTOM mBoundingRects=null}, InsetsSource: {f7410004 mType=systemGestures mFrame=[0,0][0,0] mVisible=true mFlags= mSideHint=NONE mBoundingRects=null}, InsetsSource: {f7410005 mType=mandatorySystemGestures mFrame=[0,2952][1440,3120] mVisible=true mFlags= mSideHint=BOTTOM mBoundingRects=null}, InsetsSource: {f7410006 mType=tappableElement mFrame=[0,2952][1440,3120] mVisible=true mFlags= mSideHint=BOTTOM mBoundingRects=null}, InsetsSource: {f7410024 mType=systemGestures mFrame=[0,0][0,0] mVisible=true mFlags= mSideHint=NONE mBoundingRects=null}, InsetsSource: {27 mType=displayCutout mFrame=[0,0][1440,112] mVisible=true mFlags= mSideHint=TOP mBoundingRects=null}, InsetsSource: {4bc40005 mType=mandatorySystemGestures mFrame=[0,0][1440,154] mVisible=true mFlags= mSideHint=TOP mBoundingRects=null} }
01-22 19:18:45.181  2814  2814 I VRI[StatusBar]@2962aad: handleResized, frames=ClientWindowFrames{frame=[0,0][1440,113] display=[0,0][1440,3120] parentFrame=[0,0][0,0]} displayId=0 dragResizing=false compatScale=1.0 frameChanged=false attachedFrameChanged=false configChanged=false displayChanged=false compatScaleChanged=false dragResizingChanged=false
01-22 19:18:45.181  2814  2814 I InsetsController: onStateChanged: host=NotificationShade, from=android.view.ViewRootImpl.onInsetsStateChanged:3026, state=InsetsState: {mDisplayFrame=Rect(0, 0 - 1440, 3120), mDisplayCutout=DisplayCutout{insets=Rect(0, 112 - 0, 0) waterfall=Insets{left=0, top=0, right=0, bottom=0} boundingRect={Bounds=[Rect(0, 0 - 0, 0), Rect(686, 0 - 754, 112), Rect(0, 0 - 0, 0), Rect(0, 0 - 0, 0)]} cutoutPathParserInfo={CutoutPathParserInfo{displayWidth=1440 displayHeight=3120 physicalDisplayWidth=1440 physicalDisplayHeight=3120 density={3.75} cutoutSpec={M 0,0 H -9.066666666666667 V 29.86666666666667 H 9.066666666666667 V 0 H 0 Z @dp} rotation={0} scale={1.0} physicalPixelDisplaySizeRatio={1.0}}} sideOverrides={}}, mRoundedCorners=RoundedCorners{[RoundedCorner{position=TopLeft, radius=126, center=Point(126, 126)}, RoundedCorner{position=TopRight, radius=126, center=Point(1314, 126)}, RoundedCorner{position=BottomRight, radius=126, center=Point(1314, 2994)}, RoundedCorner{position=BottomLeft, radius=126, center=Point(126, 2994)}]}  mRoundedCornerFrame=Rect(0, 0 - 0, 0), mPrivacyIndicatorBounds=PrivacyIndicatorBounds {static bounds=Rect(1286, 0 - 1440, 113) rotation=0}, mDisplayShape=DisplayShape{ spec=-311912193 displayWidth=1440 displayHeight=3120 physicalPixelDisplaySizeRatio=1.0 rotation=0 offsetX=0 offsetY=0 scale=1.0}, mSources= { InsetsSource: {f7410001 mType=navigationBars mFrame=[0,2952][1440,3120] mVisible=true mFlags= mSideHint=BOTTOM mBoundingRects=null}, InsetsSource: {f7410004 mType=systemGestures mFrame=[0,0][0,0] mVisible=true mFlags= mSideHint=NONE mBoundingRects=null}, InsetsSource: {f7410005 mType=mandatorySystemGestures mFrame=[0,2952][1440,3120] mVisible=true mFlags= mSideHint=BOTTOM mBoundingRects=null}, InsetsSource: {f7410006 mType=tappableElement mFrame=[0,2952][1440,3120] mVisible=true mFlags= mSideHint=BOTTOM mBoundingRects=null}, InsetsSource: {f7410024 mType=systemGestures mFrame=[0,0][0,0] mVisible=true mFlags= mSideHint=NONE mBoundingRects=null}, InsetsSource: {27 mType=displayCutout mFrame=[0,0][1440,112] mVisible=true mFlags= mSideHint=TOP mBoundingRects=null}, InsetsSource: {4bc40005 mType=mandatorySystemGestures mFrame=[0,0][1440,154] mVisible=true mFlags= mSideHint=TOP mBoundingRects=null} }
01-22 19:18:45.181  2814  2814 I VRI[NotificationShade]@aa1a57e: handleResized, frames=ClientWindowFrames{frame=[0,0][1440,3120] display=[0,0][1440,3120] parentFrame=[0,0][0,0]} displayId=0 dragResizing=false compatScale=1.0 frameChanged=false attachedFrameChanged=false configChanged=false displayChanged=false compatScaleChanged=false dragResizingChanged=false
01-22 19:18:45.182  2814  2814 I VRI[NavigationBar0]@7074a40: handleResized, frames=ClientWindowFrames{frame=[0,2952][1440,3120] display=[0,0][1440,3120] parentFrame=[0,0][0,0]} displayId=0 dragResizing=false compatScale=1.0 frameChanged=false attachedFrameChanged=false configChanged=false displayChanged=false compatScaleChanged=false dragResizingChanged=false
01-22 19:18:45.182  1559  1596 D WindowManager: DeferredDisplayUpdater: partially applying DisplayInfo(1440 x 3120) immediately
01-22 19:18:45.182  2814  2814 D DisplayLifecycle: updateDisplay id = 0
01-22 19:18:45.182  2814  2927 D KeyguardUpdateMonitor: broadcast intent= Intent { act=com.samsung.keyguard.KEYGUARD_STATE_UPDATE (has extras) }
01-22 19:18:45.182  7505  7532 V python  : extracting _python_bundle/site-packages/kivymd/fonts/Roboto-Light.ttf
01-22 19:18:45.182  1239 26816 D AudioFlinger: setParameters: filtered dev setParameters keyvalue screen_state=on
01-22 19:18:45.182  1187  1187 D audio_hw_primary: device-adev_set_parameters: enter
01-22 19:18:45.182  1559  1596 W PhoneWindowManager: lockNow pending, ignore updating lockscreen timeout
01-22 19:18:45.182  1187  1187 E audio_hw_proxy_mixer: proxy-proxy_set_mixer_value_int: cannot find ABOX Display Mixer Control
01-22 19:18:45.182  1187  1187 I audio_hw_proxy2: proxy-proxy_set_parameters: set Screen-state 1
01-22 19:18:45.182  1187  1187 D audio_hw_primary: device-adev_set_parameters: param (screen_state=on)
01-22 19:18:45.182  1559  1596 D SurfaceComposerClient: setCornerRadius ## bec5419 Splash Screen org.tkideneb2.zeiterfassung#497728 cornerRadius=0.000000
01-22 19:18:45.182  1559  1596 D SurfaceComposerClient: setCornerRadius ## d37c539 org.tkideneb2.zeiterfassung/org.kivy.android.PythonActivity#497725 cornerRadius=0.000000
01-22 19:18:45.183 28652 28920 I bt_shim_scanner: system/main/shim/le_scanning_manager.cc:197 ScanFilterParamSetup: in shim layer, clientIf=2
01-22 19:18:45.183  1559  3797 D LiftUpHandler: [LTW] Stopped already.
01-22 19:18:45.183  2814  2814 D DisplayLifecycle: updateDisplay id = 0
01-22 19:18:45.183  1559  3251 I BatteryService_BatteryPropertiesRegistrar: [getProperty]id:4
01-22 19:18:45.183  1559  3251 I BatteryService_BatteryPropertiesRegistrar: [getProperty]prop.long:-9223372036854775808 ,prop.string:null
01-22 19:18:45.183  2814  2814 D SecLifecycle: wakefulness=2
01-22 19:18:45.183  2814  2814 D FaceWidgetViewModel: onFinishedWakingUp()
01-22 19:18:45.183  2814  2814 D FaceWidgetViewModel: updateInfoParameters(waking up) isAODState = false, clockSidePadding = (0, 0), musicSidePadding = (40, 40)
01-22 19:18:45.183  2814  2814 D FaceWidgetWakefulnessLifecycle: onFinishedWakingUp
01-22 19:18:45.183  1559  1599 I WindowManager: notifyInsetsControlChanged, removed=false, win=Window{bec5419 u0 Splash Screen org.tkideneb2.zeiterfassung}, caller=com.android.server.wm.InsetsStateController$$ExternalSyntheticLambda1.run:137 com.android.server.wm.WindowAnimator$$ExternalSyntheticLambda2.onTransactionCommitted:26 android.view.SurfaceControl$Transaction$$ExternalSyntheticLambda4.run:0 android.os.Handler.handleCallback:995 android.os.Handler.dispatchMessage:103 android.os.Looper.loopOnce:273 
01-22 19:18:45.184  2814  2814 I NowBarCardViewModel: NowBarPackageNameForSALogging topCard = com.android.systemui.aibrief
01-22 19:18:45.184  2814  2814 D FaceWidgetViewModel: shouldContainerVisible() reason = (onFinishedWakingUp) false - keyguard is not visible (false, false)
01-22 19:18:45.184  2814  2814 D LockscreenNotificationIconsOnlyController: mWakefulnessObserver onFinishedWakingUp 
01-22 19:18:45.184  2814  2814 D QuickPanelLog: NPVC | setTouchAndAnimationDisabled: true -> false
01-22 19:18:45.184  2814  2814 D QuickPanelLog:  - com.android.systemui.shade.NotificationPanelViewController.setTouchAndAnimationDisabled:30
01-22 19:18:45.184  2814  2814 D QuickPanelLog:  - com.android.systemui.statusbar.phone.CentralSurfacesImpl.updateNotificationPanelTouchState:91
01-22 19:18:45.184  2814  2814 D QuickPanelLog:  - com.android.systemui.statusbar.phone.CentralSurfacesImpl$9.startLockscreenTransitionFromAod:12
01-22 19:18:45.184  2814  2814 D QuickPanelLog:  - com.android.systemui.statusbar.phone.CentralSurfacesImpl$9$$ExternalSyntheticLambda0.run:8
01-22 19:18:45.184  2814  2814 D QuickPanelLog:  - com.android.systemui.shade.NotificationShadeWindowControllerImpl.batchApplyWindowLayoutParams:7
01-22 19:18:45.184  2814  2814 D QuickPanelLog:  - com.android.systemui.statusbar.phone.CentralSurfacesImpl$9.onFinishedWakingUp:18
01-22 19:18:45.184  2814  2814 D QuickPanelLog:  - com.android.systemui.keyguard.WakefulnessLifecycle$$ExternalSyntheticLambda0.accept:20
01-22 19:18:45.184  2814  2814 D QuickPanelLog:  - com.android.systemui.keyguard.SecLifecycle.dispatch:171
01-22 19:18:45.184  2814  2814 D QuickPanelLog:  - com.android.systemui.keyguard.KeyguardLifecyclesDispatcher$KeyguardLifecycleHandler.handleMessage:175
01-22 19:18:45.184  2814  2814 D QuickPanelLog:  - android.os.Handler.dispatchMessage:110
01-22 19:18:45.184  2814  2814 D KeyguardPunchHoleVIView: onFinishedWakingUp
01-22 19:18:45.184  2814  2814 D KeyguardPunchHoleVIView: startVI() - return, face recognition is stopped
01-22 19:18:45.184  2814  2814 D KeyguardPunchHoleVIView_Bouncer: onFinishedWakingUp
01-22 19:18:45.184  2814  2814 D KeyguardPunchHoleVIView_Bouncer: startVI() - return, face recognition is stopped
01-22 19:18:45.184  2814  2814 D View    : semSetBlurInfo, blurInfo : android.view.SemBlurInfo@25a4a18 {BLUR_MODE_WINDOW, mBlurRadius = 300, mBackgroundBlurColor = 0, mCornerRadiusTL = 79.5, mCornerRadiusTR = 79.5, mCornerRadiusBL = 79.5, mCornerRadiusBR = 79.5, mClipRectLeft = 0, mClipRectTop = 0, mClipRectRight = 2147483647, mClipRectBottom = 2147483647, mColorCurve = android.view.SemBlurInfo$ColorCurve@9950c71 {minX = 0.0, minY = 13.3, maxX = 255.0, maxY = 235.1, curveBias = -15.0, saturation = 0.1}}, com.android.systemui.statusbar.KeyguardSecAffordanceView{7d6b948 G.ED..... ......ID 0,0-159,159 #7f0a0cad app:id/start_button}
01-22 19:18:45.185  2814  2814 D View    : semSetBlurInfo, blurInfo : android.view.SemBlurInfo@cfc2ad7 {BLUR_MODE_WINDOW, mBlurRadius = 300, mBackgroundBlurColor = 0, mCornerRadiusTL = 79.5, mCornerRadiusTR = 79.5, mCornerRadiusBL = 79.5, mCornerRadiusBR = 79.5, mClipRectLeft = 0, mClipRectTop = 0, mClipRectRight = 2147483647, mClipRectBottom = 2147483647, mColorCurve = android.view.SemBlurInfo$ColorCurve@5b5efc4 {minX = 0.0, minY = 13.3, maxX = 255.0, maxY = 235.1, curveBias = -15.0, saturation = 0.1}}, com.android.systemui.statusbar.KeyguardSecAffordanceView{94b6665 G.ED..... ......ID 0,0-159,159 #7f0a0469 app:id/end_button}
01-22 19:18:45.185  2814  2814 D QSClockBellTower: He is ready to ring the bell. (((QSClockBellSound - TimeText:19:18, TimeContentDescription:19:18, DateText:Do., 22. Januar, ShortDateText:Do., 22. Jan., Demo:false)))
01-22 19:18:45.185  2814  2814 D QSClock : StatusBar clock=19:18 notifyTimeChanged(QSClockBellSound - TimeText:19:18, TimeContentDescription:19:18, DateText:Do., 22. Januar, ShortDateText:Do., 22. Jan., Demo:false) clockVisibleByPolicy=true, clockVisibleByUser=true, visible=true, parent=android.widget.LinearLayout{4a3bb57 V.E...... ......ID 0,0-0,91 #7f0a069b app:id/left_clock_container} caller=com.android.systemui.statusbar.phone.fragment.CollapsedStatusBarFragment.animateShow:52 com.android.systemui.statusbar.phone.fragment.CollapsedStatusBarFragment.updateStatusBarVisibilitiesInner:230 com.android.systemui.statusbar.phone.fragment.CollapsedStatusBarFragment.updateStatusBarVisibilities:65 com.android.systemui.statusbar.phone.fragment.CollapsedStatusBarFragment.disable:71 com.android.systemui.statusbar.CommandQueue$H.handleMessage:2997  
01-22 19:18:45.185  2814  2814 D QSClockBellTower: Everyone heard the bell. run(currentTime:1769105925185, getTime():Thu Jan 22 19:18:45 GMT+01:00 2026, getTimeZone():libcore.util.ZoneInfo[mDstSavings=3600000,mUseDst=true,mDelegate=[id="Europe/Berlin",mRawOffset=3600000,mEarliestRawOffset=3208000,transitions=267]])
01-22 19:18:45.185  2814  2814 D SecKeyguardStatusViewObserver: onChanged() FaceWidgetContainerLiveData{mIsContainerVisible=false, mClipLayoutVisibility=0, mRotation=0, mIsDashBoardVIRunning=false, mIsAdditionalInfoVisible=8, mAdditionalInfoGravity=17, mClockSideStartPadding=0, mClockSideEndPadding=0, mMusicSideStartPadding=40, mMusicSideEndPadding=40, mInfoSideStartPadding=0, mInfoSideEndPadding=0, mClipLayoutWidth = -1, mAdditionalInfoRemoteView=null, mIsAdditionalViewGoingToSleep=false, mConfig=CustomConfiguration{fontScale=1.0, screenLayout=268435810, orientation=1, screenWidthDp=411, screenHeightDp=891, smallestScreenWidthDp=411, densityDpi=560, uiMode=33, isRTL=false, mConfiguration={1.0 262mcc1mnc [de_DE] ldltr sw411dp w411dp h891dp 560dpi nrml long hdr widecg port night finger -keyb/v/h -nav/h winConfig={ mBounds=Rect(0, 0 - 1440, 3120) mAppBounds=Rect(0, 0 - 1440, 3120) mMaxBounds=Rect(0, 0 - 1440, 3120) mDisplayRotation=ROTATION_0 mWindowingMode=fullscreen mActivityType=undefined mAlwaysOnTop=undefined mRotation=ROTATION_0 mStageConfig=undefined mEmbedActivityMode=undefined mPopOver=undefined mOverlappingWithCutout=false} as.2 s.370839 fontWeightAdjustment=0 ff=0 bf=-1 bts=0 cst=1.0 nightDim=0 themeSeq=0}}}
01-22 19:18:45.184  1559  2618 D AS.DesktopModeHelper: onDisplayChanged: #Id=0
01-22 19:18:45.188  1559  1598 W PhoneWindowManager: lockNow pending, ignore updating lockscreen timeout
01-22 19:18:45.188  1559  1598 D SurfaceComposerClient: setCornerRadius ## bec5419 Splash Screen org.tkideneb2.zeiterfassung#497728 cornerRadius=0.000000
01-22 19:18:45.188  1559  1598 D SurfaceComposerClient: setCornerRadius ## d37c539 org.tkideneb2.zeiterfassung/org.kivy.android.PythonActivity#497725 cornerRadius=0.000000
01-22 19:18:45.189 24239 24239 I CAMERA_CONTROLLER: [2]a.p():2 - display changed
01-22 19:18:45.189 24239 24239 I CAMERA_CONTROLLER: [2]a.p():2
01-22 19:18:45.189 24239 24239 I CAMERA_CONTROLLER: [2]ProviderServiceImpl.checkDisplayModePortrait():38 - presentationDisplaynull
01-22 19:18:45.189 24239 24239 W CAMERA_CONTROLLER: [2]a.A():2 - presentationDisplay is null, return
01-22 19:18:45.189 24239 24239 W CAMERA_CONTROLLER: [2]ProviderServiceImpl$registerDisplayListener$displayListener$1.onDisplayChanged():17 - display is not portrait mode 
01-22 19:18:45.189  6422  6422 D SV[65951337 Shell$HomeActivity]: updateSurface: surface is not valid
01-22 19:18:45.189  6422  6422 I SV[65951337 Shell$HomeActivity]: releaseSurfaces: viewRoot = VRI[Shell$HomeActivity]@f7863a5
01-22 19:18:45.189  6422  6422 D VRI[Shell$HomeActivity]@f7863a5: applyTransactionOnDraw applyImmediately
01-22 19:18:45.191  3244 26542 I HoneySpace.SystemUiRepository: systemUiFlags: awake
01-22 19:18:45.191  7505  7505 I VRI[PythonActivity]@84872f0: handleResized, frames=ClientWindowFrames{frame=[0,0][1440,3120] display=[0,0][1440,3120] parentFrame=[0,0][0,0]} displayId=0 dragResizing=false compatScale=1.0 frameChanged=false attachedFrameChanged=false configChanged=false displayChanged=false compatScaleChanged=false dragResizingChanged=false
01-22 19:18:45.191 30801 30810 I BLASTBufferQueue: [VRI[FP Iconview]@97f2e43#2](f:0,a:4,s:0) releaseBufferCallback bufferId:132289287684105 framenumber:4 layerId:497727
01-22 19:18:45.191 30801 30810 I BLASTBufferQueue: [VRI[FP Iconview]@97f2e43#2](f:0,a:3,s:0) released bufferId:132289287684105 framenumber:4 layerId:497727
01-22 19:18:45.191 30801 30810 I BLASTBufferQueue: [VRI[FP Iconview]@97f2e43#2](f:0,a:3,s:0) Can't acquire next buffer. No available frames
01-22 19:18:45.191 30801 30810 I BLASTBufferQueue: [VRI[FP Iconview]@97f2e43#2](f:0,a:3,s:0) transactionCallback
01-22 19:18:45.191 30801 30810 I BLASTBufferQueue: [VRI[FP Iconview]@97f2e43#2](f:0,a:3,s:0) updated mTransformHint=0
01-22 19:18:45.192  1559  5960 D WifiDisplayAdapter: isFitToActiveDisplayLocked : false
01-22 19:18:45.192 30801 30819 I BLASTBufferQueue: [VRI[FP Iconview]@97f2e43#2](f:0,a:3,s:0) onFrameAvailable-start syncTransactionSet=false
01-22 19:18:45.192 30801 30819 I BLASTBufferQueue: [VRI[FP Iconview]@97f2e43#2](f:0,a:3,s:0) onFrameAvailable framenumber=8 syncTransactionSet=false
01-22 19:18:45.192 30801 30819 I BLASTBufferQueue: [VRI[FP Iconview]@97f2e43#2](f:1,a:3,s:0) onFrameAvailable framenumber=8 syncTransactionSet=false
01-22 19:18:45.192 30801 30819 I BLASTBufferQueue: [VRI[FP Iconview]@97f2e43#2](f:0,a:4,s:0) mergePendingTransactions t: 132289287684171, frameNumber: 8
01-22 19:18:45.192 30801 30819 I BLASTBufferQueue: [VRI[FP Iconview]@97f2e43#2](f:0,a:4,s:0) acquireNextBufferLocked size=1454x3134 mFrameNumber=8 applyTransaction=true mTimestamp=1866883992457726(auto) mPendingTransactions.size=0 graphicBufferId=132289287684105 transform=0
01-22 19:18:45.192  3244  4258 I HoneySpace.RefreshRateSource: singleFrameMs 8
01-22 19:18:45.192  3244  5230 I HoneySpace.Memory-Monitor: current state = 2, didTrim = false
01-22 19:18:45.193  2814 29144 D engmode_client_aidl: engmodeManager_hal_getStatus
01-22 19:18:45.193  2814 29144 I engmode_client_list: EM_version = 30
01-22 19:18:45.193  2814 29144 I engmode_client_aidl: com.android.systemui. com.android.systemui. 10056. 0
01-22 19:18:45.193 30801 30801 I VRI[FP Iconview]@97f2e43: handleResized, frames=ClientWindowFrames{frame=[0,0][1440,3120] display=[0,0][1440,3120] parentFrame=[0,0][0,0]} displayId=0 dragResizing=false compatScale=1.0 frameChanged=false attachedFrameChanged=false configChanged=false displayChanged=false compatScaleChanged=false dragResizingChanged=false
01-22 19:18:45.193  2814 29144 I engmode_client_aidl: process is com.android.systemui
01-22 19:18:45.193  2814 29144 I engmode_client_aidl: com.android.systemui called getstatus (0x40)
01-22 19:18:45.193  2814 29144 I engmode_client_list: checkClient: [ProcessName = com.android.systemui]
01-22 19:18:45.193  2814 29144 E engmode_client_list: Cannot find client
01-22 19:18:45.193  2814 29144 E engmode_client_aidl: Client error
01-22 19:18:45.193  2814 29144 I engmode_client_aidl: Caller check fail
01-22 19:18:45.193   663   663 I engmode_aidl_service: Connect to service
01-22 19:18:45.193   663   663 I engmode_binder_client: engmode client create
01-22 19:18:45.193   663   663 I engmode_binder_client: EM version = 30.5.17
01-22 19:18:45.193  2814  2840 W ndroid.systemui: Suspending all threads took: 7.254ms
01-22 19:18:45.194  1559  1559 D SGM:GameManager: onDisplayChanged. displyId: 0, state: 2
01-22 19:18:45.194  1559  1559 D SGM:GameManager: dpi: 560, longPixel: 3120, shortPixel: 1440
01-22 19:18:45.194  1559  1559 D AODManagerService: requestReCalToTSP IsSingleTouchMode = falserequestedReCalToTSP = false / previousDisplayState = ON
01-22 19:18:45.194  3244  3325 I HoneySpace.TaskbarEventTracker: invokeEvent() called with: event = SystemUiStateChanged(stateFlags=805306368)
01-22 19:18:45.194  3244  3325 I HoneySpace.TaskbarEventTracker: invokeEvent() called with: event = SystemUiStateChanged(stateFlags=268435456)
01-22 19:18:45.194  1559  2233 D SGM:FgCheckThread: onLooperPrepared(), msg: MSG_LCD_ON
01-22 19:18:45.194 15573  7603 I [+0100]oneconnect[1.8.41.23_01][CORE]: RunningInfo.isQcTopProcess - false [package]com.samsung.android.oneconnect [topProcess]org.tkideneb2.zeiterfassung
01-22 19:18:45.195  1248  1248 D SurfaceFlinger: GPIS:: requestGpisForSFSluggish
01-22 19:18:45.195 28652 28920 E ScanManager: [GSIM LOG]: gsimLogHandler, msg: MESSAGE_SCAN_STOP, appName: android, scannerId: 2, reportDelayMillis=0
01-22 19:18:45.195 15573  7603 I [+0100]oneconnect[1.8.41.23_01][CORE]: RunningInfo.isNativePluginTopTopProcess - false [package]com.samsung.android.oneconnect:PluginNative [topProcess]org.tkideneb2.zeiterfassung
01-22 19:18:45.195 30801 30810 I BLASTBufferQueue: [VRI[FP Iconview]@97f2e43#2](f:0,a:4,s:0) releaseBufferCallback bufferId:132289287684108 framenumber:5 layerId:497727
01-22 19:18:45.195 30801 30810 I BLASTBufferQueue: [VRI[FP Iconview]@97f2e43#2](f:0,a:3,s:0) released bufferId:132289287684108 framenumber:5 layerId:497727
01-22 19:18:45.195 30801 30810 I BLASTBufferQueue: [VRI[FP Iconview]@97f2e43#2](f:0,a:3,s:0) Can't acquire next buffer. No available frames
01-22 19:18:45.195 30801 30810 I BLASTBufferQueue: [VRI[FP Iconview]@97f2e43#2](f:0,a:3,s:0) transactionCallback
01-22 19:18:45.195 30801 30810 I BLASTBufferQueue: [VRI[FP Iconview]@97f2e43#2](f:0,a:3,s:0) updated mTransformHint=0
01-22 19:18:45.196 28652 28920 I bt_shim_scanner: system/main/shim/le_scanning_manager.cc:197 ScanFilterParamSetup: in shim layer, clientIf=1
01-22 19:18:45.196 30801 30819 I BLASTBufferQueue: [VRI[FP Iconview]@97f2e43#2](f:0,a:3,s:0) onFrameAvailable-start syncTransactionSet=false
01-22 19:18:45.196 30801 30819 I BLASTBufferQueue: [VRI[FP Iconview]@97f2e43#2](f:0,a:3,s:0) onFrameAvailable framenumber=9 syncTransactionSet=false
01-22 19:18:45.196 30801 30819 I BLASTBufferQueue: [VRI[FP Iconview]@97f2e43#2](f:1,a:3,s:0) onFrameAvailable framenumber=9 syncTransactionSet=false
01-22 19:18:45.196 30801 30819 I BLASTBufferQueue: [VRI[FP Iconview]@97f2e43#2](f:0,a:4,s:0) mergePendingTransactions t: 132289287684173, frameNumber: 9
01-22 19:18:45.196 30801 30819 I BLASTBufferQueue: [VRI[FP Iconview]@97f2e43#2](f:0,a:4,s:0) acquireNextBufferLocked size=1454x3134 mFrameNumber=9 applyTransaction=true mTimestamp=1866883996347414(auto) mPendingTransactions.size=0 graphicBufferId=132289287684108 transform=0
01-22 19:18:45.196  1248  1316 I VSyncReactor: Current= 120, Period= 120, Distance= 13
01-22 19:18:45.196 28652 28920 I bt_shim_scanner: system/main/shim/le_scanning_manager.cc:197 ScanFilterParamSetup: in shim layer, clientIf=1
01-22 19:18:45.197  2814  5466 D KeyguardUpdateMonitor: mSecureLockChangedCallback sendResult : secureState 64
01-22 19:18:45.197  2814  2814 D SecKeyguardStatusView: setVisibility 8, callers = aod.o5.s:71 aod.Sw0.B:16 com.samsung.android.app.facewidget.SecKeyguardStatusView.setVisibility:15 aod.cD0.onChanged:94 androidx.lifecycle.LiveData.b:29 
01-22 19:18:45.197  2814  2814 D FaceWidgetPagesController: onGravityChanged()
01-22 19:18:45.198  2814  2814 I StretchMeasureDataCalculator: setGravity: 49, isStart=false, isEnd=false, isCenterHorizontal=true
01-22 19:18:45.198  2814  2814 D FaceWidgetClockPage: setClockGravity() gravity = 49
01-22 19:18:45.198  2814  2814 D FaceWidgetClockPage: updateClockPadding 
01-22 19:18:45.198  2814  2814 D AppController: AppControlSensorListener.onSensorChanged, Rotation: -1
01-22 19:18:45.198  2814  3537 D SensorManager: registerListener :: 27, Device Orientataion, 200000, 0, 
01-22 19:18:45.198 28652 28920 E ScanManager: [GSIM LOG]: gsimLogHandler, msg: MESSAGE_SCAN_STOP, appName: com.samsung.android.mdx.kit, scannerId: 1, reportDelayMillis=0
01-22 19:18:45.199 28652 28920 E ScanManager: [GSIM LOG]: gsimLogHandler, msg: MESSAGE_SCAN_START, appName: com.samsung.android.beaconmanager, scannerId: 1, reportDelayMillis=0
01-22 19:18:45.199 28652 28920 I bt_shim_scanner: system/main/shim/le_scanning_manager.cc:260 ScanFilterEnable: in shim layer
01-22 19:18:45.199  2814  2962 D KnoxStateMonitorImpl: unlockSdp :: Maybe keyguard hidden as user 0
01-22 19:18:45.199  2814  2814 D PluginActionManager: startListening
01-22 19:18:45.200  2814  2953 D PluginActionManager: queryAll com.android.systemui.action.PLUGIN_NOTIFICATION_MENU_ROW
01-22 19:18:45.200  2814  2962 D KnoxStateMonitorImpl: unlockSdp :: Maybe keyguard hidden as user 0
01-22 19:18:45.200 15573  7603 I [+0100]oneconnect[1.8.41.23_01][CORE]: RunningInfo.isWebPluginTopProcess - false [package]com.samsung.android.oneconnect:PluginWebApplication [topProcess]org.tkideneb2.zeiterfassung
01-22 19:18:45.200  2814  2953 D PluginActionManager: Found 0 plugins
01-22 19:18:45.201 15573  7603 I [+0100]oneconnect[1.8.41.23_01][CORE]: OcfConnection@CloudConnectionRestoreReceiver.restoreCloudConnection - not Top Activity and not binded by companion, skip restore
01-22 19:18:45.201 24239 24334 W JobInfo : Requested important-while-foreground flag for job104911 is ignored and takes no effect
01-22 19:18:45.201  7505  7532 V python  : extracting _python_bundle/site-packages/kivymd/fonts/Roboto-LightItalic.ttf
01-22 19:18:45.201  7505  7526 I GSC     : SID[6] : a25fa238d54241ca, Kind: 1, time : 2.424 ms
01-22 19:18:45.203  5998  7614 I [MCFDs]_ContinuityBleAdv@42c6313: stopAdvertiser - unset
01-22 19:18:45.203 15573  7601 I OCF_JNI[0.12.70]: JNI-OCFCLIENTMANAGER::onAdapaterStateChangedCb exit 
01-22 19:18:45.203 15573  7608 I [+0100]oneconnect[1.8.41.23_01][CORE]: SleepLocationDetector.handleIntent - action=android.intent.action.SCREEN_ON
01-22 19:18:45.203 15573  7601 I OIC_CAMANAGER: After calling into application address space for adapterStateChanged
01-22 19:18:45.203 15573  7601 I OIC_CA_INF_CTR: OUT application adapter changed callback [0xb400006de7080b40]
01-22 19:18:45.204 15573  7601 I OIC_CA_INF_CTR: [16] adapter status is changed to [1]
01-22 19:18:45.204 15573  7601 I OIC_CA_TCP_ADAP: Network status is up, create new socket for listening
01-22 19:18:45.204 15573  7601 I OIC_CA_TCP_SERVER_1023: Adapter is started already
01-22 19:18:45.205  7505  7526 I GSC     : SID[7] : 185e961574f9e5d0, Kind: 0, time : 2.999 ms
01-22 19:18:45.205 28652 29634 I bt_shim_scanner: system/main/shim/le_scanning_manager.cc:135 RegisterScanner: in shim layer, UUID=47b04255-9c39-47b7-9a4f-5f81585bf76e
01-22 19:18:45.205 28652 28686 W bluetooth: system/gd/hci/le_scanning_manager.cc:650 register_scanner: register_scanner
01-22 19:18:45.205  1248  1316 I VSyncReactor: Current= 120, Period= 120, Distance= 120
01-22 19:18:45.206  1559  1784 I ActivityManager: Changes in 10081 10 to 10, 0 to 128
01-22 19:18:45.207 28652 28917 W BtGatt.AdvertiseManager: stopAdvertisingSet() - Enter the mNativeInterface
01-22 19:18:45.207 28652 28917 I bt_shim_advertiser: system/main/shim/le_advertising_manager.cc:80 Unregister: in shim layer
01-22 19:18:45.207 28652 28686 W bluetooth: system/gd/hci/le_advertising_manager.cc:443 remove_advertiser: advertiser_id =0
01-22 19:18:45.207 28652 28990 I bluetooth_core::gatt::server::isolation_manager: removing server (if any) associated with advertiser AdvertiserId(0)
01-22 19:18:45.207 28652 28917 E BtGatt.AdvertiseManager: [GSIM LOG]: gsimLogHandler, msg: MESSAGE_ADV_SET_STOP, appName: com.samsung.android.mcfds, id: 0, isLegacy: true
01-22 19:18:45.207  5817  5817 W ContextImpl: Calling a method in the system process without a qualified user: android.app.ContextImpl.startService:2068 android.content.ContextWrapper.startService:872 android.content.ContextWrapper.startService:872 com.sec.android.diagmonagent.sa.receiver.CFLogReceiver.onReceive:56 android.app.ActivityThread.handleReceiver:5663 
01-22 19:18:45.208 30801 30810 I BLASTBufferQueue: [VRI[FP Iconview]@97f2e43#2](f:0,a:4,s:0) releaseBufferCallback bufferId:132289287684107 framenumber:6 layerId:497727
01-22 19:18:45.208 30801 30810 I BLASTBufferQueue: [VRI[FP Iconview]@97f2e43#2](f:0,a:3,s:0) released bufferId:132289287684107 framenumber:6 layerId:497727
01-22 19:18:45.208 30801 30810 I BLASTBufferQueue: [VRI[FP Iconview]@97f2e43#2](f:0,a:3,s:0) Can't acquire next buffer. No available frames
01-22 19:18:45.208 30801 30810 I BLASTBufferQueue: [VRI[FP Iconview]@97f2e43#2](f:0,a:3,s:0) transactionCallback
01-22 19:18:45.208 30801 30810 I BLASTBufferQueue: [VRI[FP Iconview]@97f2e43#2](f:0,a:3,s:0) updated mTransformHint=0
01-22 19:18:45.208 30801 30810 I BLASTBufferQueue: [VRI[FP Iconview]@97f2e43#2](f:0,a:3,s:0) releaseBufferCallback bufferId:132289287684106 framenumber:7 layerId:497727
01-22 19:18:45.208 30801 30810 I BLASTBufferQueue: [VRI[FP Iconview]@97f2e43#2](f:0,a:2,s:0) released bufferId:132289287684106 framenumber:7 layerId:497727
01-22 19:18:45.208 30801 30810 I BLASTBufferQueue: [VRI[FP Iconview]@97f2e43#2](f:0,a:2,s:0) Can't acquire next buffer. No available frames
01-22 19:18:45.208 30801 30810 I BLASTBufferQueue: [VRI[FP Iconview]@97f2e43#2](f:0,a:2,s:0) transactionCallback
01-22 19:18:45.208 30801 30810 I BLASTBufferQueue: [VRI[FP Iconview]@97f2e43#2](f:0,a:2,s:0) updated mTransformHint=0
01-22 19:18:45.209 30801 30819 I BLASTBufferQueue: [VRI[FP Iconview]@97f2e43#2](f:0,a:2,s:0) onFrameAvailable-start syncTransactionSet=false
01-22 19:18:45.209 30801 30819 I BLASTBufferQueue: [VRI[FP Iconview]@97f2e43#2](f:0,a:2,s:0) onFrameAvailable framenumber=10 syncTransactionSet=false
01-22 19:18:45.209 30801 30819 I BLASTBufferQueue: [VRI[FP Iconview]@97f2e43#2](f:1,a:2,s:0) onFrameAvailable framenumber=10 syncTransactionSet=false
01-22 19:18:45.209 30801 30819 I BLASTBufferQueue: [VRI[FP Iconview]@97f2e43#2](f:0,a:3,s:0) mergePendingTransactions t: 132289287684175, frameNumber: 10
01-22 19:18:45.209   663   663 I engmode_binder_client: engmodeclient.get_server 0xb40000736a615e80
01-22 19:18:45.209   663   663 I engmode_binder_client: get service done
01-22 19:18:45.209 30801 30819 I BLASTBufferQueue: [VRI[FP Iconview]@97f2e43#2](f:0,a:3,s:0) acquireNextBufferLocked size=1454x3134 mFrameNumber=10 applyTransaction=true mTimestamp=1866884008959953(auto) mPendingTransactions.size=0 graphicBufferId=132289287684107 transform=0
01-22 19:18:45.209  1159 11387 I engmode_binder_server: EngineeringMode version = 30.5.17,(663/1000)
01-22 19:18:45.209  1159 11387 I engmode_binder_server: (663/1000) got mutex
01-22 19:18:45.209  2814  2927 D StackScroller: onDisplayChanged for predraw skip to 2
01-22 19:18:45.209 30801 30819 I BLASTBufferQueue: [VRI[FP Iconview]@97f2e43#2](f:0,a:3,s:0) onFrameAvailable-start syncTransactionSet=false
01-22 19:18:45.209 30801 30819 I BLASTBufferQueue: [VRI[FP Iconview]@97f2e43#2](f:0,a:3,s:0) onFrameAvailable framenumber=11 syncTransactionSet=false
01-22 19:18:45.209 30801 30819 I BLASTBufferQueue: [VRI[FP Iconview]@97f2e43#2](f:1,a:3,s:0) onFrameAvailable framenumber=11 syncTransactionSet=false
01-22 19:18:45.209 30801 30819 I BLASTBufferQueue: [VRI[FP Iconview]@97f2e43#2](f:0,a:4,s:0) mergePendingTransactions t: 132289287684177, frameNumber: 11
01-22 19:18:45.209  6627  6627 I HBD     : DeX h DeX mode state change in non-main thread 
01-22 19:18:45.209  6627  6627 I HBD     : DeX h DeX mode state change: 3 
01-22 19:18:45.209 30801 30819 I BLASTBufferQueue: [VRI[FP Iconview]@97f2e43#2](f:0,a:4,s:0) acquireNextBufferLocked size=1454x3134 mFrameNumber=11 applyTransaction=true mTimestamp=1866884009547922(auto) mPendingTransactions.size=0 graphicBufferId=132289287684106 transform=0
01-22 19:18:45.209  6422 12687 D HWUI    : CacheManager::trimMemory(40)
01-22 19:18:45.210 28652 28920 I bt_shim_scanner: system/main/shim/le_scanning_manager.cc:233 ScanFilterAdd: in shim layer
01-22 19:18:45.210  1159 11387 I engmode_binder_server: acquire_wake_lock : wakelock-emservice
01-22 19:18:45.210  1159 11387 I engmode_binder_server: onTransact called with 0x00000001
01-22 19:18:45.210 17353  7472 E LoadedApk: Exception : java.lang.NullPointerException: Attempt to invoke virtual method 'boolean android.os.Looper.isPerfLogEnable()' on a null object reference
01-22 19:18:45.211 28652 28920 I bt_shim_scanner: system/main/shim/le_scanning_manager.cc:197 ScanFilterParamSetup: in shim layer, clientIf=1
01-22 19:18:45.212 28652 28920 I bt_shim_scanner: system/main/shim/le_scanning_manager.cc:233 ScanFilterAdd: in shim layer
01-22 19:18:45.212 28652 28920 I bt_shim_scanner: system/main/shim/le_scanning_manager.cc:197 ScanFilterParamSetup: in shim layer, clientIf=1
01-22 19:18:45.212 28652 28920 I bt_shim_scanner: system/main/shim/le_scanning_manager.cc:233 ScanFilterAdd: in shim layer
01-22 19:18:45.212 28652 28920 I bt_shim_scanner: system/main/shim/le_scanning_manager.cc:197 ScanFilterParamSetup: in shim layer, clientIf=1
01-22 19:18:45.213  1159 11387 I engmode_steady: read from steady(11264)
01-22 19:18:45.213  1159 11387 I engmode_world: Read esi
01-22 19:18:45.214 30801   451 I BLASTBufferQueue: [VRI[FP Iconview]@97f2e43#2](f:0,a:4,s:0) releaseBufferCallback bufferId:132289287684105 framenumber:8 layerId:497727
01-22 19:18:45.214 30801   451 I BLASTBufferQueue: [VRI[FP Iconview]@97f2e43#2](f:0,a:3,s:0) released bufferId:132289287684105 framenumber:8 layerId:497727
01-22 19:18:45.214 30801   451 I BLASTBufferQueue: [VRI[FP Iconview]@97f2e43#2](f:0,a:3,s:0) Can't acquire next buffer. No available frames
01-22 19:18:45.214 30801   451 I BLASTBufferQueue: [VRI[FP Iconview]@97f2e43#2](f:0,a:3,s:0) transactionCallback
01-22 19:18:45.214 30801   451 I BLASTBufferQueue: [VRI[FP Iconview]@97f2e43#2](f:0,a:3,s:0) updated mTransformHint=0
01-22 19:18:45.214 28652 28920 I bt_shim_scanner: system/main/shim/le_scanning_manager.cc:233 ScanFilterAdd: in shim layer
01-22 19:18:45.215  1159 11387 I engmode_steady: read from steady(69632)
01-22 19:18:45.215  1159 11387 I engmode_world: Read token
01-22 19:18:45.215  1159 11387 E engmode_world: Unknown token(00/00/00)
01-22 19:18:45.215  1159 11387 I engmode_binder_server: onTransact(0x00000001) ret 0xd0060012
01-22 19:18:45.215   663   663 E engmode_aidl_service: error to server(0xd0060012)
01-22 19:18:45.215   663   663 I engmode_binder_client: engmode client destructor
01-22 19:18:45.216 30801 30819 I BLASTBufferQueue: [VRI[FP Iconview]@97f2e43#2](f:0,a:3,s:0) onFrameAvailable-start syncTransactionSet=false
01-22 19:18:45.216 30801 30819 I BLASTBufferQueue: [VRI[FP Iconview]@97f2e43#2](f:0,a:3,s:0) onFrameAvailable framenumber=12 syncTransactionSet=false
01-22 19:18:45.216 30801 30819 I BLASTBufferQueue: [VRI[FP Iconview]@97f2e43#2](f:1,a:3,s:0) onFrameAvailable framenumber=12 syncTransactionSet=false
01-22 19:18:45.216 30801 30819 I BLASTBufferQueue: [VRI[FP Iconview]@97f2e43#2](f:0,a:4,s:0) mergePendingTransactions t: 132289287684179, frameNumber: 12
01-22 19:18:45.216  2814  2952 V XGL     : ----------------------------------------------------------------------
01-22 19:18:45.216  2814  2952 V XGL     : SUMD version compiled date     = 2025-06-11 14:47 - KST
01-22 19:18:45.216  2814  2952 V XGL     : SUMD version revision number   = 1fc295b0d2
01-22 19:18:45.216  2814  2952 V XGL     : SUMD version info              = Driver version: 24.0.545, git hash: 1fc295b0d2
01-22 19:18:45.216 30801 30819 I BLASTBufferQueue: [VRI[FP Iconview]@97f2e43#2](f:0,a:4,s:0) acquireNextBufferLocked size=1454x3134 mFrameNumber=12 applyTransaction=true mTimestamp=1866884016168000(auto) mPendingTransactions.size=0 graphicBufferId=132289287684105 transform=0
01-22 19:18:45.216  2814  2952 V XGL     : ----------------------------------------------------------------------
01-22 19:18:45.216  2814  2952 V XGL     : Entering: Create
01-22 19:18:45.218  1230  1249 I sysinput:aidl: onReportInformation:93, 1, cmd@fod_enable,1,1,0,0:0
01-22 19:18:45.218 28652 28920 I bt_shim_scanner: system/main/shim/le_scanning_manager.cc:197 ScanFilterParamSetup: in shim layer, clientIf=1
01-22 19:18:45.218  1230  1249 I sysinput:Touch1: operator():237, OK
01-22 19:18:45.218  1559  2646 D SysinputHAL_AIDL: setProperty(TSP(1)): CMD, fod_enable,1,1,0,0 ret=0
01-22 19:18:45.218  1559  2646 D SemInputDevice:TSP: ActivateTask: 2,1 [01-22 19:18:45.009]
01-22 19:18:45.218  2814  2814 I View    : setRequestedFrameRate frameRate=-2.0, this=StatusBarIconView(slot='com.android.systemui/0x7f0a08a6' alpha=1.0 icon=StatusBarIcon(icon=Icon(typ=RESOURCE pkg=com.android.systemui id=0x7f080871) visible user=-1 ) visibleState=ICON iconColor=#ffb0c6ff staticDrawableColor=#ffb0c6ff decorColor=#ff1b6cf7 animationStartColor=#0 currentSetColor=#ffb0c6ff notification=StatusBarNotification(pkg=com.android.systemui user=UserHandle{-1} id=2131364006 tag=charging_state key=-1|com.android.systemui|2131364006|charging_state|10056: Notification(channel=CHR shortcut=null contentView=null vibrate=null sound=null defaults=0 flags=ONGOING_EVENT|ONLY_ALERT_ONCE color=0x00000000 category=sys groupKey=CHARGING vis=PUBLIC semFlags=0x0 semPriority=0 semMissedCount=0))), caller=com.android.systemui.statusbar.StatusBarIconView.onAttachedToWindow:6 android.view.View.dispatchAttachedToWindow:24320 android.view.ViewGroup.addViewInner:5582 android.view.ViewGroup.addView:5358 com.android.systemui.statusbar.phone.LegacyNotificationIconAreaControllerImpl.updateIconsForLayout:468 
01-22 19:18:45.218 28652 28920 I bt_shim_scanner: system/main/shim/le_scanning_manager.cc:233 ScanFilterAdd: in shim layer
01-22 19:18:45.219 28652 28920 I bt_shim_scanner: system/main/shim/le_scanning_manager.cc:197 ScanFilterParamSetup: in shim layer, clientIf=1
01-22 19:18:45.219 28652 28920 I bt_shim_scanner: system/main/shim/le_scanning_manager.cc:233 ScanFilterAdd: in shim layer
01-22 19:18:45.219 28652 28920 I bt_shim_scanner: system/main/shim/le_scanning_manager.cc:197 ScanFilterParamSetup: in shim layer, clientIf=1
01-22 19:18:45.219  2814  2814 D SubscreenNotificationListCoordinator: onAfterRenderList() isSubScreen = false, pluginLockMode = 0, doNotShowOnCover = false
01-22 19:18:45.219 28652 28920 I bt_shim_scanner: system/main/shim/le_scanning_manager.cc:233 ScanFilterAdd: in shim layer
01-22 19:18:45.220 28652 28920 I bt_shim_scanner: system/main/shim/le_scanning_manager.cc:197 ScanFilterParamSetup: in shim layer, clientIf=1
01-22 19:18:45.220 28652 28920 I bt_shim_scanner: system/main/shim/le_scanning_manager.cc:233 ScanFilterAdd: in shim layer
01-22 19:18:45.220  1195  1318 I SensorsHub: AutoBrightnessSensor: lux = 13, time = 2541830240463906
01-22 19:18:45.220  1195  1318 I SensorsHub: context 10 0 9 1,1,26,3,3,237,239,216,1,2, 2541830245760487
01-22 19:18:45.220 28652 28920 I bt_shim_scanner: system/main/shim/le_scanning_manager.cc:197 ScanFilterParamSetup: in shim layer, clientIf=1
01-22 19:18:45.221 28652 28920 I bt_shim_scanner: system/main/shim/le_scanning_manager.cc:233 ScanFilterAdd: in shim layer
01-22 19:18:45.221 28652 28920 I bt_shim_scanner: system/main/shim/le_scanning_manager.cc:197 ScanFilterParamSetup: in shim layer, clientIf=1
01-22 19:18:45.222  1559  3897 D WifiDisplayAdapter: isFitToActiveDisplayLocked : false
01-22 19:18:45.223 17353  7472 I NearbySharing: Screen is unlocked
01-22 19:18:45.223 30801   451 I BLASTBufferQueue: [VRI[FP Iconview]@97f2e43#2](f:0,a:4,s:0) releaseBufferCallback bufferId:132289287684108 framenumber:9 layerId:497727
01-22 19:18:45.223 30801   451 I BLASTBufferQueue: [VRI[FP Iconview]@97f2e43#2](f:0,a:3,s:0) released bufferId:132289287684108 framenumber:9 layerId:497727
01-22 19:18:45.223 17353  7472 I NearbySharing: Uwb feature is off.
01-22 19:18:45.223 17353  7472 I NearbySharing: Uwb feature is off.
01-22 19:18:45.223 30801   451 I BLASTBufferQueue: [VRI[FP Iconview]@97f2e43#2](f:0,a:3,s:0) Can't acquire next buffer. No available frames
01-22 19:18:45.223 30801   451 I BLASTBufferQueue: [VRI[FP Iconview]@97f2e43#2](f:0,a:3,s:0) transactionCallback
01-22 19:18:45.223 30801   451 I BLASTBufferQueue: [VRI[FP Iconview]@97f2e43#2](f:0,a:3,s:0) updated mTransformHint=0
01-22 19:18:45.223 28652 28920 I bt_shim_scanner: system/main/shim/le_scanning_manager.cc:233 ScanFilterAdd: in shim layer
01-22 19:18:45.223 28652 28920 I bt_shim_scanner: system/main/shim/le_scanning_manager.cc:197 ScanFilterParamSetup: in shim layer, clientIf=1
01-22 19:18:45.224 28652 28920 I bt_shim_scanner: system/main/shim/le_scanning_manager.cc:233 ScanFilterAdd: in shim layer
01-22 19:18:45.224 28652 28920 I bt_shim_scanner: system/main/shim/le_scanning_manager.cc:197 ScanFilterParamSetup: in shim layer, clientIf=1
01-22 19:18:45.224 28652 28920 I bt_shim_scanner: system/main/shim/le_scanning_manager.cc:233 ScanFilterAdd: in shim layer
01-22 19:18:45.224 28652 28920 I bt_shim_scanner: system/main/shim/le_scanning_manager.cc:197 ScanFilterParamSetup: in shim layer, clientIf=1
01-22 19:18:45.224 28652 28920 I bt_shim_scanner: system/main/shim/le_scanning_manager.cc:233 ScanFilterAdd: in shim layer
01-22 19:18:45.224 30801 30819 I BLASTBufferQueue: [VRI[FP Iconview]@97f2e43#2](f:0,a:3,s:0) onFrameAvailable-start syncTransactionSet=false
01-22 19:18:45.224 30801 30819 I BLASTBufferQueue: [VRI[FP Iconview]@97f2e43#2](f:0,a:3,s:0) onFrameAvailable framenumber=13 syncTransactionSet=false
01-22 19:18:45.224 30801 30819 I BLASTBufferQueue: [VRI[FP Iconview]@97f2e43#2](f:1,a:3,s:0) onFrameAvailable framenumber=13 syncTransactionSet=false
01-22 19:18:45.224 30801 30819 I BLASTBufferQueue: [VRI[FP Iconview]@97f2e43#2](f:0,a:4,s:0) mergePendingTransactions t: 132289287684181, frameNumber: 13
01-22 19:18:45.224 28652 28920 I bt_shim_scanner: system/main/shim/le_scanning_manager.cc:197 ScanFilterParamSetup: in shim layer, clientIf=1
01-22 19:18:45.224 28652 28920 I bt_shim_scanner: system/main/shim/le_scanning_manager.cc:233 ScanFilterAdd: in shim layer
01-22 19:18:45.224 30801 30819 I BLASTBufferQueue: [VRI[FP Iconview]@97f2e43#2](f:0,a:4,s:0) acquireNextBufferLocked size=1454x3134 mFrameNumber=13 applyTransaction=true mTimestamp=1866884024226750(auto) mPendingTransactions.size=0 graphicBufferId=132289287684108 transform=0
01-22 19:18:45.224 28652 28920 I bt_shim_scanner: system/main/shim/le_scanning_manager.cc:197 ScanFilterParamSetup: in shim layer, clientIf=1
01-22 19:18:45.224 28652 28920 I bt_shim_scanner: system/main/shim/le_scanning_manager.cc:233 ScanFilterAdd: in shim layer
01-22 19:18:45.224 28652 28920 I bt_shim_scanner: system/main/shim/le_scanning_manager.cc:197 ScanFilterParamSetup: in shim layer, clientIf=1
01-22 19:18:45.225  1559  1559 D SmartAlertController: ACTION_SCREEN_ON, reason = 17
01-22 19:18:45.225 17353  7472 I NearbySharing: NearbySharing Internal event ReceiveVisibilityChange(visibility=3)
01-22 19:18:45.226 28652 28920 E ScanManager: [GSIM LOG]: gsimLogHandler, msg: MESSAGE_SCAN_START, appName: com.samsung.android.mcfds, scannerId: 2, reportDelayMillis=0
01-22 19:18:45.226 28652 28920 I bt_shim_scanner: system/main/shim/le_scanning_manager.cc:260 ScanFilterEnable: in shim layer
01-22 19:18:45.227  5817  5817 W ContextImpl: Calling a method in the system process without a qualified user: android.app.ContextImpl.startService:2068 android.content.ContextWrapper.startService:872 android.content.ContextWrapper.startService:872 com.sec.android.diagmonagent.sa.receiver.CFLogReceiver.onReceive:56 android.app.ActivityThread.handleReceiver:5663 
01-22 19:18:45.227 28652 28920 I bt_shim_scanner: system/main/shim/le_scanning_manager.cc:233 ScanFilterAdd: in shim layer
01-22 19:18:45.227 28652 28920 I bt_shim_scanner: system/main/shim/le_scanning_manager.cc:197 ScanFilterParamSetup: in shim layer, clientIf=2
01-22 19:18:45.227 28652 28920 I bt_shim_scanner: system/main/shim/le_scanning_manager.cc:233 ScanFilterAdd: in shim layer
01-22 19:18:45.228  4079  4079 I [MCFServer]_BleScanner(Subscriber): buildScanFilters -  # of service = 1, Data = [02140000050100000001], Mask = [FFFF0000FFFF00000001]
01-22 19:18:45.228  4079  4079 I [MCFServer]_BleScanner(Subscriber): startScan - t - 
01-22 19:18:45.229 28729 28729 I MCFQS   : (BleScanRepository) updateBleScan()-[td:main] screenOn new REQUEST_ONLY
01-22 19:18:45.229 28729 28729 I MCFQS   : (BleScanRepository) startBleScan()-[td:main] (data:[420108],mask:[ffffe8]) , cb=253654252
01-22 19:18:45.231 28652 29634 I bt_shim_scanner: system/main/shim/le_scanning_manager.cc:135 RegisterScanner: in shim layer, UUID=4a0cf9d4-6bbf-4b2d-8e97-48388943a825
01-22 19:18:45.231 30801   451 I BLASTBufferQueue: [VRI[FP Iconview]@97f2e43#2](f:0,a:4,s:0) releaseBufferCallback bufferId:132289287684107 framenumber:10 layerId:497727
01-22 19:18:45.231 30801   451 I BLASTBufferQueue: [VRI[FP Iconview]@97f2e43#2](f:0,a:3,s:0) released bufferId:132289287684107 framenumber:10 layerId:497727
01-22 19:18:45.232  5817  5817 W ContextImpl: Calling a method in the system process without a qualified user: android.app.ContextImpl.startService:2068 android.content.ContextWrapper.startService:872 android.content.ContextWrapper.startService:872 com.sec.android.diagmonagent.sa.receiver.CFLogReceiver.onReceive:56 android.app.ActivityThread.handleReceiver:5663 
01-22 19:18:45.232  1559  2706 I WindowManager: Relayout Window{35e5496 u0 NotificationShade}: viewVisibility=0 req=1440x3120 ty=2040 d0
01-22 19:18:45.232  1559  2564 D SensorService: setSContextDataLocked ints length 2 , byte length 4
01-22 19:18:45.232  1559  2564 D SensorService: setSContextDataLocked f10047c1
01-22 19:18:45.232  1559  2706 D SurfaceComposerClient: setCornerRadius ## bec5419 Splash Screen org.tkideneb2.zeiterfassung#497728 cornerRadius=0.000000
01-22 19:18:45.232  1559  2706 D SurfaceComposerClient: setCornerRadius ## d37c539 org.tkideneb2.zeiterfassung/org.kivy.android.PythonActivity#497725 cornerRadius=0.000000
01-22 19:18:45.232  1195  1195 I SensorsHub: SContextSensor::injecet_sensor_data
01-22 19:18:45.232  1559  2706 W PhoneWindowManager: lockNow pending, ignore updating lockscreen timeout
01-22 19:18:45.232  1195  1195 D SensorsHub: c1 47 00 f1  
01-22 19:18:45.232  1195  1195 D SensorsHub: inject_scontext_data: New ssp_data_injection_fd(43)
01-22 19:18:45.232  1559  2706 D SurfaceComposerClient: setCornerRadius ## bec5419 Splash Screen org.tkideneb2.zeiterfassung#497728 cornerRadius=0.000000
01-22 19:18:45.232  1559  2706 D SurfaceComposerClient: setCornerRadius ## d37c539 org.tkideneb2.zeiterfassung/org.kivy.android.PythonActivity#497725 cornerRadius=0.000000
01-22 19:18:45.232  1195  1195 D SensorsHub: SContext Data Injection return 64
01-22 19:18:45.233  1559  2706 D WindowManager: Changing focus from Window{35e5496 u0 NotificationShade} to Window{d37c539 u0 org.tkideneb2.zeiterfassung/org.kivy.android.PythonActivity} displayId=0 Callers=com.android.server.wm.WindowManagerService.relayoutWindow:1350 com.android.server.wm.Session.relayout:27 com.android.server.wm.Session.relayoutAsync:14 android.view.IWindowSession$Stub.onTransact:854 
01-22 19:18:45.233  1559  2706 I WindowManager: Cancelling animation restarting=true, leash=Surface(name=Surface(name=79f2e38 StatusBar)/@0x90f9c0d - animation-leash of insets_animation)/@0xa042440
01-22 19:18:45.233  1559  2706 I WindowManager: Reparenting to original parent: Surface(name=WindowToken{3dd2a8f type=2000 android.os.BinderProxy@684d2bb})/@0xc3f97c2, destroy=false, surface=Surface(name=79f2e38 StatusBar)/@0x90f9c0d
01-22 19:18:45.233  1559  2706 I WindowManager: Reparenting to leash, surface=Surface(name=79f2e38 StatusBar)/@0x90f9c0d, leashParent=Surface(name=WindowToken{3dd2a8f type=2000 android.os.BinderProxy@684d2bb})/@0xc3f97c2
01-22 19:18:45.233  1559  2562 D CAE     : onGetSensorHubData(SensorHubParserProvider.java:92) - onGetSensorHubData Event [event buffer len :10], AP_WAKEUP
01-22 19:18:45.233  1248  2394 I SurfaceFlinger: id=497735 createSurf, flag=24000, Surface(name=79f2e38 StatusBar)/@0x90f9c0d - animation-leash of insets_animation#497735
01-22 19:18:45.233  1559  2562 I CAE     : parse(SensorHubParserProvider.java:188) - buffer size = 10
01-22 19:18:45.233  1559  2562 I CAE     : parse(SensorHubParserProvider.java:199) - 1, 1, 26, 3, 3, -19, -17, -40, 1, 2,
01-22 19:18:45.233  1559  1598 D PowerManagerService: [api] setUserActivityTimeoutOverrideFromWindowManagerInternal: timeoutMillis: -1
01-22 19:18:45.233  1559  1598 D PowerManagerService: getScreenOffTimeoutLocked: 5000 -> 600000
01-22 19:18:45.233 17353  7290 E LoadedApk: Exception : java.lang.NullPointerException: Attempt to invoke virtual method 'boolean android.os.Looper.isPerfLogEnable()' on a null object reference
01-22 19:18:45.233  1559  1598 D PowerManagerService: [api] setScreenDimDurationOverrideFromWindowManagerInternal: timeoutMillis: -1
01-22 19:18:45.233 30801   451 I BLASTBufferQueue: [VRI[FP Iconview]@97f2e43#2](f:0,a:3,s:0) Can't acquire next buffer. No available frames
01-22 19:18:45.234  2814  2814 I BLASTBufferQueue_Java: update, w= 1440 h= 3120 mName = VRI[NotificationShade]@aa1a57e mNativeObject= 0xb400006e371bba70 sc.mNativeObject= 0xb400006db7057bd0 format= -3 caller= android.view.ViewRootImpl.updateBlastSurfaceIfNeeded:3574 android.view.ViewRootImpl.relayoutWindow:11685 android.view.ViewRootImpl.performTraversals:4804 android.view.ViewRootImpl.doTraversal:3924 android.view.ViewRootImpl$TraversalRunnable.run:12903 android.view.Choreographer$CallbackRecord.run:1901 
01-22 19:18:45.234 30801 30819 I BLASTBufferQueue: [VRI[FP Iconview]@97f2e43#2](f:0,a:3,s:0) onFrameAvailable-start syncTransactionSet=false
01-22 19:18:45.234 30801 30819 I BLASTBufferQueue: [VRI[FP Iconview]@97f2e43#2](f:0,a:3,s:0) onFrameAvailable framenumber=14 syncTransactionSet=false
01-22 19:18:45.234 30801 30819 I BLASTBufferQueue: [VRI[FP Iconview]@97f2e43#2](f:1,a:3,s:0) onFrameAvailable framenumber=14 syncTransactionSet=false
01-22 19:18:45.234  2814  2814 I VRI[NotificationShade]@aa1a57e: Relayout returned: old=(0,0,1440,3120) new=(0,0,1440,3120) relayoutAsync=true req=(1440,3120)0 dur=1 res=0x0 s={true 0xb400006d471da9e0} ch=false seqId=2959
01-22 19:18:45.234 30801 30819 I BLASTBufferQueue: [VRI[FP Iconview]@97f2e43#2](f:0,a:4,s:0) mergePendingTransactions t: 132289287684183, frameNumber: 14
01-22 19:18:45.234 30801 30819 I BLASTBufferQueue: [VRI[FP Iconview]@97f2e43#2](f:0,a:4,s:0) acquireNextBufferLocked size=1454x3134 mFrameNumber=14 applyTransaction=true mTimestamp=1866884033883390(auto) mPendingTransactions.size=0 graphicBufferId=132289287684107 transform=0
01-22 19:18:45.234 30801   451 I BLASTBufferQueue: [VRI[FP Iconview]@97f2e43#2](f:0,a:4,s:0) transactionCallback
01-22 19:18:45.234 30801   451 I BLASTBufferQueue: [VRI[FP Iconview]@97f2e43#2](f:0,a:4,s:0) updated mTransformHint=0
01-22 19:18:45.234 28652 29634 I bt_shim_scanner: system/main/shim/le_scanning_manager.cc:135 RegisterScanner: in shim layer, UUID=a4a05abf-008c-4b20-b537-31430f527055
01-22 19:18:45.234 28652 28686 E bluetooth: system/gd/hci/le_scanning_manager.cc:998 scan_filter_add: Add passive filterScan. filter_index=27, uuid=0000fd59-0000-1000-8000-00805f9b34fb
01-22 19:18:45.234  1559  2706 D WindowManager: makeSurface duration=1 leash=Surface(name=Surface(name=79f2e38 StatusBar)/@0x90f9c0d - animation-leash of insets_animation)/@0xdd46a1d
01-22 19:18:45.234  1559  2706 D InsetsSourceProvider: updateControlForTarget: control=InsetsSourceControl: {4bc40000 mType=statusBars initiallyVisible mSurfacePosition=Point(0, 0) mInsetsHint=Insets{left=0, top=113, right=0, bottom=0}}, target=Window{d37c539 u0 org.tkideneb2.zeiterfassung/org.kivy.android.PythonActivity}, from=com.android.server.wm.InsetsStateController.onControlTargetChanged:83 com.android.server.wm.InsetsPolicy.updateBarControlTarget:212 com.android.server.wm.DisplayPolicy.updateSystemBarAttributes:262 com.android.server.wm.WindowManagerService.updateFocusedWindowLocked:372 com.android.server.wm.WindowManagerService.relayoutWindow:1350 
01-22 19:18:45.234  1559  2706 D InsetsSourceProvider: updateFakeControlTarget: fakeControl=InsetsSourceControl: {4bc40000 mType=statusBars mSurfacePosition=Point(0, 0) mInsetsHint=Insets{left=0, top=0, right=0, bottom=0}}, fakeTarget=null
01-22 19:18:45.234  1559  2706 I WindowManager: Cancelling animation restarting=true, leash=Surface(name=Surface(name=bb05b8a NavigationBar0)/@0xea5f934 - animation-leash of insets_animation)/@0xf781eca
01-22 19:18:45.234 28652 28686 W bluetooth: system/gd/hci/le_scanning_manager.cc:650 register_scanner: register_scanner
01-22 19:18:45.235  1559  2706 I WindowManager: Reparenting to original parent: Surface(name=WindowToken{fcd71f5 type=2019 android.os.BinderProxy@b75f832})/@0xd1235d, destroy=false, surface=Surface(name=bb05b8a NavigationBar0)/@0xea5f934
01-22 19:18:45.235 28652 28686 W bluetooth: system/gd/hci/le_scanning_manager.cc:650 register_scanner: register_scanner
01-22 19:18:45.235  1559  2562 D CAE     : display(ContextProvider.java:375) - ================= ACTIVITY_TRACKER =================
01-22 19:18:45.235  1559  2706 I WindowManager: Reparenting to leash, surface=Surface(name=bb05b8a NavigationBar0)/@0xea5f934, leashParent=Surface(name=WindowToken{fcd71f5 type=2019 android.os.BinderProxy@b75f832})/@0xd1235d
01-22 19:18:45.235  1559  2562 I CAE     : display(ContextProvider.java:391) - Accuracy=[2], OperationMode=[0], ActivityType=[1], TimeStamp=[1769105925080]
01-22 19:18:45.235  1559  2562 D CAE     : display(ContextProvider.java:375) - ================= ACTIVITY_TRACKER_INTERRUPT =================
01-22 19:18:45.235  1248  1316 I SurfaceFlinger: id=497736 createSurf, flag=24000, Surface(name=bb05b8a NavigationBar0)/@0xea5f934 - animation-leash of insets_animation#497736
01-22 19:18:45.235  1559  2562 I CAE     : display(ContextProvider.java:391) - Accuracy=[2], OperationMode=[1], ActivityType=[1], TimeStamp=[1769105925080]
01-22 19:18:45.235  1559  2706 D WindowManager: makeSurface duration=1 leash=Surface(name=Surface(name=bb05b8a NavigationBar0)/@0xea5f934 - animation-leash of insets_animation)/@0x82b0e63
01-22 19:18:45.235  1559  2563 I CAE     : handleMessage(CaPowerManager.java:273) - SCREEN_ON_INTENT
01-22 19:18:45.235  1559  2559 D SemContextService: Service.updateContext() : service = Activity Tracker
01-22 19:18:45.235  1559  2706 D InsetsSourceProvider: updateControlForTarget: control=InsetsSourceControl: {f7410001 mType=navigationBars initiallyVisible mSurfacePosition=Point(0, 2952) mInsetsHint=Insets{left=0, top=0, right=0, bottom=168}}, target=Window{d37c539 u0 org.tkideneb2.zeiterfassung/org.kivy.android.PythonActivity}, from=com.android.server.wm.InsetsStateController.onControlTargetChanged:83 com.android.server.wm.InsetsPolicy.updateBarControlTarget:225 com.android.server.wm.DisplayPolicy.updateSystemBarAttributes:262 com.android.server.wm.WindowManagerService.updateFocusedWindowLocked:372 com.android.server.wm.WindowManagerService.relayoutWindow:1350 
01-22 19:18:45.235  1559  2706 D InsetsSourceProvider: updateFakeControlTarget: fakeControl=InsetsSourceControl: {f7410001 mType=navigationBars mSurfacePosition=Point(0, 0) mInsetsHint=Insets{left=0, top=0, right=0, bottom=0}}, fakeTarget=null
01-22 19:18:45.235  1559  2559 D SemContextService: Service.updateContext() : service = Activity Notification
01-22 19:18:45.235  1559  2706 D WindowManager: updateSystemBarAttributes: displayId=0, focusedCanBeNavColorWin=false, win=Window{d37c539 u0 org.tkideneb2.zeiterfassung/org.kivy.android.PythonActivity}, navColorWin=Window{bec5419 u0 Splash Screen org.tkideneb2.zeiterfassung}, caller=com.android.server.wm.WindowManagerService.updateFocusedWindowLocked:372 com.android.server.wm.WindowManagerService.relayoutWindow:1350 com.android.server.wm.Session.relayout:27 
01-22 19:18:45.235  1559  8838 D SemContextManager: onSemContextChanged() : event = Activity Notification
01-22 19:18:45.235  1559  2706 D WindowManager: updateSystemBarAttributes, bhv=1, apr=0, statusBarAprRegions=[AppearanceRegion{ bounds=[0,0][1440,3120]}], requestedVisibilities=-9
01-22 19:18:45.235  1559  2706 V SystemKeyManager: updateFocusedWindow() is called, org.tkideneb2.zeiterfassung/org.kivy.android.PythonActivity
01-22 19:18:45.235  1559  2706 I SystemKeyManager: requested systemKeyInfo size=1 focusedWindow=org.tkideneb2.zeiterfassung/org.kivy.android.PythonActivity
01-22 19:18:45.235  1559  2706 I SystemKeyManager: requested systemKeyInfo size=1 focusedWindow=org.tkideneb2.zeiterfassung/org.kivy.android.PythonActivity
01-22 19:18:45.236  1559  1559 D SemContextManager: onSemContextChanged() : event = Activity Tracker
01-22 19:18:45.236  1559  1559 E PocketMotionManager: activity tracker 1, 2
01-22 19:18:45.236  1559  2651 I MR2ServiceImpl: Updating composite discovery preference | preference: RouteDiscoveryRequest{ preferredFeatures={}, activeScan=false }, active routers: []
01-22 19:18:45.236  1559  2706 I WindowManager: Relayout hash=35e5496, pid=0, syncId=-1: mAttrs={(0,0)(fillxfill) gr=TOP CENTER_VERTICAL sim={adjust=pan} layoutInDisplayCutoutMode=always ty=NOTIFICATION_SHADE fmt=TRANSLUCENT
01-22 19:18:45.236  1559  2706 I WindowManager:   fl=81040048
01-22 19:18:45.236  1559  2706 I WindowManager:   pfl=10000200
01-22 19:18:45.236  1559  2706 I WindowManager:   bhv=2
01-22 19:18:45.236  1559  2706 I WindowManager:   frameRateBoostOnTouch=true
01-22 19:18:45.236  1559  2706 I WindowManager:   dvrrWindowFrameRateHint=true naviIconColor=0
01-22 19:18:45.236  1559  2706 I WindowManager:   sfl=40000}
01-22 19:18:45.236  5817  5817 W ContextImpl: Calling a method in the system process without a qualified user: android.app.ContextImpl.startService:2068 android.content.ContextWrapper.startService:872 android.content.ContextWrapper.startService:872 com.sec.android.diagmonagent.sa.receiver.CFLogReceiver.onReceive:56 android.app.ActivityThread.handleReceiver:5663 
01-22 19:18:45.237 17353 17525 I NearbyDiscovery: (REDACTED) FastPairHandler: Received action %s
01-22 19:18:45.237 28652 28920 I bt_shim_scanner: system/main/shim/le_scanning_manager.cc:197 ScanFilterParamSetup: in shim layer, clientIf=2
01-22 19:18:45.237 17353 17525 I NearbyDiscovery: (REDACTED) PureOffloadFastPairScanner: eventType=%s, isInternalReq=%s, isScanning=%s, isScanningAllowed=%s
01-22 19:18:45.238  1559  8838 W ContextImpl: Calling a method in the system process without a qualified user: android.app.ContextImpl.sendBroadcast:1335 com.samsung.android.mocca.app.base.SemContextProvider.reportActivityNotificationEvent:209 com.samsung.android.mocca.app.base.SemContextProvider.lambda$new$3:34 com.samsung.android.mocca.app.base.SemContextProvider.a:0 x.i.onSemContextChanged:2 
01-22 19:18:45.238  1248  1248 I SurfaceFlinger: [Surface(name=79f2e38 StatusBar)/@0x90f9c0d - animation-leash of insets_animation#497735] attach to parent LayerHierarchy{RequestedLayerState{WindowToken{3dd2a8f type=2000 android.os.BinderProxy@684d2bb}#101 parentId=17} 2 children}
01-22 19:18:45.238  1248  1248 I SurfaceFlinger: [Surface(name=bb05b8a NavigationBar0)/@0xea5f934 - animation-leash of insets_animation#497736] attach to parent LayerHierarchy{RequestedLayerState{WindowToken{fcd71f5 type=2019 android.os.BinderProxy@b75f832}#97 parentId=34} 2 children}
01-22 19:18:45.239  7505  7532 V python  : extracting _python_bundle/site-packages/kivymd/fonts/Roboto-Medium.ttf
01-22 19:18:45.240 30801   451 I BLASTBufferQueue: [VRI[FP Iconview]@97f2e43#2](f:0,a:4,s:0) releaseBufferCallback bufferId:132289287684106 framenumber:11 layerId:497727
01-22 19:18:45.240 30801   451 I BLASTBufferQueue: [VRI[FP Iconview]@97f2e43#2](f:0,a:3,s:0) released bufferId:132289287684106 framenumber:11 layerId:497727
01-22 19:18:45.240 21232 21267 I D_FME:[CFDvcDBHandler      ]: init CFDevice from database : 1367
01-22 19:18:45.240 30801   451 I BLASTBufferQueue: [VRI[FP Iconview]@97f2e43#2](f:0,a:3,s:0) Can't acquire next buffer. No available frames
01-22 19:18:45.240 30801 30819 I BLASTBufferQueue: [VRI[FP Iconview]@97f2e43#2](f:0,a:3,s:0) onFrameAvailable-start syncTransactionSet=false
01-22 19:18:45.241 30801 30819 I BLASTBufferQueue: [VRI[FP Iconview]@97f2e43#2](f:0,a:3,s:0) onFrameAvailable framenumber=15 syncTransactionSet=false
01-22 19:18:45.241 30801 30819 I BLASTBufferQueue: [VRI[FP Iconview]@97f2e43#2](f:1,a:3,s:0) onFrameAvailable framenumber=15 syncTransactionSet=false
01-22 19:18:45.241 30801 30819 I BLASTBufferQueue: [VRI[FP Iconview]@97f2e43#2](f:0,a:4,s:0) mergePendingTransactions t: 132289287684185, frameNumber: 15
01-22 19:18:45.241 30801 30819 I BLASTBufferQueue: [VRI[FP Iconview]@97f2e43#2](f:0,a:4,s:0) acquireNextBufferLocked size=1454x3134 mFrameNumber=15 applyTransaction=true mTimestamp=1866884040820851(auto) mPendingTransactions.size=0 graphicBufferId=132289287684106 transform=0
01-22 19:18:45.241 30801   451 I BLASTBufferQueue: [VRI[FP Iconview]@97f2e43#2](f:0,a:4,s:0) transactionCallback
01-22 19:18:45.241 30801   451 I BLASTBufferQueue: [VRI[FP Iconview]@97f2e43#2](f:0,a:4,s:0) updated mTransformHint=0
01-22 19:18:45.241 17353 17525 I NearbyDiscovery: (REDACTED) ApFastPairScanner: isScreenOn=%s, isLocationEnabled=%s, disableLocationRequirement=%s, isDiscoveryScanningEnabled=%s, during24GhzWifiWarmingUpPeriod=%s
01-22 19:18:45.241 17353 17525 D BluetoothAdapter: isLeEnabled(): ON
01-22 19:18:45.241 17353 17525 I NearbyDiscovery: (REDACTED) ApFastPairScanner: eventType=%s, intReq=%s, scanning=%s, scanAllowed=%s, bleEnabled=%s, lockScanRate=%s, startScanningByLowPowerMode=%s
01-22 19:18:45.241 17353 17525 I NearbyDiscovery: FastPairController: onSystemStateChanged: skip due to flag disabled [CONTEXT service_id=265 ]
01-22 19:18:45.242  2814  2814 I NowBarCardViewModel: setNowBarVisibility: true
01-22 19:18:45.242  2814  2814 D NotificationPanelView: setNowBarVisibility() isVisible = true
01-22 19:18:45.242  2814  2814 D KeyguardSecBottomAreaViewController: setNowBarVisibility  isVisible: true, oldVisible: false, showShortcutAnim: false, isShortcutAnimRunning: false
01-22 19:18:45.242  2814  2814 D KeyguardSecAffordanceView: setNowBarVisibility old: false, new: true, LeftShortcut
01-22 19:18:45.242  2814  2814 D View    : semSetBlurInfo, blurInfo : android.view.SemBlurInfo@a831b8e {BLUR_MODE_WINDOW, mBlurRadius = 300, mBackgroundBlurColor = 0, mCornerRadiusTL = 79.5, mCornerRadiusTR = 79.5, mCornerRadiusBL = 79.5, mCornerRadiusBR = 79.5, mClipRectLeft = 0, mClipRectTop = 0, mClipRectRight = 2147483647, mClipRectBottom = 2147483647, mColorCurve = android.view.SemBlurInfo$ColorCurve@a0c2faf {minX = 0.0, minY = 13.3, maxX = 255.0, maxY = 235.1, curveBias = -15.0, saturation = 0.1}}, com.android.systemui.statusbar.KeyguardSecAffordanceView{7d6b948 G.ED..... ......ID 0,0-159,159 #7f0a0cad app:id/start_button}
01-22 19:18:45.242  2814  2814 D KeyguardSecAffordanceView: setNowBarVisibility animate: false, mDeviceInteractive: true, isKeyguardVisible: true, LeftShortcut
01-22 19:18:45.242  2814  2814 D KeyguardSecAffordanceView: setNowBarVisibility old: false, new: true, RightShortcut
01-22 19:18:45.242  2814  2814 D View    : semSetBlurInfo, blurInfo : android.view.SemBlurInfo@e11cfbc {BLUR_MODE_WINDOW, mBlurRadius = 300, mBackgroundBlurColor = 0, mCornerRadiusTL = 79.5, mCornerRadiusTR = 79.5, mCornerRadiusBL = 79.5, mCornerRadiusBR = 79.5, mClipRectLeft = 0, mClipRectTop = 0, mClipRectRight = 2147483647, mClipRectBottom = 2147483647, mColorCurve = android.view.SemBlurInfo$ColorCurve@248eb45 {minX = 0.0, minY = 13.3, maxX = 255.0, maxY = 235.1, curveBias = -15.0, saturation = 0.1}}, com.android.systemui.statusbar.KeyguardSecAffordanceView{94b6665 G.ED..... ......ID 0,0-159,159 #7f0a0469 app:id/end_button}
01-22 19:18:45.243  2814  2814 D KeyguardSecAffordanceView: setNowBarVisibility animate: false, mDeviceInteractive: true, isKeyguardVisible: true, RightShortcut
01-22 19:18:45.243  2814  2814 W View    : requestLayout() improperly called by com.android.systemui.qs.SecQSGradationDrawableView{eced6f3 V.E...... ......ID 0,0-1440,413 #7f0a0a16 app:id/qs_gradation_view} during layout: running second layout pass
01-22 19:18:45.243  2814  2814 W View    : requestLayout() improperly called by android.widget.FrameLayout{681bfb0 V.E...... ......I. 0,0-1440,3120 #2} during layout: running second layout pass
01-22 19:18:45.243  2814  2814 W View    : requestLayout() improperly called by android.widget.FrameLayout{fc66e29 V.E...... ......ID 0,196-1440,2952 #7f0a0a14 app:id/qs_frame} during layout: running second layout pass
01-22 19:18:45.243  1559  1559 I ChimeraSystemEventListener: onReceive() - action: android.intent.action.SCREEN_ON
01-22 19:18:45.243  1559  5803 D SurfaceComposerClient: setCornerRadius ## bec5419 Splash Screen org.tkideneb2.zeiterfassung#497728 cornerRadius=0.000000
01-22 19:18:45.243  1559  5803 D SurfaceComposerClient: setCornerRadius ## d37c539 org.tkideneb2.zeiterfassung/org.kivy.android.PythonActivity#497725 cornerRadius=0.000000
01-22 19:18:45.243  2814  2814 W RefactorFlag: New code path expects SceneContainerFlag to be enabled.
01-22 19:18:45.243  1559  5803 W PhoneWindowManager: lockNow pending, ignore updating lockscreen timeout
01-22 19:18:45.243 17353 17353 I BatchScanningManager: Batch scanner stopped/cancelled (if it was running/scheduled). [CONTEXT service_id=284 ]
01-22 19:18:45.243  2814  2814 D ExpandableNotifRow: mMaxSmallHeight different before reInflateViews mMaxSmallHeight: 252 mTempSmallHeight:0 -1|com.android.systemui|2131364006|charging_state|10056
01-22 19:18:45.243  1559  5803 D SurfaceComposerClient: setCornerRadius ## bec5419 Splash Screen org.tkideneb2.zeiterfassung#497728 cornerRadius=0.000000
01-22 19:18:45.243  2814  2814 D ExpandableNotifRow: mMaxSmallHeight different before reInflateViews mMaxSmallHeight: 252 mTempSmallHeight:0 -1|com.android.systemui|2131364006|charging_state|10056
01-22 19:18:45.243  1559  5803 D SurfaceComposerClient: setCornerRadius ## d37c539 org.tkideneb2.zeiterfassung/org.kivy.android.PythonActivity#497725 cornerRadius=0.000000
01-22 19:18:45.243 17353  7290 D BluetoothAdapter: isLeEnabled(): ON
01-22 19:18:45.244  1559  2667 D SemWifiP2pGoPowerSave: handleScreenState: true
01-22 19:18:45.244  2814  2814 D ExpandableNotifRow: mMaxSmallHeight different before reInflateViews mMaxSmallHeight: 252 mTempSmallHeight:0 0|com.bumble.app|1|SINGLE_MESSAGES-2291966350|10461
01-22 19:18:45.244  2814  2814 D ExpandableNotifRow: mMaxSmallHeight different before reInflateViews mMaxSmallHeight: 252 mTempSmallHeight:0 0|com.bumble.app|1|SINGLE_MESSAGES-2291966350|10461
01-22 19:18:45.244  2814  2814 D ScrimController: updateScrims: isWakeAndUnlockAnimationAODFullScreenMode()=false
01-22 19:18:45.245  2814  2814 I VRI[NotificationShade]@aa1a57e: registerCallbackForPendingTransactions
01-22 19:18:45.246  1559  2667 V WifiProfileShare: screen on
01-22 19:18:45.246  1248  1248 I SurfaceFlinger: [LayerHierarchy{RequestedLayerState{79f2e38 StatusBar#102 parentId=497735} 1 children}] reparent to LayerHierarchy{RequestedLayerState{Surface(name=79f2e38 StatusBar)/@0x90f9c0d - animation-leash of insets_animation#497735 parentId=101} 1 children}
01-22 19:18:45.246  1248  1248 I SurfaceFlinger: [LayerHierarchy{RequestedLayerState{bb05b8a NavigationBar0#98 parentId=497736} 1 children}] reparent to LayerHierarchy{RequestedLayerState{Surface(name=bb05b8a NavigationBar0)/@0xea5f934 - animation-leash of insets_animation#497736 parentId=97} 1 children}
01-22 19:18:45.246  1248  1248 I SurfaceFlinger: [LayerHierarchy{RequestedLayerState{Surface(name=bb05b8a NavigationBar0)/@0xea5f934 - animation-leash of insets_animation#497717} no children}] reparent to OffscreenRoot
01-22 19:18:45.246  1248  1248 I SurfaceFlinger: [LayerHierarchy{RequestedLayerState{Surface(name=bb05b8a NavigationBar0)/@0xea5f934 - animation-leash of insets_animation#497717} no children}] RelativeParent to null
01-22 19:18:45.246  1248  1248 I SurfaceFlinger: [LayerHierarchy{RequestedLayerState{Surface(name=79f2e38 StatusBar)/@0x90f9c0d - animation-leash of insets_animation#497716} no children}] reparent to OffscreenRoot
01-22 19:18:45.246  1248  1248 I SurfaceFlinger: [LayerHierarchy{RequestedLayerState{Surface(name=79f2e38 StatusBar)/@0x90f9c0d - animation-leash of insets_animation#497716} no children}] RelativeParent to null
01-22 19:18:45.247  1559  2699 D SemStrongRssiRoaming: updatePollingState 49, 59
01-22 19:18:45.249  1248  1248 D SurfaceFlinger: Display 4633128672291736003 HWC layers:
01-22 19:18:45.249  1248  1248 D SurfaceFlinger:        DEVICE |           12086038195025 | 00002100 | RGBA_8888    |    0.0    0.0 1440.0  113.0 |    0    0 1440  113 | StatusBar$_2814#110 (1790736)
01-22 19:18:45.249  1248  1248 D SurfaceFlinger:        DEVICE |           12086038195104 | 00002100 | RGBA_8888    |    0.0    0.0 1440.0 3120.0 |    0    0 1440 3120 | NotificationShade$_2814#497715 (541)
01-22 19:18:45.249  1248  1248 D SurfaceFlinger:        DEVICE |           12086038195019 | 00002100 | RGBA_8888    |    0.0    0.0 1440.0  168.0 |    0 2952 1440 3120 | NavigationBar0$_2814#108 (960202)
01-22 19:18:45.249  1248  1248 D SurfaceFlinger:        DEVICE |          132289287684108 | 00002140 | RGBA_8888    |    7.0    7.0 1447.0 3127.0 |    0    0 1440 3120 | FP Iconview$_30801#497727 (13)
01-22 19:18:45.249  1248  1248 D SurfaceFlinger: 
01-22 19:18:45.249 30801   451 I BLASTBufferQueue: [VRI[FP Iconview]@97f2e43#2](f:0,a:4,s:0) releaseBufferCallback bufferId:132289287684105 framenumber:12 layerId:497727
01-22 19:18:45.249 30801   451 I BLASTBufferQueue: [VRI[FP Iconview]@97f2e43#2](f:0,a:3,s:0) released bufferId:132289287684105 framenumber:12 layerId:497727
01-22 19:18:45.249  1248  1426 D SurfaceFlinger: [input] setFocusedWindow: d37c539 org.tkideneb2.zeiterfassung/org.kivy.android.PythonActivity
01-22 19:18:45.249 30801   451 I BLASTBufferQueue: [VRI[FP Iconview]@97f2e43#2](f:0,a:3,s:0) Can't acquire next buffer. No available frames
01-22 19:18:45.250 30801 30819 I BLASTBufferQueue: [VRI[FP Iconview]@97f2e43#2](f:0,a:3,s:0) onFrameAvailable-start syncTransactionSet=false
01-22 19:18:45.250 30801 30819 I BLASTBufferQueue: [VRI[FP Iconview]@97f2e43#2](f:0,a:3,s:0) onFrameAvailable framenumber=16 syncTransactionSet=false
01-22 19:18:45.250 30801 30819 I BLASTBufferQueue: [VRI[FP Iconview]@97f2e43#2](f:1,a:3,s:0) onFrameAvailable framenumber=16 syncTransactionSet=false
01-22 19:18:45.250 30801 30819 I BLASTBufferQueue: [VRI[FP Iconview]@97f2e43#2](f:0,a:4,s:0) mergePendingTransactions t: 132289287684187, frameNumber: 16
01-22 19:18:45.250 30801 30819 I BLASTBufferQueue: [VRI[FP Iconview]@97f2e43#2](f:0,a:4,s:0) acquireNextBufferLocked size=1454x3134 mFrameNumber=16 applyTransaction=true mTimestamp=1866884049868234(auto) mPendingTransactions.size=0 graphicBufferId=132289287684105 transform=0
01-22 19:18:45.250 30801   451 I BLASTBufferQueue: [VRI[FP Iconview]@97f2e43#2](f:0,a:4,s:0) transactionCallback
01-22 19:18:45.250 30801   451 I BLASTBufferQueue: [VRI[FP Iconview]@97f2e43#2](f:0,a:4,s:0) updated mTransformHint=0
01-22 19:18:45.250  1559  6879 D InputDispatcher: Focus left window (0): 35e5496 NotificationShade
01-22 19:18:45.250  1559  1599 I WindowManager: notifyInsetsControlChanged, removed=false, win=Window{bec5419 u0 Splash Screen org.tkideneb2.zeiterfassung}, caller=com.android.server.wm.InsetsStateController$$ExternalSyntheticLambda1.run:137 com.android.server.wm.WindowAnimator$$ExternalSyntheticLambda2.onTransactionCommitted:26 android.view.SurfaceControl$Transaction$$ExternalSyntheticLambda4.run:0 android.os.Handler.handleCallback:995 android.os.Handler.dispatchMessage:103 android.os.Looper.loopOnce:273 
01-22 19:18:45.251  7505  7505 I InsetsSourceConsumer: applyRequestedVisibilityToControl: visible=true, type=statusBars, host=org.tkideneb2.zeiterfassung/org.kivy.android.PythonActivity
01-22 19:18:45.251  7505  7505 I InsetsSourceConsumer: applyRequestedVisibilityToControl: visible=true, type=navigationBars, host=org.tkideneb2.zeiterfassung/org.kivy.android.PythonActivity
01-22 19:18:45.252  1559  1784 I ActivityManager: Changes in 99728 19 to 11, 0 to 128
01-22 19:18:45.252  1559  3897 D InputDispatcher: Once focus requested (0): d37c539 org.tkideneb2.zeiterfassung/org.kivy.android.PythonActivity
01-22 19:18:45.253  1559  3897 D InputDispatcher: Focus request (0): d37c539 org.tkideneb2.zeiterfassung/org.kivy.android.PythonActivity but waiting because NOT_VISIBLE
01-22 19:18:45.253  1559  1784 I ActivityManager: Changes in 10261 17 to 11, 0 to 128
01-22 19:18:45.253  1559  1784 I ActivityManager: Changes in 10119 19 to 11, 0 to 128
01-22 19:18:45.253  1559  2667 D SemWifiSwitchForIndividualAppsService: stopTCPMonitoring : already stopped
01-22 19:18:45.254  1559  5803 I ActivityManager: Changes in 99728 11 to 19, 128 to 0
01-22 19:18:45.254  1559  5803 I ActivityManager: Changes in 10261 11 to 17, 128 to 0
01-22 19:18:45.254  1559  5803 I ActivityManager: Changes in 10119 11 to 19, 128 to 0
01-22 19:18:45.254  8667  8667 I Finsky:background: [2] Memory trim requested to level 40
01-22 19:18:45.255 28652 28920 E ScanManager: [GSIM LOG]: gsimLogHandler, msg: MESSAGE_SCAN_START, appName: com.samsung.android.mcfserver, scannerId: 8, reportDelayMillis=0
01-22 19:18:45.255 28652 28920 I bt_shim_scanner: system/main/shim/le_scanning_manager.cc:260 ScanFilterEnable: in shim layer
01-22 19:18:45.256 28652 28920 I bt_shim_scanner: system/main/shim/le_scanning_manager.cc:233 ScanFilterAdd: in shim layer
01-22 19:18:45.256 27821 27821 I Finsky  : [2] Memory trim requested to level 40
01-22 19:18:45.256 27821 27821 I Finsky  : [2] Flushing in-memory image cache
01-22 19:18:45.256  1195  1318 I SensorsHub: PocketPosMode: totalState = 2, positionState = 2, positionCase = 6 pedoState = 2pedoCase = 0 version = 23111600 time = 2541830280496328
01-22 19:18:45.256  1559  1559 D PocketSensitivityManager: POCKET POSSENSOR : state 2 posState 2 posCase 6 pedoState 2 pedoCase 0 version 23111600
01-22 19:18:45.257 30801   451 I BLASTBufferQueue: [VRI[FP Iconview]@97f2e43#2](f:0,a:4,s:0) releaseBufferCallback bufferId:132289287684108 framenumber:13 layerId:497727
01-22 19:18:45.257 30801   451 I BLASTBufferQueue: [VRI[FP Iconview]@97f2e43#2](f:0,a:3,s:0) released bufferId:132289287684108 framenumber:13 layerId:497727
01-22 19:18:45.257 28652 28920 I bt_shim_scanner: system/main/shim/le_scanning_manager.cc:197 ScanFilterParamSetup: in shim layer, clientIf=8
01-22 19:18:45.257 30801   451 I BLASTBufferQueue: [VRI[FP Iconview]@97f2e43#2](f:0,a:3,s:0) Can't acquire next buffer. No available frames
01-22 19:18:45.257 30801 30819 I BLASTBufferQueue: [VRI[FP Iconview]@97f2e43#2](f:0,a:3,s:0) onFrameAvailable-start syncTransactionSet=false
01-22 19:18:45.257 30801 30819 I BLASTBufferQueue: [VRI[FP Iconview]@97f2e43#2](f:0,a:3,s:0) onFrameAvailable framenumber=17 syncTransactionSet=false
01-22 19:18:45.257 30801 30819 I BLASTBufferQueue: [VRI[FP Iconview]@97f2e43#2](f:1,a:3,s:0) onFrameAvailable framenumber=17 syncTransactionSet=false
01-22 19:18:45.257 30801 30819 I BLASTBufferQueue: [VRI[FP Iconview]@97f2e43#2](f:0,a:4,s:0) mergePendingTransactions t: 132289287684189, frameNumber: 17
01-22 19:18:45.257  1559  2568 D PocketModeEvent: MSG_TYPE_DISABLE_INSENSITIVE_MODE
01-22 19:18:45.257 30801 30819 I BLASTBufferQueue: [VRI[FP Iconview]@97f2e43#2](f:0,a:4,s:0) acquireNextBufferLocked size=1454x3134 mFrameNumber=17 applyTransaction=true mTimestamp=1866884057653039(auto) mPendingTransactions.size=0 graphicBufferId=132289287684108 transform=0
01-22 19:18:45.257  1559  2568 D SemInputDeviceManager: setProperty: (100) CMD,LOW_SENSITIVITY,0
01-22 19:18:45.258 30801   451 I BLASTBufferQueue: [VRI[FP Iconview]@97f2e43#2](f:0,a:4,s:0) transactionCallback
01-22 19:18:45.258 30801   451 I BLASTBufferQueue: [VRI[FP Iconview]@97f2e43#2](f:0,a:4,s:0) updated mTransformHint=0
01-22 19:18:45.258  1559  2568 I SemInputCommandService: setPropertyAllTouch: LOW_SENSITIVITY,0 retDefault=1 retExtra=-2
01-22 19:18:45.259  3244  3244 I HoneySpace.EdgePanel.ScreenStateObserver: KeyguardStateReceiver action : com.samsung.keyguard.KEYGUARD_STATE_UPDATE
01-22 19:18:45.260  5998  5998 I [MCFDs]_IntentUtil: emitToConsumer - (KEYGUARD_STATE) ACTION_ID_KEY_GUARD_OFF, consumer size=1
01-22 19:18:45.260  5998  5998 I [MCFDs]_ContextManager: onContextChanged - DEVICE STATE : SCREEN_ON
01-22 19:18:45.260  5998  5998 I [MCFDs]_AccountHelper: updateHashAndMask - type[1], mask[9146EABB96], filter[6371C4B0BE], hash[F2372E0B28], rotate[40951]
01-22 19:18:45.260  5998  5998 I [MCFDs]_AmbientDetectHandler: onContextChange - 1
01-22 19:18:45.260  5998  5998 I [MCFDs]_AmbientDetectAdvBehavior: scheduleStart - 3600000
01-22 19:18:45.260  5998  5998 I [MCFDs]_AmbientDetectAdvBehavior: setNextStart - -1
01-22 19:18:45.260  5998  5998 I [MCFDs]_AmbientDetectScanBehavior: startScan - false
01-22 19:18:45.260  5998  5998 I [MCFDs]_AmbientDetectWpsBehavior: scheduleStart - 3600000
01-22 19:18:45.260  5998  5998 I [MCFDs]_AmbientDetectWpsBehavior: setNextStart - -1
01-22 19:18:45.260 29886 29886 I Receiver_Screen: onReceive:  in=1769105925260
01-22 19:18:45.260 29886 29886 I Receiver_Screen: onReceive: ACTION_USER_PRESENT
01-22 19:18:45.261  3244  3244 I HoneySpace.EdgePanel.EdgePanelContainerViewModel: showSecurityPanel: false
01-22 19:18:45.261  3244  3244 I HoneySpace.EdgePanel.Container: hiddenContent=[]
01-22 19:18:45.261  3244  3244 I HoneySpace.EdgePanel.EdgePanelView@157721501: setHiddenContent: 4 false
01-22 19:18:45.261  3244  3244 I HoneySpace.EdgePanel.EdgePanelView@260782177: setHiddenContent: 5 false
01-22 19:18:45.261  3244  3244 I HoneySpace.EdgePanel.EdgePanelView@106243354: setHiddenContent: 6 false
01-22 19:18:45.261  3244  3244 I HoneySpace.EdgePanel.EdgeVisibilityObserver: UserPresentBroadcastReceiver : action = android.intent.action.USER_PRESENT
01-22 19:18:45.261  3244  3244 I HoneySpace.EdgePanel.EdgeVisibilityRepository: updateKeyguardState: 0x1 true 0 false
01-22 19:18:45.262  3244  3244 I HoneySpace.EdgePanel.EdgeVisibilityRepository: updateState: 0x1
01-22 19:18:45.263 15573 24658 I [+0100]oneconnect[1.8.41.23_01][CORE]: [DQC]DQCViewBase.onKeyguardStatusChanged - 
01-22 19:18:45.263  1230  1249 I sysinput:aidl: onReportInformation:93, 1, enabled@2,1:0
01-22 19:18:45.263  1230  1249 I sysinput:Touch1: operator():132, 2,1 OK
01-22 19:18:45.264 29886 29886 I Receiver_Screen: onReceive: out in millis= 4
01-22 19:18:45.264  1313  1313 I [CE]_ContextEngineReceiver: onReceive - ContextEngineReceiver onReceive action : com.samsung.android.mocca.ACTION_MOBILE_ACTIVITY_NOTIFICATION_EVENT
01-22 19:18:45.264  1313  1313 I [CE]_ContextEngineReceiver: onReceive - ActivityDataManager intent : com.samsung.android.mocca.ACTION_MOBILE_ACTIVITY_NOTIFICATION_EVENT
01-22 19:18:45.264  1559  2646 D SysinputHAL_AIDL: activate(TSP(1)),2,1 ret=0
01-22 19:18:45.264  1559  2646 D SemInputDevice:TSP: SetPropertyTask: CMD,set_sip_mode,0 [01-22 19:18:45.009]
01-22 19:18:45.265  1313  1313 I [CE]_MovingContextProvider: Event - Activity: 1 Confidence: 2
01-22 19:18:45.265 30801   451 I BLASTBufferQueue: [VRI[FP Iconview]@97f2e43#2](f:0,a:4,s:0) releaseBufferCallback bufferId:132289287684107 framenumber:14 layerId:497727
01-22 19:18:45.265 30801   451 I BLASTBufferQueue: [VRI[FP Iconview]@97f2e43#2](f:0,a:3,s:0) released bufferId:132289287684107 framenumber:14 layerId:497727
01-22 19:18:45.265  1559  2731 I DeviceBatteryInfoService: action: android.intent.action.SCREEN_ON
01-22 19:18:45.265 30801   451 I BLASTBufferQueue: [VRI[FP Iconview]@97f2e43#2](f:0,a:3,s:0) Can't acquire next buffer. No available frames
01-22 19:18:45.265 30801 30819 I BLASTBufferQueue: [VRI[FP Iconview]@97f2e43#2](f:0,a:3,s:0) onFrameAvailable-start syncTransactionSet=false
01-22 19:18:45.265 30801 30819 I BLASTBufferQueue: [VRI[FP Iconview]@97f2e43#2](f:0,a:3,s:0) onFrameAvailable framenumber=18 syncTransactionSet=false
01-22 19:18:45.265 30801 30819 I BLASTBufferQueue: [VRI[FP Iconview]@97f2e43#2](f:1,a:3,s:0) onFrameAvailable framenumber=18 syncTransactionSet=false
01-22 19:18:45.265 30801 30819 I BLASTBufferQueue: [VRI[FP Iconview]@97f2e43#2](f:0,a:4,s:0) mergePendingTransactions t: 132289287684191, frameNumber: 18
01-22 19:18:45.265  1559  2730 I DeviceBatteryInfoService: screen on
01-22 19:18:45.265  1559  2730 I WatchBatteryManager: checkSyncStart() / mSyncState:0 / mRegistered: false / mScreenOn:true / mAodShowState:0 / mConnected:true
01-22 19:18:45.266 30801 30819 I BLASTBufferQueue: [VRI[FP Iconview]@97f2e43#2](f:0,a:4,s:0) acquireNextBufferLocked size=1454x3134 mFrameNumber=18 applyTransaction=true mTimestamp=1866884065701750(auto) mPendingTransactions.size=0 graphicBufferId=132289287684107 transform=0
01-22 19:18:45.266 30801   451 I BLASTBufferQueue: [VRI[FP Iconview]@97f2e43#2](f:0,a:4,s:0) transactionCallback
01-22 19:18:45.266 30801   451 I BLASTBufferQueue: [VRI[FP Iconview]@97f2e43#2](f:0,a:4,s:0) updated mTransformHint=0
01-22 19:18:45.266  5817  5817 W ContextImpl: Calling a method in the system process without a qualified user: android.app.ContextImpl.startService:2068 android.content.ContextWrapper.startService:872 android.content.ContextWrapper.startService:872 com.sec.android.diagmonagent.sa.receiver.CFLogReceiver.onReceive:56 android.app.ActivityThread.handleReceiver:5663 
01-22 19:18:45.268 28652 28920 E ScanManager: [GSIM LOG]: gsimLogHandler, msg: MESSAGE_SCAN_START, appName: com.samsung.android.mdx.kit, scannerId: 7, reportDelayMillis=0
01-22 19:18:45.268  1559  1595 D LocationManagerService: screen interactive is now true
01-22 19:18:45.268 28652 28920 I bt_shim_scanner: system/main/shim/le_scanning_manager.cc:260 ScanFilterEnable: in shim layer
01-22 19:18:45.268 17353 17525 I NearbyDiscovery: (REDACTED) FastPairHandler: Received action %s
01-22 19:18:45.268 15573 24658 I [+0100]oneconnect[1.8.41.23_01][CORE]: Nearby@NearbyClientLifecycleManager.onSubscription - Nearby@NearbyCloudDeviceRepositoryImpl subscriber count 10
01-22 19:18:45.268 29886 30625 I SHEALTH#OOBEManager: getState :NOT_NEEDED / remote
01-22 19:18:45.269 28652 28920 I bt_shim_scanner: system/main/shim/le_scanning_manager.cc:233 ScanFilterAdd: in shim layer
01-22 19:18:45.269  5998  7614 I [MCFDs]_ContinuityBleAdv@42c6313: onAdvertisingSetStopped - 
01-22 19:18:45.270 28652 28920 I bt_shim_scanner: system/main/shim/le_scanning_manager.cc:197 ScanFilterParamSetup: in shim layer, clientIf=7
01-22 19:18:45.271  1230  1249 I sysinput:aidl: onReportInformation:93, 1, cmd@set_sip_mode,0:0
01-22 19:18:45.271  1230  1249 I sysinput:Touch1: operator():237, OK
01-22 19:18:45.271 15573 24658 I [+0100]oneconnect[1.8.41.23_01][CORE]: Nearby@NearbyClientLifecycleManager.onCompletion - Nearby@NearbyCloudDeviceRepositoryImpl subscriber count 11
01-22 19:18:45.271 15573 24658 I [+0100]oneconnect[1.8.41.23_01][CORE]: Nearby@NearbyClientLifecycleManager.onCompletion - DEBUG Nearby@NearbyCloudDeviceRepositoryImpl subscriber count 10
01-22 19:18:45.271 15573 24658 I [+0100]oneconnect[1.8.41.23_01][CORE]: Nearby@NearbyClientLifecycleManager.onCompletion - AFTER-COMPUTE Nearby@NearbyCloudDeviceRepositoryImpl subscriber count 10
01-22 19:18:45.271  1559  2646 D SysinputHAL_AIDL: setProperty(TSP(1)): CMD, set_sip_mode,0 ret=0
01-22 19:18:45.271  1559  2646 D SemInputDevice:TSP: SetPropertyTask: CMD,set_grip_data,2,0 [01-22 19:18:45.056]
01-22 19:18:45.271 15573 24658 I [+0100]oneconnect[1.8.41.23_01][CORE]: Nearby@NearbyClientLifecycleManager.onSubscription - Nearby@DirectlyConnectedDeviceRepositoryImpl subscriber count 4
01-22 19:18:45.271 15573 24658 I [+0100]oneconnect[1.8.41.23_01][CORE]: Nearby@NearbyClientLifecycleManager.onCompletion - Nearby@DirectlyConnectedDeviceRepositoryImpl subscriber count 5
01-22 19:18:45.271 15573 24658 I [+0100]oneconnect[1.8.41.23_01][CORE]: Nearby@NearbyClientLifecycleManager.onCompletion - DEBUG Nearby@DirectlyConnectedDeviceRepositoryImpl subscriber count 4
01-22 19:18:45.271 15573 24658 I [+0100]oneconnect[1.8.41.23_01][CORE]: Nearby@NearbyClientLifecycleManager.onCompletion - AFTER-COMPUTE Nearby@DirectlyConnectedDeviceRepositoryImpl subscriber count 4
01-22 19:18:45.272  2814  2961 D KeyguardUnlock: onAnimationStart 1
01-22 19:18:45.272  2814  2961 D KeyguardUnlock: updateLeashAlpha: updateLeashAlpha=0.0
01-22 19:18:45.272  2814  2961 D KeyguardUnlock: updateKeyguardAlpha: updateKeyguardAlpha=1.0
01-22 19:18:45.273  2814  2961 D KeyguardUnlock: updateLeashAlpha: updateLeashAlpha=0.0
01-22 19:18:45.273  2814  2961 D KeyguardUnlock: updateKeyguardAlpha: updateKeyguardAlpha=1.0
01-22 19:18:45.273  2814  2961 D KeyguardUnlock: updateLeashAlpha: updateLeashAlpha=0.0057458193
01-22 19:18:45.273  2814  2961 D KeyguardUnlock: updateKeyguardAlpha: updateKeyguardAlpha=0.9942542
01-22 19:18:45.273 30801   451 I BLASTBufferQueue: [VRI[FP Iconview]@97f2e43#2](f:0,a:4,s:0) releaseBufferCallback bufferId:132289287684106 framenumber:15 layerId:497727
01-22 19:18:45.273 30801   451 I BLASTBufferQueue: [VRI[FP Iconview]@97f2e43#2](f:0,a:3,s:0) released bufferId:132289287684106 framenumber:15 layerId:497727
01-22 19:18:45.274 30801   451 I BLASTBufferQueue: [VRI[FP Iconview]@97f2e43#2](f:0,a:3,s:0) Can't acquire next buffer. No available frames
01-22 19:18:45.274 30801 30819 I BLASTBufferQueue: [VRI[FP Iconview]@97f2e43#2](f:0,a:3,s:0) onFrameAvailable-start syncTransactionSet=false
01-22 19:18:45.274 30801 30819 I BLASTBufferQueue: [VRI[FP Iconview]@97f2e43#2](f:0,a:3,s:0) onFrameAvailable framenumber=19 syncTransactionSet=false
01-22 19:18:45.274 30801 30819 I BLASTBufferQueue: [VRI[FP Iconview]@97f2e43#2](f:1,a:3,s:0) onFrameAvailable framenumber=19 syncTransactionSet=false
01-22 19:18:45.274 30801 30819 I BLASTBufferQueue: [VRI[FP Iconview]@97f2e43#2](f:0,a:4,s:0) mergePendingTransactions t: 132289287684193, frameNumber: 19
01-22 19:18:45.274 30801 30819 I BLASTBufferQueue: [VRI[FP Iconview]@97f2e43#2](f:0,a:4,s:0) acquireNextBufferLocked size=1454x3134 mFrameNumber=19 applyTransaction=true mTimestamp=1866884074147804(auto) mPendingTransactions.size=0 graphicBufferId=132289287684106 transform=0
01-22 19:18:45.274 30801   451 I BLASTBufferQueue: [VRI[FP Iconview]@97f2e43#2](f:0,a:4,s:0) transactionCallback
01-22 19:18:45.274 30801   451 I BLASTBufferQueue: [VRI[FP Iconview]@97f2e43#2](f:0,a:4,s:0) updated mTransformHint=0
01-22 19:18:45.275 17353 17525 I NearbyDiscovery: FastPairController: onSystemStateChanged: skip due to flag disabled [CONTEXT service_id=265 ]
01-22 19:18:45.276  7505  7532 V python  : extracting _python_bundle/site-packages/kivymd/fonts/Roboto-MediumItalic.ttf
01-22 19:18:45.278  1559  1559 V WifiAwareStateManager: BroadcastReceiver: action=android.intent.action.SCREEN_ON
01-22 19:18:45.278  1559  2574 V WifiAwareStateManager: WaitState{ when=0 what=1 arg1=120 target=com.android.wifi.x.com.android.internal.util.StateMachine$SmHandler }
01-22 19:18:45.278  1559  2574 V WifiAwareStateManager: processCommand: msg={ when=0 what=1 arg1=120 target=com.android.wifi.x.com.android.internal.util.StateMachine$SmHandler }
01-22 19:18:45.278  1559  2574 V WifiAwareStateManager: reconfigureLocal(): transactionId=10002
01-22 19:18:45.278  1230  1249 I sysinput:aidl: onReportInformation:93, 1, cmd@set_grip_data,2,0:0
01-22 19:18:45.279  1559  2646 D SysinputHAL_AIDL: setProperty(TSP(1)): CMD, set_grip_data,2,0 ret=0
01-22 19:18:45.279  1230  1249 I sysinput:Touch1: operator():237, OK
01-22 19:18:45.279  1559  2646 D SemInputDevice:TSP: SetPropertyTask: CMD,set_aod_rect,0,0,0,0 [01-22 19:18:45.161]
01-22 19:18:45.280  1248  1248 E SurfaceFlinger: alpha changed 0.000 -> 0.006 - Surface(name=Task=4624)/@0xad7628f_transition-leash#497732
01-22 19:18:45.280  5998  7598 I [MCFDs]_BleScanner(Buds): startScan - t - ($m)E3:1C, ($m)D7:D7, 
01-22 19:18:45.282  1559  3897 D PackageManager: setEnabledSetting : userId = 0 packageName = com.samsung.android.heartplugin cmp = androidx.work.impl.background.systemalarm.RescheduleReceiver newState = 1 callingPackage = com.samsung.android.heartplugin
01-22 19:18:45.282  1559  3897 D ApplicationPolicy: getApplicationStateEnabled : pkg = com.samsung.android.heartplugin userId : 0
01-22 19:18:45.282  1559  3897 D ApplicationPolicy: getApplicationComponentState : pkg = com.samsung.android.heartplugin userId : 0
01-22 19:18:45.282  5998  7614 I [MCFDs]_ContinuityBleAdv@42c6313: startAdvertiser - md(a)[021861 A1E2275C632800800B0113 96101830505B02AE20F0 175B 341D09D1 ], 432
01-22 19:18:45.286  1248  1248 D SurfaceFlinger: Display 4633128672291736003 HWC layers:
01-22 19:18:45.286  1248  1248 D SurfaceFlinger:        DEVICE |           32233729556486 | 00002102 | RGBA_8888    |    0.0    0.0 1440.0 3050.0 |    0   70 1440 3120 | org.tkideneb2.zeiterfassung/org.kivy.android.PythonActivity$_7505#497729 (11)
01-22 19:18:45.286  1248  1248 D SurfaceFlinger:        DEVICE |           12086038195115 | 00002100 | RGBA_8888    |    0.0    0.0 1440.0 3120.0 |    0    0 1440 3120 | Splash Screen org.tkideneb2.zeiterfassung$_2814#497730 (2)
01-22 19:18:45.286  1248  1248 D SurfaceFlinger:        DEVICE |           12086038195025 | 00002100 | RGBA_8888    |    0.0    0.0 1440.0  113.0 |    0    0 1440  113 | StatusBar$_2814#110 (1790736)
01-22 19:18:45.286  1248  1248 D SurfaceFlinger:        DEVICE |           12086038195104 | 00002100 | RGBA_8888    |    0.0    0.0 1440.0 3120.0 |    0    0 1440 3120 | NotificationShade$_2814#497715 (541)
01-22 19:18:45.286  1248  1248 D SurfaceFlinger:        DEVICE |           12086038195019 | 00002100 | RGBA_8888    |    0.0    0.0 1440.0  168.0 |    0 2952 1440 3120 | NavigationBar0$_2814#108 (960202)
01-22 19:18:45.286  1248  1248 D SurfaceFlinger:        DEVICE |          132289287684108 | 00002140 | RGBA_8888    |    7.0    7.0 1447.0 3127.0 |    0    0 1440 3120 | FP Iconview$_30801#
01-22 19:18:45.286  1248  1248 D SurfaceFlinger: 497727 (17)
01-22 19:18:45.286  1248  1248 D SurfaceFlinger: 
01-22 19:18:45.286 30801   451 I BLASTBufferQueue: [VRI[FP Iconview]@97f2e43#2](f:0,a:4,s:0) releaseBufferCallback bufferId:132289287684105 framenumber:16 layerId:497727
01-22 19:18:45.286 30801   451 I BLASTBufferQueue: [VRI[FP Iconview]@97f2e43#2](f:0,a:3,s:0) released bufferId:132289287684105 framenumber:16 layerId:497727
01-22 19:18:45.286 30801   451 I BLASTBufferQueue: [VRI[FP Iconview]@97f2e43#2](f:0,a:3,s:0) Can't acquire next buffer. No available frames
01-22 19:18:45.286 30801 30819 I BLASTBufferQueue: [VRI[FP Iconview]@97f2e43#2](f:0,a:3,s:0) onFrameAvailable-start syncTransactionSet=false
01-22 19:18:45.286 30801 30819 I BLASTBufferQueue: [VRI[FP Iconview]@97f2e43#2](f:0,a:3,s:0) onFrameAvailable framenumber=20 syncTransactionSet=false
01-22 19:18:45.286 30801 30819 I BLASTBufferQueue: [VRI[FP Iconview]@97f2e43#2](f:1,a:3,s:0) onFrameAvailable framenumber=20 syncTransactionSet=false
01-22 19:18:45.286 30801 30819 I BLASTBufferQueue: [VRI[FP Iconview]@97f2e43#2](f:0,a:4,s:0) mergePendingTransactions t: 132289287684195, frameNumber: 20
01-22 19:18:45.287 30801 30819 I BLASTBufferQueue: [VRI[FP Iconview]@97f2e43#2](f:0,a:4,s:0) acquireNextBufferLocked size=1454x3134 mFrameNumber=20 applyTransaction=true mTimestamp=1866884086784133(auto) mPendingTransactions.size=0 graphicBufferId=132289287684105 transform=0
01-22 19:18:45.287  1559  1598 I DisplayDeviceRepository: Display device changed render timings: "Integrierter Bildschirm", renderFrameRate=120.00001, presentationDeadlineNanos=9333333, appVsyncOffsetNanos=8333333, frameRateOverrides=[{uid=10056 frameRateHz=120.00001}, {uid=10544 frameRateHz=120.00001}]
01-22 19:18:45.287 30801   451 I BLASTBufferQueue: [VRI[FP Iconview]@97f2e43#2](f:0,a:4,s:0) transactionCallback
01-22 19:18:45.287 30801   451 I BLASTBufferQueue: [VRI[FP Iconview]@97f2e43#2](f:0,a:4,s:0) updated mTransformHint=0
01-22 19:18:45.287  1230  1249 I sysinput:aidl: onReportInformation:93, 1, cmd@set_aod_rect,0,0,0,0:0
01-22 19:18:45.287  1559  1599 W PhoneWindowManager: lockNow pending, ignore updating lockscreen timeout
01-22 19:18:45.287  1230  1249 I sysinput:Touch1: operator():237, OK
01-22 19:18:45.287 24239 17926 I CAMERA_CONTROLLER: [100528]ScreenOnOffWorker.doWork():68 - Coroutine ScreenOnOffWorker Received action=android.intent.action.SCREEN_ON
01-22 19:18:45.287  1559  1599 D SurfaceComposerClient: setCornerRadius ## bec5419 Splash Screen org.tkideneb2.zeiterfassung#497728 cornerRadius=0.000000
01-22 19:18:45.287  1559  1599 D SurfaceComposerClient: setCornerRadius ## d37c539 org.tkideneb2.zeiterfassung/org.kivy.android.PythonActivity#497725 cornerRadius=0.000000
01-22 19:18:45.287 24239 17926 I CAMERA_CONTROLLER: [100528]ProviderServiceImpl.receiveScreenOnEvent():4
01-22 19:18:45.288 24239 17926 I CAMERA_CONTROLLER: [100528]ProviderServiceImpl.receiveScreenOnEvent():14 - needLaunchCamera = false
01-22 19:18:45.288  1559  2646 D SysinputHAL_AIDL: setProperty(TSP(1)): CMD, set_aod_rect,0,0,0,0 ret=0
01-22 19:18:45.288  1559  2646 D SemInputDevice:TSP: SetPropertyTask: CMD,low_sensitivity_mode_enable,0 [01-22 19:18:45.258]
01-22 19:18:45.288  7505  7532 V python  : extracting _python_bundle/site-packages/kivymd/fonts/Roboto-Regular.ttf
01-22 19:18:45.288 24239 17926 I CAMERA_CONTROLLER: [100528]a.p():2 - Screen unlocked
01-22 19:18:45.287 29886  7625 I DatabaseManager: insert data finished for 2026-01-22 19:18:45 in  7
01-22 19:18:45.290 17353  7472 I NearbySharing: [NS_PROVIDER_API]: startDiscovery called with SendManagerOptions(mode=BACKGROUND, flowId=9134722097893693159, uwbSenderInfo=null, deviceType=1, dataUsage=2, vendorId=0).
01-22 19:18:45.290 17353  7472 I NearbySharing: NearbySharing Internal event SendManagerStart(mode=BACKGROUND, useCase=0, sendSurfaceState=0, sendSurfaceStartTimeMillis=-1, useQrCode=false, success=true)
01-22 19:18:45.290 17353  7472 I NearbySharing: Scanning has started in the BACKGROUND
01-22 19:18:45.290 17353  7472 I NearbySharing: Uwb feature is off.
01-22 19:18:45.291 21232 21267 I D_FME:[FMEBleManager       ]: startScan : offline , mcf(true) : interval(3120), window(160)
01-22 19:18:45.291 24239 24346 I WM-WorkerWrapper: Worker result SUCCESS for Work [ id=9915be91-1c07-4e8d-aacf-eadb0a551dba, tags={ com.samsung.android.companionapps.cameracontroller.receiver.ScreenOnOffWorker } ]
01-22 19:18:45.291 28652 29633 I bt_shim_scanner: system/main/shim/le_scanning_manager.cc:135 RegisterScanner: in shim layer, UUID=64b8300d-7f4f-4cda-9963-8d43871622b7
01-22 19:18:45.291 28652 28686 W bluetooth: system/gd/hci/le_scanning_manager.cc:650 register_scanner: register_scanner
01-22 19:18:45.291 21232 21267 I [MCFSDK_fmm_1.0.2039]_17_g: open - 
01-22 19:18:45.291  1559  6812 D PowerManagerService: [api] release WakeLock DRAW_WAKE_LOCK                    'Doze' ACQ=-138ms (uid=10056 pid=2814 displayId=0 lock=a876277)
01-22 19:18:45.292  2814  2961 D KeyguardUnlock: updateLeashAlpha: updateLeashAlpha=0.12350238
01-22 19:18:45.292  2814  2961 D KeyguardUnlock: updateKeyguardAlpha: updateKeyguardAlpha=0.8764976
01-22 19:18:45.292 21232 21267 I [MCFSDK_fmm_1.0.2039]_McfAdapter: getBleAdapter  -  g [#0x11, X3.a@ac0ac8]
01-22 19:18:45.292 21232 21267 I [MCFSDK_fmm_1.0.2039]_17_g: getBleScanner - 
01-22 19:18:45.292 21232 21267 I [MCFSDK_fmm_1.0.2039]_17_g: startScan - screenOnFilter - 2
01-22 19:18:45.292 21232 21267 I [MCFSDK_fmm_1.0.2039]_17_g: startScan - screenOffFilter - 2
01-22 19:18:45.293  1559  3897 D InputDispatcher: Focus entered window (0): d37c539 org.tkideneb2.zeiterfassung/org.kivy.android.PythonActivity
01-22 19:18:45.294 30801   451 I BLASTBufferQueue: [VRI[FP Iconview]@97f2e43#2](f:0,a:4,s:0) releaseBufferCallback bufferId:132289287684108 framenumber:17 layerId:497727
01-22 19:18:45.294 30801   451 I BLASTBufferQueue: [VRI[FP Iconview]@97f2e43#2](f:0,a:3,s:0) released bufferId:132289287684108 framenumber:17 layerId:497727
01-22 19:18:45.294  7505  7505 D VRI[PythonActivity]@84872f0: mThreadedRenderer.initializeIfNeeded()#2 mSurface={isValid=true 0xb400006d47039ca0}
01-22 19:18:45.294  7505  7505 V SDL     : onWindowFocusChanged(): true
01-22 19:18:45.294 30801   451 I BLASTBufferQueue: [VRI[FP Iconview]@97f2e43#2](f:0,a:3,s:0) Can't acquire next buffer. No available frames
01-22 19:18:45.294 30801 30819 I BLASTBufferQueue: [VRI[FP Iconview]@97f2e43#2](f:0,a:3,s:0) onFrameAvailable-start syncTransactionSet=false
01-22 19:18:45.294 30801 30819 I BLASTBufferQueue: [VRI[FP Iconview]@97f2e43#2](f:0,a:3,s:0) onFrameAvailable framenumber=21 syncTransactionSet=false
01-22 19:18:45.294 30801 30819 I BLASTBufferQueue: [VRI[FP Iconview]@97f2e43#2](f:1,a:3,s:0) onFrameAvailable framenumber=21 syncTransactionSet=false
01-22 19:18:45.294  7505  7505 D InputMethodManagerUtils: startInputInner - Id : 0
01-22 19:18:45.294 30801 30819 I BLASTBufferQueue: [VRI[FP Iconview]@97f2e43#2](f:0,a:4,s:0) mergePendingTransactions t: 132289287684197, frameNumber: 21
01-22 19:18:45.294  7505  7505 I InputMethodManager: startInputInner - IInputMethodManagerGlobalInvoker.startInputOrWindowGainedFocus
01-22 19:18:45.294 30801 30819 I BLASTBufferQueue: [VRI[FP Iconview]@97f2e43#2](f:0,a:4,s:0) acquireNextBufferLocked size=1454x3134 mFrameNumber=21 applyTransaction=true mTimestamp=1866884094609054(auto) mPendingTransactions.size=0 graphicBufferId=132289287684108 transform=0
01-22 19:18:45.295 30801   451 I BLASTBufferQueue: [VRI[FP Iconview]@97f2e43#2](f:0,a:4,s:0) transactionCallback
01-22 19:18:45.295 30801   451 I BLASTBufferQueue: [VRI[FP Iconview]@97f2e43#2](f:0,a:4,s:0) updated mTransformHint=0
01-22 19:18:45.295  1230  1249 I sysinput:aidl: onReportInformation:91, 1, cmd@low_sensitivity_mode_enabl
01-22 19:18:45.295  1230  1249 I sysinput:Touch1: operator():237, OK
01-22 19:18:45.295  1559  2646 D SysinputHAL_AIDL: setProperty(TSP(1)): CMD, low_sensitivity_mode_enable,0 ret=0
01-22 19:18:45.296  1559  2226 V InputMethodManagerService: startInputOrWindowGainedFocusInternalLocked: reason=WINDOW_FOCUS_GAIN client=android.os.BinderProxy@44044e8 inputContext=null editorInfo=android.view.inputmethod.EditorInfo@722e8eb startInputFlags=VIEW_HAS_FOCUS|INITIAL_CONNECTION softInputMode=STATE_UNSPECIFIED|ADJUST_PAN windowFlags=#1810100 unverifiedTargetSdkVersion=34 bindingController=com.android.server.inputmethod.InputMethodBindingController@905be2c imeDispatcher=android.window.ImeOnBackInvokedDispatcher@d96f648 cs=ClientState{c00fce1 mUid=10544 mPid=7505 mSelfReportedDisplayId=0} imeRequestedVisible=false
01-22 19:18:45.296  1559  2226 V InputMethodManagerService: setWindowStateInner, windowToken=android.os.BinderProxy@9b4c900, state=ImeTargetWindowState{ imeToken null imeFocusChanged true hasEditorFocused false requestedImeVisible false imeDisplayId 0 softInputModeState STATE_UNSPECIFIED|ADJUST_PAN isStartInputByGainFocus true}
01-22 19:18:45.297  5998  7598 I [MCFDs]_BleScanner(Nearby): startScan - t - 
01-22 19:18:45.297  1559  2226 V InputMethodManagerService: Unspecified window will hide input
01-22 19:18:45.298  4079  4079 I [MCFServer]_McfMainController: updateStandAloneBleMode - isStandAloneBleMode/SubscriberCallbacks.size()/CasterCallbacks.size()/BleAdapterCallbacks.size() = (true/1/0/1)
01-22 19:18:45.298  4079  4079 I [MCFServer]_McfMainController: registerCallback - create BA - appId=17/1
01-22 19:18:45.298  1559  2226 I ImeTracker: org.tkideneb2.zeiterfassung:ab51ff86: onRequestHide at ORIGIN_SERVER reason HIDE_UNSPECIFIED_WINDOW fromUser false
01-22 19:18:45.298  1559  2226 V InputMethodManagerService: applyImeVisibility state=6
01-22 19:18:45.298  4079  4079 I [MCFServer]_BleAdapterManager: start - 
01-22 19:18:45.298  1559  2226 D SemInputMethodManagerServiceUtil: restorePreviousUsedInputMethod : failed to return the previous ime becuase the stored info is null or do not need restore
01-22 19:18:45.298  1559  2226 V InputMethodManagerService: semComputeImeDisplayIdForTarget: displayToShowIme=0
01-22 19:18:45.298  1559  2226 V InputMethodManagerService: unbindCurrentInputLocked: client=android.os.BinderProxy@a2f53ca
01-22 19:18:45.298 28652 29633 I bt_shim_scanner: system/main/shim/le_scanning_manager.cc:135 RegisterScanner: in shim layer, UUID=cb054d71-9ebf-44bb-83a2-7ab96cae5f3f
01-22 19:18:45.298 28652 28686 W bluetooth: system/gd/hci/le_scanning_manager.cc:650 register_scanner: register_scanner
01-22 19:18:45.299 30801   451 I BLASTBufferQueue: [VRI[FP Iconview]@97f2e43#2](f:0,a:4,s:0) releaseBufferCallback bufferId:132289287684107 framenumber:18 layerId:497727
01-22 19:18:45.299 30801   451 I BLASTBufferQueue: [VRI[FP Iconview]@97f2e43#2](f:0,a:3,s:0) released bufferId:132289287684107 framenumber:18 layerId:497727
01-22 19:18:45.299  1559  2226 V InputMethodManagerService: Creating new session for client ClientState{c00fce1 mUid=10544 mPid=7505 mSelfReportedDisplayId=0}
01-22 19:18:45.299  1559  2226 V InputMethodManagerService: Creating new session for client ClientState{c00fce1 mUid=10544 mPid=7505 mSelfReportedDisplayId=0}
01-22 19:18:45.299  1559  2226 D InputTransport: Input channel constructed: 'ClientS', fd=1289
01-22 19:18:45.299  1559  2226 D InputTransport: Input channel constructed: 'ClientS', fd=1292
01-22 19:18:45.299 30801   451 I BLASTBufferQueue: [VRI[FP Iconview]@97f2e43#2](f:0,a:3,s:0) Can't acquire next buffer. No available frames
01-22 19:18:45.299 30801 30819 I BLASTBufferQueue: [VRI[FP Iconview]@97f2e43#2](f:0,a:3,s:0) onFrameAvailable-start syncTransactionSet=false
01-22 19:18:45.299 30801 30819 I BLASTBufferQueue: [VRI[FP Iconview]@97f2e43#2](f:0,a:3,s:0) onFrameAvailable framenumber=22 syncTransactionSet=false
01-22 19:18:45.299 30801 30819 I BLASTBufferQueue: [VRI[FP Iconview]@97f2e43#2](f:1,a:3,s:0) onFrameAvailable framenumber=22 syncTransactionSet=false
01-22 19:18:45.299 30801 30819 I BLASTBufferQueue: [VRI[FP Iconview]@97f2e43#2](f:0,a:4,s:0) mergePendingTransactions t: 132289287684199, frameNumber: 22
01-22 19:18:45.299  1559  2226 D InputTransport: Input channel destroyed: 'ClientS', fd=1292
01-22 19:18:45.299  1559  2226 V InputMethodManagerService: Creating new accessibility sessions for client ClientState{c00fce1 mUid=10544 mPid=7505 mSelfReportedDisplayId=0}
01-22 19:18:45.299 30801 30819 I BLASTBufferQueue: [VRI[FP Iconview]@97f2e43#2](f:0,a:4,s:0) acquireNextBufferLocked size=1454x3134 mFrameNumber=22 applyTransaction=true mTimestamp=1866884099463117(auto) mPendingTransactions.size=0 graphicBufferId=132289287684107 transform=0
01-22 19:18:45.299 30801   451 I BLASTBufferQueue: [VRI[FP Iconview]@97f2e43#2](f:0,a:4,s:0) transactionCallback
01-22 19:18:45.299 30801   451 I BLASTBufferQueue: [VRI[FP Iconview]@97f2e43#2](f:0,a:4,s:0) updated mTransformHint=0
01-22 19:18:45.300  1559  2955 D InputMethodManagerService: isImeSwitcherDisabledPackage : false
01-22 19:18:45.300  1559  2955 D InputMethodManagerService: shouldShowImeSwitcherLocked : checking vis : 3
01-22 19:18:45.300  1559  2955 V InputMethodManagerService: Disabling: SessionState{uid=10280 pid=6422 method=e708de4 session=96ac863 channel=ClientState{73b9c48 mUid=10280 mPid=6422 mSelfReportedDisplayId=0} userId=0}
01-22 19:18:45.300  7505  7532 V python  : extracting _python_bundle/site-packages/kivymd/fonts/Roboto-Thin.ttf
01-22 19:18:45.300  1559  2955 V InputMethodManagerService: Enabling: SessionState{uid=10544 pid=7505 method=e708de4 session=cf2b3de channel=ClientState{c00fce1 mUid=10544 mPid=7505 mSelfReportedDisplayId=0} userId=0}
01-22 19:18:45.300  1559  2955 D InputMethodManagerService: checkDisplayOfStartInputAndUpdateKeyboard: displayId=0, mFocusedDisplayId=0
01-22 19:18:45.300  1559  2955 D InputTransport: Input channel constructed: 'ClientS', fd=1292
01-22 19:18:45.301  2814  2961 D KeyguardUnlock: updateLeashAlpha: updateLeashAlpha=0.244851
01-22 19:18:45.301  2814  2961 D KeyguardUnlock: updateKeyguardAlpha: updateKeyguardAlpha=0.755149
01-22 19:18:45.301  1559  2955 D InputTransport: Input channel destroyed: 'ClientS', fd=1292
01-22 19:18:45.301  7505  7505 I InputMethodManager: handleMessage: setImeVisibility visible=false
01-22 19:18:45.301  7505  7505 D InsetsController: hide(ime(), fromIme=false)
01-22 19:18:45.301  7505  7505 I ImeTracker: org.tkideneb2.zeiterfassung:ab51ff86: onCancelled at PHASE_CLIENT_ALREADY_HIDDEN
01-22 19:18:45.301  6627  6627 I HBD     : HoneyBoardService [IMI] onStartInput - caller pid : 7505 , caller uid : 10544 
01-22 19:18:45.301  6627  6627 I HBD     : r updateConfigs 
01-22 19:18:45.301  6627  6627 I HBD     : r isEnabledNightMode : true 
01-22 19:18:45.301  1559  5960 D RestrictionPolicy: isScreenCaptureEnabled : ret=true userId=0
01-22 19:18:45.301  6627  6627 I HBD     : a IC have been binding, RemoteInputConnection{idHash=#9fd351} 
01-22 19:18:45.302  6627  6627 I HBD     : h [EditorInputType]setPrivateImeOptionsToTable privateImeOptions ( null )
01-22 19:18:45.302  6627  6627 I HBD     : b incognitoMode : false 
01-22 19:18:45.302  6627  6627 I HBD     : f needOff = true , isForceOff = false, isNullInputClass : true 
01-22 19:18:45.302  6627  6627 I HBD     : h getDefaultInputRange : UNKNOWN 
01-22 19:18:45.302  6627  6627 I HBD     : h getDefaultInputRange : UNKNOWN 
01-22 19:18:45.302  6627  6627 I HBD     : h getDefaultInputRange : UNKNOWN 
01-22 19:18:45.302  1559  5960 I WindowManager: Cancelling animation restarting=true, leash=Surface(name=Surface(name=589b7ad InputMethod)/@0xcf7a0af - animation-leash of insets_animation)/@0x454cc59
01-22 19:18:45.302  1559  5960 I WindowManager: Reparenting to original parent: Surface(name=WindowToken{b4073a9 type=2011 android.os.Binder@a326b30})/@0x3934ae1, destroy=false, surface=Surface(name=589b7ad InputMethod)/@0xcf7a0af
01-22 19:18:45.302  6627  6627 I HBD     : i [AiWriter] isChildBlockCase:
01-22 19:18:45.302  1559  5960 I WindowManager: Reparenting to leash, surface=Surface(name=589b7ad InputMethod)/@0xcf7a0af, leashParent=Surface(name=WindowToken{b4073a9 type=2011 android.os.Binder@a326b30})/@0x3934ae1
01-22 19:18:45.302  7505  7524 D InputTransport: Input channel constructed: 'ClientS', fd=135
01-22 19:18:45.302  1248  1549 I SurfaceFlinger: id=497737 createSurf, flag=24004, Surface(name=589b7ad InputMethod)/@0xcf7a0af - animation-leash of insets_animation#497737
01-22 19:18:45.302  1559  5960 D WindowManager: makeSurface duration=0 leash=Surface(name=Surface(name=589b7ad InputMethod)/@0xcf7a0af - animation-leash of insets_animation)/@0x217688c
01-22 19:18:45.302  1559  5960 D InsetsSourceProvider: updateControlForTarget: control=InsetsSourceControl: {3 mType=ime mSurfacePosition=Point(0, 113) mInsetsHint=Insets{left=0, top=0, right=0, bottom=1326}}, target=Window{d37c539 u0 org.tkideneb2.zeiterfassung/org.kivy.android.PythonActivity}, from=com.android.server.wm.ImeInsetsSourceProvider.updateControlForTarget:17 com.android.server.wm.InsetsStateController.onControlTargetChanged:83 com.android.server.wm.DisplayContent.updateImeControlTarget:21 com.android.server.wm.DisplayContent.updateImeInputAndControlTarget:156 com.android.server.wm.WindowManagerService$LocalService.updateInputMethodTargetWindow:64 
01-22 19:18:45.302  1559  5960 I ImeTracker: system_server:d561cee5: onRequestHide at ORIGIN_SERVER reason IME_REQUESTED_CHANGED_LISTENER fromUser false
01-22 19:18:45.302  1559  1598 V InputMethodManagerService: Client requesting input be hidden
01-22 19:18:45.302  1559  1598 V InputMethodManagerService: setWindowStateInner, windowToken=android.os.BinderProxy@9b4c900, state=ImeTargetWindowState{ imeToken android.os.Binder@4f22fea imeFocusChanged true hasEditorFocused false requestedImeVisible false imeDisplayId 0 softInputModeState STATE_UNSPECIFIED|ADJUST_PAN isStartInputByGainFocus true}
01-22 19:18:45.302  1559  1598 I ImeTracker: system_server:d561cee5: onCancelled at PHASE_SERVER_SHOULD_HIDE
01-22 19:18:45.302  1559  1598 V InputMethodManagerService: hideCurrentInputLocked : canceled, shouldHideSoftInput=false, mInputShown=false, mImeWindowVis=0
01-22 19:18:45.303  1559  6812 I ActivityManager: Changes in 10122 8 to 7, 0 to 128
01-22 19:18:45.303  1559  1599 W PhoneWindowManager: lockNow pending, ignore updating lockscreen timeout
01-22 19:18:45.303  1559  1599 D SurfaceComposerClient: setCornerRadius ## bec5419 Splash Screen org.tkideneb2.zeiterfassung#497728 cornerRadius=0.000000
01-22 19:18:45.303  1559  1599 D SurfaceComposerClient: setCornerRadius ## d37c539 org.tkideneb2.zeiterfassung/org.kivy.android.PythonActivity#497725 cornerRadius=0.000000
01-22 19:18:45.303  4428  4476 I SamsungAccount: [AccountManagerProvider] isChildAccount
01-22 19:18:45.303  4428  4476 I SamsungAccount: [AccountManagerProvider] Calling package : android.honeyboard.
01-22 19:18:45.304  1559  5803 D PackageManager: setEnabledSetting : userId = 0 packageName = com.samsung.android.heartplugin cmp = androidx.work.impl.background.systemalarm.RescheduleReceiver newState = 2 callingPackage = com.samsung.android.heartplugin
01-22 19:18:45.305  2814  2961 D KeyguardUnlock: updateLeashAlpha: updateLeashAlpha=0.3724023
01-22 19:18:45.305  2814  2961 D KeyguardUnlock: updateKeyguardAlpha: updateKeyguardAlpha=0.6275977
01-22 19:18:45.305  1248  1248 I SurfaceFlinger: [Surface(name=589b7ad InputMethod)/@0xcf7a0af - animation-leash of insets_animation#497737] attach to parent LayerHierarchy{RequestedLayerState{WindowToken{b4073a9 type=2011 android.os.Binder@a326b30}#144 parentId=15} 2 children}
01-22 19:18:45.305  4079  4079 I [MCFServer]_BleAdapterManager: startScan - BAScanCallback{Settings=BleScanSettings{mode=0, rssi=-128, timeout=0, phy =0}, Callback=CB{i=17, h=92097614}}
01-22 19:18:45.306  6422  6422 D InputTransport: Input channel destroyed: 'ClientS', fd=365
01-22 19:18:45.306  1471  1601 I bauth_FPBAuthService: pcf : 0x1011, 0 ,3 ,0 ,0 ,0 ,0, 16.0.0.3
01-22 19:18:45.306  1471  1601 I bauth_FPBAuthService: qskcu
01-22 19:18:45.306  1471  1601 I bauth_service: resetWorkerList called
01-22 19:18:45.306  1471  1601 I bauth_FPBAuthService: FPBAuthService::timerHandler complete
01-22 19:18:45.307  4428  4476 I SamsungAccount: [SignatureInfoDbHelper] searchOnUser(fromDb) - [10/lfgff][android.honeyboard.][64/3291d] => matched
01-22 19:18:45.307  4428  4476 I SamsungAccount: [AccountManagerProvider] This is the access of the allowed application
01-22 19:18:45.307  4428  4476 I SamsungAccount: [AccountManagerUtil] isSamsungAccountSignedIn : true
01-22 19:18:45.308  4428  4476 I SamsungAccount: [TPMU]  SIMState     :SIM_STATE_READY
01-22 19:18:45.309  4428  4476 I SamsungAccount: [CountryCodeUtil] isChinaCountryCode : false
01-22 19:18:45.310 30801   451 I BLASTBufferQueue: [VRI[FP Iconview]@97f2e43#2](f:0,a:4,s:0) releaseBufferCallback bufferId:132289287684106 framenumber:19 layerId:497727
01-22 19:18:45.310 30801   451 I BLASTBufferQueue: [VRI[FP Iconview]@97f2e43#2](f:0,a:3,s:0) released bufferId:132289287684106 framenumber:19 layerId:497727
01-22 19:18:45.310 30801   451 I BLASTBufferQueue: [VRI[FP Iconview]@97f2e43#2](f:0,a:3,s:0) Can't acquire next buffer. No available frames
01-22 19:18:45.310 30801 30819 I BLASTBufferQueue: [VRI[FP Iconview]@97f2e43#2](f:0,a:3,s:0) onFrameAvailable-start syncTransactionSet=false
01-22 19:18:45.310 30801 30819 I BLASTBufferQueue: [VRI[FP Iconview]@97f2e43#2](f:0,a:3,s:0) onFrameAvailable framenumber=23 syncTransactionSet=false
01-22 19:18:45.310 30801 30819 I BLASTBufferQueue: [VRI[FP Iconview]@97f2e43#2](f:1,a:3,s:0) onFrameAvailable framenumber=23 syncTransactionSet=false
01-22 19:18:45.310 30801 30819 I BLASTBufferQueue: [VRI[FP Iconview]@97f2e43#2](f:0,a:4,s:0) mergePendingTransactions t: 132289287684201, frameNumber: 23
01-22 19:18:45.310  4428  4476 I SamsungAccount: [TPMU] getMccFromUsim
01-22 19:18:45.310  4428  4476 I SamsungAccount: [MccManager] saveMccToPreference Start
01-22 19:18:45.310 30801 30819 I BLASTBufferQueue: [VRI[FP Iconview]@97f2e43#2](f:0,a:4,s:0) acquireNextBufferLocked size=1454x3134 mFrameNumber=23 applyTransaction=true mTimestamp=1866884110494836(auto) mPendingTransactions.size=0 graphicBufferId=132289287684106 transform=0
01-22 19:18:45.310 30801   451 I BLASTBufferQueue: [VRI[FP Iconview]@97f2e43#2](f:0,a:4,s:0) transactionCallback
01-22 19:18:45.311 30801   451 I BLASTBufferQueue: [VRI[FP Iconview]@97f2e43#2](f:0,a:4,s:0) updated mTransformHint=0
01-22 19:18:45.311  4428  4476 I SamsungAccount: [MccManager] saveMccToPreference, mcc is same with previous mcc
01-22 19:18:45.311  3244  3244 I HoneySpace.EdgePanel.EdgeVisibilityRepository: getComputedTrayVisible : keyguardState = 1
01-22 19:18:45.311  3244  3244 I HoneySpace.EdgePanel.EdgeVisibilityRepository: updateTrayVisible: State = 0x1, visible = true, current containerState = 4, specificMode = 0
01-22 19:18:45.311  3244  3244 I HoneySpace.EdgePanel.EdgeContainerViewModel: containerState current 4 new 0
01-22 19:18:45.311  3244  3244 I HoneySpace.EdgePanel.EdgePot: Container state 0
01-22 19:18:45.312  4428  4476 I SamsungAccount: [ChildAccountSupportedListManager] getSupportedListFromPreference from cache
01-22 19:18:45.312  3244  3244 I HoneySpace.EdgePanel.EdgeWindowController: updateHandleWindow: 675 1846 true
01-22 19:18:45.312  4428  4476 I SamsungAccount: [TPMU]  SIMState     :SIM_STATE_READY
01-22 19:18:45.312  4428  4476 I SamsungAccount: [CountryCodeUtil] isChinaCountryCode : false
01-22 19:18:45.313  3244  3244 I HoneySpace.EdgePanel.EdgeWindowController: handleUpdateWindowParam
01-22 19:18:45.313  1248  1248 I SurfaceFlinger: RequestedLayer [Surface(name=589b7ad InputMethod)/@0[...]ion-leash of insets_animation#497737] hidden!! flag  from(1) --> to(0)
01-22 19:18:45.313  1248  1248 E SurfaceFlinger: alpha changed 1.000 -> 0.000 - Surface(name=589b7ad InputMethod)/@0xcf7a0af - animation-leash of insets_animation#497737
01-22 19:18:45.313  1248  1248 I SurfaceFlinger: [LayerHierarchy{RequestedLayerState{ImeContainer#15 parentId=497722 relativeParentId=497722 z=3} 1 children}] reparent to LayerHierarchy{RequestedLayerState{ActivityRecord{254619014 u0 org.tkideneb2.zeiterfassung/org.kivy.android.PythonActivity t4624}#497722 parentId=497721} 4 children}
01-22 19:18:45.313  1248  1248 I SurfaceFlinger: [LayerHierarchy{RequestedLayerState{ImeContainer#15 parentId=497722 relativeParentId=497722 z=3} 1 children}] RelativeParent to null
01-22 19:18:45.313  1248  1248 I SurfaceFlinger: [LayerHierarchy{RequestedLayerState{589b7ad InputMethod#161 parentId=497737} no children}] reparent to LayerHierarchy{RequestedLayerState{Surface(name=589b7ad InputMethod)/@0xcf7a0af - animation-leash of insets_animation#497737 parentId=144} 1 children}
01-22 19:18:45.313  1248  1248 I SurfaceFlinger: [LayerHierarchy{RequestedLayerState{Surface(name=589b7ad InputMethod)/@0xcf7a0af - animation-leash of insets_animation#497688} no children}] reparent to OffscreenRoot
01-22 19:18:45.313  1248  1248 I SurfaceFlinger: [LayerHierarchy{RequestedLayerState{Surface(name=589b7ad InputMethod)/@0xcf7a0af - animation-leash of insets_animation#497688} no children}] RelativeParent to null
01-22 19:18:45.313  1559  3897 W CocktailBarStatePolicyController: updateWindowType: current window type is requested window type(1)
01-22 19:18:45.313  3244  3244 I HoneySpace.EdgePanel.EdgeWindowController: updateTouchRect: dynamicInputRegion=37271450@LastEvent=t=1769105020765Rect(12, 0 - 67, 675),Rect=Rect(12, 0 - 67, 675)
01-22 19:18:45.313  1559  3897 D TspStateManager: holeName: com.sec.android.app.launcher, direction: 2, startY: 1846, endY: 2521
01-22 19:18:45.313  4428  4476 I SamsungAccount: [TPMU] getMccFromUsim
01-22 19:18:45.313  4428  4476 I SamsungAccount: [MccManager] saveMccToPreference Start
01-22 19:18:45.313  4428  4476 I SamsungAccount: [MccManager] saveMccToPreference, mcc is same with previous mcc
01-22 19:18:45.313  4428  4476 I SamsungAccount: [FamilyGroupUtil] meetKoreaCountryCondition(beforeSignUp=false): false
01-22 19:18:45.314  4428  4476 I SamsungAccount: [ChildAccountSupportedListManager] getSupportedListFromPreference from cache
01-22 19:18:45.314 28652 28917 I bt_shim_advertiser: system/main/shim/le_advertising_manager.cc:155 StartAdvertisingSet: in shim layer
01-22 19:18:45.314 28652 28917 I bt_shim_advertiser: system/main/shim/le_advertising_manager.cc:174 StartAdvertisingSet: create advertising set, client_id:255, reg_id:-27651
01-22 19:18:45.314 28652 28686 W bluetooth: system/gd/hci/le_advertising_manager.cc:431 allocate_advertiser: advertiser_id=0
01-22 19:18:45.314 28652 28686 W bluetooth: system/gd/hci/le_advertising_manager.cc:643 create_extended_advertiser_with_id: advertiser_id=0
01-22 19:18:45.314  4428  4476 I SamsungAccount: [TPMU]  SIMState     :SIM_STATE_READY
01-22 19:18:45.314  4428  4476 I SamsungAccount: [CountryCodeUtil] isChinaCountryCode : false
01-22 19:18:45.308 17353 17383 I NearbyConnections: Client 232657917 requested discovery to start.
01-22 19:18:45.314 28652 28686 I bluetooth: system/gd/hci/le_advertising_manager.cc:722 create_extended_advertiser_with_id: Scheduling address rotation for advertiser_id=0
01-22 19:18:45.314 28652 28686 I bluetooth: system/gd/hci/le_address_manager.cc:581 GetNextPrivateAddressIntervalRange: client=advertising_set_0, nonwake=7m26s, wake=13m54s
01-22 19:18:45.314  1559  6336 I WindowManager: Relayout Window{dc4095b u0 com.sec.android.app.launcher/com.samsung.app.honeyspace.edge.edgepanel.app.CocktailBarService}: viewVisibility=0 req=67x675 ty=2226 d0
01-22 19:18:45.315 28652 28686 I bluetooth: system/gd/hci/le_advertising_manager.cc:1307 enable_advertiser: advertiser_id=0
01-22 19:18:45.315  1248  1549 I SurfaceFlinger: id=497738 createSurf, flag=44004, com.sec.android.app.launcher/com.samsung.app.honeyspace.edge.edgepanel.app.CocktailBarService$_3244#497738
01-22 19:18:45.315  1195  1318 I SensorsHub: LightCCT_Sensor: lux = 13, CCT = 0, rawLux = 10, roi = 0, time = 2541830340541015
01-22 19:18:45.315  4428  4476 I SamsungAccount: [TPMU] getMccFromUsim
01-22 19:18:45.315  4428  4476 I SamsungAccount: [MccManager] saveMccToPreference Start
01-22 19:18:45.315  4428  4476 I SamsungAccount: [MccManager] saveMccToPreference, mcc is same with previous mcc
01-22 19:18:45.315  4428  4476 I SamsungAccount: [FamilyGroupUtil] meetServerCountryCondition(beforeSignUp=false): true
01-22 19:18:45.315 17353  7631 I NearbyConnections: 232657917 0p:com.google.android.gms.nearby.sharing startDiscovery in nc mode.
01-22 19:18:45.316  4428  4476 I SamsungAccount: [TPMU]  SIMState     :SIM_STATE_READY
01-22 19:18:45.316  4428  4476 I SamsungAccount: [CountryCodeUtil] isChinaCountryCode : false
01-22 19:18:45.316  4428  4476 I SamsungAccount: [TPMU] getMccFromUsim
01-22 19:18:45.316  1559  6336 D WindowManager: makeSurface duration=2 name=com.sec.android.app.launcher/com.samsung.app.honeyspace.edge.edgepanel.app.CocktailBarService$_3244
01-22 19:18:45.317  4428  4476 I SamsungAccount: [MccManager] saveMccToPreference Start
01-22 19:18:45.317  4428  4476 I SamsungAccount: [MccManager] saveMccToPreference, mcc is same with previous mcc
01-22 19:18:45.317  4428  4476 I SamsungAccount: [FamilyGroupUtil] meetKoreaOneUiCondition: false
01-22 19:18:45.317  4428  4476 I SamsungAccount: [ChildAccountSupportedListManager] getSupportedListFromPreference from cache
01-22 19:18:45.317  4428  4476 I SamsungAccount: [FamilyGroupUtil] meetServerOneUiCondition: true
01-22 19:18:45.317  4428  4476 I SamsungAccount: [FamilyGroupUtil] isSupportFamilyService: true
01-22 19:18:45.317  4428  4476 I SamsungAccount: [ChildAccount] isChildAccount : false
01-22 19:18:45.317  4428  4476 I SamsungAccount: [AccountManagerProvider] makeResultBundle - resultCode : 0
01-22 19:18:45.317 28652 28686 I bluetooth: system/gd/hci/le_advertising_manager.cc:1868 on_set_advertising_set_random_address_complete: update random address for advertising set 0 : xx:xx:xx:xx:58:64
01-22 19:18:45.317  6627  6627 I HBD     : i [AiWriter] isChildAccount:false
01-22 19:18:45.318 17353  7633 I Nearby  : (REDACTED) Note nearby client %s for operation %s
01-22 19:18:45.318  6627  6627 I HBD     : f needOff = true , isForceOff = false, isNullInputClass : true 
01-22 19:18:45.318  6627  6627 I HBD     : f update cached prediction status : false 
01-22 19:18:45.318  6627  6627 I HBD     : h getDefaultInputRange : UNKNOWN 
01-22 19:18:45.318  6627  6627 I HBD     : a currentState : 0 
01-22 19:18:45.318  1559  6336 D SurfaceComposerClient: setCornerRadius ## bec5419 Splash Screen org.tkideneb2.zeiterfassung#497728 cornerRadius=0.000000
01-22 19:18:45.318  1559  6336 D SurfaceComposerClient: setCornerRadius ## d37c539 org.tkideneb2.zeiterfassung/org.kivy.android.PythonActivity#497725 cornerRadius=0.000000
01-22 19:18:45.318  6627  6627 I HBD     : a [UpdatePolicy] [post] a: 0 cl: 1048576 kit: [0/6] vt: 0 ir: 1 
01-22 19:18:45.318 17353  7633 I NearbyConnections: Get local endpoint id from the existing localEndpointId:Y52U (last:null) for client 232657917(0p:com.google.android.gms.nearby.sharing)
01-22 19:18:45.318  1559  6336 W PhoneWindowManager: lockNow pending, ignore updating lockscreen timeout
01-22 19:18:45.318  1559  6336 D SurfaceComposerClient: setCornerRadius ## bec5419 Splash Screen org.tkideneb2.zeiterfassung#497728 cornerRadius=0.000000
01-22 19:18:45.318  1559  6336 D SurfaceComposerClient: setCornerRadius ## d37c539 org.tkideneb2.zeiterfassung/org.kivy.android.PythonActivity#497725 cornerRadius=0.000000
01-22 19:18:45.319  6627  6627 I HBD     : a [NRIC] resetNoResponseState 
01-22 19:18:45.319  6627  6627 I HBD     : f needOff = true , isForceOff = false, isNullInputClass : true 
01-22 19:18:45.319  6627  6627 I HBD     : f update cached prediction status : false 
01-22 19:18:45.319  6627  6627 I HBD     : b [AiWriter] setContact : org.tkideneb2.zeiterfassung
01-22 19:18:45.319  6627  6627 I HBD     : a [AiWriter] setContact : org.tkideneb2.zeiterfassung
01-22 19:18:45.319  1559  6336 I WindowManager: Relayout hash=dc4095b, pid=3244, syncId=-1: mAttrs={(0,1846)(67x675) gr=TOP RIGHT CENTER sim={adjust=nothing} layoutInDisplayCutoutMode=always ty=2226 fmt=TRANSPARENT
01-22 19:18:45.319  1559  6336 I WindowManager:   fl=81800108
01-22 19:18:45.319  1559  6336 I WindowManager:   pfl=10000070
01-22 19:18:45.319  1559  6336 I WindowManager:   apr=10
01-22 19:18:45.319  1559  6336 I WindowManager:   bhv=1
01-22 19:18:45.319  1559  6336 I WindowManager:   frameRateBoostOnTouch=true
01-22 19:18:45.319  1559  6336 I WindowManager:   dvrrWindowFrameRateHint=true
01-22 19:18:45.319  1559  6336 I WindowManager:  dimAmount=0.0 dimDuration=0 naviIconColor=0
01-22 19:18:45.319  1559  6336 I WindowManager:   sfl=420000}
01-22 19:18:45.319 28652 28917 E BtGatt.AdvertiseManager: [GSIM LOG]: gsimLogHandler, msg: MESSAGE_ADV_SET_START, appName: com.samsung.android.mcfds, id: 0, isLegacy: true
01-22 19:18:45.319  6627  6627 I HBD     : F EBD si S 0 
01-22 19:18:45.319  6627  6627 I HBD     : m updateContactDBLanguage : 1048576 
01-22 19:18:45.319  7505  7532 V python  : extracting _python_bundle/site-packages/kivymd/fonts/Roboto-ThinItalic.ttf
01-22 19:18:45.319  6627  6627 I HBD     : g isCoverDisplay : false, cached selected json info : SelectedLanguageInfo(languageVersion=4.2, currentLanguageOrder=0, selectedLanguageList=[SelectedLanguage(id=1048576, isUsed=true, engName=Germany, inputType=german_qwertz, activeOptionList=[auto_replace, auto_spacing, prediction], bilingualId=-1)]) 
01-22 19:18:45.319  6627  6627 I HBD     : g updateSelectedLanguageCache is succeeded. Germany 
01-22 19:18:45.320  1248  2404 I SurfaceFlinger: id=497688 Removed Surface(name=589b7ad InputMethod)/@0xcf7a0af - animation-leash of insets_animation#497688 (198)
01-22 19:18:45.320  3244  3244 I BLASTBufferQueue_Java: new BLASTBufferQueue, mName= VRI[CocktailBarService]@bb5dd7a mNativeObject= 0xb400006e370927f0 caller= android.view.ViewRootImpl.updateBlastSurfaceIfNeeded:3585 android.view.ViewRootImpl.relayoutWindow:11685 android.view.ViewRootImpl.performTraversals:4804 android.view.ViewRootImpl.doTraversal:3924 android.view.ViewRootImpl$TraversalRunnable.run:12903 android.view.Choreographer$CallbackRecord.run:1901 android.view.Choreographer$CallbackRecord.run:1910 android.view.Choreographer.doCallbacks:1367 android.view.Choreographer.doFrame:1292 android.view.Choreographer$FrameDisplayEventReceiver.run:1870 
01-22 19:18:45.320  3244  3244 I BLASTBufferQueue_Java: update, w= 67 h= 675 mName = VRI[CocktailBarService]@bb5dd7a mNativeObject= 0xb400006e370927f0 sc.mNativeObject= 0xb400006db703be50 format= -2 caller= android.view.ViewRootImpl.updateBlastSurfaceIfNeeded:3590 android.view.ViewRootImpl.relayoutWindow:11685 android.view.ViewRootImpl.performTraversals:4804 android.view.ViewRootImpl.doTraversal:3924 android.view.ViewRootImpl$TraversalRunnable.run:12903 android.view.Choreographer$CallbackRecord.run:1901 
01-22 19:18:45.320  3244  3244 I VRI[CocktailBarService]@bb5dd7a: Relayout returned: old=(1373,1846,1440,2521) new=(1373,1846,1440,2521) relayoutAsync=false req=(67,675)0 dur=6 res=0x3 s={true 0xb400006d4712f9f0} ch=true seqId=7680
01-22 19:18:45.321  6627  6627 I HBD     : h writeToFile path : /data/user/0/com.samsung.android.honeyboard/files/selected.json 
01-22 19:18:45.321  6627  6627 I HBD     : h writeToFile json : {"version":"4.2","currentLanguageOrder":0,"selected":[{"activeOptionList":["auto_replace","auto_spacing","prediction"],"bilingualId":-1,"engName":"Germany","id":1048576,"inputType":"german_qwertz","isUsed":true}]} 
01-22 19:18:45.321  1248  1248 I SurfaceFlinger: destroyed Surface(name=589b7ad InputMethod)/@0xcf7a0af - animation-leash of insets_animation#497688
01-22 19:18:45.321  1559  2141 D SurfaceComposerClient: setCornerRadius ## bec5419 Splash Screen org.tkideneb2.zeiterfassung#497728 cornerRadius=0.000000
01-22 19:18:45.321  1559  2141 D SurfaceComposerClient: setCornerRadius ## d37c539 org.tkideneb2.zeiterfassung/org.kivy.android.PythonActivity#497725 cornerRadius=0.000000
01-22 19:18:45.321  1248  1248 I SurfaceFlinger: [com.sec.android.app.launcher/com.samsung.app.honeyspace.edge.edgepanel.app.CocktailBarService$_3244#497738] attach to parent LayerHierarchy{RequestedLayerState{dc4095b com.sec.android.app.launcher/com.samsung.app.honeyspace.edge.edgepanel.app.CocktailBarService#49797 parentId=49796} 1 children}
01-22 19:18:45.321  3244  3244 I VRI[CocktailBarService]@bb5dd7a: Creating new active sync group VRI[CocktailBarService]@bb5dd7a#46
01-22 19:18:45.322  1248  1248 I Layer   : id=497688 Destroyed Surface(name=589b7ad InputMethod)/@0xcf7a0af - animation-leash of insets_animation#497688
01-22 19:18:45.323  3244  6152 I VRI[CocktailBarService]@bb5dd7a: mWNT: t=0xb400006ec70e9590 mBlastBufferQueue=0xb400006e370927f0 fn= 1 HdrRenderState mRenderHdrSdrRatio=1.0 caller= android.view.ViewRootImpl$12.onFrameDraw:15441 android.view.ThreadedRenderer$1.onFrameDraw:718 <bottom of call stack> 
01-22 19:18:45.323  3244  6152 I VRI[CocktailBarService]@bb5dd7a: Setting up sync and frameCommitCallback
01-22 19:18:45.323  2814  2961 D KeyguardUnlock: updateLeashAlpha: updateLeashAlpha=0.58476263
01-22 19:18:45.323  6627  6627 I HBD     : h writeToFile complete 
01-22 19:18:45.323  2814  2961 D KeyguardUnlock: updateKeyguardAlpha: updateKeyguardAlpha=0.41523737
01-22 19:18:45.324  6627  6627 I HBD     : g isCoverDisplay : false, cached selected json info : SelectedLanguageInfo(languageVersion=4.2, currentLanguageOrder=0, selectedLanguageList=[SelectedLanguage(id=1048576, isUsed=true, engName=Germany, inputType=german_qwertz, activeOptionList=[auto_replace, auto_spacing, prediction], bilingualId=-1)]) 
01-22 19:18:45.324 30801   451 I BLASTBufferQueue: [VRI[FP Iconview]@97f2e43#2](f:0,a:4,s:0) releaseBufferCallback bufferId:132289287684105 framenumber:20 layerId:497727
01-22 19:18:45.324 30801   451 I BLASTBufferQueue: [VRI[FP Iconview]@97f2e43#2](f:0,a:3,s:0) released bufferId:132289287684105 framenumber:20 layerId:497727
01-22 19:18:45.324  6627  6627 I HBD     : o updateActionOptionFromPreference isCover = false 
01-22 19:18:45.324  6627  6627 I HBD     : o before lang.activeOptionList =  [auto_replace, auto_spacing, prediction] 
01-22 19:18:45.325  3244  5964 I BLASTBufferQueue: [VRI[CocktailBarService]@bb5dd7a#19403](f:0,a:0,s:0) onFrameAvailable the first frame is available
01-22 19:18:45.325 30801   451 I BLASTBufferQueue: [VRI[FP Iconview]@97f2e43#2](f:0,a:3,s:0) Can't acquire next buffer. No available frames
01-22 19:18:45.325 30801 30819 I BLASTBufferQueue: [VRI[FP Iconview]@97f2e43#2](f:0,a:3,s:0) onFrameAvailable-start syncTransactionSet=false
01-22 19:18:45.325  6627  6627 I HBD     : o after lang.activeOptionList = [auto_replace, auto_spacing, prediction] 
01-22 19:18:45.325 30801 30819 I BLASTBufferQueue: [VRI[FP Iconview]@97f2e43#2](f:0,a:3,s:0) onFrameAvailable framenumber=24 syncTransactionSet=false
01-22 19:18:45.325 30801 30819 I BLASTBufferQueue: [VRI[FP Iconview]@97f2e43#2](f:1,a:3,s:0) onFrameAvailable framenumber=24 syncTransactionSet=false
01-22 19:18:45.325  1248  2404 I SurfaceFlinger: [com.sec.android.app.launcher/com.samsung.app.honeyspace.edge.edgepanel.app.CocktailBarService$_3244#497738] setTransactionState with the first frame. bufferData(ID: 13932874057998, frameNumber: 1)
01-22 19:18:45.325 30801 30819 I BLASTBufferQueue: [VRI[FP Iconview]@97f2e43#2](f:0,a:4,s:0) mergePendingTransactions t: 132289287684203, frameNumber: 24
01-22 19:18:45.325  3244  5964 I VRI[CocktailBarService]@bb5dd7a: Received frameCommittedCallback lastAttemptedDrawFrameNum=1 didProduceBuffer=true
01-22 19:18:45.325  6627  6627 I HBD     : h writeToFile path : /data/user/0/com.samsung.android.honeyboard/files/selected.json 
01-22 19:18:45.325  6627  6627 I HBD     : h writeToFile json : {"version":"4.2","currentLanguageOrder":0,"selected":[{"activeOptionList":["auto_replace","auto_spacing","prediction"],"bilingualId":-1,"engName":"Germany","id":1048576,"inputType":"german_qwertz","isUsed":true}]} 
01-22 19:18:45.325 30801 30819 I BLASTBufferQueue: [VRI[FP Iconview]@97f2e43#2](f:0,a:4,s:0) acquireNextBufferLocked size=1454x3134 mFrameNumber=24 applyTransaction=true mTimestamp=1866884125160187(auto) mPendingTransactions.size=0 graphicBufferId=132289287684105 transform=0
01-22 19:18:45.326 17353  7633 I NearbyConnections: In startNfcDiscovery(), client 232657917 couldn't start scanning on NFC for serviceId NearbySharing.
01-22 19:18:45.326 30801   451 I BLASTBufferQueue: [VRI[FP Iconview]@97f2e43#2](f:0,a:4,s:0) transactionCallback
01-22 19:18:45.326 30801   451 I BLASTBufferQueue: [VRI[FP Iconview]@97f2e43#2](f:0,a:4,s:0) updated mTransformHint=0
01-22 19:18:45.326 30801   451 I BLASTBufferQueue: [VRI[FP Iconview]@97f2e43#2](f:0,a:4,s:0) releaseBufferCallback bufferId:132289287684108 framenumber:21 layerId:497727
01-22 19:18:45.326 30801   451 I BLASTBufferQueue: [VRI[FP Iconview]@97f2e43#2](f:0,a:3,s:0) released bufferId:132289287684108 framenumber:21 layerId:497727
01-22 19:18:45.326 30801   451 I BLASTBufferQueue: [VRI[FP Iconview]@97f2e43#2](f:0,a:3,s:0) Can't acquire next buffer. No available frames
01-22 19:18:45.326 30801 30819 I BLASTBufferQueue: [VRI[FP Iconview]@97f2e43#2](f:0,a:3,s:0) onFrameAvailable-start syncTransactionSet=false
01-22 19:18:45.327 30801 30819 I BLASTBufferQueue: [VRI[FP Iconview]@97f2e43#2](f:0,a:3,s:0) onFrameAvailable framenumber=25 syncTransactionSet=false
01-22 19:18:45.327 30801 30819 I BLASTBufferQueue: [VRI[FP Iconview]@97f2e43#2](f:1,a:3,s:0) onFrameAvailable framenumber=25 syncTransactionSet=false
01-22 19:18:45.327 30801 30819 I BLASTBufferQueue: [VRI[FP Iconview]@97f2e43#2](f:0,a:4,s:0) mergePendingTransactions t: 132289287684205, frameNumber: 25
01-22 19:18:45.327 30801 30819 I BLASTBufferQueue: [VRI[FP Iconview]@97f2e43#2](f:0,a:4,s:0) acquireNextBufferLocked size=1454x3134 mFrameNumber=25 applyTransaction=true mTimestamp=1866884126832804(auto) mPendingTransactions.size=0 graphicBufferId=132289287684108 transform=0
01-22 19:18:45.327 30801   451 I BLASTBufferQueue: [VRI[FP Iconview]@97f2e43#2](f:0,a:4,s:0) transactionCallback
01-22 19:18:45.327 30801   451 I BLASTBufferQueue: [VRI[FP Iconview]@97f2e43#2](f:0,a:4,s:0) updated mTransformHint=0
01-22 19:18:45.327  6627  6627 I HBD     : h writeToFile complete 
01-22 19:18:45.327  6627  6627 I HBD     : m normal : updateLanguage : Germany 
01-22 19:18:45.328  6627  6627 I HBD     : g isCoverDisplay : false, cached selected json info : SelectedLanguageInfo(languageVersion=4.2, currentLanguageOrder=0, selectedLanguageList=[SelectedLanguage(id=1048576, isUsed=true, engName=Germany, inputType=german_qwertz, activeOptionList=[auto_replace, auto_spacing, prediction], bilingualId=-1)]) 
01-22 19:18:45.328  6627  6627 I HBD     : g isCoverDisplay : false, cached selected json info : SelectedLanguageInfo(languageVersion=4.2, currentLanguageOrder=0, selectedLanguageList=[SelectedLanguage(id=1048576, isUsed=true, engName=Germany, inputType=german_qwertz, activeOptionList=[auto_replace, auto_spacing, prediction], bilingualId=-1)]) 
01-22 19:18:45.328  6627  6627 I HBD     : o updateActionOptionFromPreference isCover = false 
01-22 19:18:45.328  6627  6627 I HBD     : o before lang.activeOptionList =  [auto_replace, auto_spacing, prediction] 
01-22 19:18:45.328  6627  6627 I HBD     : o after lang.activeOptionList = [auto_replace, auto_spacing, prediction] 
01-22 19:18:45.328  2814  2840 I ndroid.systemui: Background concurrent mark compact GC freed 46MB AllocSpace bytes, 116(3528KB) LOS objects, 37% free, 78MB/126MB, paused 9.743ms,6.546ms total 259.817ms
01-22 19:18:45.328  6627  6627 I HBD     : h writeToFile path : /data/user/0/com.samsung.android.honeyboard/files/selected.json 
01-22 19:18:45.328  6627  6627 I HBD     : h writeToFile json : {"version":"4.2","currentLanguageOrder":0,"selected":[{"activeOptionList":["auto_replace","auto_spacing","prediction"],"bilingualId":-1,"engName":"Germany","id":1048576,"inputType":"german_qwertz","isUsed":true}]} 
01-22 19:18:45.329  1559  7637 D SemInputDeviceManager: setProperty: (0) CMD,GRIP_DATA,0,2,1846,2521
01-22 19:18:45.329  1559  7637 D TspStateManager: wrote command: cmd=0,2,1846,2521, type=3
01-22 19:18:45.329  1559  2646 D SemInputDevice:TSP: SetPropertyTask: CMD,set_grip_data,0,2,1846,2521 [01-22 19:18:45.329]
01-22 19:18:45.330 17353  7633 I NearbyMediums: In ScanningCancellationFlag, service-id=NearbySharing has become the first scanner. The flag has been reset.
01-22 19:18:45.330  6627  6627 I HBD     : h writeToFile complete 
01-22 19:18:45.330  6627  6627 I HBD     : m normal : updateLanguage : Germany 
01-22 19:18:45.330  2814  2961 D KeyguardUnlock: updateLeashAlpha: updateLeashAlpha=0.6488186
01-22 19:18:45.330  2814  2961 D KeyguardUnlock: updateKeyguardAlpha: updateKeyguardAlpha=0.3511814
01-22 19:18:45.331  6627  6627 I HBD     : g isCoverDisplay : false, cached selected json info : SelectedLanguageInfo(languageVersion=4.2, currentLanguageOrder=0, selectedLanguageList=[SelectedLanguage(id=1048576, isUsed=true, engName=Germany, inputType=german_qwertz, activeOptionList=[auto_replace, auto_spacing, prediction], bilingualId=-1)]) 
01-22 19:18:45.331  6627  6627 I HBD     : g isCoverDisplay : false, cached selected json info : SelectedLanguageInfo(languageVersion=4.2, currentLanguageOrder=0, selectedLanguageList=[SelectedLanguage(id=1048576, isUsed=true, engName=Germany, inputType=german_qwertz, activeOptionList=[auto_replace, auto_spacing, prediction], bilingualId=-1)]) 
01-22 19:18:45.331  6627  6627 I HBD     : g updateSelectedLanguageCache is succeeded. Germany 
01-22 19:18:45.331  6627  6627 I HBD     : h writeToFile path : /data/user/0/com.samsung.android.honeyboard/files/selected.json 
01-22 19:18:45.331  6627  6627 I HBD     : h writeToFile json : {"version":"4.2","currentLanguageOrder":0,"selected":[{"activeOptionList":["auto_replace","auto_spacing","prediction"],"bilingualId":-1,"engName":"Germany","id":1048576,"inputType":"german_qwertz","isUsed":true}]} 
01-22 19:18:45.332 16056 16056 I [WEATHER]SourceFile: {[29474327C788D2F294A0AEB6F71A7368D755DA9364FAA1BB39460DA2606544886BCA5FF56CB03F878B91A1F4D83D44AA0163195865CE3EE95AEF80C21FE6F010]}
01-22 19:18:45.332 30801 30810 I BLASTBufferQueue: [VRI[FP Iconview]@97f2e43#2](f:0,a:4,s:0) releaseBufferCallback bufferId:132289287684107 framenumber:22 layerId:497727
01-22 19:18:45.332  1559  2141 W PhoneWindowManager: lockNow pending, ignore updating lockscreen timeout
01-22 19:18:45.332 30801 30810 I BLASTBufferQueue: [VRI[FP Iconview]@97f2e43#2](f:0,a:3,s:0) released bufferId:132289287684107 framenumber:22 layerId:497727
01-22 19:18:45.332 30801 30810 I BLASTBufferQueue: [VRI[FP Iconview]@97f2e43#2](f:0,a:3,s:0) Can't acquire next buffer. No available frames
01-22 19:18:45.332  1559  2141 D SurfaceComposerClient: setCornerRadius ## bec5419 Splash Screen org.tkideneb2.zeiterfassung#497728 cornerRadius=0.000000
01-22 19:18:45.332 30801 30810 I BLASTBufferQueue: [VRI[FP Iconview]@97f2e43#2](f:0,a:3,s:0) transactionCallback
01-22 19:18:45.332  1559  2141 D SurfaceComposerClient: setCornerRadius ## d37c539 org.tkideneb2.zeiterfassung/org.kivy.android.PythonActivity#497725 cornerRadius=0.000000
01-22 19:18:45.332 30801 30810 I BLASTBufferQueue: [VRI[FP Iconview]@97f2e43#2](f:0,a:3,s:0) updated mTransformHint=0
01-22 19:18:45.333  6627  6627 I HBD     : h writeToFile complete 
01-22 19:18:45.333 30801 30819 I BLASTBufferQueue: [VRI[FP Iconview]@97f2e43#2](f:0,a:3,s:0) onFrameAvailable-start syncTransactionSet=false
01-22 19:18:45.333 30801 30819 I BLASTBufferQueue: [VRI[FP Iconview]@97f2e43#2](f:0,a:3,s:0) onFrameAvailable framenumber=26 syncTransactionSet=false
01-22 19:18:45.333 30801 30819 I BLASTBufferQueue: [VRI[FP Iconview]@97f2e43#2](f:1,a:3,s:0) onFrameAvailable framenumber=26 syncTransactionSet=false
01-22 19:18:45.333 30801 30819 I BLASTBufferQueue: [VRI[FP Iconview]@97f2e43#2](f:0,a:4,s:0) mergePendingTransactions t: 132289287684207, frameNumber: 26
01-22 19:18:45.333 30801 30819 I BLASTBufferQueue: [VRI[FP Iconview]@97f2e43#2](f:0,a:4,s:0) acquireNextBufferLocked size=1454x3134 mFrameNumber=26 applyTransaction=true mTimestamp=1866884133286242(auto) mPendingTransactions.size=0 graphicBufferId=132289287684107 transform=0
01-22 19:18:45.333  6627  6627 I HBD     : g isCoverDisplay : false, cached selected json info : SelectedLanguageInfo(languageVersion=4.2, currentLanguageOrder=0, selectedLanguageList=[SelectedLanguage(id=1048576, isUsed=true, engName=Germany, inputType=german_qwertz, activeOptionList=[auto_replace, auto_spacing, prediction], bilingualId=-1)]) 
01-22 19:18:45.333  6627  6627 I HBD     : g updateSelectedLanguageCache is succeeded. Germany 
01-22 19:18:45.333  1559  2141 D WindowManager: finishDrawingWindow: Window{dc4095b u0 com.sec.android.app.launcher/com.samsung.app.honeyspace.edge.edgepanel.app.CocktailBarService} mDrawState=DRAW_PENDING seqId=7680
01-22 19:18:45.334  6627  6627 I HBD     : h writeToFile path : /data/user/0/com.samsung.android.honeyboard/files/selected.json 
01-22 19:18:45.334  6627  6627 I HBD     : h writeToFile json : {"version":"4.2","currentLanguageOrder":0,"selected":[{"activeOptionList":["auto_replace","auto_spacing","prediction"],"bilingualId":-1,"engName":"Germany","id":1048576,"inputType":"german_qwertz","isUsed":true}]} 
01-22 19:18:45.334  7505  7532 V python  : extracting _python_bundle/site-packages/kivymd/fonts/materialdesignicons-webfont.ttf
01-22 19:18:45.334  1559  1599 D SurfaceComposerClient: setCornerRadius ## bec5419 Splash Screen org.tkideneb2.zeiterfassung#497728 cornerRadius=0.000000
01-22 19:18:45.334  1559  1599 D SurfaceComposerClient: setCornerRadius ## d37c539 org.tkideneb2.zeiterfassung/org.kivy.android.PythonActivity#497725 cornerRadius=0.000000
01-22 19:18:45.334  1559  1599 W PhoneWindowManager: lockNow pending, ignore updating lockscreen timeout
01-22 19:18:45.334  1559  1599 V WindowManager: performShowLocked: mDrawState=HAS_DRAWN in Window{dc4095b u0 com.sec.android.app.launcher/com.samsung.app.honeyspace.edge.edgepanel.app.CocktailBarService}
01-22 19:18:45.334  1559  1599 D SurfaceComposerClient: setCornerRadius ## bec5419 Splash Screen org.tkideneb2.zeiterfassung#497728 cornerRadius=0.000000
01-22 19:18:45.334  1559  1599 D SurfaceComposerClient: setCornerRadius ## d37c539 org.tkideneb2.zeiterfassung/org.kivy.android.PythonActivity#497725 cornerRadius=0.000000
01-22 19:18:45.334  5817  5817 W ContextImpl: Calling a method in the system process without a qualified user: android.app.ContextImpl.startService:2068 android.content.ContextWrapper.startService:872 android.content.ContextWrapper.startService:872 com.sec.android.diagmonagent.sa.receiver.CFLogReceiver.onReceive:56 android.app.ActivityThread.handleReceiver:5663 
01-22 19:18:45.334  6627  6627 I HBD     : h writeToFile complete 
01-22 19:18:45.335  6627  6627 I HBD     : a [UpdatePolicy] [post] a: 31 cl: 1048576 kit: [0/6] vt: 0 ir: 1 
01-22 19:18:45.335  1559  2141 D KNOX_MDM_SettingsProvider: isChangeAllowed() : name = enabled_input_methods
01-22 19:18:45.335  1559  2141 D KNOX_MDM_SettingsProvider: edmUri: content://com.sec.knox.provider/RestrictionPolicy3
01-22 19:18:45.335  1559  2141 D KNOX_MDM_SettingsProvider: projectionArgs: isSettingsChangesAllowed
01-22 19:18:45.335  1559  2141 D KNOX_MDM_SettingsProvider: selectionArgs: false
01-22 19:18:45.335  1559  2141 D KNOX_MDM_SettingsProvider: selectionArgs: 10199
01-22 19:18:45.335  6627  6627 I HBD     : HoneyBoardService [PF_OP][onStartInput]  34 ms 
01-22 19:18:45.335  1559  2141 D SecContentProvider: query(), uri = 17 selection = isSettingsChangesAllowed
01-22 19:18:45.335  1559  2141 D SecContentProvider: called from android.uid.honeyboard:10199
01-22 19:18:45.335  1559  2141 D RestrictionPolicy: isSettingsChangesAllowedAsUser, userId 0 : true
01-22 19:18:45.335  1559  2141 D KNOX_MDM_SettingsProvider: ret = 1
01-22 19:18:45.335  6627  6627 I InputMethodService: scheduleImeSurfaceRemoval: removeImeSurface is posted.
01-22 19:18:45.335  6627  7644 I HBD     : h Write selected lang for DE  
01-22 19:18:45.335  6627  7643 I HBD     : h Write selected lang for DE  
01-22 19:18:45.335  6627  7645 I HBD     : h Write selected lang for DE  
01-22 19:18:45.335  1559  2141 D KNOX_MDM_SettingsProvider: isChangeAllowed() : name = default_input_method
01-22 19:18:45.335  1559  2141 D KNOX_MDM_SettingsProvider: edmUri: content://com.sec.knox.provider/RestrictionPolicy3
01-22 19:18:45.335  1559  2141 D KNOX_MDM_SettingsProvider: projectionArgs: isSettingsChangesAllowed
01-22 19:18:45.335  1559  2141 D KNOX_MDM_SettingsProvider: selectionArgs: false
01-22 19:18:45.335  1559  2141 D KNOX_MDM_SettingsProvider: selectionArgs: 10199
01-22 19:18:45.335  1559  2141 D SecContentProvider: query(), uri = 17 selection = isSettingsChangesAllowed
01-22 19:18:45.335  1559  2141 D SecContentProvider: called from android.uid.honeyboard:10199
01-22 19:18:45.335  1559  2141 D RestrictionPolicy: isSettingsChangesAllowedAsUser, userId 0 : true
01-22 19:18:45.335  1559  2141 D KNOX_MDM_SettingsProvider: ret = 1
01-22 19:18:45.335  6627  7644 I HBD     : h writeToFile path : /data/user_de/0/com.samsung.android.honeyboard/files/selected.json 
01-22 19:18:45.335  6627  7644 I HBD     : h writeToFile json : {"version":"4.2","currentLanguageOrder":0,"selected":[{"activeOptionList":["auto_replace","auto_spacing","prediction"],"bilingualId":-1,"engName":"Germany","id":1048576,"inputType":"german_qwertz","isUsed":true}]} 
01-22 19:18:45.335  6627  7643 I HBD     : h writeToFile path : /data/user_de/0/com.samsung.android.honeyboard/files/selected.json 
01-22 19:18:45.335  6627  7643 I HBD     : h writeToFile json : {"version":"4.2","currentLanguageOrder":0,"selected":[{"activeOptionList":["auto_replace","auto_spacing","prediction"],"bilingualId":-1,"engName":"Germany","id":1048576,"inputType":"german_qwertz","isUsed":true}]} 
01-22 19:18:45.336  6627  7645 I HBD     : h writeToFile path : /data/user_de/0/com.samsung.android.honeyboard/files/selected.json 
01-22 19:18:45.336  6627  7645 I HBD     : h writeToFile json : {"version":"4.2","currentLanguageOrder":0,"selected":[{"activeOptionList":["auto_replace","auto_spacing","prediction"],"bilingualId":-1,"engName":"Germany","id":1048576,"inputType":"german_qwertz","isUsed":true}]} 
01-22 19:18:45.336  6627  9451 I HBD     : p updated Sub Types. Germany 
01-22 19:18:45.336  1559  2706 D KNOX_MDM_SettingsProvider: isChangeAllowed() : name = enabled_input_methods
01-22 19:18:45.336  1559  2706 D KNOX_MDM_SettingsProvider: edmUri: content://com.sec.knox.provider/RestrictionPolicy3
01-22 19:18:45.336  1559  2706 D KNOX_MDM_SettingsProvider: projectionArgs: isSettingsChangesAllowed
01-22 19:18:45.336  1559  2706 D KNOX_MDM_SettingsProvider: selectionArgs: false
01-22 19:18:45.336  1559  2706 D KNOX_MDM_SettingsProvider: selectionArgs: 10199
01-22 19:18:45.336 17353  7622 D BluetoothAdapter: isLeEnabled(): ON
01-22 19:18:45.336  1559  2706 D SecContentProvider: query(), uri = 17 selection = isSettingsChangesAllowed
01-22 19:18:45.336  1559  2706 D SecContentProvider: called from android.uid.honeyboard:10199
01-22 19:18:45.336  1559  2706 D RestrictionPolicy: isSettingsChangesAllowedAsUser, userId 0 : true
01-22 19:18:45.336  1559  2706 D KNOX_MDM_SettingsProvider: ret = 1
01-22 19:18:45.336  1559  2706 D KNOX_MDM_SettingsProvider: isChangeAllowed() : name = default_input_method
01-22 19:18:45.336  1559  2706 D KNOX_MDM_SettingsProvider: edmUri: content://com.sec.knox.provider/RestrictionPolicy3
01-22 19:18:45.336  1559  2706 D KNOX_MDM_SettingsProvider: projectionArgs: isSettingsChangesAllowed
01-22 19:18:45.336  1559  2706 D KNOX_MDM_SettingsProvider: selectionArgs: false
01-22 19:18:45.336  1559  2706 D KNOX_MDM_SettingsProvider: selectionArgs: 10199
01-22 19:18:45.336  1559  2706 D SecContentProvider: query(), uri = 17 selection = isSettingsChangesAllowed
01-22 19:18:45.336  1559  2706 D SecContentProvider: called from android.uid.honeyboard:10199
01-22 19:18:45.336  1559  2706 D RestrictionPolicy: isSettingsChangesAllowedAsUser, userId 0 : true
01-22 19:18:45.336  1559  2706 D KNOX_MDM_SettingsProvider: ret = 1
01-22 19:18:45.336 17353  7622 D BluetoothLeScanner: Start Scan with callback
01-22 19:18:45.337  6627  7644 I HBD     : h writeToFile complete 
01-22 19:18:45.337  6627  7643 E AtomicFile: Failed to rename /data/user_de/0/com.samsung.android.honeyboard/files/selected.json.new to /data/user_de/0/com.samsung.android.honeyboard/files/selected.json
01-22 19:18:45.337  6627  7643 I HBD     : h writeToFile complete 
01-22 19:18:45.337  6627 32345 I HBD     : p updated Sub Types. Germany 
01-22 19:18:45.337  6627  7645 E AtomicFile: Failed to rename /data/user_de/0/com.samsung.android.honeyboard/files/selected.json.new to /data/user_de/0/com.samsung.android.honeyboard/files/selected.json
01-22 19:18:45.337  6627  7645 I HBD     : h writeToFile complete 
01-22 19:18:45.337  1230  1249 I sysinput:aidl: onReportInformation:91, 1, cmd@set_grip_data,0,2,1846,252
01-22 19:18:45.337  1230  1249 I sysinput:Touch1: operator():237, OK
01-22 19:18:45.337 28652 28920 E ScanManager: [GSIM LOG]: gsimLogHandler, msg: MESSAGE_SCAN_START, appName: com.samsung.android.mcfds, scannerId: 9, reportDelayMillis=0
01-22 19:18:45.337  1559  2646 D SysinputHAL_AIDL: setProperty(TSP(1)): CMD, set_grip_data,0,2,1846,2521 ret=0
01-22 19:18:45.337 28652 28920 I bt_shim_scanner: system/main/shim/le_scanning_manager.cc:260 ScanFilterEnable: in shim layer
01-22 19:18:45.338 28652 28920 I bt_shim_scanner: system/main/shim/le_scanning_manager.cc:233 ScanFilterAdd: in shim layer
01-22 19:18:45.338 28652 28920 I bt_shim_scanner: system/main/shim/le_scanning_manager.cc:197 ScanFilterParamSetup: in shim layer, clientIf=9
01-22 19:18:45.339  2814  2961 D KeyguardUnlock: updateLeashAlpha: updateLeashAlpha=0.7066534
01-22 19:18:45.339  2814  2961 D KeyguardUnlock: updateKeyguardAlpha: updateKeyguardAlpha=0.29334658
01-22 19:18:45.339 28652 28920 I bt_shim_scanner: system/main/shim/le_scanning_manager.cc:233 ScanFilterAdd: in shim layer
01-22 19:18:45.340 28652 29633 I bt_shim_scanner: system/main/shim/le_scanning_manager.cc:135 RegisterScanner: in shim layer, UUID=c9e070c5-4a63-4ec3-809f-0089d4767665
01-22 19:18:45.340 28652 28920 I bt_shim_scanner: system/main/shim/le_scanning_manager.cc:197 ScanFilterParamSetup: in shim layer, clientIf=9
01-22 19:18:45.340  1559  1559 D SemContextEngineService: ACTION_SCREEN_ON
01-22 19:18:45.340 28652 28686 W bluetooth: system/gd/hci/le_scanning_manager.cc:650 register_scanner: register_scanner
01-22 19:18:45.340  5817  5817 W ContextImpl: Calling a method in the system process without a qualified user: android.app.ContextImpl.startService:2068 android.content.ContextWrapper.startService:872 android.content.ContextWrapper.startService:872 com.sec.android.diagmonagent.sa.receiver.CFLogReceiver.onReceive:56 android.app.ActivityThread.handleReceiver:5663 
01-22 19:18:45.341 17353 17397 D BluetoothLeScanner: onScannerRegistered() - status=0 scannerId=11 mScannerId=0
01-22 19:18:45.341 30801 30810 I BLASTBufferQueue: [VRI[FP Iconview]@97f2e43#2](f:0,a:4,s:0) releaseBufferCallback bufferId:132289287684106 framenumber:23 layerId:497727
01-22 19:18:45.341 30801 30810 I BLASTBufferQueue: [VRI[FP Iconview]@97f2e43#2](f:0,a:3,s:0) released bufferId:132289287684106 framenumber:23 layerId:497727
01-22 19:18:45.341 30801 30810 I BLASTBufferQueue: [VRI[FP Iconview]@97f2e43#2](f:0,a:3,s:0) Can't acquire next buffer. No available frames
01-22 19:18:45.341 30801 30810 I BLASTBufferQueue: [VRI[FP Iconview]@97f2e43#2](f:0,a:3,s:0) transactionCallback
01-22 19:18:45.341 30801 30810 I BLASTBufferQueue: [VRI[FP Iconview]@97f2e43#2](f:0,a:3,s:0) updated mTransformHint=0
01-22 19:18:45.341 30801 30819 I BLASTBufferQueue: [VRI[FP Iconview]@97f2e43#2](f:0,a:3,s:0) onFrameAvailable-start syncTransactionSet=false
01-22 19:18:45.341 30801 30819 I BLASTBufferQueue: [VRI[FP Iconview]@97f2e43#2](f:0,a:3,s:0) onFrameAvailable framenumber=27 syncTransactionSet=false
01-22 19:18:45.341 30801 30819 I BLASTBufferQueue: [VRI[FP Iconview]@97f2e43#2](f:1,a:3,s:0) onFrameAvailable framenumber=27 syncTransactionSet=false
01-22 19:18:45.341 30801 30819 I BLASTBufferQueue: [VRI[FP Iconview]@97f2e43#2](f:0,a:4,s:0) mergePendingTransactions t: 132289287684209, frameNumber: 27
01-22 19:18:45.342 30801 30819 I BLASTBufferQueue: [VRI[FP Iconview]@97f2e43#2](f:0,a:4,s:0) acquireNextBufferLocked size=1454x3134 mFrameNumber=27 applyTransaction=true mTimestamp=1866884141628781(auto) mPendingTransactions.size=0 graphicBufferId=132289287684106 transform=0
01-22 19:18:45.343 17353  7632 I NearbyMediums: ModuleInitializer handles incoming intent android.intent.action.USER_PRESENT
01-22 19:18:45.345  1559  2184 D SEP_UNION_SemDeviceInfoManagerService: onReceive : android.intent.action.SCREEN_ON, userId = 0 
01-22 19:18:45.346  1248  1248 I SurfaceFlinger: RequestedLayer [com.sec.android.app.launcher/com.sam[...].app.CocktailBarService$_3244#497738] hidden!! flag  from(1) --> to(0)
01-22 19:18:45.348  1559  1598 I DisplayDeviceRepository: Display device changed render timings: "Integrierter Bildschirm", renderFrameRate=120.00001, presentationDeadlineNanos=9333333, appVsyncOffsetNanos=8333333, frameRateOverrides=[{uid=10056 frameRateHz=120.00001}, {uid=10159 frameRateHz=120.00001}, {uid=10544 frameRateHz=120.00001}]
01-22 19:18:45.348  2814  2961 D KeyguardUnlock: updateLeashAlpha: updateLeashAlpha=0.7515819
01-22 19:18:45.348  2814  2961 D KeyguardUnlock: updateKeyguardAlpha: updateKeyguardAlpha=0.2484181
01-22 19:18:45.348  1559  1599 W PhoneWindowManager: lockNow pending, ignore updating lockscreen timeout
01-22 19:18:45.348  1559  1599 D SurfaceComposerClient: setCornerRadius ## bec5419 Splash Screen org.tkideneb2.zeiterfassung#497728 cornerRadius=0.000000
01-22 19:18:45.348  1559  1599 D SurfaceComposerClient: setCornerRadius ## d37c539 org.tkideneb2.zeiterfassung/org.kivy.android.PythonActivity#497725 cornerRadius=0.000000
01-22 19:18:45.349  1559  2184 D ActivityManager: Received BROADCAST intent 0x7286e15 Key{broadcastIntent pkg=com.sec.android.app.launcher intent=act=android.intent.action.SCREEN_ON xflg=0x4 cmp=com.sec.android.app.launcher/com.samsung.app.honeyspace.edge.edgepanel.data.repository.visibility.ScreenStateBrReceiver flags=0x2000000 u=-1} requestCode=0 sent=0 from uid 1000
01-22 19:18:45.349  1559  2184 D SEP_UNION_SemDeviceInfoManagerService: Send intent android.intent.action.SCREEN_ON, userId: 0 by broadcast 
01-22 19:18:45.349  1248  1248 D SurfaceFlinger: Display 4633128672291736003 HWC layers:
01-22 19:18:45.349  1248  1248 D SurfaceFlinger:        DEVICE |           32233729556486 | 00002102 | RGBA_8888    |    0.0    0.0 1440.0 3050.0 |    0   70 1440 3120 | org.tkideneb2.zeiterfassung/org.kivy.android.PythonActivity$_7505#497729 (19)
01-22 19:18:45.349  1248  1248 D SurfaceFlinger:        DEVICE |           12086038195115 | 00002100 | RGBA_8888    |    0.0    0.0 1440.0 3120.0 |    0    0 1440 3120 | Splash Screen org.tkideneb2.zeiterfassung$_2814#497730 (2)
01-22 19:18:45.349  1248  1248 D SurfaceFlinger:        DEVICE |           12086038195025 | 00002100 | RGBA_8888    |    0.0    0.0 1440.0  113.0 |    0    0 1440  113 | StatusBar$_2814#110 (1790736)
01-22 19:18:45.349  1248  1248 D SurfaceFlinger:        DEVICE |           12086038195104 | 00002100 | RGBA_8888    |    0.0    0.0 1440.0 3120.0 |    0    0 1440 3120 | NotificationShade$_2814#497715 (541)
01-22 19:18:45.349  1248  1248 D SurfaceFlinger:        DEVICE |           13932874057998 | 00002100 | RGBA_8888    |    0.0    0.0   67.0  675.0 | 1373 1846 1440 2521 | com.sec.android.app.launcher/com.sam[...].app.CocktailBarService$_3244#497738 (1)
01-22 19:18:45.349  1248  1248 D SurfaceFlinger:        DEVICE |           12086038195019 | 00002100 | RGBA_8888    |    0.0    0.0 1440.0  1
01-22 19:18:45.349  1248  1248 D SurfaceFlinger: 68.0 |    0 2952 1440 3120 | NavigationBar0$_2814#108 (960202)
01-22 19:18:45.349  1248  1248 D SurfaceFlinger:        DEVICE |          132289287684108 | 00002140 | RGBA_8888    |    7.0    7.0 1447.0 3127.0 |    0    0 1440 3120 | FP Iconview$_30801#497727 (25)
01-22 19:18:45.349  1248  1248 D SurfaceFlinger: 
01-22 19:18:45.350 30801 30810 I BLASTBufferQueue: [VRI[FP Iconview]@97f2e43#2](f:0,a:4,s:0) releaseBufferCallback bufferId:132289287684105 framenumber:24 layerId:497727
01-22 19:18:45.350 30801 30810 I BLASTBufferQueue: [VRI[FP Iconview]@97f2e43#2](f:0,a:3,s:0) released bufferId:132289287684105 framenumber:24 layerId:497727
01-22 19:18:45.350  3244  5239 I HoneySpace.Memory-Monitor: current state = 2, didTrim = false
01-22 19:18:45.350 30801 30810 I BLASTBufferQueue: [VRI[FP Iconview]@97f2e43#2](f:0,a:3,s:0) Can't acquire next buffer. No available frames
01-22 19:18:45.350 30801 30810 I BLASTBufferQueue: [VRI[FP Iconview]@97f2e43#2](f:0,a:3,s:0) transactionCallback
01-22 19:18:45.350 30801 30810 I BLASTBufferQueue: [VRI[FP Iconview]@97f2e43#2](f:0,a:3,s:0) updated mTransformHint=0
01-22 19:18:45.350 17353  7633 I NearbyMediums: Started BLE scanning, service-id=NearbySharing, is-extended-advert=true, power-level=2, scan-mode=3
01-22 19:18:45.350 30801 30819 I BLASTBufferQueue: [VRI[FP Iconview]@97f2e43#2](f:0,a:3,s:0) onFrameAvailable-start syncTransactionSet=false
01-22 19:18:45.350 30801 30819 I BLASTBufferQueue: [VRI[FP Iconview]@97f2e43#2](f:0,a:3,s:0) onFrameAvailable framenumber=28 syncTransactionSet=false
01-22 19:18:45.350 30801 30819 I BLASTBufferQueue: [VRI[FP Iconview]@97f2e43#2](f:1,a:3,s:0) onFrameAvailable framenumber=28 syncTransactionSet=false
01-22 19:18:45.350 30801 30819 I BLASTBufferQueue: [VRI[FP Iconview]@97f2e43#2](f:0,a:4,s:0) mergePendingTransactions t: 132289287684211, frameNumber: 28
01-22 19:18:45.351 30801 30819 I BLASTBufferQueue: [VRI[FP Iconview]@97f2e43#2](f:0,a:4,s:0) acquireNextBufferLocked size=1454x3134 mFrameNumber=28 applyTransaction=true mTimestamp=1866884150625265(auto) mPendingTransactions.size=0 graphicBufferId=132289287684105 transform=0
01-22 19:18:45.351  6627 20942 I HBD     : j [SKE_SPECIFIC] specific model[org.tkideneb2.zeiterfassung] loaded, 10729219 ns
01-22 19:18:45.352 28652 28920 E ScanManager: [GSIM LOG]: gsimLogHandler, msg: MESSAGE_SCAN_START, appName: com.samsung.android.mcfds, scannerId: 10, reportDelayMillis=0
01-22 19:18:45.352 28652 28920 I bt_shim_scanner: system/main/shim/le_scanning_manager.cc:260 ScanFilterEnable: in shim layer
01-22 19:18:45.354  1559  2605 I NSLocationMonitor: Broadcast receiver, action=com.samsung.intent.action.BIG_DATA_INFO
01-22 19:18:45.354  1559  2565 E MotionRecognitionService: Receiver: ACTION_USER_PRESENT - UNLOCK SCREEN
01-22 19:18:45.354  1559  3797 D LiftUpHandler:   mReceiver.onReceive : ACTION_USER_PRESENT
01-22 19:18:45.355 17353  7633 I NearbyConnections: Listening to visibility changes for client 232657917
01-22 19:18:45.355  2814  2961 D KeyguardUnlock: updateLeashAlpha: updateLeashAlpha=0.786981
01-22 19:18:45.356  2814  2961 D KeyguardUnlock: updateKeyguardAlpha: updateKeyguardAlpha=0.21301901
01-22 19:18:45.356 17353  7654 I Nearby  : (REDACTED) Beginning attempt #%d out of %d for %s...
01-22 19:18:45.356  1559  1835 D PowerManagerService: [api] DreamReceiver: onReceive: android.intent.action.DREAMING_STOPPED
01-22 19:18:45.357 30801 30810 I BLASTBufferQueue: [VRI[FP Iconview]@97f2e43#2](f:0,a:4,s:0) releaseBufferCallback bufferId:132289287684108 framenumber:25 layerId:497727
01-22 19:18:45.357 30801 30810 I BLASTBufferQueue: [VRI[FP Iconview]@97f2e43#2](f:0,a:3,s:0) released bufferId:132289287684108 framenumber:25 layerId:497727
01-22 19:18:45.357 28652 28920 I bt_shim_scanner: system/main/shim/le_scanning_manager.cc:233 ScanFilterAdd: in shim layer
01-22 19:18:45.357 30801 30810 I BLASTBufferQueue: [VRI[FP Iconview]@97f2e43#2](f:0,a:3,s:0) Can't acquire next buffer. No available frames
01-22 19:18:45.357 30801 30810 I BLASTBufferQueue: [VRI[FP Iconview]@97f2e43#2](f:0,a:3,s:0) transactionCallback
01-22 19:18:45.357 30801 30810 I BLASTBufferQueue: [VRI[FP Iconview]@97f2e43#2](f:0,a:3,s:0) updated mTransformHint=0
01-22 19:18:45.357  5998  7614 I [MCFDs]_ContinuityBleAdv@42c6313: onAdvertisingSetStarted - status=0
01-22 19:18:45.357  5998  7614 I [MCFDs]_ContinuityBleAdv@42c6313: stopAdvertiser - unset
01-22 19:18:45.357  1559  2184 D SEP_UNION_SemDeviceInfoManagerService: onReceive : android.intent.action.DREAMING_STOPPED, userId = 0 
01-22 19:18:45.357 30801 30819 I BLASTBufferQueue: [VRI[FP Iconview]@97f2e43#2](f:0,a:3,s:0) onFrameAvailable-start syncTransactionSet=false
01-22 19:18:45.357 30801 30819 I BLASTBufferQueue: [VRI[FP Iconview]@97f2e43#2](f:0,a:3,s:0) onFrameAvailable framenumber=29 syncTransactionSet=false
01-22 19:18:45.357 30801 30819 I BLASTBufferQueue: [VRI[FP Iconview]@97f2e43#2](f:1,a:3,s:0) onFrameAvailable framenumber=29 syncTransactionSet=false
01-22 19:18:45.357 30801 30819 I BLASTBufferQueue: [VRI[FP Iconview]@97f2e43#2](f:0,a:4,s:0) mergePendingTransactions t: 132289287684213, frameNumber: 29
01-22 19:18:45.358 30801 30819 I BLASTBufferQueue: [VRI[FP Iconview]@97f2e43#2](f:0,a:4,s:0) acquireNextBufferLocked size=1454x3134 mFrameNumber=29 applyTransaction=true mTimestamp=1866884157746633(auto) mPendingTransactions.size=0 graphicBufferId=132289287684108 transform=0
01-22 19:18:45.358  5817  5817 W ContextImpl: Calling a method in the system process without a qualified user: android.app.ContextImpl.startService:2068 android.content.ContextWrapper.startService:872 android.content.ContextWrapper.startService:872 com.sec.android.diagmonagent.sa.receiver.CFLogReceiver.onReceive:56 android.app.ActivityThread.handleReceiver:5663 
01-22 19:18:45.358 28652 28920 I bt_shim_scanner: system/main/shim/le_scanning_manager.cc:197 ScanFilterParamSetup: in shim layer, clientIf=10
01-22 19:18:45.358  3059  3059 D SemBigDataInfoController: Intent: com.samsung.intent.action.BIG_DATA_INFO
01-22 19:18:45.358  3059  3059 D SemBigDataInfoController: BIG_DATA insertLog slot: 0, feature: CMAI
01-22 19:18:45.358 28652 28917 W BtGatt.AdvertiseManager: stopAdvertisingSet() - Enter the mNativeInterface
01-22 19:18:45.358 28652 28917 I bt_shim_advertiser: system/main/shim/le_advertising_manager.cc:80 Unregister: in shim layer
01-22 19:18:45.358 28652 28917 E BtGatt.AdvertiseManager: [GSIM LOG]: gsimLogHandler, msg: MESSAGE_ADV_SET_STOP, appName: com.samsung.android.mcfds, id: 0, isLegacy: true
01-22 19:18:45.358  1559  1798 D BatteryStatsImpl: SemModemActivityInfo{ SleepTimeMs=25371 IdleTimeMs=0 mNr=MobileActivity{ txTimeMs[]=[27, 0, 1, 3238, 8] rxTimeMs=54150 txBytes=0 rxBytes=0 } mLc=MobileActivity{ txTimeMs[]=[949, 122, 588, 63, 0] rxTimeMs=43348 txBytes=7232 rxBytes=16175 } }
01-22 19:18:45.358 28652 28686 W bluetooth: system/gd/hci/le_advertising_manager.cc:443 remove_advertiser: advertiser_id =0
01-22 19:18:45.359 28652 28990 I bluetooth_core::gatt::server::isolation_manager: removing server (if any) associated with advertiser AdvertiserId(0)
01-22 19:18:45.359  3059  3059 D SemBigDataInfoController: Intent: com.samsung.intent.action.BIG_DATA_INFO
01-22 19:18:45.360  3059  3724 D Am      : Broadcast completed: result=0
01-22 19:18:45.360  1313  1313 I [CE]_ContextEngineReceiver: onReceive - ContextEngineReceiver onReceive action : com.samsung.android.ce.SCREEN_ON
01-22 19:18:45.360 17353 17353 I RCNIntentOperation: RCN is disabled on this network.
01-22 19:18:45.361  1559  2184 D ActivityManager: Received BROADCAST intent 0x4627cd0 Key{broadcastIntent pkg=com.sec.android.app.launcher intent=act=android.intent.action.DREAMING_STOPPED xflg=0x4 cmp=com.sec.android.app.launcher/com.samsung.app.honeyspace.edge.edgepanel.data.repository.visibility.ScreenStateBrReceiver flags=0x2000000 u=-1} requestCode=0 sent=0 from uid 1000
01-22 19:18:45.361  1559  2184 D SEP_UNION_SemDeviceInfoManagerService: Send intent android.intent.action.DREAMING_STOPPED, userId: 0 by broadcast 
01-22 19:18:45.362  1559  6812 D BiometricService: canAuthenticate: User=0, Caller=0, Authenticators=255
01-22 19:18:45.362  1559  6812 D BiometricService/PreAuthInfo: create: false, true, false, ff, 0
01-22 19:18:45.362  1559  6812 I FaceService: isHardwareDetected called from pid=1559[1] 
01-22 19:18:45.362  1559  6812 I FaceService: hasEnrolledFaces called from pid=1559[0][1] , size = 0
01-22 19:18:45.362  1559  6812 D BiometricService/PreAuthInfo: Package: com.google.android.gms Sensor ID: 1 Modality: 8 User id: 0 Status: 7
01-22 19:18:45.362  1559  6812 D BiometricService/PreAuthInfo: Package: com.google.android.gms Sensor ID: 0 Modality: 2 User id: 0 Status: 1
01-22 19:18:45.362  1559  6812 D BiometricService/PreAuthInfo: getCanAuthenticateInternal Modality: 2 AuthenticatorStatus: 1
01-22 19:18:45.362  1559  6812 D AuthService: canAuthenticate, userId: 0, callingUserId: 0, authenticators: 255, result: 0
01-22 19:18:45.363 21384 21384 D BoundBrokerSvc: onBind: Intent { act=com.google.android.gms.auth.cryptauth.cryptauthservice.START dat=chimera-action:/... xflg=0x4 cmp=com.google.android.gms/.chimera.GmsBoundBrokerService }
01-22 19:18:45.363 21384 21384 D BoundBrokerSvc: Loading bound service for intent: Intent { act=com.google.android.gms.auth.cryptauth.cryptauthservice.START dat=chimera-action:/... xflg=0x4 cmp=com.google.android.gms/.chimera.GmsBoundBrokerService }
01-22 19:18:45.363 17353  7654 I NearbyMediums: BluetoothAdapter's name was not set by Nearby Connections, ignoring call to restore default scan mode.
01-22 19:18:45.363 17353  7654 I NearbyMediums: BluetoothAdapter's name was not set by Nearby Connections, ignoring call to restore device name
01-22 19:18:45.364  1559  2656 D BackgroundInstallControlService: Package event received: 0
01-22 19:18:45.364  2814  2961 D KeyguardUnlock: updateLeashAlpha: updateLeashAlpha=0.82059336
01-22 19:18:45.364  2814  2961 D KeyguardUnlock: updateKeyguardAlpha: updateKeyguardAlpha=0.17940664
01-22 19:18:45.364  1559  5960 I ActivityManager: Changes in 99728 10 to 5, 0 to 184
01-22 19:18:45.364  1559  5960 I ActivityManager: Changes in 10261 10 to 5, 0 to 184
01-22 19:18:45.365  1559  5960 I ActivityManager: Changes in 10119 10 to 5, 0 to 184
01-22 19:18:45.365 16056 16056 I [WEATHER]SourceFile: {[59682FFB40DA8060A52AE78B14923E5C0398A67EB4786D5B3837A16BF66D4BCAFE42BC4DB976ACFC6FC0F4B1ADC050DF]}
01-22 19:18:45.366  1225  1266 E BatteryDump: !@new_battery_dump : 4268,-1378,1400,3416,98,307,298,348,307,0,316,336,0,Charging,NO_CHARGING,Normal,Good,PDIC,0,Normal,0,0,8039,0x8000,0x10010000,0x0,0,0,0000,0000,00000000,0,0,0,0,824,4313,9785,990,0,
01-22 19:18:45.367  1559  4286 D BatteryService: [processValuesLocked]batteryLevel:98 ,LastbatteryLevel:98 ,mPlugType:2 ,batteryStatus:2
01-22 19:18:45.367  1559  4286 D BatteryService: [countBatteryChangedConditions]mBatteryChangedConditionCounts:[38901, 216, 1, 6982, 38775, 16098, 4068, 0, 0, 38918, 38728, 0, 619, 0, 0, 38066, 82100, 38775, 0, 0, 0, 433]
01-22 19:18:45.367  1559  4286 D BatteryService: Sending ACTION_BATTERY_CHANGED: level:98, status:2, health:2, remain:160, ac:false, usb:true, wireless:false, pogo:false, misc:0x10010000, charge_type:1, charger_type:1, voltage:4268, temperature:307, online:19, charging_status:0, cycle_count:0, current_avg:685, ps:false, hvc:true, current_event:0x8000, mcc:0, mcv:0, cc:4734639, present:true, scale:100, technology:Li-ion, protection:0
01-22 19:18:45.367  1231  1231 I seh_thermal_service: getTemperaturesWithType SehTemperatureType: 3
01-22 19:18:45.367  1225  1225 I sehhealth-service: updateLrpSysfs: write: 316
01-22 19:18:45.368  1559  4286 D [SS]BattUtils: [readNode]path:/efs/FactoryApp/bsoh ,value:100.00
01-22 19:18:45.368 21384 21384 D BoundBrokerSvc: onBind: Intent { act=com.google.android.gms.pay.service.BIND dat=chimera-action:/... xflg=0x4 cmp=com.google.android.gms/.chimera.GmsApiService }
01-22 19:18:45.368 21384 21384 D BoundBrokerSvc: Loading bound service for intent: Intent { act=com.google.android.gms.pay.service.BIND dat=chimera-action:/... xflg=0x4 cmp=com.google.android.gms/.chimera.GmsApiService }
01-22 19:18:45.369 30801 30810 I BLASTBufferQueue: [VRI[FP Iconview]@97f2e43#2](f:0,a:4,s:0) releaseBufferCallback bufferId:132289287684107 framenumber:26 layerId:497727
01-22 19:18:45.369  3244  5240 I HoneySpace.EdgePanel.ScreenStateBrReceiver: android.intent.action.SCREEN_ON
01-22 19:18:45.370 30801 30810 I BLASTBufferQueue: [VRI[FP Iconview]@97f2e43#2](f:0,a:3,s:0) released bufferId:132289287684107 framenumber:26 layerId:497727
01-22 19:18:45.370  3244  3244 I HoneySpace.EdgePanel.ScreenStateObserver: sendScreenStateChanged android.intent.action.SCREEN_ON null
01-22 19:18:45.370 30801 30810 I BLASTBufferQueue: [VRI[FP Iconview]@97f2e43#2](f:0,a:3,s:0) Can't acquire next buffer. No available frames
01-22 19:18:45.370 30801 30810 I BLASTBufferQueue: [VRI[FP Iconview]@97f2e43#2](f:0,a:3,s:0) transactionCallback
01-22 19:18:45.370  3244  3244 I HoneySpace.EdgePanel.ScreenStateObserver: screenTurnedOn : true false 1769105925182
01-22 19:18:45.370 30801 30810 I BLASTBufferQueue: [VRI[FP Iconview]@97f2e43#2](f:0,a:3,s:0) updated mTransformHint=0
01-22 19:18:45.370  3244  3244 I HoneySpace.EdgePanel.EdgeVisibilityRepository: updateKeyguardState: 0x0 true 0 true
01-22 19:18:45.370  3244  3244 I HoneySpace.EdgePanel.EdgeVisibilityRepository: updateState: 0x0
01-22 19:18:45.370  3244  3244 I HoneySpace.EdgePanel.EdgeVisibilityRepository: updateKeyguardState: 0x1 true 0 false
01-22 19:18:45.370  3244  3244 I HoneySpace.EdgePanel.EdgeVisibilityRepository: updateState: 0x1
01-22 19:18:45.370  3244  3244 I HoneySpace.EdgePanel.EdgeVisibilityRepository: getComputedTrayVisible : keyguardState = 1
01-22 19:18:45.370  3244  3244 I HoneySpace.EdgePanel.EdgeVisibilityRepository: updateTrayVisible: State = 0x1, visible = true, current containerState = 0, specificMode = 0
01-22 19:18:45.370  3244  3244 I HoneySpace.EdgePanel.EdgeVisibilityRepository: Same container state 0
01-22 19:18:45.371 30801 30819 I BLASTBufferQueue: [VRI[FP Iconview]@97f2e43#2](f:0,a:3,s:0) onFrameAvailable-start syncTransactionSet=false
01-22 19:18:45.371 30801 30819 I BLASTBufferQueue: [VRI[FP Iconview]@97f2e43#2](f:0,a:3,s:0) onFrameAvailable framenumber=30 syncTransactionSet=false
01-22 19:18:45.371 30801 30819 I BLASTBufferQueue: [VRI[FP Iconview]@97f2e43#2](f:1,a:3,s:0) onFrameAvailable framenumber=30 syncTransactionSet=false
01-22 19:18:45.371 30801 30819 I BLASTBufferQueue: [VRI[FP Iconview]@97f2e43#2](f:0,a:4,s:0) mergePendingTransactions t: 132289287684215, frameNumber: 30
01-22 19:18:45.372 30801 30819 I BLASTBufferQueue: [VRI[FP Iconview]@97f2e43#2](f:0,a:4,s:0) acquireNextBufferLocked size=1454x3134 mFrameNumber=30 applyTransaction=true mTimestamp=1866884171425695(auto) mPendingTransactions.size=0 graphicBufferId=132289287684107 transform=0
01-22 19:18:45.373  3244  5232 I HoneySpace.EdgePanel.ScreenStateBrReceiver: android.intent.action.DREAMING_STOPPED
01-22 19:18:45.373  3244  3244 I HoneySpace.EdgePanel.ScreenStateObserver: sendScreenStateChanged android.intent.action.DREAMING_STOPPED android.intent.action.SCREEN_ON
01-22 19:18:45.373  2814  2961 D KeyguardUnlock: updateLeashAlpha: updateLeashAlpha=0.84599555
01-22 19:18:45.373  2814  2961 D KeyguardUnlock: updateKeyguardAlpha: updateKeyguardAlpha=0.15400445
01-22 19:18:45.374 30801 30810 I BLASTBufferQueue: [VRI[FP Iconview]@97f2e43#2](f:0,a:4,s:0) releaseBufferCallback bufferId:132289287684106 framenumber:27 layerId:497727
01-22 19:18:45.374 30801 30810 I BLASTBufferQueue: [VRI[FP Iconview]@97f2e43#2](f:0,a:3,s:0) released bufferId:132289287684106 framenumber:27 layerId:497727
01-22 19:18:45.374 30801 30810 I BLASTBufferQueue: [VRI[FP Iconview]@97f2e43#2](f:0,a:3,s:0) Can't acquire next buffer. No available frames
01-22 19:18:45.374 30801 30819 I BLASTBufferQueue: [VRI[FP Iconview]@97f2e43#2](f:0,a:3,s:0) onFrameAvailable-start syncTransactionSet=false
01-22 19:18:45.374 30801 30819 I BLASTBufferQueue: [VRI[FP Iconview]@97f2e43#2](f:0,a:3,s:0) onFrameAvailable framenumber=31 syncTransactionSet=false
01-22 19:18:45.374 30801 30819 I BLASTBufferQueue: [VRI[FP Iconview]@97f2e43#2](f:1,a:3,s:0) onFrameAvailable framenumber=31 syncTransactionSet=false
01-22 19:18:45.374 30801 30819 I BLASTBufferQueue: [VRI[FP Iconview]@97f2e43#2](f:0,a:4,s:0) mergePendingTransactions t: 132289287684217, frameNumber: 31
01-22 19:18:45.375 30801 30819 I BLASTBufferQueue: [VRI[FP Iconview]@97f2e43#2](f:0,a:4,s:0) acquireNextBufferLocked size=1454x3134 mFrameNumber=31 applyTransaction=true mTimestamp=1866884174635265(auto) mPendingTransactions.size=0 graphicBufferId=132289287684106 transform=0
01-22 19:18:45.375 30801 30810 I BLASTBufferQueue: [VRI[FP Iconview]@97f2e43#2](f:0,a:4,s:0) transactionCallback
01-22 19:18:45.375 30801 30810 I BLASTBufferQueue: [VRI[FP Iconview]@97f2e43#2](f:0,a:4,s:0) updated mTransformHint=0
01-22 19:18:45.375  1174  1174 D Zygote  : Forked child process 7662
01-22 19:18:45.376  1559  2656 D BackgroundInstallControlService: Package event received: 0
01-22 19:18:45.376  1559  2656 D BackgroundInstallControlService: Package event received: 0
01-22 19:18:45.376  1559  2656 D BackgroundInstallControlService: Package event received: 0
01-22 19:18:45.376  1559  2656 D BackgroundInstallControlService: Package event received: 0
01-22 19:18:45.377 28652 28920 E ScanManager: [GSIM LOG]: gsimLogHandler, msg: MESSAGE_SCAN_START, appName: com.google.android.gms, scannerId: 11, reportDelayMillis=0
01-22 19:18:45.377 28652 28920 I bt_shim_scanner: system/main/shim/le_scanning_manager.cc:260 ScanFilterEnable: in shim layer
01-22 19:18:45.378  1559  1785 I ActivityManager: Start proc 7662:com.samsung.android.privateaccesstokens/u0a449 for broadcast {com.samsung.android.privateaccesstokens/com.samsung.android.privateaccesstokens.components.receivers.PatReceiver}
01-22 19:18:45.378  1559  1785 I ActivityManager: ProcessObserver broadcast disabled
01-22 19:18:45.378  1559  1559 I EyeComfortSolutionService: action  :  android.intent.action.TIME_TICK
01-22 19:18:45.378  1559  1559 D PocketModeEvent: INTENT_ACTION_USER_PRESENT
01-22 19:18:45.378  1559  1559 D SemInputDeviceManager: setProperty: (100) CMD,LOW_SENSITIVITY,0
01-22 19:18:45.378 28652 28920 I bt_shim_scanner: system/main/shim/le_scanning_manager.cc:233 ScanFilterAdd: in shim layer
01-22 19:18:45.379  1559  1559 I SemInputCommandService: setPropertyAllTouch: LOW_SENSITIVITY,0 retDefault=1 retExtra=-2
01-22 19:18:45.379  1559  1559 D PocketModeEvent: END_INSENSITIVE_MODE
01-22 19:18:45.379  1559  1559 I MdnieScenarioControlService: action  :  android.intent.action.USER_PRESENT
01-22 19:18:45.379  1559  2646 D SemInputDevice:TSP: SetPropertyTask: CMD,low_sensitivity_mode_enable,0 [01-22 19:18:45.378]
01-22 19:18:45.379 28652 28920 I bt_shim_scanner: system/main/shim/le_scanning_manager.cc:197 ScanFilterParamSetup: in shim layer, clientIf=11
01-22 19:18:45.379 21384  7638 I Dck     : (REDACTED) disableDckSupport: %s
01-22 19:18:45.379  1559  2233 D SGM:FgCheckThread: onLooperPrepared(), msg: MSG_USER_PRESENT
01-22 19:18:45.379  1559  2233 D SGM:FgCheckThread: handleUserPresent()
01-22 19:18:45.380 21384  7638 I Dck     : [WirelessCapabilitiesFeatures] wccSysProp: 3 [CONTEXT service_id=289 ]
01-22 19:18:45.380 21384  7638 I Dck     : [WirelessCapabilitiesFeatures] wccMendel: 3 [CONTEXT service_id=289 ]
01-22 19:18:45.380  5817  5817 W ContextImpl: Calling a method in the system process without a qualified user: android.app.ContextImpl.startService:2068 android.content.ContextWrapper.startService:872 android.content.ContextWrapper.startService:872 com.sec.android.diagmonagent.sa.receiver.CFLogReceiver.onReceive:56 android.app.ActivityThread.handleReceiver:5663 
01-22 19:18:45.380 21384  7638 I Dck     : [WirelessCapabilitiesFeatures] deviceWccOverride: false [CONTEXT service_id=289 ]
01-22 19:18:45.380 21384  7638 I Dck     : [WirelessCapabilitiesFeatures] replaceSupportedWccWithWccOverride: true [CONTEXT service_id=289 ]
01-22 19:18:45.380 21384  7638 I Dck     : [WirelessCapabilitiesFeatures] wccOverride: not set [CONTEXT service_id=289 ]
01-22 19:18:45.380 21384  7638 I Dck     : [WirelessCapabilitiesFeatures] Found Samsung native app but will not use content provider since flag is disabled. [CONTEXT service_id=289 ]
01-22 19:18:45.380 21384  7638 I Dck     : (REDACTED) [WirelessCapabilitiesFeatures] returned wcc: %s
01-22 19:18:45.380 28652 28920 I bt_shim_scanner: system/main/shim/le_scanning_manager.cc:233 ScanFilterAdd: in shim layer
01-22 19:18:45.381 28652 28920 I bt_shim_scanner: system/main/shim/le_scanning_manager.cc:197 ScanFilterParamSetup: in shim layer, clientIf=11
01-22 19:18:45.381  1559  2233 D SGM:FgCheckThread:   handleUserPresent(). resume signal is needed for org.tkideneb2.zeiterfassung
01-22 19:18:45.381  1559  1559 D MdnieScenarioControlService:  packageName : org.tkideneb2.zeiterfassung    className : org.kivy.android.PythonActivity
01-22 19:18:45.381  1559  1559 I AdaptiveDisplaySolutionService: action  :  android.intent.action.USER_PRESENT
01-22 19:18:45.382  1559  1559 I EyeComfortSolutionService: action  :  android.intent.action.USER_PRESENT
01-22 19:18:45.382  1559  1559 I PersonaManagerService: UserReceiver.onReceive() {action:android.intent.action.USER_PRESENT userHandle:-1}
01-22 19:18:45.382  1559  1559 V WifiProfileShare: unlock the screen
01-22 19:18:45.382  1559  1559 I PalmMotion: [PALM] MAIN_PALM_LIST SIZE = 1, SUB_PALM_LIST SIZE = 0
01-22 19:18:45.382  1559  1559 I PalmMotion: [PALM] SETTINGS : [ PALM_SWEEP : 1, Mobile Keyboard : 0 ]
01-22 19:18:45.382  1559  1559 I PalmMotion: [PALM] ENABLED : [ SWEEP : true ]
01-22 19:18:45.382  1559  1559 D PalmMotion: [PALM] ACCEPTED : M_SWEEP : 100.0, E_SWEEP : 2.0, IGNORE_M_SWEEP : false
01-22 19:18:45.382  1559  2606 V MdnieScenarioControlService: setUIMode from UI function(3)
01-22 19:18:45.382 30801 30810 I BLASTBufferQueue: [VRI[FP Iconview]@97f2e43#2](f:0,a:4,s:0) releaseBufferCallback bufferId:132289287684105 framenumber:28 layerId:497727
01-22 19:18:45.382 30801 30810 I BLASTBufferQueue: [VRI[FP Iconview]@97f2e43#2](f:0,a:3,s:0) released bufferId:132289287684105 framenumber:28 layerId:497727
01-22 19:18:45.383 30801 30810 I BLASTBufferQueue: [VRI[FP Iconview]@97f2e43#2](f:0,a:3,s:0) Can't acquire next buffer. No available frames
01-22 19:18:45.383 30801 30819 I BLASTBufferQueue: [VRI[FP Iconview]@97f2e43#2](f:0,a:3,s:0) onFrameAvailable-start syncTransactionSet=false
01-22 19:18:45.383 30801 30819 I BLASTBufferQueue: [VRI[FP Iconview]@97f2e43#2](f:0,a:3,s:0) onFrameAvailable framenumber=32 syncTransactionSet=false
01-22 19:18:45.383 30801 30819 I BLASTBufferQueue: [VRI[FP Iconview]@97f2e43#2](f:1,a:3,s:0) onFrameAvailable framenumber=32 syncTransactionSet=false
01-22 19:18:45.383 30801 30819 I BLASTBufferQueue: [VRI[FP Iconview]@97f2e43#2](f:0,a:4,s:0) mergePendingTransactions t: 132289287684219, frameNumber: 32
01-22 19:18:45.383 30801 30819 I BLASTBufferQueue: [VRI[FP Iconview]@97f2e43#2](f:0,a:4,s:0) acquireNextBufferLocked size=1454x3134 mFrameNumber=32 applyTransaction=true mTimestamp=1866884183053117(auto) mPendingTransactions.size=0 graphicBufferId=132289287684105 transform=0
01-22 19:18:45.383 30801 30810 I BLASTBufferQueue: [VRI[FP Iconview]@97f2e43#2](f:0,a:4,s:0) transactionCallback
01-22 19:18:45.383 30801 30810 I BLASTBufferQueue: [VRI[FP Iconview]@97f2e43#2](f:0,a:4,s:0) updated mTransformHint=0
01-22 19:18:45.383  6627  7640 I HBD     : h Write selected lang for DE  
01-22 19:18:45.383  6627  7640 I HBD     : h writeToFile path : /data/user_de/0/com.samsung.android.honeyboard/files/selected.json 
01-22 19:18:45.383  6627  7640 I HBD     : h writeToFile json : {"version":"4.2","currentLanguageOrder":0,"selected":[{"activeOptionList":["auto_replace","auto_spacing","prediction"],"bilingualId":-1,"engName":"Germany","id":1048576,"inputType":"german_qwertz","isUsed":true}]} 
01-22 19:18:45.383 28652 28920 I bt_shim_scanner: system/main/shim/le_scanning_manager.cc:233 ScanFilterAdd: in shim layer
01-22 19:18:45.384  6627  7642 I HBD     : h Write selected lang for DE  
01-22 19:18:45.384  6627  7642 I HBD     : h writeToFile path : /data/user_de/0/com.samsung.android.honeyboard/files/selected.json 
01-22 19:18:45.384  6627  7642 I HBD     : h writeToFile json : {"version":"4.2","currentLanguageOrder":0,"selected":[{"activeOptionList":["auto_replace","auto_spacing","prediction"],"bilingualId":-1,"engName":"Germany","id":1048576,"inputType":"german_qwertz","isUsed":true}]} 
01-22 19:18:45.384 28652 28920 I bt_shim_scanner: system/main/shim/le_scanning_manager.cc:197 ScanFilterParamSetup: in shim layer, clientIf=11
01-22 19:18:45.385 21384  7658 I PersonalSafety: ConnectivityProtectionLockingIntentOperation: cancelled task [CONTEXT service_id=310 ]
01-22 19:18:45.385 21384  7638 I Dck     : Dck module condition - isDckModuleEligible: true [CONTEXT service_id=289 ]
01-22 19:18:45.385 21384  7638 I Dck     : (REDACTED) [GatedIntentOperation] Intent propagated: %s
01-22 19:18:45.386  7505  7532 V python  : extracting _python_bundle/site-packages/kivymd/icon_definitions.pyc
01-22 19:18:45.386  6627  7642 I HBD     : h writeToFile complete 
01-22 19:18:45.387  1230  1249 I sysinput:aidl: onReportInformation:91, 1, cmd@low_sensitivity_mode_enabl
01-22 19:18:45.387  1230  1249 I sysinput:Touch1: operator():237, OK
01-22 19:18:45.387  1559  2646 D SysinputHAL_AIDL: setProperty(TSP(1)): CMD, low_sensitivity_mode_enable,0 ret=0
01-22 19:18:45.388  6627  7647 I HBD     : a InputMethodSubtype is set as local:de 
01-22 19:18:45.389 16056  8603 I [WEATHER]SourceFile: {[62AE2B7ACF1529E1666A9A28C8CD587FBEF72E545A0E924A7A3F1D00F4739F54E2257C26F70AF5711B0BE9C11A07CA29]}
01-22 19:18:45.389  6627  7649 I HBD     : a InputMethodSubtype is set as local:de 
01-22 19:18:45.389  7505  7532 V python  : extracting _python_bundle/site-packages/kivymd/images/
01-22 19:18:45.390  2814  2961 D KeyguardUnlock: updateLeashAlpha: updateLeashAlpha=0.86779165
01-22 19:18:45.390  1559  2730 I DeviceBatteryInfoService: action: android.intent.action.BATTERY_CHANGED
01-22 19:18:45.390  1559  2730 I DeviceBatteryInfoService: phone battery level: 98
01-22 19:18:45.390  2814  2961 D KeyguardUnlock: updateKeyguardAlpha: updateKeyguardAlpha=0.13220835
01-22 19:18:45.390  1559  2730 I DeviceBatteryInfoService: phone battery status: 2
01-22 19:18:45.390  1559  1559 D AdaptiveBrightnessLongtermModelBuilder[0]: Received android.intent.action.BATTERY_CHANGED
01-22 19:18:45.390  1559  2567 D MotionRecognitionService: [SAR]  onReceive : ACTION_BATTERY_CHANGED, Plugged: 2
01-22 19:18:45.390 30801 30810 I BLASTBufferQueue: [VRI[FP Iconview]@97f2e43#2](f:0,a:4,s:0) releaseBufferCallback bufferId:132289287684108 framenumber:29 layerId:497727
01-22 19:18:45.390 30801 30810 I BLASTBufferQueue: [VRI[FP Iconview]@97f2e43#2](f:0,a:3,s:0) released bufferId:132289287684108 framenumber:29 layerId:497727
01-22 19:18:45.390 30801 30810 I BLASTBufferQueue: [VRI[FP Iconview]@97f2e43#2](f:0,a:3,s:0) Can't acquire next buffer. No available frames
01-22 19:18:45.390 30801 30810 I BLASTBufferQueue: [VRI[FP Iconview]@97f2e43#2](f:0,a:3,s:0) transactionCallback
01-22 19:18:45.390 30801 30810 I BLASTBufferQueue: [VRI[FP Iconview]@97f2e43#2](f:0,a:3,s:0) updated mTransformHint=0
01-22 19:18:45.390  1559  1559 I InputMethodManagerService: subtype state: oldSubtype = android.view.inputmethod.InputMethodSubtype@100000 newSubtype = android.view.inputmethod.InputMethodSubtype@100000 force = false, intent received : false
01-22 19:18:45.390  1559  1559 I InputMethodManagerService: subtype state: oldSubtype = android.view.inputmethod.InputMethodSubtype@100000 newSubtype = android.view.inputmethod.InputMethodSubtype@100000 force = false, intent received : false
01-22 19:18:45.392 16056  8603 I [WEATHER]SourceFile: {[93BE765BC3D47A5E8FDEA7532C8658C67F54949D27393A96890F85430D6536FBC7C781F6BA520109EC94B05D6263C4B3]}
01-22 19:18:45.394  3059  3059 D SemBigDataInfoController: Intent: android.intent.action.BATTERY_CHANGED
01-22 19:18:45.395  3059  3059 D SemBigDataInfoController: Intent: android.intent.action.BATTERY_CHANGED
01-22 19:18:45.399 30801 30810 I BLASTBufferQueue: [VRI[FP Iconview]@97f2e43#2](f:0,a:3,s:0) releaseBufferCallback bufferId:132289287684107 framenumber:30 layerId:497727
01-22 19:18:45.399 30801 30810 I BLASTBufferQueue: [VRI[FP Iconview]@97f2e43#2](f:0,a:2,s:0) released bufferId:132289287684107 framenumber:30 layerId:497727
01-22 19:18:45.399 30801 30810 I BLASTBufferQueue: [VRI[FP Iconview]@97f2e43#2](f:0,a:2,s:0) Can't acquire next buffer. No available frames
01-22 19:18:45.399 30801 30810 I BLASTBufferQueue: [VRI[FP Iconview]@97f2e43#2](f:0,a:2,s:0) transactionCallback
01-22 19:18:45.399 30801 30810 I BLASTBufferQueue: [VRI[FP Iconview]@97f2e43#2](f:0,a:2,s:0) updated mTransformHint=0
01-22 19:18:45.400  2814  2961 D KeyguardUnlock: updateLeashAlpha: updateLeashAlpha=0.9065176
01-22 19:18:45.400  2814  2961 D KeyguardUnlock: updateKeyguardAlpha: updateKeyguardAlpha=0.093482375
01-22 19:18:45.401 30801 30819 I BLASTBufferQueue: [VRI[FP Iconview]@97f2e43#2](f:0,a:2,s:0) onFrameAvailable-start syncTransactionSet=false
01-22 19:18:45.401 30801 30819 I BLASTBufferQueue: [VRI[FP Iconview]@97f2e43#2](f:0,a:2,s:0) onFrameAvailable framenumber=33 syncTransactionSet=false
01-22 19:18:45.401 30801 30819 I BLASTBufferQueue: [VRI[FP Iconview]@97f2e43#2](f:1,a:2,s:0) onFrameAvailable framenumber=33 syncTransactionSet=false
01-22 19:18:45.401 30801 30819 I BLASTBufferQueue: [VRI[FP Iconview]@97f2e43#2](f:0,a:3,s:0) mergePendingTransactions t: 132289287684221, frameNumber: 33
01-22 19:18:45.401 30801 30819 I BLASTBufferQueue: [VRI[FP Iconview]@97f2e43#2](f:0,a:3,s:0) acquireNextBufferLocked size=1454x3134 mFrameNumber=33 applyTransaction=true mTimestamp=1866884201051047(auto) mPendingTransactions.size=0 graphicBufferId=132289287684108 transform=0
01-22 19:18:45.402 21384  7655 I Fido    : [FidoV2EnrollmentController] Execute registerFor API [CONTEXT service_id=287 ]
01-22 19:18:45.403  1248  2404 I SurfaceFlinger: id=497553 Removed Task=4619#497553 (197)
01-22 19:18:45.403  1248  2404 I SurfaceFlinger: id=497563 Removed TaskFragment{6eeeeeb mode=fullscreen}#497563 (197)
01-22 19:18:45.403  1248  2404 I SurfaceFlinger: id=497554 Removed ActivityRecord{120657852 u0 com.android.settings/.Settings$UsbDetailsActivity t4619}#497554 (197)
01-22 19:18:45.403  1248  1549 I SurfaceFlinger: id=497664 Removed Task=4623#497664 (197)
01-22 19:18:45.405  2814  2952 I XGL     : ShaderCache::PopulateIndexMap : 1042/1042 passed, result: 1
01-22 19:18:45.405  1248  1248 I SurfaceFlinger: destroyed Task=4623#497664
01-22 19:18:45.405  1248  1248 I SurfaceFlinger: destroyed TaskFragment{6eeeeeb mode=fullscreen}#497563
01-22 19:18:45.405  1248  1248 I SurfaceFlinger: destroyed aef238e ActivityRecordInputSink com.android.settings/.Settings$UsbDetailsActivity#497558
01-22 19:18:45.405  1248  1248 I SurfaceFlinger: destroyed ActivityRecord{120657852 u0 com.android.settings/.Settings$UsbDetailsActivity t4619}#497554
01-22 19:18:45.405  1248  1248 I SurfaceFlinger: destroyed Task=4619#497553
01-22 19:18:45.405  2814  2952 V XGL     : Exiting: Create
01-22 19:18:45.405 17353  7472 I NearbySharing: Stopping Fast Init advertisement because we're not scanning in the foreground.
01-22 19:18:45.405  1248  1248 I Layer   : id=497664 Destroyed Task=4623#497664
01-22 19:18:45.405  1248  1248 I Layer   : id=497563 Destroyed TaskFragment{6eeeeeb mode=fullscreen}#497563
01-22 19:18:45.405  1248  1248 I Layer   : id=497558 Destroyed aef238e ActivityRecordInputSink com.android.settings/.Settings$UsbDetailsActivity#497558
01-22 19:18:45.405  1248  1248 I Layer   : id=497554 Destroyed ActivityRecord{120657852 u0 com.android.settings/.Settings$UsbDetailsActivity t4619}#497554
01-22 19:18:45.405  1248  1248 I Layer   : id=497553 Destroyed Task=4619#497553
01-22 19:18:45.406  2814  2961 D KeyguardUnlock: updateLeashAlpha: updateLeashAlpha=0.9206473
01-22 19:18:45.406  2814  2961 D KeyguardUnlock: updateKeyguardAlpha: updateKeyguardAlpha=0.07935268
01-22 19:18:45.406 30801 30819 I BLASTBufferQueue: [VRI[FP Iconview]@97f2e43#2](f:0,a:3,s:0) onFrameAvailable-start syncTransactionSet=false
01-22 19:18:45.406 30801 30819 I BLASTBufferQueue: [VRI[FP Iconview]@97f2e43#2](f:0,a:3,s:0) onFrameAvailable framenumber=34 syncTransactionSet=false
01-22 19:18:45.406 30801 30819 I BLASTBufferQueue: [VRI[FP Iconview]@97f2e43#2](f:1,a:3,s:0) onFrameAvailable framenumber=34 syncTransactionSet=false
01-22 19:18:45.406 30801 30819 I BLASTBufferQueue: [VRI[FP Iconview]@97f2e43#2](f:0,a:4,s:0) mergePendingTransactions t: 132289287684223, frameNumber: 34
01-22 19:18:45.406 30801 30819 I BLASTBufferQueue: [VRI[FP Iconview]@97f2e43#2](f:0,a:4,s:0) acquireNextBufferLocked size=1454x3134 mFrameNumber=34 applyTransaction=true mTimestamp=1866884206498312(auto) mPendingTransactions.size=0 graphicBufferId=132289287684107 transform=0
01-22 19:18:45.407  4079  4079 I [MCFServer]_BleScanner(BA): startScan - t - BAScanPolicy{, IDs={17}}
01-22 19:18:45.407 30801 30810 I BLASTBufferQueue: [VRI[FP Iconview]@97f2e43#2](f:0,a:4,s:0) releaseBufferCallback bufferId:132289287684106 framenumber:31 layerId:497727
01-22 19:18:45.407 30801 30810 I BLASTBufferQueue: [VRI[FP Iconview]@97f2e43#2](f:0,a:3,s:0) released bufferId:132289287684106 framenumber:31 layerId:497727
01-22 19:18:45.407 30801 30810 I BLASTBufferQueue: [VRI[FP Iconview]@97f2e43#2](f:0,a:3,s:0) Can't acquire next buffer. No available frames
01-22 19:18:45.407 30801 30810 I BLASTBufferQueue: [VRI[FP Iconview]@97f2e43#2](f:0,a:3,s:0) transactionCallback
01-22 19:18:45.407 30801 30810 I BLASTBufferQueue: [VRI[FP Iconview]@97f2e43#2](f:0,a:3,s:0) updated mTransformHint=0
01-22 19:18:45.409  5998  7614 I [MCFDs]_ContinuityBleAdv@42c6313: onAdvertisingSetStopped - 
01-22 19:18:45.409 17353 17353 D BoundBrokerSvc: onRebind: Intent { act=com.google.android.gms.auth.aang.events.services.START dat=chimera-action:/... xflg=0x4 cmp=com.google.android.gms/.chimera.PersistentApiService }
01-22 19:18:45.410 28652 29634 I bt_shim_scanner: system/main/shim/le_scanning_manager.cc:135 RegisterScanner: in shim layer, UUID=9abef0ea-cee9-4343-b9b6-163e88ab7e2d
01-22 19:18:45.411 28652 28686 W bluetooth: system/gd/hci/le_scanning_manager.cc:650 register_scanner: register_scanner
01-22 19:18:45.412 17353  7449 I PersonalSafety: (REDACTED) New count is %d compared to %d
01-22 19:18:45.412 17353  7449 I PersonalSafety: (REDACTED) Updating physical SIM count from %d to %d (%d ms after callback)
01-22 19:18:45.414  2814  2961 D KeyguardUnlock: updateLeashAlpha: updateLeashAlpha=0.93501735
01-22 19:18:45.414  2814  2961 D KeyguardUnlock: updateKeyguardAlpha: updateKeyguardAlpha=0.06498265
01-22 19:18:45.414 30801 30819 I BLASTBufferQueue: [VRI[FP Iconview]@97f2e43#2](f:0,a:3,s:0) onFrameAvailable-start syncTransactionSet=false
01-22 19:18:45.414 30801 30819 I BLASTBufferQueue: [VRI[FP Iconview]@97f2e43#2](f:0,a:3,s:0) onFrameAvailable framenumber=35 syncTransactionSet=false
01-22 19:18:45.414 30801 30819 I BLASTBufferQueue: [VRI[FP Iconview]@97f2e43#2](f:1,a:3,s:0) onFrameAvailable framenumber=35 syncTransactionSet=false
01-22 19:18:45.414 30801 30819 I BLASTBufferQueue: [VRI[FP Iconview]@97f2e43#2](f:0,a:4,s:0) mergePendingTransactions t: 132289287684225, frameNumber: 35
01-22 19:18:45.414 30801 30819 I BLASTBufferQueue: [VRI[FP Iconview]@97f2e43#2](f:0,a:4,s:0) acquireNextBufferLocked size=1454x3134 mFrameNumber=35 applyTransaction=true mTimestamp=1866884214547883(auto) mPendingTransactions.size=0 graphicBufferId=132289287684106 transform=0
01-22 19:18:45.415 28652 28920 E ScanManager: [GSIM LOG]: gsimLogHandler, msg: MESSAGE_SCAN_START, appName: com.samsung.android.mcfserver, scannerId: 12, reportDelayMillis=0
01-22 19:18:45.415 28652 28920 I bt_shim_scanner: system/main/shim/le_scanning_manager.cc:260 ScanFilterEnable: in shim layer
01-22 19:18:45.415  7662  7662 I ateaccesstokens: Using CollectorTypeCMC GC.
01-22 19:18:45.416 30801 30810 I BLASTBufferQueue: [VRI[FP Iconview]@97f2e43#2](f:0,a:4,s:0) releaseBufferCallback bufferId:132289287684105 framenumber:32 layerId:497727
01-22 19:18:45.416 30801 30810 I BLASTBufferQueue: [VRI[FP Iconview]@97f2e43#2](f:0,a:3,s:0) released bufferId:132289287684105 framenumber:32 layerId:497727
01-22 19:18:45.416 30801 30810 I BLASTBufferQueue: [VRI[FP Iconview]@97f2e43#2](f:0,a:3,s:0) Can't acquire next buffer. No available frames
01-22 19:18:45.416 30801 30810 I BLASTBufferQueue: [VRI[FP Iconview]@97f2e43#2](f:0,a:3,s:0) transactionCallback
01-22 19:18:45.416 30801 30810 I BLASTBufferQueue: [VRI[FP Iconview]@97f2e43#2](f:0,a:3,s:0) updated mTransformHint=0
01-22 19:18:45.416 28652 28920 I bt_shim_scanner: system/main/shim/le_scanning_manager.cc:233 ScanFilterAdd: in shim layer
01-22 19:18:45.416 28652 28686 E bluetooth: system/gd/hci/le_scanning_manager.cc:998 scan_filter_add: Add passive filterScan. filter_index=11, uuid=0000fd5a-0000-1000-8000-00805f9b34fb
01-22 19:18:45.417 28652 28920 I bt_shim_scanner: system/main/shim/le_scanning_manager.cc:197 ScanFilterParamSetup: in shim layer, clientIf=12
01-22 19:18:45.417 28652 28920 I bt_shim_scanner: system/main/shim/le_scanning_manager.cc:233 ScanFilterAdd: in shim layer
01-22 19:18:45.417 28652 28686 E bluetooth: system/gd/hci/le_scanning_manager.cc:998 scan_filter_add: Add passive filterScan. filter_index=37, uuid=0000fd69-0000-1000-8000-00805f9b34fb
01-22 19:18:45.418 28652 28920 I bt_shim_scanner: system/main/shim/le_scanning_manager.cc:197 ScanFilterParamSetup: in shim layer, clientIf=12
01-22 19:18:45.419  7662  7662 E ateaccesstokens: Not starting debugger since process cannot load the jdwp agent.
01-22 19:18:45.419  5998  7614 I [MCFDs]_ContinuityBleAdv@42c6313: startAdvertiser - md(a)[021861 A1F2372E0B2800800A0113 96101830505B02AE20F0 175B 341E09D1 ], 432
01-22 19:18:45.421 17353  7472 I NearbySharing: Stopping Fast Init advertisement because we're not scanning in the foreground.
01-22 19:18:45.422 28652 28917 I bt_shim_advertiser: system/main/shim/le_advertising_manager.cc:155 StartAdvertisingSet: in shim layer
01-22 19:18:45.422 28652 28917 I bt_shim_advertiser: system/main/shim/le_advertising_manager.cc:174 StartAdvertisingSet: create advertising set, client_id:255, reg_id:-27652
01-22 19:18:45.422 28652 28686 W bluetooth: system/gd/hci/le_advertising_manager.cc:431 allocate_advertiser: advertiser_id=0
01-22 19:18:45.422 28652 28686 W bluetooth: system/gd/hci/le_advertising_manager.cc:643 create_extended_advertiser_with_id: advertiser_id=0
01-22 19:18:45.422 28652 28686 I bluetooth: system/gd/hci/le_advertising_manager.cc:722 create_extended_advertiser_with_id: Scheduling address rotation for advertiser_id=0
01-22 19:18:45.422 28652 28686 I bluetooth: system/gd/hci/le_address_manager.cc:581 GetNextPrivateAddressIntervalRange: client=advertising_set_0, nonwake=8m20s, wake=14m22s
01-22 19:18:45.422 28652 28686 I bluetooth: system/gd/hci/le_advertising_manager.cc:1307 enable_advertiser: advertiser_id=0
01-22 19:18:45.422  2814  2961 D KeyguardUnlock: updateLeashAlpha: updateLeashAlpha=0.94623536
01-22 19:18:45.422  2814  2961 D KeyguardUnlock: updateKeyguardAlpha: updateKeyguardAlpha=0.05376464
01-22 19:18:45.422 17353  7472 I NearbySharing: NearbySharing Internal event ReceiveVisibilityChange(visibility=1)
01-22 19:18:45.423 17353  7472 I NearbySharing: Start advertising with mode BACKGROUND certificate visibility ALL_CONTACTS data usage preference ONLINE, and bt advertising false with vendorId 1
01-22 19:18:45.423 17353  7472 I NearbySharing: Uwb feature is off.
01-22 19:18:45.423 17353  7472 I NearbySharing: Updating advertising options for [dltt@75767f8] providers
01-22 19:18:45.423 17353  7472 I NearbySharing: Updating advertising options: dlpn@65a452
01-22 19:18:45.423 17353  7472 I NearbySharing: [RECEIVE_PROVIDER] update called.
01-22 19:18:45.424 30801 30819 I BLASTBufferQueue: [VRI[FP Iconview]@97f2e43#2](f:0,a:3,s:0) onFrameAvailable-start syncTransactionSet=false
01-22 19:18:45.424 30801 30819 I BLASTBufferQueue: [VRI[FP Iconview]@97f2e43#2](f:0,a:3,s:0) onFrameAvailable framenumber=36 syncTransactionSet=false
01-22 19:18:45.424 30801 30819 I BLASTBufferQueue: [VRI[FP Iconview]@97f2e43#2](f:1,a:3,s:0) onFrameAvailable framenumber=36 syncTransactionSet=false
01-22 19:18:45.424 30801 30819 I BLASTBufferQueue: [VRI[FP Iconview]@97f2e43#2](f:0,a:4,s:0) mergePendingTransactions t: 132289287684227, frameNumber: 36
01-22 19:18:45.424 30801 30819 I BLASTBufferQueue: [VRI[FP Iconview]@97f2e43#2](f:0,a:4,s:0) acquireNextBufferLocked size=1454x3134 mFrameNumber=36 applyTransaction=true mTimestamp=1866884224208390(auto) mPendingTransactions.size=0 graphicBufferId=132289287684105 transform=0
01-22 19:18:45.425 30801 30810 I BLASTBufferQueue: [VRI[FP Iconview]@97f2e43#2](f:0,a:4,s:0) releaseBufferCallback bufferId:132289287684108 framenumber:33 layerId:497727
01-22 19:18:45.425 30801 30810 I BLASTBufferQueue: [VRI[FP Iconview]@97f2e43#2](f:0,a:3,s:0) released bufferId:132289287684108 framenumber:33 layerId:497727
01-22 19:18:45.425 17353  7472 I NearbySharing: Advertising has started with mode BACKGROUND, Bt enabled : false
01-22 19:18:45.425 30801 30810 I BLASTBufferQueue: [VRI[FP Iconview]@97f2e43#2](f:0,a:3,s:0) Can't acquire next buffer. No available frames
01-22 19:18:45.425 30801 30810 I BLASTBufferQueue: [VRI[FP Iconview]@97f2e43#2](f:0,a:3,s:0) transactionCallback
01-22 19:18:45.425 30801 30810 I BLASTBufferQueue: [VRI[FP Iconview]@97f2e43#2](f:0,a:3,s:0) updated mTransformHint=0
01-22 19:18:45.426  2814  2950 I VRI[zeiterfassung]@90ce889: mWNT: t=0xb400006ec7517950 mBlastBufferQueue=0xb400006e378e2c70 fn= 3 HdrRenderState mRenderHdrSdrRatio=1.0 caller= android.view.SyncRtSurfaceTransactionApplier.applyTransaction:100 android.view.SyncRtSurfaceTransactionApplier.lambda$scheduleApply$0:73 android.view.SyncRtSurfaceTransactionApplier.$r8$lambda$afI4fXg3U3-nBZQEDQMiNy-B06s:0 
01-22 19:18:45.426 17353  7472 I NearbySharing: Starting scanning for Fast Initiation.
01-22 19:18:45.427 28652 28686 I bluetooth: system/gd/hci/le_advertising_manager.cc:1868 on_set_advertising_set_random_address_complete: update random address for advertising set 0 : xx:xx:xx:xx:ae:f0
01-22 19:18:45.431  2814  2961 D KeyguardUnlock: updateLeashAlpha: updateLeashAlpha=0.9556986
01-22 19:18:45.431  2814  2961 D KeyguardUnlock: updateKeyguardAlpha: updateKeyguardAlpha=0.04430139
01-22 19:18:45.432 21384 29941 I CryptauthV2: [HaveKeyWithKeyNameOperation] Have key with key name operation is called.
01-22 19:18:45.432 30801 30819 I BLASTBufferQueue: [VRI[FP Iconview]@97f2e43#2](f:0,a:3,s:0) onFrameAvailable-start syncTransactionSet=false
01-22 19:18:45.432 30801 30819 I BLASTBufferQueue: [VRI[FP Iconview]@97f2e43#2](f:0,a:3,s:0) onFrameAvailable framenumber=37 syncTransactionSet=false
01-22 19:18:45.432 30801 30819 I BLASTBufferQueue: [VRI[FP Iconview]@97f2e43#2](f:1,a:3,s:0) onFrameAvailable framenumber=37 syncTransactionSet=false
01-22 19:18:45.432 30801 30819 I BLASTBufferQueue: [VRI[FP Iconview]@97f2e43#2](f:0,a:4,s:0) mergePendingTransactions t: 132289287684229, frameNumber: 37
01-22 19:18:45.432 30801 30819 I BLASTBufferQueue: [VRI[FP Iconview]@97f2e43#2](f:0,a:4,s:0) acquireNextBufferLocked size=1454x3134 mFrameNumber=37 applyTransaction=true mTimestamp=1866884232134054(auto) mPendingTransactions.size=0 graphicBufferId=132289287684108 transform=0
01-22 19:18:45.432 30801 30810 I BLASTBufferQueue: [VRI[FP Iconview]@97f2e43#2](f:0,a:4,s:0) releaseBufferCallback bufferId:132289287684107 framenumber:34 layerId:497727
01-22 19:18:45.433 30801 30810 I BLASTBufferQueue: [VRI[FP Iconview]@97f2e43#2](f:0,a:3,s:0) released bufferId:132289287684107 framenumber:34 layerId:497727
01-22 19:18:45.433 30801 30810 I BLASTBufferQueue: [VRI[FP Iconview]@97f2e43#2](f:0,a:3,s:0) Can't acquire next buffer. No available frames
01-22 19:18:45.433 30801 30810 I BLASTBufferQueue: [VRI[FP Iconview]@97f2e43#2](f:0,a:3,s:0) transactionCallback
01-22 19:18:45.433 30801 30810 I BLASTBufferQueue: [VRI[FP Iconview]@97f2e43#2](f:0,a:3,s:0) updated mTransformHint=0
01-22 19:18:45.433 17353  7472 D BluetoothAdapter: isLeEnabled(): ON
01-22 19:18:45.434 28652 28917 E BtGatt.AdvertiseManager: [GSIM LOG]: gsimLogHandler, msg: MESSAGE_ADV_SET_START, appName: com.samsung.android.mcfds, id: 0, isLegacy: true
01-22 19:18:45.435  1559  5960 I WindowManager: Relayout Window{bb05b8a u0 NavigationBar0}: viewVisibility=0 req=1440x168 ty=2019 d0
01-22 19:18:45.436  1559  5960 D SurfaceComposerClient: setCornerRadius ## bec5419 Splash Screen org.tkideneb2.zeiterfassung#497728 cornerRadius=0.000000
01-22 19:18:45.436  1559  5960 D SurfaceComposerClient: setCornerRadius ## d37c539 org.tkideneb2.zeiterfassung/org.kivy.android.PythonActivity#497725 cornerRadius=0.000000
01-22 19:18:45.436 17353  7472 D BluetoothLeScanner: Start Scan with callback
01-22 19:18:45.436  1559  5960 W PhoneWindowManager: lockNow pending, ignore updating lockscreen timeout
01-22 19:18:45.437  1559  5960 D SurfaceComposerClient: setCornerRadius ## bec5419 Splash Screen org.tkideneb2.zeiterfassung#497728 cornerRadius=0.000000
01-22 19:18:45.437  1559  5960 D SurfaceComposerClient: setCornerRadius ## d37c539 org.tkideneb2.zeiterfassung/org.kivy.android.PythonActivity#497725 cornerRadius=0.000000
01-22 19:18:45.438  2814  2814 I BLASTBufferQueue_Java: update, w= 1440 h= 168 mName = VRI[NavigationBar0]@7074a40 mNativeObject= 0xb400006e37138240 sc.mNativeObject= 0xb400006db703ea90 format= -3 caller= android.view.ViewRootImpl.updateBlastSurfaceIfNeeded:3574 android.view.ViewRootImpl.relayoutWindow:11685 android.view.ViewRootImpl.performTraversals:4804 android.view.ViewRootImpl.doTraversal:3924 android.view.ViewRootImpl$TraversalRunnable.run:12903 android.view.Choreographer$CallbackRecord.run:1901 
01-22 19:18:45.438  2814  2814 I VRI[NavigationBar0]@7074a40: Relayout returned: old=(0,2952,1440,3120) new=(0,2952,1440,3120) relayoutAsync=true req=(1440,168)0 dur=3 res=0x0 s={true 0xb400006d47136760} ch=false seqId=4891
01-22 19:18:45.438  2814  2814 I VRI[NavigationBar0]@7074a40: registerCallbackForPendingTransactions
01-22 19:18:45.438  2814  2814 D NavBarStateManager: NavBarStates(0) canUseNavBarBackgroundFrame: false
01-22 19:18:45.438  2814  2951 I VRI[NotificationShade]@aa1a57e: mWNT: t=0xb400006ec716abd0 mBlastBufferQueue=0xb400006e371bba70 fn= 542 HdrRenderState mRenderHdrSdrRatio=1.0 caller= android.view.SyncRtSurfaceTransactionApplier.applyTransaction:100 android.view.SyncRtSurfaceTransactionApplier.lambda$scheduleApply$0:73 android.view.SyncRtSurfaceTransactionApplier.$r8$lambda$afI4fXg3U3-nBZQEDQMiNy-B06s:0 
01-22 19:18:45.438  2814  2951 D SurfaceComposerClient: [SEC_SF_EFFECTS] setBlurRegions ## NotificationShade$_2814#497715 regionSize=0
01-22 19:18:45.439  2814  2951 I VRI[NotificationShade]@aa1a57e: mWNT: t=0xb400006ec7530150 mBlastBufferQueue=0xb400006e371bba70 fn= 542 HdrRenderState mRenderHdrSdrRatio=1.0 caller= android.view.ViewRootImpl$10.onFrameDraw:6536 android.view.ViewRootImpl$4.onFrameDraw:2489 android.view.ThreadedRenderer$1.onFrameDraw:718 
01-22 19:18:45.440  2814  2950 I VRI[NavigationBar0]@7074a40: mWNT: t=0xb400006ec751e090 mBlastBufferQueue=0xb400006e37138240 fn= 960203 HdrRenderState mRenderHdrSdrRatio=1.0 caller= android.view.ViewRootImpl$10.onFrameDraw:6536 android.view.ViewRootImpl$4.onFrameDraw:2489 android.view.ThreadedRenderer$1.onFrameDraw:718 
01-22 19:18:45.440  1205  1256 I HYPER-HAL: [RequestManager.cpp]acquire(): Acquired ID : 123244980  [1213 / 184813]    HINT :      list : [TID_LOW_LATENCY / 0] [TID / 2950] [TID / 2951] [TID / 2913] [TID / 2952] 
01-22 19:18:45.440  1205  1256 I HYPER-HAL: [RequestManager.cpp]acquire(): Acquired ID : 123431008  [1213 / 184814]    HINT :      list : [UCLAMP_MIN_BOOST / 0] [TID / 2950] [TID / 2951] [TID / 2913] [TID / 2952] 
01-22 19:18:45.440  2814  2961 D KeyguardUnlock: updateLeashAlpha: updateLeashAlpha=0.9654113
01-22 19:18:45.440  2814  2961 D KeyguardUnlock: updateKeyguardAlpha: updateKeyguardAlpha=0.034588695
01-22 19:18:45.441  1205  1256 I HYPER-HAL: [RequestManager.cpp]releaseLocked(): Released ID : 123244980
01-22 19:18:45.441  1205  1256 I HYPER-HAL: [RequestManager.cpp]releaseLocked(): Released ID : 123431008
01-22 19:18:45.441 30801 30819 I BLASTBufferQueue: [VRI[FP Iconview]@97f2e43#2](f:0,a:3,s:0) onFrameAvailable-start syncTransactionSet=false
01-22 19:18:45.441 30801 30819 I BLASTBufferQueue: [VRI[FP Iconview]@97f2e43#2](f:0,a:3,s:0) onFrameAvailable framenumber=38 syncTransactionSet=false
01-22 19:18:45.441 30801 30819 I BLASTBufferQueue: [VRI[FP Iconview]@97f2e43#2](f:1,a:3,s:0) onFrameAvailable framenumber=38 syncTransactionSet=false
01-22 19:18:45.441 30801 30819 I BLASTBufferQueue: [VRI[FP Iconview]@97f2e43#2](f:0,a:4,s:0) mergePendingTransactions t: 132289287684231, frameNumber: 38
01-22 19:18:45.441 28652 29634 I bt_shim_scanner: system/main/shim/le_scanning_manager.cc:135 RegisterScanner: in shim layer, UUID=961e9e05-2f5d-43c7-be5d-9e0cd1eeb2a6
01-22 19:18:45.441 28652 28686 W bluetooth: system/gd/hci/le_scanning_manager.cc:650 register_scanner: register_scanner
01-22 19:18:45.441 30801 30819 I BLASTBufferQueue: [VRI[FP Iconview]@97f2e43#2](f:0,a:4,s:0) acquireNextBufferLocked size=1454x3134 mFrameNumber=38 applyTransaction=true mTimestamp=1866884240979133(auto) mPendingTransactions.size=0 graphicBufferId=132289287684107 transform=0
01-22 19:18:45.442  1559  5960 I WindowManager: Relayout hash=bb05b8a, pid=0, syncId=-1: mAttrs={(0,0)(fillx168) gr=BOTTOM CENTER_VERTICAL sim={adjust=pan} layoutInDisplayCutoutMode=always ty=NAVIGATION_BAR fmt=TRANSLUCENT
01-22 19:18:45.442  1559  5960 I WindowManager:   fl=20040028
01-22 19:18:45.442  1559  5960 I WindowManager:   pfl=31001000
01-22 19:18:45.442  1559  5960 I WindowManager:   bhv=1
01-22 19:18:45.442  1559  5960 I WindowManager:   providedInsets:
01-22 19:18:45.442  1559  5960 I WindowManager:     InsetsFrameProvider: {id=#f7410001, index=0, type=navigationBars, source=FRAME, flags=[], insetsSize=Insets{left=0, top=0, right=0, bottom=168}, insetsSizeOverrides=[TypedInsetsSize: {windowType=INPUT_METHOD, insetsSize=null}]}
01-22 19:18:45.442  1559  5960 I WindowManager:     InsetsFrameProvider: {id=#f7410006, index=0, type=tappableElement, source=FRAME, flags=[]}
01-22 19:18:45.442  1559  5960 I WindowManager:     InsetsFrameProvider: {id=#f7410005, index=0, type=mandatorySystemGestures, source=FRAME, flags=[]}
01-22 19:18:45.442  1559  5960 I WindowManager:     InsetsFrameProvider: {id=#f7410004, index=0, type=systemGestures, source=DISPLAY, flags=[], insetsSize=Insets{left=0, top=0, right=0, bottom=0}, mMinimalInsetsSizeInDisplayCutoutSafe=Insets{left=0, top=0, right=0, bottom=0}}
01-22 19:18:45.442  1559  5960 I WindowManager:     InsetsFrameProvider: {id=#f7410024, index=1, type=systemGestures, source=DISPLAY, flags=[], insetsSize=Insets{left=0, top=0, right=0, bottom=0}, mMinimalInsetsSizeInDisplayCutoutSafe=Insets{left=0, top=0, right=0, bottom=0}}
01-22 19:18:45.442  1559  5960 I WindowManager:   frameRateBoostOnTouch=true
01-22 19:18:45.442  1559  5960 I WindowManager:   dvrrWindowFrameRateHint=true
01-22 19:18:45.442  1559  5960 I WindowManager:   paramsForRotation:
01-22 19:18:45.442  1559  5960 I WindowManager:     ROTATION_0={(0,0)(fillx168) gr=BOTTOM CENTER_VERTICAL layoutInDisplayCutoutMode=always ty=NAVIGATION_BAR fmt=TRANSLUCENT
01-22 19:18:45.442  1559  5960 I WindowManager:       fl=20040028
01-22 19:18:45.442  1559  5960 I WindowManager:       pfl=31001000
01-22 19:18:45.442  1559  5960 I WindowManager:       bhv=1
01-22 19:18:45.442  1559  5960 I WindowManager:       providedInsets:
01-22 19:18:45.442  1559  5960 I WindowManager:         InsetsFrameProvider: {id=#f7410001, index=0, type=navigationBars, source=FRAME, flags=[], insetsSize=Insets{left=0, top=0, right=0, bottom=168}, insetsSizeOverrides=[TypedInsetsSize: {windowType=INPUT_METHOD, insetsSize=null}]}
01-22 19:18:45.442  1559  5960 I WindowManager:         InsetsFrameProvider: {id=#f7410006, index=0, type=tappableElement, source=FRAME, flags=[]}
01-22 19:18:45.442  1559  5960 I WindowManager:         InsetsFrameProvider: {id=#f7410005, index=0, type=mandatorySystemGestures, source=FRAME, flags=[]}
01-22 19:18:45.442  1559  5960 I WindowManager:         InsetsFrameProvider: {id=#f7410004, index=0, type=systemGestures, source=DISPLAY, flags=[], insetsSize=Insets{left=0, top=0, right=0, bottom=0}, mMinimalInsetsSizeInDisplayCutoutSafe=Insets{left=0, top=0, right=0, bottom=0}}
01-22 19:18:45.442  1559  5960 I WindowManager:         InsetsFrameProvider: {id=#f7410024, index=1, type=systemGestures, source=DISPLAY, flags=[], insetsSize=Insets{left=0, top=0, right=0, bottom=0}, mMinimalInsetsSizeInDisplayCutoutSafe=Insets{left=0, top=0, right=0, bottom=0}}
01-22 19:18:45.442  1559  5960 I WindowManager:       frameRateBoostOnTouch=true
01-22 19:18:45.442  1559  5960 I WindowManager:       dvrrWindowFrameRateHint=true naviIconColor=0}
01-22 19:18:45.442  1559  5960 I WindowManager:     ROTATION_90={(0,0)(168xfill) gr=RIGHT CENTER_HORIZONTAL layoutInDisplayCutoutMode=always ty=NAVIGATION_BAR fmt=TRANSLUCENT
01-22 19:18:45.442  1559  5960 I WindowManager:       fl=20040028
01-22 19:18:45.442  1559  5960 I WindowManager:       pfl=31001000
01-22 19:18:45.442  1559  5960 I WindowManager:       bhv=1
01-22 19:18:45.442  1559  5960 I WindowManager:       providedInsets:
01-22 19:18:45.442  1559  5960 I WindowManager:         InsetsFrameProvider: {id=#f7410001, index=0, type=navigationBars, source=FRAME, flags=[], insetsSizeOverrides=[TypedInsetsSize: {windowType=INPUT_METHOD, insetsSize=null}]}
01-22 19:18:45.442  1559  5960 I WindowManager:         InsetsFrameProvider: {id=#f7410006, index=0, type=tappableElement, source=FRAME, flags=[]}
01-22 19:18:45.442  1559  5960 I WindowManager:         InsetsFrameProvider: {id=#f7410005, index=0, type=mandatorySystemGestures, source=FRAME, flags=[]}
01-22 19:18:45.442  1559  5960 I WindowManager:         InsetsFrameProvider: {id=#f7410004, index=0, type=systemGestures, source=DISPLAY, flags=[], insetsSize=Insets{left=0, top=0, right=0, bottom=0}, mMinimalInsetsSizeInDisplayCutoutSafe=Insets{left=0, top=0, right=0, bottom=0}}
01-22 19:18:45.442  1559  5960 I WindowManager:         InsetsFrameProvider: {id=#f7410024, index=1, type=systemGestures, source=DISPLAY, flags=[], insetsSize=Insets{left=0, top=0, right=0, bottom=0}, mMinimalInsetsSizeInDisplayCutoutSafe=Insets{left=0, top=0, right=0, bottom=0}}
01-22 19:18:45.442  1559  5960 I WindowManager:       frameRateBoostOnTouch=true
01-22 19:18:45.442  1559  5960 I WindowManager:       dvrrWindowFrameRateHint=true naviIconColor=0}
01-22 19:18:45.442  1559  5960 I WindowManager:     ROTATION_180={(0,0)(fillx168) gr=BOTTOM CENTER_VERTICAL layoutInDisplayCutoutMode=always ty=NAVIGATION_BAR fmt=TRANSLUCENT
01-22 19:18:45.442  1559  5960 I WindowManager:       fl=20040028
01-22 19:18:45.442  1559  5960 I WindowManager:       pfl=31001000
01-22 19:18:45.442  1559  5960 I WindowManager:       bhv=1
01-22 19:18:45.442  1559  5960 I WindowManager:       providedInsets:
01-22 19:18:45.442  1559  5960 I WindowManager:         InsetsFrameProvider: {id=#f7410001, index=0, type=navigationBars, source=FRAME, flags=[], insetsSize=Insets{left=0, top=0, right=0, bottom=168}, insetsSizeOverrides=[TypedInsetsSize: {windowType=INPUT_METHOD, insetsSize=null}]}
01-22 19:18:45.442  1559  5960 I WindowManager:         InsetsFrameProvider: {id=#f7410006, index=0, type=tappableElement, source=FRAME, flags=[]}
01-22 19:18:45.442  1559  5960 I WindowManager:         InsetsFrameProvider: {id=#f7410005, index=0, type=mandatorySystemGestures, source=FRAME, flags=[]}
01-22 19:18:45.442  1559  5960 I WindowManager:         InsetsFrameProvider: {id=#f7410004, index=0, type=systemGestures, source=DISPLAY, flags=[], insetsSize=Insets{left=0, top=0, right=0, bottom=0}, mMinimalInsetsSizeInDisplayCutoutSafe=Insets{left=0, top=0, right=0, bottom=0}}
01-22 19:18:45.442  1559  5960 I WindowManager:         InsetsFrameProvider: {id=#f7410024, index=1, type=systemGestures, source=DISPLAY, flags=[], insetsSize=Insets{left=0, top=0, right=0, bottom=0}, mMinimalInsetsSizeInDisplayCutoutSafe=Insets{left=0, top=0, right=0, bottom=0}}
01-22 19:18:45.442  1559  5960 I WindowManager:       frameRateBoostOnTouch=true
01-22 19:18:45.442  1559  5960 I WindowManager:       dvrrWindowFrameRateHint=true naviIconColor=0}
01-22 19:18:45.442  1559  5960 I WindowManager:     ROTATION_270={(0,0)(168xfill) gr=LEFT CENTER_HORIZONTAL layoutInDisplayCutoutMode=always ty=NAVIGATION_BAR fmt=TRANSLUCENT
01-22 19:18:45.442  1559  5960 I WindowManager:       fl=20040028
01-22 19:18:45.442  1559  5960 I WindowManager:       pfl=31001000
01-22 19:18:45.442  1559  5960 I WindowManager:       bhv=1
01-22 19:18:45.442  1559  5960 I WindowManager:       providedInsets:
01-22 19:18:45.442  1559  5960 I WindowManager:         InsetsFrameProvider: {id=#f7410001, index=0, type=navigationBars, source=FRAME, flags=[], insetsSizeOverrides=[TypedInsetsSize: {windowType=INPUT_METHOD, insetsSize=null}]}
01-22 19:18:45.442  1559  5960 I WindowManager:         InsetsFrameProvider: {id=#f7410006, index=0, type=tappableElement, source=FRAME, flags=[]}
01-22 19:18:45.442  1559  5960 I WindowManager:         InsetsFrameProvider: {id=#f7410005, index=0, type=mandatorySystemGestures, source=FRAME, flags=[]}
01-22 19:18:45.442  1559  5960 I WindowManager:         InsetsFrameProvider: {id=#f7410004, index=0, type=systemGestures, source=DISPLAY, flags=[], insetsSize=Insets{left=0, top=0, right=0, bottom=0}, mMinimalInsetsSizeInDisplayCutoutSafe=Insets{left=0, top=0, right=0, bottom=0}}
01-22 19:18:45.442  1559  5960 I WindowManager:         InsetsFrameProvider: {id=#f7410024, index=1, type=systemGestures, source=DISPLAY, flags=[], insetsSize=Insets{left=0, top=0, right=0, bottom=0}, mMinimalInsetsSizeInDisplayCutoutSafe=Insets{left=0, top=0, right=0, bottom=0}}
01-22 19:18:45.442  1559  5960 I WindowManager:       frameRateBoostOnTouch=true
01-22 19:18:45.442  1559  5960 I WindowManager:       dvrrWindowFrameRateHint=true naviIconColor=0} naviIconColor=0}
01-22 19:18:45.442 17353 17397 D BluetoothLeScanner: onScannerRegistered() - status=0 scannerId=13 mScannerId=0
01-22 19:18:45.442 30801 30810 I BLASTBufferQueue: [VRI[FP Iconview]@97f2e43#2](f:0,a:4,s:0) releaseBufferCallback bufferId:132289287684106 framenumber:35 layerId:497727
01-22 19:18:45.442 30801 30810 I BLASTBufferQueue: [VRI[FP Iconview]@97f2e43#2](f:0,a:3,s:0) released bufferId:132289287684106 framenumber:35 layerId:497727
01-22 19:18:45.442 30801 30810 I BLASTBufferQueue: [VRI[FP Iconview]@97f2e43#2](f:0,a:3,s:0) Can't acquire next buffer. No available frames
01-22 19:18:45.442 30801 30810 I BLASTBufferQueue: [VRI[FP Iconview]@97f2e43#2](f:0,a:3,s:0) transactionCallback
01-22 19:18:45.442 30801 30810 I BLASTBufferQueue: [VRI[FP Iconview]@97f2e43#2](f:0,a:3,s:0) updated mTransformHint=0
01-22 19:18:45.443  1559  5960 I WindowManager: Relayout Window{bec5419 u0 Splash Screen org.tkideneb2.zeiterfassung}: viewVisibility=8 req=1440x3120 ty=3 d0
01-22 19:18:45.443  1559  5960 D SurfaceComposerClient: setCornerRadius ## d37c539 org.tkideneb2.zeiterfassung/org.kivy.android.PythonActivity#497725 cornerRadius=0.000000
01-22 19:18:45.443  1559  5960 W PhoneWindowManager: lockNow pending, ignore updating lockscreen timeout
01-22 19:18:45.443  1559  5960 D SurfaceComposerClient: setCornerRadius ## bec5419 Splash Screen org.tkideneb2.zeiterfassung#497728 cornerRadius=0.000000
01-22 19:18:45.443  1559  5960 D SurfaceComposerClient: setCornerRadius ## d37c539 org.tkideneb2.zeiterfassung/org.kivy.android.PythonActivity#497725 cornerRadius=0.000000
01-22 19:18:45.444  1559  5960 I WindowManager: Relayout hash=bec5419, pid=2814, syncId=-1: mAttrs={(0,0)(fillxfill) sim={adjust=pan} ty=APPLICATION_STARTING fmt=TRANSLUCENT wanim=0x1030001
01-22 19:18:45.444  1559  5960 I WindowManager:   fl=81030118
01-22 19:18:45.444  1559  5960 I WindowManager:   pfl=10000010
01-22 19:18:45.444  1559  5960 I WindowManager:   bhv=1
01-22 19:18:45.444  1559  5960 I WindowManager:   fitSides=0
01-22 19:18:45.444  1559  5960 I WindowManager:   frameRateBoostOnTouch=true
01-22 19:18:45.444  1559  5960 I WindowManager:   dvrrWindowFrameRateHint=true naviIconColor=0}
01-22 19:18:45.444  2814  2913 I InsetsController: onStateChanged: host=Splash Screen org.tkideneb2.zeiterfassung, from=android.view.ViewRootImpl.onInsetsStateChanged:3026, state=InsetsState: {mDisplayFrame=Rect(0, 0 - 1440, 3120), mDisplayCutout=DisplayCutout{insets=Rect(0, 112 - 0, 0) waterfall=Insets{left=0, top=0, right=0, bottom=0} boundingRect={Bounds=[Rect(0, 0 - 0, 0), Rect(686, 0 - 754, 112), Rect(0, 0 - 0, 0), Rect(0, 0 - 0, 0)]} cutoutPathParserInfo={CutoutPathParserInfo{displayWidth=1440 displayHeight=3120 physicalDisplayWidth=1440 physicalDisplayHeight=3120 density={3.75} cutoutSpec={M 0,0 H -9.066666666666667 V 29.86666666666667 H 9.066666666666667 V 0 H 0 Z @dp} rotation={0} scale={1.0} physicalPixelDisplaySizeRatio={1.0}}} sideOverrides={}}, mRoundedCorners=RoundedCorners{[RoundedCorner{position=TopLeft, radius=126, center=Point(126, 126)}, RoundedCorner{position=TopRight, radius=126, center=Point(1314, 126)}, RoundedCorner{position=BottomRight, radius=126, center=Point(1314, 2994)}, RoundedCorner{position=BottomLeft, radius=126, center=Point(126, 2994)}]}  mRoundedCornerFrame=Rect(0, 0 - 1440, 3120), mPrivacyIndicatorBounds=PrivacyIndicatorBounds {static bounds=Rect(1286, 0 - 1440, 113) rotation=0}, mDisplayShape=DisplayShape{ spec=-311912193 displayWidth=1440 displayHeight=3120 physicalPixelDisplaySizeRatio=1.0 rotation=0 offsetX=0 offsetY=0 scale=1.0}, mSources= { InsetsSource: {f7410001 mType=navigationBars mFrame=[0,2952][1440,3120] mVisible=true mFlags= mSideHint=BOTTOM mBoundingRects=null}, InsetsSource: {f7410004 mType=systemGestures mFrame=[0,0][0,0] mVisible=true mFlags= mSideHint=NONE mBoundingRects=null}, InsetsSource: {f7410005 mType=mandatorySystemGestures mFrame=[0,2952][1440,3120] mVisible=true mFlags= mSideHint=BOTTOM mBoundingRects=null}, InsetsSource: {f7410006 mType=tappableElement mFrame=[0,2952][1440,3120] mVisible=true mFlags= mSideHint=BOTTOM mBoundingRects=null}, InsetsSource: {f7410024 mType=systemGestures mFrame=[0,0][0,0] mVisible=true mFlags= mSideHint=NONE mBoundingRects=null}, InsetsSource: {3 mType=ime mFrame=[0,0][0,0] mVisible=false mFlags= mSideHint=NONE mBoundingRects=null}, InsetsSource: {27 mType=displayCutout mFrame=[0,0][1440,112] mVisible=true mFlags= mSideHint=TOP mBoundingRects=null}, InsetsSource: {4bc40000 mType=statusBars mFrame=[0,0][1440,113] mVisible=true mFlags= mSideHint=TOP mBoundingRects=null}, InsetsSource: {4bc40005 mType=mandatorySystemGestures mFrame=[0,0][1440,154] mVisible=true mFlags= mSideHint=TOP mBoundingRects=null}, InsetsSource: {4bc40006 mType=tappableElement mFrame=[0,0][1440,113] mVisible=true mFlags= mSideHint=TOP mBoundingRects=null} }
01-22 19:18:45.444 17353  7472 I NearbySharing: Started scanning for FastInitiation with mode: SCAN_MODE_BALANCED
01-22 19:18:45.444  2814  2913 I VRI[zeiterfassung]@90ce889: onActiveControlsChanged, removed=false, mAdded=true, caller=android.view.ViewRootImpl.handleInsetsControlChanged:3002 android.view.ViewRootImpl.relayoutWindow:11629 android.view.ViewRootImpl.performTraversals:4804 android.view.ViewRootImpl.doTraversal:3924 android.view.ViewRootImpl$TraversalRunnable.run:12903 
01-22 19:18:45.445  2814  2913 I VRI[zeiterfassung]@90ce889: Relayout returned: old=(0,0,1440,3120) new=(0,0,1440,3120) relayoutAsync=false req=(1440,3120)8 dur=2 res=0x2 s={false 0x0} ch=true seqId=0
01-22 19:18:45.445  2814  2913 D VRI[zeiterfassung]@90ce889: Not drawing due to not visible. Reason=View.GONE
01-22 19:18:45.445  2814  2913 W WindowOnBackDispatcher: sendCancelIfRunning: isInProgress=false callback=android.view.ViewRootImpl$$ExternalSyntheticLambda16@36fd8cb
01-22 19:18:45.445  2814  2913 I VRI[zeiterfassung]@90ce889: dispatchDetachedFromWindow
01-22 19:18:45.445  1559  4286 D CoreBackPreview: Window{bec5419 u0 Splash Screen org.tkideneb2.zeiterfassung}: Setting back callback null
01-22 19:18:45.445  1559  6336 D WindowManager: Starting window removed Window{bec5419 u0 Splash Screen org.tkideneb2.zeiterfassung}
01-22 19:18:45.445  1559  6336 I WindowManager: Cancelling animation restarting=false, leash=Surface(name=Surface(name=d37c539 org.tkideneb2.zeiterfassung/org.kivy.android.PythonActivity)/@0xde7689f - animation-leash of starting_reveal)/@0xf53a5b5
01-22 19:18:45.445  1559  6336 I WindowManager: Reparenting to original parent: Surface(name=ActivityRecord{254619014 u0 org.tkideneb2.zeiterfassung/org.kivy.android.PythonActivity t4624})/@0x7622dec, destroy=false, surface=Surface(name=d37c539 org.tkideneb2.zeiterfassung/org.kivy.android.PythonActivity)/@0xde7689f
01-22 19:18:45.445  1559  6336 D InputTransport: Input channel destroyed: 'bec5419', fd=1272
01-22 19:18:45.445  1559  6336 V WindowManager: Remove Window{bec5419 u0 Splash Screen org.tkideneb2.zeiterfassung}: mSurfaceControl=Surface(name=Splash Screen org.tkideneb2.zeiterfassung$_2814)/@0x127d2e0 mAnimatingExit=false mRemoveOnExit=false mHasSurface=true surfaceShowing=true animating=false app-animation=false callers=com.android.server.wm.Session.remove:16 android.view.IWindowSession$Stub.onTransact:804 com.android.server.wm.Session.onTransact:1 android.os.Binder.execTransactInternal:1462 android.os.Binder.execTransact:1401 <bottom of call stack> 
01-22 19:18:45.446  1559  6336 D SurfaceComposerClient: setCornerRadius ## d37c539 org.tkideneb2.zeiterfassung/org.kivy.android.PythonActivity#497725 cornerRadius=0.000000
01-22 19:18:45.446  1559  6336 W PhoneWindowManager: lockNow pending, ignore updating lockscreen timeout
01-22 19:18:45.446  1559  6336 D SurfaceComposerClient: setCornerRadius ## d37c539 org.tkideneb2.zeiterfassung/org.kivy.android.PythonActivity#497725 cornerRadius=0.000000
01-22 19:18:45.446  2814  2913 D InputTransport: Input channel destroyed: 'bec5419', fd=751
01-22 19:18:45.446  1559  1599 W PhoneWindowManager: lockNow pending, ignore updating lockscreen timeout
01-22 19:18:45.446  1559  1599 D SurfaceComposerClient: setCornerRadius ## d37c539 org.tkideneb2.zeiterfassung/org.kivy.android.PythonActivity#497725 cornerRadius=0.000000
01-22 19:18:45.447  2814  2961 D KeyguardUnlock: updateLeashAlpha: updateLeashAlpha=0.9722423
01-22 19:18:45.447  1559  1599 W PhoneWindowManager: lockNow pending, ignore updating lockscreen timeout
01-22 19:18:45.447  2814  2961 D KeyguardUnlock: updateKeyguardAlpha: updateKeyguardAlpha=0.027757704
01-22 19:18:45.447  1559  1599 D SurfaceComposerClient: setCornerRadius ## d37c539 org.tkideneb2.zeiterfassung/org.kivy.android.PythonActivity#497725 cornerRadius=0.000000
01-22 19:18:45.449 28652 28920 E ScanManager: [GSIM LOG]: gsimLogHandler, msg: MESSAGE_SCAN_START, appName: com.google.android.gms, scannerId: 13, reportDelayMillis=0
01-22 19:18:45.449 28652 28920 I bt_shim_scanner: system/main/shim/le_scanning_manager.cc:260 ScanFilterEnable: in shim layer
01-22 19:18:45.449 30801 30819 I BLASTBufferQueue: [VRI[FP Iconview]@97f2e43#2](f:0,a:3,s:0) onFrameAvailable-start syncTransactionSet=false
01-22 19:18:45.449  2814  2842 W System  : A resource failed to call release. 
01-22 19:18:45.449 30801 30819 I BLASTBufferQueue: [VRI[FP Iconview]@97f2e43#2](f:0,a:3,s:0) onFrameAvailable framenumber=39 syncTransactionSet=false
01-22 19:18:45.449 30801 30819 I BLASTBufferQueue: [VRI[FP Iconview]@97f2e43#2](f:1,a:3,s:0) onFrameAvailable framenumber=39 syncTransactionSet=false
01-22 19:18:45.449 30801 30819 I BLASTBufferQueue: [VRI[FP Iconview]@97f2e43#2](f:0,a:4,s:0) mergePendingTransactions t: 132289287684233, frameNumber: 39
01-22 19:18:45.449 30801 30819 I BLASTBufferQueue: [VRI[FP Iconview]@97f2e43#2](f:0,a:4,s:0) acquireNextBufferLocked size=1454x3134 mFrameNumber=39 applyTransaction=true mTimestamp=1866884249602258(auto) mPendingTransactions.size=0 graphicBufferId=132289287684106 transform=0
01-22 19:18:45.451 30801 30810 I BLASTBufferQueue: [VRI[FP Iconview]@97f2e43#2](f:0,a:4,s:0) releaseBufferCallback bufferId:132289287684105 framenumber:36 layerId:497727
01-22 19:18:45.451 30801 30810 I BLASTBufferQueue: [VRI[FP Iconview]@97f2e43#2](f:0,a:3,s:0) released bufferId:132289287684105 framenumber:36 layerId:497727
01-22 19:18:45.451 30801 30810 I BLASTBufferQueue: [VRI[FP Iconview]@97f2e43#2](f:0,a:3,s:0) Can't acquire next buffer. No available frames
01-22 19:18:45.451 30801 30810 I BLASTBufferQueue: [VRI[FP Iconview]@97f2e43#2](f:0,a:3,s:0) transactionCallback
01-22 19:18:45.451 30801 30810 I BLASTBufferQueue: [VRI[FP Iconview]@97f2e43#2](f:0,a:3,s:0) updated mTransformHint=0
01-22 19:18:45.452 28652 28920 I bt_shim_scanner: system/main/shim/le_scanning_manager.cc:233 ScanFilterAdd: in shim layer
01-22 19:18:45.452 28652 28920 I bt_shim_scanner: system/main/shim/le_scanning_manager.cc:197 ScanFilterParamSetup: in shim layer, clientIf=13
01-22 19:18:45.452 28652 28920 I bt_shim_scanner: system/main/shim/le_scanning_manager.cc:233 ScanFilterAdd: in shim layer
01-22 19:18:45.452 28652 28920 I bt_shim_scanner: system/main/shim/le_scanning_manager.cc:197 ScanFilterParamSetup: in shim layer, clientIf=13
01-22 19:18:45.453 17353  7472 I NearbySharing: Fast Initiation Scanning has started
01-22 19:18:45.453 17353  7472 I NearbySharing: Dismissing HUN as there's no device nearby.
01-22 19:18:45.455  1248  1248 I SurfaceFlinger: RequestedLayer [Splash Screen org.tkideneb2.zeiterfassung$_2814#497730] hidden!! flag  from(0) --> to(1)
01-22 19:18:45.455  1248  1248 I SurfaceFlinger: [LayerHierarchy{RequestedLayerState{Surface(name=d37c539 org.tkideneb2.zeiterfassung/org.kivy.android.PythonActivity)/@0xde7689f - animation-leash of starting_reveal#497733} 1 children}] reparent to OffscreenRoot
01-22 19:18:45.455  1248  1248 I SurfaceFlinger: [LayerHierarchy{RequestedLayerState{Surface(name=d37c539 org.tkideneb2.zeiterfassung/org.kivy.android.PythonActivity)/@0xde7689f - animation-leash of starting_reveal#497733} 1 children}] RelativeParent to null
01-22 19:18:45.455  1248  1248 I SurfaceFlinger: [LayerHierarchy{RequestedLayerState{d37c539 org.tkideneb2.zeiterfassung/org.kivy.android.PythonActivity#497725 parentId=497722} 1 children}] reparent to LayerHierarchy{RequestedLayerState{ActivityRecord{254619014 u0 org.tkideneb2.zeiterfassung/org.kivy.android.PythonActivity t4624}#497722 parentId=497721} 4 children}
01-22 19:18:45.455  2814  2961 D KeyguardUnlock: updateLeashAlpha: updateLeashAlpha=0.9785736
01-22 19:18:45.455  2814  2961 D KeyguardUnlock: updateKeyguardAlpha: updateKeyguardAlpha=0.02142638
01-22 19:18:45.456 30801 30819 I BLASTBufferQueue: [VRI[FP Iconview]@97f2e43#2](f:0,a:3,s:0) onFrameAvailable-start syncTransactionSet=false
01-22 19:18:45.456 30801 30819 I BLASTBufferQueue: [VRI[FP Iconview]@97f2e43#2](f:0,a:3,s:0) onFrameAvailable framenumber=40 syncTransactionSet=false
01-22 19:18:45.456 30801 30819 I BLASTBufferQueue: [VRI[FP Iconview]@97f2e43#2](f:1,a:3,s:0) onFrameAvailable framenumber=40 syncTransactionSet=false
01-22 19:18:45.456 30801 30819 I BLASTBufferQueue: [VRI[FP Iconview]@97f2e43#2](f:0,a:4,s:0) mergePendingTransactions t: 132289287684235, frameNumber: 40
01-22 19:18:45.456 30801 30819 I BLASTBufferQueue: [VRI[FP Iconview]@97f2e43#2](f:0,a:4,s:0) acquireNextBufferLocked size=1454x3134 mFrameNumber=40 applyTransaction=true mTimestamp=1866884256061476(auto) mPendingTransactions.size=0 graphicBufferId=132289287684105 transform=0
01-22 19:18:45.457  1248  1248 D SurfaceFlinger: Display 4633128672291736003 HWC layers:
01-22 19:18:45.457  1248  1248 D SurfaceFlinger:        DEVICE |           32233729556485 | 00002102 | RGBA_8888    |    0.0    0.0 1440.0 3120.0 |    0    0 1440 3120 | org.tkideneb2.zeiterfassung/org.kivy.android.PythonActivity$_7505#497729 (32)
01-22 19:18:45.457  1248  1248 D SurfaceFlinger:        DEVICE |           12086038195025 | 00002100 | RGBA_8888    |    0.0    0.0 1440.0  113.0 |    0    0 1440  113 | StatusBar$_2814#110 (1790736)
01-22 19:18:45.457  1248  1248 D SurfaceFlinger:        DEVICE |           12086038195117 | 00002100 | RGBA_8888    |    0.0    0.0 1440.0 3120.0 |    0    0 1440 3120 | NotificationShade$_2814#497715 (542)
01-22 19:18:45.457  1248  1248 D SurfaceFlinger:        DEVICE |           13932874057998 | 00002100 | RGBA_8888    |    0.0    0.0   67.0  675.0 | 1373 1846 1440 2521 | com.sec.android.app.launcher/com.sam[...].app.CocktailBarService$_3244#497738 (1)
01-22 19:18:45.457  1248  1248 D SurfaceFlinger:        DEVICE |           12086038195118 | 00002100 | RGBA_8888    |    0.0    0.0 1440.0  168.0 |    0 2952 1440 3120 | NavigationBar0$_2814#108 (960203)
01-22 19:18:45.457  1248  1248 D SurfaceFlinger:        DEVICE |          132289287684107 | 00002140 | RGBA_8888    |    7.0    7.0 1447.0 3127.0 |    0    0 1440 312
01-22 19:18:45.458  1248  1248 D SurfaceFlinger: 0 | FP Iconview$_30801#497727 (38)
01-22 19:18:45.458  1248  1248 D SurfaceFlinger: 
01-22 19:18:45.458 30801 30810 I BLASTBufferQueue: [VRI[FP Iconview]@97f2e43#2](f:0,a:4,s:0) releaseBufferCallback bufferId:132289287684108 framenumber:37 layerId:497727
01-22 19:18:45.458 30801 30810 I BLASTBufferQueue: [VRI[FP Iconview]@97f2e43#2](f:0,a:3,s:0) released bufferId:132289287684108 framenumber:37 layerId:497727
01-22 19:18:45.458 30801 30810 I BLASTBufferQueue: [VRI[FP Iconview]@97f2e43#2](f:0,a:3,s:0) Can't acquire next buffer. No available frames
01-22 19:18:45.458 30801 30810 I BLASTBufferQueue: [VRI[FP Iconview]@97f2e43#2](f:0,a:3,s:0) transactionCallback
01-22 19:18:45.458 30801 30810 I BLASTBufferQueue: [VRI[FP Iconview]@97f2e43#2](f:0,a:3,s:0) updated mTransformHint=0
01-22 19:18:45.459 17353  2917 I NearbySharing: Loading certificates with visibility ALL_CONTACTS
01-22 19:18:45.463  2814  2961 D KeyguardUnlock: updateLeashAlpha: updateLeashAlpha=0.9842526
01-22 19:18:45.463  2814  2961 D KeyguardUnlock: updateKeyguardAlpha: updateKeyguardAlpha=0.015747428
01-22 19:18:45.464 30801 30819 I BLASTBufferQueue: [VRI[FP Iconview]@97f2e43#2](f:0,a:3,s:0) onFrameAvailable-start syncTransactionSet=false
01-22 19:18:45.464 30801 30819 I BLASTBufferQueue: [VRI[FP Iconview]@97f2e43#2](f:0,a:3,s:0) onFrameAvailable framenumber=41 syncTransactionSet=false
01-22 19:18:45.464 30801 30819 I BLASTBufferQueue: [VRI[FP Iconview]@97f2e43#2](f:1,a:3,s:0) onFrameAvailable framenumber=41 syncTransactionSet=false
01-22 19:18:45.464 30801 30819 I BLASTBufferQueue: [VRI[FP Iconview]@97f2e43#2](f:0,a:4,s:0) mergePendingTransactions t: 132289287684237, frameNumber: 41
01-22 19:18:45.464 30801 30819 I BLASTBufferQueue: [VRI[FP Iconview]@97f2e43#2](f:0,a:4,s:0) acquireNextBufferLocked size=1454x3134 mFrameNumber=41 applyTransaction=true mTimestamp=1866884264125617(auto) mPendingTransactions.size=0 graphicBufferId=132289287684108 transform=0
01-22 19:18:45.464 30801 30810 I BLASTBufferQueue: [VRI[FP Iconview]@97f2e43#2](f:0,a:4,s:0) releaseBufferCallback bufferId:132289287684107 framenumber:38 layerId:497727
01-22 19:18:45.464 30801 30810 I BLASTBufferQueue: [VRI[FP Iconview]@97f2e43#2](f:0,a:3,s:0) released bufferId:132289287684107 framenumber:38 layerId:497727
01-22 19:18:45.464 30801 30810 I BLASTBufferQueue: [VRI[FP Iconview]@97f2e43#2](f:0,a:3,s:0) Can't acquire next buffer. No available frames
01-22 19:18:45.464 30801 30810 I BLASTBufferQueue: [VRI[FP Iconview]@97f2e43#2](f:0,a:3,s:0) transactionCallback
01-22 19:18:45.464 30801 30810 I BLASTBufferQueue: [VRI[FP Iconview]@97f2e43#2](f:0,a:3,s:0) updated mTransformHint=0
01-22 19:18:45.471  1559  6336 D BiometricService: canAuthenticate: User=0, Caller=0, Authenticators=32768
01-22 19:18:45.471  1559  6336 D BiometricService/PreAuthInfo: create: false, false, true, 0, 0
01-22 19:18:45.471  1559  6336 D BiometricService/PreAuthInfo: getCanAuthenticateInternal Modality: 1 AuthenticatorStatus: 1
01-22 19:18:45.471  1559  6336 D AuthService: canAuthenticate, userId: 0, callingUserId: 0, authenticators: 32768, result: 0
01-22 19:18:45.471  5998  7614 I [MCFDs]_ContinuityBleAdv@42c6313: onAdvertisingSetStarted - status=0
01-22 19:18:45.471  1559  6879 D BiometricService: canAuthenticate: User=0, Caller=0, Authenticators=32768
01-22 19:18:45.471  1559  6879 D BiometricService/PreAuthInfo: create: false, false, true, 0, 0
01-22 19:18:45.471  1559  6879 D BiometricService/PreAuthInfo: getCanAuthenticateInternal Modality: 1 AuthenticatorStatus: 1
01-22 19:18:45.471  1559  6879 D AuthService: canAuthenticate, userId: 0, callingUserId: 0, authenticators: 32768, result: 0
01-22 19:18:45.472  2814  2961 D KeyguardUnlock: updateLeashAlpha: updateLeashAlpha=0.9885259
01-22 19:18:45.472  2814  2961 D KeyguardUnlock: updateKeyguardAlpha: updateKeyguardAlpha=0.011474073
01-22 19:18:45.472 30801 30819 I BLASTBufferQueue: [VRI[FP Iconview]@97f2e43#2](f:0,a:3,s:0) onFrameAvailable-start syncTransactionSet=false
01-22 19:18:45.472 30801 30819 I BLASTBufferQueue: [VRI[FP Iconview]@97f2e43#2](f:0,a:3,s:0) onFrameAvailable framenumber=42 syncTransactionSet=false
01-22 19:18:45.472 30801 30819 I BLASTBufferQueue: [VRI[FP Iconview]@97f2e43#2](f:1,a:3,s:0) onFrameAvailable framenumber=42 syncTransactionSet=false
01-22 19:18:45.472 30801 30819 I BLASTBufferQueue: [VRI[FP Iconview]@97f2e43#2](f:0,a:4,s:0) mergePendingTransactions t: 132289287684239, frameNumber: 42
01-22 19:18:45.472 30801 30819 I BLASTBufferQueue: [VRI[FP Iconview]@97f2e43#2](f:0,a:4,s:0) acquireNextBufferLocked size=1454x3134 mFrameNumber=42 applyTransaction=true mTimestamp=1866884272552101(auto) mPendingTransactions.size=0 graphicBufferId=132289287684107 transform=0
01-22 19:18:45.473 30801 30810 I BLASTBufferQueue: [VRI[FP Iconview]@97f2e43#2](f:0,a:4,s:0) releaseBufferCallback bufferId:132289287684106 framenumber:39 layerId:497727
01-22 19:18:45.473 30801 30810 I BLASTBufferQueue: [VRI[FP Iconview]@97f2e43#2](f:0,a:3,s:0) released bufferId:132289287684106 framenumber:39 layerId:497727
01-22 19:18:45.473 30801 30810 I BLASTBufferQueue: [VRI[FP Iconview]@97f2e43#2](f:0,a:3,s:0) Can't acquire next buffer. No available frames
01-22 19:18:45.473 30801 30810 I BLASTBufferQueue: [VRI[FP Iconview]@97f2e43#2](f:0,a:3,s:0) transactionCallback
01-22 19:18:45.473 30801 30810 I BLASTBufferQueue: [VRI[FP Iconview]@97f2e43#2](f:0,a:3,s:0) updated mTransformHint=0
01-22 19:18:45.475  1195  1318 I SensorsHub: LightCCT_Sensor: lux = 13, CCT = 0, rawLux = 10, roi = 0, time = 2541830500652578
01-22 19:18:45.480  2814  2961 D KeyguardUnlock: updateLeashAlpha: updateLeashAlpha=0.99224496
01-22 19:18:45.480  2814  2961 D KeyguardUnlock: updateKeyguardAlpha: updateKeyguardAlpha=0.007755041
01-22 19:18:45.480 30801 30819 I BLASTBufferQueue: [VRI[FP Iconview]@97f2e43#2](f:0,a:3,s:0) onFrameAvailable-start syncTransactionSet=false
01-22 19:18:45.480 30801 30819 I BLASTBufferQueue: [VRI[FP Iconview]@97f2e43#2](f:0,a:3,s:0) onFrameAvailable framenumber=43 syncTransactionSet=false
01-22 19:18:45.480 30801 30819 I BLASTBufferQueue: [VRI[FP Iconview]@97f2e43#2](f:1,a:3,s:0) onFrameAvailable framenumber=43 syncTransactionSet=false
01-22 19:18:45.480 30801 30819 I BLASTBufferQueue: [VRI[FP Iconview]@97f2e43#2](f:0,a:4,s:0) mergePendingTransactions t: 132289287684241, frameNumber: 43
01-22 19:18:45.481 30801 30819 I BLASTBufferQueue: [VRI[FP Iconview]@97f2e43#2](f:0,a:4,s:0) acquireNextBufferLocked size=1454x3134 mFrameNumber=43 applyTransaction=true mTimestamp=1866884280647414(auto) mPendingTransactions.size=0 graphicBufferId=132289287684106 transform=0
01-22 19:18:45.481 30801 30810 I BLASTBufferQueue: [VRI[FP Iconview]@97f2e43#2](f:0,a:4,s:0) releaseBufferCallback bufferId:132289287684105 framenumber:40 layerId:497727
01-22 19:18:45.481 30801 30810 I BLASTBufferQueue: [VRI[FP Iconview]@97f2e43#2](f:0,a:3,s:0) released bufferId:132289287684105 framenumber:40 layerId:497727
01-22 19:18:45.481 30801 30810 I BLASTBufferQueue: [VRI[FP Iconview]@97f2e43#2](f:0,a:3,s:0) Can't acquire next buffer. No available frames
01-22 19:18:45.481 30801 30810 I BLASTBufferQueue: [VRI[FP Iconview]@97f2e43#2](f:0,a:3,s:0) transactionCallback
01-22 19:18:45.481 30801 30810 I BLASTBufferQueue: [VRI[FP Iconview]@97f2e43#2](f:0,a:3,s:0) updated mTransformHint=0
01-22 19:18:45.483  1559  2606 V MdnieScenarioControlService: mAclOffEnabled : false
01-22 19:18:45.488  2814  2961 D KeyguardUnlock: updateLeashAlpha: updateLeashAlpha=0.9949756
01-22 19:18:45.488  2814  2961 D KeyguardUnlock: updateKeyguardAlpha: updateKeyguardAlpha=0.0050243735
01-22 19:18:45.489 30801 30819 I BLASTBufferQueue: [VRI[FP Iconview]@97f2e43#2](f:0,a:3,s:0) onFrameAvailable-start syncTransactionSet=false
01-22 19:18:45.489 30801 30819 I BLASTBufferQueue: [VRI[FP Iconview]@97f2e43#2](f:0,a:3,s:0) onFrameAvailable framenumber=44 syncTransactionSet=false
01-22 19:18:45.489 30801 30819 I BLASTBufferQueue: [VRI[FP Iconview]@97f2e43#2](f:1,a:3,s:0) onFrameAvailable framenumber=44 syncTransactionSet=false
01-22 19:18:45.489 30801 30819 I BLASTBufferQueue: [VRI[FP Iconview]@97f2e43#2](f:0,a:4,s:0) mergePendingTransactions t: 132289287684243, frameNumber: 44
01-22 19:18:45.489 30801 30819 I BLASTBufferQueue: [VRI[FP Iconview]@97f2e43#2](f:0,a:4,s:0) acquireNextBufferLocked size=1454x3134 mFrameNumber=44 applyTransaction=true mTimestamp=1866884289043273(auto) mPendingTransactions.size=0 graphicBufferId=132289287684105 transform=0
01-22 19:18:45.489 30801 30810 I BLASTBufferQueue: [VRI[FP Iconview]@97f2e43#2](f:0,a:4,s:0) releaseBufferCallback bufferId:132289287684108 framenumber:41 layerId:497727
01-22 19:18:45.489 30801 30810 I BLASTBufferQueue: [VRI[FP Iconview]@97f2e43#2](f:0,a:3,s:0) released bufferId:132289287684108 framenumber:41 layerId:497727
01-22 19:18:45.489 30801 30810 I BLASTBufferQueue: [VRI[FP Iconview]@97f2e43#2](f:0,a:3,s:0) Can't acquire next buffer. No available frames
01-22 19:18:45.489 30801 30810 I BLASTBufferQueue: [VRI[FP Iconview]@97f2e43#2](f:0,a:3,s:0) transactionCallback
01-22 19:18:45.489 30801 30810 I BLASTBufferQueue: [VRI[FP Iconview]@97f2e43#2](f:0,a:3,s:0) updated mTransformHint=0
01-22 19:18:45.494 21384 29940 I Dck     : Check and resume all keys that were suspended due to device lost if any [CONTEXT service_id=289 ]
01-22 19:18:45.494 21384 29940 I Dck     : [DckEvents] Handling resume all keys that were suspended due to device lost [CONTEXT service_id=289 ]
01-22 19:18:45.496  2814  2961 D KeyguardUnlock: updateLeashAlpha: updateLeashAlpha=0.99740297
01-22 19:18:45.497  2814  2961 D KeyguardUnlock: updateKeyguardAlpha: updateKeyguardAlpha=0.002597034
01-22 19:18:45.497 30801 30819 I BLASTBufferQueue: [VRI[FP Iconview]@97f2e43#2](f:0,a:3,s:0) onFrameAvailable-start syncTransactionSet=false
01-22 19:18:45.497 30801 30819 I BLASTBufferQueue: [VRI[FP Iconview]@97f2e43#2](f:0,a:3,s:0) onFrameAvailable framenumber=45 syncTransactionSet=false
01-22 19:18:45.497 30801 30819 I BLASTBufferQueue: [VRI[FP Iconview]@97f2e43#2](f:1,a:3,s:0) onFrameAvailable framenumber=45 syncTransactionSet=false
01-22 19:18:45.497 30801 30819 I BLASTBufferQueue: [VRI[FP Iconview]@97f2e43#2](f:0,a:4,s:0) mergePendingTransactions t: 132289287684245, frameNumber: 45
01-22 19:18:45.497 30801 30819 I BLASTBufferQueue: [VRI[FP Iconview]@97f2e43#2](f:0,a:4,s:0) acquireNextBufferLocked size=1454x3134 mFrameNumber=45 applyTransaction=true mTimestamp=1866884297578625(auto) mPendingTransactions.size=0 graphicBufferId=132289287684108 transform=0
01-22 19:18:45.498  1559  1595 D PowerManagerService: [PWL] sb release: PowerManagerService.Broadcasts
01-22 19:18:45.498 30801 30810 I BLASTBufferQueue: [VRI[FP Iconview]@97f2e43#2](f:0,a:4,s:0) releaseBufferCallback bufferId:132289287684107 framenumber:42 layerId:497727
01-22 19:18:45.498 30801 30810 I BLASTBufferQueue: [VRI[FP Iconview]@97f2e43#2](f:0,a:3,s:0) released bufferId:132289287684107 framenumber:42 layerId:497727
01-22 19:18:45.498 30801 30810 I BLASTBufferQueue: [VRI[FP Iconview]@97f2e43#2](f:0,a:3,s:0) Can't acquire next buffer. No available frames
01-22 19:18:45.498 30801 30810 I BLASTBufferQueue: [VRI[FP Iconview]@97f2e43#2](f:0,a:3,s:0) transactionCallback
01-22 19:18:45.498 30801 30810 I BLASTBufferQueue: [VRI[FP Iconview]@97f2e43#2](f:0,a:3,s:0) updated mTransformHint=0
01-22 19:18:45.498  1559  6336 I ActivityManager: Changes in 10081 10 to 10, 128 to 0
01-22 19:18:45.499 21268 21268 W fbservices-stub:InitStatus: Not blocking Service (17527211)
01-22 19:18:45.499 21268 21268 W fbservices-stub:InitStatus: Not blocking Service (17527211)
01-22 19:18:45.505  2814  2961 D KeyguardUnlock: updateLeashAlpha: updateLeashAlpha=0.99846846
01-22 19:18:45.505  2814  2961 D KeyguardUnlock: updateKeyguardAlpha: updateKeyguardAlpha=0.0015315413
01-22 19:18:45.506 30801 30819 I BLASTBufferQueue: [VRI[FP Iconview]@97f2e43#2](f:0,a:3,s:0) onFrameAvailable-start syncTransactionSet=false
01-22 19:18:45.506 30801 30819 I BLASTBufferQueue: [VRI[FP Iconview]@97f2e43#2](f:0,a:3,s:0) onFrameAvailable framenumber=46 syncTransactionSet=false
01-22 19:18:45.506 30801 30819 I BLASTBufferQueue: [VRI[FP Iconview]@97f2e43#2](f:1,a:3,s:0) onFrameAvailable framenumber=46 syncTransactionSet=false
01-22 19:18:45.506 30801 30819 I BLASTBufferQueue: [VRI[FP Iconview]@97f2e43#2](f:0,a:4,s:0) mergePendingTransactions t: 132289287684247, frameNumber: 46
01-22 19:18:45.506 30801 30819 I BLASTBufferQueue: [VRI[FP Iconview]@97f2e43#2](f:0,a:4,s:0) acquireNextBufferLocked size=1454x3134 mFrameNumber=46 applyTransaction=true mTimestamp=1866884305851867(auto) mPendingTransactions.size=0 graphicBufferId=132289287684107 transform=0
01-22 19:18:45.506 30801 30810 I BLASTBufferQueue: [VRI[FP Iconview]@97f2e43#2](f:0,a:4,s:0) releaseBufferCallback bufferId:132289287684106 framenumber:43 layerId:497727
01-22 19:18:45.506 30801 30810 I BLASTBufferQueue: [VRI[FP Iconview]@97f2e43#2](f:0,a:3,s:0) released bufferId:132289287684106 framenumber:43 layerId:497727
01-22 19:18:45.506 30801 30810 I BLASTBufferQueue: [VRI[FP Iconview]@97f2e43#2](f:0,a:3,s:0) Can't acquire next buffer. No available frames
01-22 19:18:45.506 30801 30810 I BLASTBufferQueue: [VRI[FP Iconview]@97f2e43#2](f:0,a:3,s:0) transactionCallback
01-22 19:18:45.506 30801 30810 I BLASTBufferQueue: [VRI[FP Iconview]@97f2e43#2](f:0,a:3,s:0) updated mTransformHint=0
01-22 19:18:45.514  2814  2961 D KeyguardUnlock: updateLeashAlpha: updateLeashAlpha=0.99933
01-22 19:18:45.514  2814  2961 D KeyguardUnlock: updateKeyguardAlpha: updateKeyguardAlpha=6.700158E-4
01-22 19:18:45.514 30801 30819 I BLASTBufferQueue: [VRI[FP Iconview]@97f2e43#2](f:0,a:3,s:0) onFrameAvailable-start syncTransactionSet=false
01-22 19:18:45.514 30801 30819 I BLASTBufferQueue: [VRI[FP Iconview]@97f2e43#2](f:0,a:3,s:0) onFrameAvailable framenumber=47 syncTransactionSet=false
01-22 19:18:45.514 30801 30819 I BLASTBufferQueue: [VRI[FP Iconview]@97f2e43#2](f:1,a:3,s:0) onFrameAvailable framenumber=47 syncTransactionSet=false
01-22 19:18:45.514 30801 30819 I BLASTBufferQueue: [VRI[FP Iconview]@97f2e43#2](f:0,a:4,s:0) mergePendingTransactions t: 132289287684249, frameNumber: 47
01-22 19:18:45.514 30801 30819 I BLASTBufferQueue: [VRI[FP Iconview]@97f2e43#2](f:0,a:4,s:0) acquireNextBufferLocked size=1454x3134 mFrameNumber=47 applyTransaction=true mTimestamp=1866884314162844(auto) mPendingTransactions.size=0 graphicBufferId=132289287684106 transform=0
01-22 19:18:45.514 30801 30810 I BLASTBufferQueue: [VRI[FP Iconview]@97f2e43#2](f:0,a:4,s:0) releaseBufferCallback bufferId:132289287684105 framenumber:44 layerId:497727
01-22 19:18:45.514 30801 30810 I BLASTBufferQueue: [VRI[FP Iconview]@97f2e43#2](f:0,a:3,s:0) released bufferId:132289287684105 framenumber:44 layerId:497727
01-22 19:18:45.514 30801 30810 I BLASTBufferQueue: [VRI[FP Iconview]@97f2e43#2](f:0,a:3,s:0) Can't acquire next buffer. No available frames
01-22 19:18:45.514 30801 30810 I BLASTBufferQueue: [VRI[FP Iconview]@97f2e43#2](f:0,a:3,s:0) transactionCallback
01-22 19:18:45.514 30801 30810 I BLASTBufferQueue: [VRI[FP Iconview]@97f2e43#2](f:0,a:3,s:0) updated mTransformHint=0
01-22 19:18:45.522  2814  2961 D KeyguardUnlock: updateLeashAlpha: updateLeashAlpha=1.0
01-22 19:18:45.522  2814  2961 D KeyguardUnlock: updateKeyguardAlpha: updateKeyguardAlpha=0.0
01-22 19:18:45.522  2814  2961 D KeyguardUnlock: onAnimationEnd frameUpdatedCount=29 skip=1 forceEnded=false
01-22 19:18:45.522 30801 30819 I BLASTBufferQueue: [VRI[FP Iconview]@97f2e43#2](f:0,a:3,s:0) onFrameAvailable-start syncTransactionSet=false
01-22 19:18:45.522 30801 30819 I BLASTBufferQueue: [VRI[FP Iconview]@97f2e43#2](f:0,a:3,s:0) onFrameAvailable framenumber=48 syncTransactionSet=false
01-22 19:18:45.522 30801 30819 I BLASTBufferQueue: [VRI[FP Iconview]@97f2e43#2](f:1,a:3,s:0) onFrameAvailable framenumber=48 syncTransactionSet=false
01-22 19:18:45.522 30801 30819 I BLASTBufferQueue: [VRI[FP Iconview]@97f2e43#2](f:0,a:4,s:0) mergePendingTransactions t: 132289287684251, frameNumber: 48
01-22 19:18:45.522 30801 30819 I BLASTBufferQueue: [VRI[FP Iconview]@97f2e43#2](f:0,a:4,s:0) acquireNextBufferLocked size=1454x3134 mFrameNumber=48 applyTransaction=true mTimestamp=1866884322315734(auto) mPendingTransactions.size=0 graphicBufferId=132289287684105 transform=0
01-22 19:18:45.522 30801 30810 I BLASTBufferQueue: [VRI[FP Iconview]@97f2e43#2](f:0,a:4,s:0) releaseBufferCallback bufferId:132289287684108 framenumber:45 layerId:497727
01-22 19:18:45.523 30801 30810 I BLASTBufferQueue: [VRI[FP Iconview]@97f2e43#2](f:0,a:3,s:0) released bufferId:132289287684108 framenumber:45 layerId:497727
01-22 19:18:45.523 30801 30810 I BLASTBufferQueue: [VRI[FP Iconview]@97f2e43#2](f:0,a:3,s:0) Can't acquire next buffer. No available frames
01-22 19:18:45.523 30801 30810 I BLASTBufferQueue: [VRI[FP Iconview]@97f2e43#2](f:0,a:3,s:0) transactionCallback
01-22 19:18:45.523 30801 30810 I BLASTBufferQueue: [VRI[FP Iconview]@97f2e43#2](f:0,a:3,s:0) updated mTransformHint=0
01-22 19:18:45.530  1248  1248 E SurfaceFlinger: alpha changed 0.001 -> 0.000 - NotificationShade$_2814#497715
01-22 19:18:45.531 30801 30819 I BLASTBufferQueue: [VRI[FP Iconview]@97f2e43#2](f:0,a:3,s:0) onFrameAvailable-start syncTransactionSet=false
01-22 19:18:45.531 30801 30819 I BLASTBufferQueue: [VRI[FP Iconview]@97f2e43#2](f:0,a:3,s:0) onFrameAvailable framenumber=49 syncTransactionSet=false
01-22 19:18:45.531 30801 30819 I BLASTBufferQueue: [VRI[FP Iconview]@97f2e43#2](f:1,a:3,s:0) onFrameAvailable framenumber=49 syncTransactionSet=false
01-22 19:18:45.531 30801 30819 I BLASTBufferQueue: [VRI[FP Iconview]@97f2e43#2](f:0,a:4,s:0) mergePendingTransactions t: 132289287684253, frameNumber: 49
01-22 19:18:45.531 30801 30819 I BLASTBufferQueue: [VRI[FP Iconview]@97f2e43#2](f:0,a:4,s:0) acquireNextBufferLocked size=1454x3134 mFrameNumber=49 applyTransaction=true mTimestamp=1866884330980344(auto) mPendingTransactions.size=0 graphicBufferId=132289287684108 transform=0
01-22 19:18:45.532  1248  1248 D SurfaceFlinger: Display 4633128672291736003 HWC layers:
01-22 19:18:45.532  1248  1248 D SurfaceFlinger:        DEVICE |           32233729556485 | 00002102 | RGBA_8888    |    0.0    0.0 1440.0 3120.0 |    0    0 1440 3120 | org.tkideneb2.zeiterfassung/org.kivy.android.PythonActivity$_7505#497729 (32)
01-22 19:18:45.532  1248  1248 D SurfaceFlinger:        DEVICE |           12086038195025 | 00002100 | RGBA_8888    |    0.0    0.0 1440.0  113.0 |    0    0 1440  113 | StatusBar$_2814#110 (1790736)
01-22 19:18:45.532  1248  1248 D SurfaceFlinger:        DEVICE |           13932874057998 | 00002100 | RGBA_8888    |    0.0    0.0   67.0  675.0 | 1373 1846 1440 2521 | com.sec.android.app.launcher/com.sam[...].app.CocktailBarService$_3244#497738 (1)
01-22 19:18:45.532  1248  1248 D SurfaceFlinger:        DEVICE |           12086038195118 | 00002100 | RGBA_8888    |    0.0    0.0 1440.0  168.0 |    0 2952 1440 3120 | NavigationBar0$_2814#108 (960203)
01-22 19:18:45.532  1248  1248 D SurfaceFlinger:        DEVICE |          132289287684106 | 00002140 | RGBA_8888    |    7.0    7.0 1447.0 3127.0 |    0    0 1440 3120 | FP Iconview$_30801#497727 (47)
01-22 19:18:45.532  1248  1248 D SurfaceFlinger: 
01-22 19:18:45.532  7567  7567 W t.lovoo.android: Failed to find entry 'classes.dex': Entry not found
01-22 19:18:45.533 30801 30810 I BLASTBufferQueue: [VRI[FP Iconview]@97f2e43#2](f:0,a:4,s:0) releaseBufferCallback bufferId:132289287684107 framenumber:46 layerId:497727
01-22 19:18:45.533 30801 30810 I BLASTBufferQueue: [VRI[FP Iconview]@97f2e43#2](f:0,a:3,s:0) released bufferId:132289287684107 framenumber:46 layerId:497727
01-22 19:18:45.533 30801 30810 I BLASTBufferQueue: [VRI[FP Iconview]@97f2e43#2](f:0,a:3,s:0) Can't acquire next buffer. No available frames
01-22 19:18:45.533 30801 30810 I BLASTBufferQueue: [VRI[FP Iconview]@97f2e43#2](f:0,a:3,s:0) transactionCallback
01-22 19:18:45.533 30801 30810 I BLASTBufferQueue: [VRI[FP Iconview]@97f2e43#2](f:0,a:3,s:0) updated mTransformHint=0
01-22 19:18:45.538  2814  2814 W KeyguardSecurityViewFlipper: onMeasure: widthSpec MeasureSpec: EXACTLY 0 should be AT_MOST
01-22 19:18:45.538  2814  2814 W KeyguardSecurityViewFlipper: onMeasure: heightSpec MeasureSpec: EXACTLY 0 should be AT_MOST
01-22 19:18:45.539  1559  6336 I WindowManager: Relayout Window{978babf u0 Bouncer}: viewVisibility=4 req=1440x0 ty=2009 d0
01-22 19:18:45.539 30801 30819 I BLASTBufferQueue: [VRI[FP Iconview]@97f2e43#2](f:0,a:3,s:0) onFrameAvailable-start syncTransactionSet=false
01-22 19:18:45.539 30801 30819 I BLASTBufferQueue: [VRI[FP Iconview]@97f2e43#2](f:0,a:3,s:0) onFrameAvailable framenumber=50 syncTransactionSet=false
01-22 19:18:45.539 30801 30819 I BLASTBufferQueue: [VRI[FP Iconview]@97f2e43#2](f:1,a:3,s:0) onFrameAvailable framenumber=50 syncTransactionSet=false
01-22 19:18:45.539 30801 30819 I BLASTBufferQueue: [VRI[FP Iconview]@97f2e43#2](f:0,a:4,s:0) mergePendingTransactions t: 132289287684255, frameNumber: 50
01-22 19:18:45.539 30801 30819 I BLASTBufferQueue: [VRI[FP Iconview]@97f2e43#2](f:0,a:4,s:0) acquireNextBufferLocked size=1454x3134 mFrameNumber=50 applyTransaction=true mTimestamp=1866884339268156(auto) mPendingTransactions.size=0 graphicBufferId=132289287684107 transform=0
01-22 19:18:45.539  1559  6336 D SurfaceComposerClient: setCornerRadius ## d37c539 org.tkideneb2.zeiterfassung/org.kivy.android.PythonActivity#497725 cornerRadius=0.000000
01-22 19:18:45.539 30801 30810 I BLASTBufferQueue: [VRI[FP Iconview]@97f2e43#2](f:0,a:4,s:0) releaseBufferCallback bufferId:132289287684106 framenumber:47 layerId:497727
01-22 19:18:45.540 30801 30810 I BLASTBufferQueue: [VRI[FP Iconview]@97f2e43#2](f:0,a:3,s:0) released bufferId:132289287684106 framenumber:47 layerId:497727
01-22 19:18:45.540 30801 30810 I BLASTBufferQueue: [VRI[FP Iconview]@97f2e43#2](f:0,a:3,s:0) Can't acquire next buffer. No available frames
01-22 19:18:45.540 30801 30810 I BLASTBufferQueue: [VRI[FP Iconview]@97f2e43#2](f:0,a:3,s:0) transactionCallback
01-22 19:18:45.540 30801 30810 I BLASTBufferQueue: [VRI[FP Iconview]@97f2e43#2](f:0,a:3,s:0) updated mTransformHint=0
01-22 19:18:45.540  1559  6336 W PhoneWindowManager: lockNow pending, ignore updating lockscreen timeout
01-22 19:18:45.540  1559  6336 D SurfaceComposerClient: setCornerRadius ## d37c539 org.tkideneb2.zeiterfassung/org.kivy.android.PythonActivity#497725 cornerRadius=0.000000
01-22 19:18:45.540  1559  6336 I WindowManager: Relayout hash=978babf, pid=2814, syncId=-1: mAttrs={(0,0)(fillx0) gr=TOP CENTER_VERTICAL sim={adjust=resize} layoutInDisplayCutoutMode=shortEdges ty=KEYGUARD_DIALOG fmt=TRANSLUCENT if=INPUT_FEATURE_DISABLE_USER_ACTIVITY userActivityTimeout=10000
01-22 19:18:45.540  1559  6336 I WindowManager:   fl=85000548
01-22 19:18:45.540  1559  6336 I WindowManager:   pfl=10000000
01-22 19:18:45.540  1559  6336 I WindowManager:   vsysui=500
01-22 19:18:45.540  1559  6336 I WindowManager:   bhv=2
01-22 19:18:45.540  1559  6336 I WindowManager:   frameRateBoostOnTouch=true
01-22 19:18:45.540  1559  6336 I WindowManager:   dvrrWindowFrameRateHint=true naviIconColor=0
01-22 19:18:45.540  1559  6336 I WindowManager:   sfl=40000}
01-22 19:18:45.541  7567  7567 W t.lovoo.android: Failed to find entry 'classes.dex': Entry not found
01-22 19:18:45.541  7505  7532 V python  : extracting _python_bundle/site-packages/kivymd/images/alpha_layer.png
01-22 19:18:45.541  7505  7532 V python  : extracting _python_bundle/site-packages/kivymd/images/black.png
01-22 19:18:45.541  7505  7532 V python  : extracting _python_bundle/site-packages/kivymd/images/blue.png
01-22 19:18:45.541  7505  7532 V python  : extracting _python_bundle/site-packages/kivymd/images/folder.png
01-22 19:18:45.541  7567  7567 D nativeloader: Configuring clns-9 for other apk /data/app/~~76JX9zDocqCXd7XZMGOazg==/net.lovoo.android-GCemTeLq8fxTVxbvAR2rOw==/base.apk:/data/app/~~76JX9zDocqCXd7XZMGOazg==/net.lovoo.android-GCemTeLq8fxTVxbvAR2rOw==/split_config.arm64_v8a.apk:/data/app/~~76JX9zDocqCXd7XZMGOazg==/net.lovoo.android-GCemTeLq8fxTVxbvAR2rOw==/split_config.xxhdpi.apk. target_sdk_version=35, uses_libraries=, library_path=/data/app/~~76JX9zDocqCXd7XZMGOazg==/net.lovoo.android-GCemTeLq8fxTVxbvAR2rOw==/lib/arm64:/data/app/~~76JX9zDocqCXd7XZMGOazg==/net.lovoo.android-GCemTeLq8fxTVxbvAR2rOw==/base.apk!/lib/arm64-v8a:/data/app/~~76JX9zDocqCXd7XZMGOazg==/net.lovoo.android-GCemTeLq8fxTVxbvAR2rOw==/split_config.arm64_v8a.apk!/lib/arm64-v8a:/data/app/~~76JX9zDocqCXd7XZMGOazg==/net.lovoo.android-GCemTeLq8fxTVxbvAR2rOw==/split_config.xxhdpi.apk!/lib/arm64-v8a, permitted_path=/data:/mnt/expand:/data/user/0/net.lovoo.android
01-22 19:18:45.541  7505  7532 V python  : extracting _python_bundle/site-packages/kivymd/images/green.png
01-22 19:18:45.542  7505  7532 V python  : extracting _python_bundle/site-packages/kivymd/images/logo/
01-22 19:18:45.542  7505  7532 V python  : extracting _python_bundle/site-packages/kivymd/images/logo/kivymd-icon-128.png
01-22 19:18:45.542  7505  7532 V python  : extracting _python_bundle/site-packages/kivymd/images/logo/kivymd-icon-256.png
01-22 19:18:45.542  7505  7532 V python  : extracting _python_bundle/site-packages/kivymd/images/logo/kivymd-icon-512.png
01-22 19:18:45.543  6627  7640 E AtomicFile: Failed to rename /data/user_de/0/com.samsung.android.honeyboard/files/selected.json.new to /data/user_de/0/com.samsung.android.honeyboard/files/selected.json
01-22 19:18:45.543  6627  7640 I HBD     : h writeToFile complete 
01-22 19:18:45.543  2814  2814 I VRI[Bouncer]@6595895: Force to draw a frame when frame become empty from non-empty
01-22 19:18:45.543  2814  2814 I VRI[Bouncer]@6595895: Relayout returned: old=(0,0,1440,3120) new=(0,0,1440,0) relayoutAsync=false req=(1440,0)4 dur=3 res=0x0 s={false 0x0} ch=false seqId=911
01-22 19:18:45.543  7505  7532 V python  : extracting _python_bundle/site-packages/kivymd/images/red.png
01-22 19:18:45.543  7505  7532 V python  : extracting _python_bundle/site-packages/kivymd/images/transparent.png
01-22 19:18:45.543  7505  7532 V python  : extracting _python_bundle/site-packages/kivymd/images/yellow.png
01-22 19:18:45.543  7505  7532 V python  : extracting _python_bundle/site-packages/kivymd/material_resources.pyc
01-22 19:18:45.544  7505  7532 V python  : extracting _python_bundle/site-packages/kivymd/theming.pyc
01-22 19:18:45.544  7505  7532 V python  : extracting _python_bundle/site-packages/kivymd/theming_dynamic_text.pyc
01-22 19:18:45.544  7505  7532 V python  : extracting _python_bundle/site-packages/kivymd/toast/
01-22 19:18:45.544  2814  2814 I FaceWidgetRectManager_Clock: canUpdateClockRect: skip! keyguard is not visible
01-22 19:18:45.544  7505  7532 V python  : extracting _python_bundle/site-packages/kivymd/toast/__init__.pyc
01-22 19:18:45.544  7505  7532 V python  : extracting _python_bundle/site-packages/kivymd/toast/androidtoast/
01-22 19:18:45.544  2814  2927 D Tile.WifiTile: handleUpdateState isTransient=false transientEnabling =false cb.isTransient=false state.state = 1 mStateBeforeClick.value =true enabled =false
01-22 19:18:45.544  7505  7532 V python  : extracting _python_bundle/site-packages/kivymd/toast/androidtoast/__init__.pyc
01-22 19:18:45.544  2814  2927 D Tile.WifiTile: handleUpdateState isTransient=false transientEnabling =false cb.isTransient=false state.state = 1 mStateBeforeClick.value =true enabled =false
01-22 19:18:45.544  7505  7532 V python  : extracting _python_bundle/site-packages/kivymd/toast/androidtoast/androidtoast.pyc
01-22 19:18:45.544  7505  7532 V python  : extracting _python_bundle/site-packages/kivymd/toast/kivytoast/
01-22 19:18:45.544  7505  7532 V python  : extracting _python_bundle/site-packages/kivymd/toast/kivytoast/__init__.pyc
01-22 19:18:45.544  7505  7532 V python  : extracting _python_bundle/site-packages/kivymd/toast/kivytoast/kivytoast.pyc
01-22 19:18:45.544  2814  2927 D SBluetoothTile:  handleUpdateState enabled = true connected = true connecting = false changedState =false bluetoothState = 12 enabledChanging = false state = QSTile$BooleanState[spec=Bluetooth,icon=ResourceIcon[resId=0x7f080f78],nextIcon=null,iconSupplier=null,label=Bluetooth,secondaryLabel=Watch5 Pro von Benedikt,contentDescription=Bluetooth,stateDescription=null,dualLabelContentDescription=Mit Watch5 Pro von Benedikt verbunden,expandedAccessibilityClassName=null,disabledByPolicy=false,dualTarget=true,isTransient=false,handlesSecondaryClick=false,state=2,sideViewCustomDrawable=null,tileClassName=null,value=true,forceExpandIcon=false]
01-22 19:18:45.545  7505  7532 V python  : extracting _python_bundle/site-packages/kivymd/tools/
01-22 19:18:45.545  7505  7532 V python  : extracting _python_bundle/site-packages/kivymd/tools/__init__.pyc
01-22 19:18:45.545  7505  7532 V python  : extracting _python_bundle/site-packages/kivymd/tools/argument_parser.pyc
01-22 19:18:45.545  7505  7532 V python  : extracting _python_bundle/site-packages/kivymd/tools/hotreload/
01-22 19:18:45.545  7505  7532 V python  : extracting _python_bundle/site-packages/kivymd/tools/hotreload/__init__.pyc
01-22 19:18:45.545  5817  5817 W ContextImpl: Calling a method in the system process without a qualified user: android.app.ContextImpl.startService:2068 android.content.ContextWrapper.startService:872 android.content.ContextWrapper.startService:872 com.sec.android.diagmonagent.sa.receiver.CFLogReceiver.onReceive:56 android.app.ActivityThread.handleReceiver:5663 
01-22 19:18:45.545  7505  7532 V python  : extracting _python_bundle/site-packages/kivymd/tools/hotreload/app.pyc
01-22 19:18:45.545  7505  7532 V python  : extracting _python_bundle/site-packages/kivymd/tools/packaging/
01-22 19:18:45.545  7505  7532 V python  : extracting _python_bundle/site-packages/kivymd/tools/packaging/__init__.pyc
01-22 19:18:45.545  7505  7532 V python  : extracting _python_bundle/site-packages/kivymd/tools/packaging/pyinstaller/
01-22 19:18:45.545  7505  7532 V python  : extracting _python_bundle/site-packages/kivymd/tools/packaging/pyinstaller/__init__.pyc
01-22 19:18:45.545  7505  7532 V python  : extracting _python_bundle/site-packages/kivymd/tools/packaging/pyinstaller/hook-kivymd.pyc
01-22 19:18:45.546  7505  7532 V python  : extracting _python_bundle/site-packages/kivymd/tools/patterns/MVC/
01-22 19:18:45.546  2814  2814 D DisplayLifecycle: updateDisplay id = 0
01-22 19:18:45.546  2814  2814 D NavigationBar: setImeWindowStatus displayId=0 vis=0 backDisposition=0 showImeSwitcher=false isImeVisible=false
01-22 19:18:45.546  7505  7532 V python  : extracting _python_bundle/site-packages/kivymd/tools/patterns/MVC/Model/
01-22 19:18:45.546  3244  3325 I HoneySpace.StatusIconTracker: invokeEvent() called with: event = PrivacyInfo(visible=false)
01-22 19:18:45.546  7505  7532 V python  : extracting _python_bundle/site-packages/kivymd/tools/patterns/MVC/Model/__init__.pyc
01-22 19:18:45.546  2814  2814 D KeyguardUpdateMonitor: handlePrimaryBouncerVisibilityChanged false
01-22 19:18:45.546  7505  7532 V python  : extracting _python_bundle/site-packages/kivymd/tools/patterns/MVC/Model/database_firebase.pyc
01-22 19:18:45.546  2814  2814 I FaceWidgetWindowManager: onPrimaryBouncerVisibilityChanged() = false
01-22 19:18:45.546 17353  2917 I NearbySharing: Saving the private certificate to file nearby_sharing_private_certificate_file_for_all_contacts.
01-22 19:18:45.546  7505  7532 V python  : extracting _python_bundle/site-packages/kivymd/tools/patterns/MVC/Model/database_restdb.pyc
01-22 19:18:45.546  2814  2814 D PluginActionManager: onPluginDisconnected
01-22 19:18:45.546  7505  7532 V python  : extracting _python_bundle/site-packages/kivymd/tools/patterns/MVC/__init__.pyc
01-22 19:18:45.546  2814  2814 D DozeService: onPluginDisconnected: PluginAOD plugin=com.samsung.android.app.aodservice.plugin.PluginAODImpl@68269b1
01-22 19:18:45.546  2814  2814 D DozeService: stopAlwaysOnDisplay: mAODPlugin=null
01-22 19:18:45.546  7505  7532 V python  : extracting _python_bundle/site-packages/kivymd/tools/patterns/MVC/data/locales/
01-22 19:18:45.546  7505  7532 V python  : extracting _python_bundle/site-packages/kivymd/tools/patterns/MVC/data/locales/po/
01-22 19:18:45.546  7505  7532 V python  : extracting _python_bundle/site-packages/kivymd/tools/patterns/MVC/data/locales/po/en.po
01-22 19:18:45.546  7505  7532 V python  : extracting _python_bundle/site-packages/kivymd/tools/patterns/MVC/data/locales/po/ru.po
01-22 19:18:45.547  7505  7532 V python  : extracting _python_bundle/site-packages/kivymd/tools/patterns/MVC/libs/
01-22 19:18:45.547  7505  7532 V python  : extracting _python_bundle/site-packages/kivymd/tools/patterns/MVC/libs/__init__.pyc
01-22 19:18:45.547  7505  7532 V python  : extracting _python_bundle/site-packages/kivymd/tools/patterns/MVC/libs/translation.pyc
01-22 19:18:45.547  7505  7532 V python  : extracting _python_bundle/site-packages/kivymd/tools/patterns/MVC/messages.pot
01-22 19:18:45.547  7505  7532 V python  : extracting _python_bundle/site-packages/kivymd/tools/patterns/
01-22 19:18:45.547  7505  7532 V python  : extracting _python_bundle/site-packages/kivymd/tools/patterns/__init__.pyc
01-22 19:18:45.547  7505  7532 V python  : extracting _python_bundle/site-packages/kivymd/tools/patterns/add_view.pyc
01-22 19:18:45.547  7505  7532 V python  : extracting _python_bundle/site-packages/kivymd/tools/patterns/create_project.pyc
01-22 19:18:45.547  7505  7532 V python  : extracting _python_bundle/site-packages/kivymd/uix/
01-22 19:18:45.547 16056 16056 I GWT:GAppWidgetManager: [daemonapp] getGlanceIdByProvider / class com.sec.android.daemonapp.home.HomeClockAppWidget
01-22 19:18:45.547  7505  7532 V python  : extracting _python_bundle/site-packages/kivymd/uix/__init__.pyc
01-22 19:18:45.548  7505  7532 V python  : extracting _python_bundle/site-packages/kivymd/uix/anchorlayout.pyc
01-22 19:18:45.548  7505  7532 V python  : extracting _python_bundle/site-packages/kivymd/uix/backdrop/
01-22 19:18:45.548  7505  7532 V python  : extracting _python_bundle/site-packages/kivymd/uix/backdrop/__init__.pyc
01-22 19:18:45.548  7505  7532 V python  : extracting _python_bundle/site-packages/kivymd/uix/backdrop/backdrop.kv
01-22 19:18:45.548  2814  2814 I PluginAODImpl: onDestroy()
01-22 19:18:45.548  7505  7532 V python  : extracting _python_bundle/site-packages/kivymd/uix/backdrop/backdrop.pyc
01-22 19:18:45.548  7505  7532 V python  : extracting _python_bundle/site-packages/kivymd/uix/banner/
01-22 19:18:45.548  7505  7532 V python  : extracting _python_bundle/site-packages/kivymd/uix/banner/__init__.pyc
01-22 19:18:45.548  7505  7532 V python  : extracting _python_bundle/site-packages/kivymd/uix/banner/banner.kv
01-22 19:18:45.548 30801 30810 I BLASTBufferQueue: [VRI[FP Iconview]@97f2e43#2](f:0,a:3,s:0) releaseBufferCallback bufferId:132289287684105 framenumber:48 layerId:497727
01-22 19:18:45.548  7505  7532 V python  : extracting _python_bundle/site-packages/kivymd/uix/banner/banner.pyc
01-22 19:18:45.548 30801 30810 I BLASTBufferQueue: [VRI[FP Iconview]@97f2e43#2](f:0,a:2,s:0) released bufferId:132289287684105 framenumber:48 layerId:497727
01-22 19:18:45.548 30801 30810 I BLASTBufferQueue: [VRI[FP Iconview]@97f2e43#2](f:0,a:2,s:0) Can't acquire next buffer. No available frames
01-22 19:18:45.548 30801 30810 I BLASTBufferQueue: [VRI[FP Iconview]@97f2e43#2](f:0,a:2,s:0) transactionCallback
01-22 19:18:45.548 30801 30810 I BLASTBufferQueue: [VRI[FP Iconview]@97f2e43#2](f:0,a:2,s:0) updated mTransformHint=0
01-22 19:18:45.548  7505  7532 V python  : extracting _python_bundle/site-packages/kivymd/uix/behaviors/
01-22 19:18:45.548  2814  2927 D Tile.SoundModeTile: handleUpdateState: profile 0, muteAllSound false
01-22 19:18:45.548  7505  7532 V python  : extracting _python_bundle/site-packages/kivymd/uix/behaviors/__init__.pyc
01-22 19:18:45.548  7505  7532 V python  : extracting _python_bundle/site-packages/kivymd/uix/behaviors/backgroundcolor_behavior.pyc
01-22 19:18:45.549  2814  2814 D SamsungLightBarControlHelper: onStatusBarAppearanceChanged() -  sbModeChanged:false, statusBarMode:0, barState:MODE_TRANSPARENT, isKeyguardShowing:false, navbarColorManagedByIme:false, (AppearanceRegion{ bounds=[0,0][1440,3120]}, )
01-22 19:18:45.549  7505  7532 V python  : extracting _python_bundle/site-packages/kivymd/uix/behaviors/declarative_behavior.pyc
01-22 19:18:45.549  7505  7532 V python  : extracting _python_bundle/site-packages/kivymd/uix/behaviors/elevation.pyc
01-22 19:18:45.549  7505  7532 V python  : extracting _python_bundle/site-packages/kivymd/uix/behaviors/focus_behavior.pyc
01-22 19:18:45.549  2814  2913 I VRI[zeiterfassung]@90ce889: onActiveControlsChanged, removed=true, mAdded=false, caller=android.view.ViewRootImpl.handleInsetsControlChanged:3002 android.view.ViewRootImpl$ViewRootHandler.handleMessageImpl:8352 android.view.ViewRootImpl$ViewRootHandler.handleMessage:8301 android.os.Handler.dispatchMessage:110 android.os.Looper.loopOnce:273 
01-22 19:18:45.549  7505  7532 V python  : extracting _python_bundle/site-packages/kivymd/uix/behaviors/hover_behavior.pyc
01-22 19:18:45.549  7505  7532 V python  : extracting _python_bundle/site-packages/kivymd/uix/behaviors/magic_behavior.pyc
01-22 19:18:45.549  7505  7532 V python  : extracting _python_bundle/site-packages/kivymd/uix/behaviors/motion_behavior.pyc
01-22 19:18:45.549  2814  2927 D SRotationLockTile:  mRotationLocked: false handleUpdateState: true orientation = true
01-22 19:18:45.549  7505  7532 V python  : extracting _python_bundle/site-packages/kivymd/uix/behaviors/ripple_behavior.pyc
01-22 19:18:45.549  2814  2814 D ClockFaceEvents: onTimeTick. callers : com.android.keyguard.ClockEventController$keyguardUpdateMonitorCallback$1.refreshTime:19
01-22 19:18:45.549  2814  2814 D ClockFaceEvents: com.android.keyguard.ClockEventController$keyguardUpdateMonitorCallback$1.onTimeChanged:1
01-22 19:18:45.549  2814  2814 D ClockFaceEvents: com.android.keyguard.KeyguardUpdateMonitor$16.handleMessage:732
01-22 19:18:45.549  2814  2814 D ClockFaceEvents: onTimeTick. callers : com.android.keyguard.ClockEventController$keyguardUpdateMonitorCallback$1.refreshTime:38
01-22 19:18:45.549  2814  2814 D ClockFaceEvents: com.android.keyguard.ClockEventController$keyguardUpdateMonitorCallback$1.onTimeChanged:1
01-22 19:18:45.549  2814  2814 D ClockFaceEvents: com.android.keyguard.KeyguardUpdateMonitor$16.handleMessage:732
01-22 19:18:45.549  2814  2814 D FaceWidgetPagesController: onTimeChanged()
01-22 19:18:45.549  7505  7532 V python  : extracting _python_bundle/site-packages/kivymd/uix/behaviors/rotate_behavior.pyc
01-22 19:18:45.549  7505  7532 V python  : extracting _python_bundle/site-packages/kivymd/uix/behaviors/scale_behavior.pyc
01-22 19:18:45.549  2814  2814 D DisplayLifecycle: updateDisplay id = 0
01-22 19:18:45.549  7505  7532 V python  : extracting _python_bundle/site-packages/kivymd/uix/behaviors/stencil_behavior.pyc
01-22 19:18:45.549  7505  7532 V python  : extracting _python_bundle/site-packages/kivymd/uix/behaviors/toggle_behavior.pyc
01-22 19:18:45.550  2814  2814 I VRI[StatusBar]@2962aad: handleResized, frames=ClientWindowFrames{frame=[0,0][1440,113] display=[0,0][1440,3120] parentFrame=[0,0][0,0]} displayId=0 dragResizing=false compatScale=1.0 frameChanged=false attachedFrameChanged=false configChanged=false displayChanged=false compatScaleChanged=false dragResizingChanged=false
01-22 19:18:45.550 17353 17353 D BoundBrokerSvc: onRebind: Intent { act=com.google.android.gms.nearby.presence.service.START dat=chimera-action:/... xflg=0x4 cmp=com.google.android.gms/.chimera.PersistentApiServiceNoInstantApps }
01-22 19:18:45.550  2814  2814 I VRI[NotificationShade]@aa1a57e: handleResized, frames=ClientWindowFrames{frame=[0,0][1440,3120] display=[0,0][1440,3120] parentFrame=[0,0][0,0]} displayId=0 dragResizing=false compatScale=1.0 frameChanged=false attachedFrameChanged=false configChanged=false displayChanged=false compatScaleChanged=false dragResizingChanged=false
01-22 19:18:45.550  7505  7532 V python  : extracting _python_bundle/site-packages/kivymd/uix/behaviors/touch_behavior.pyc
01-22 19:18:45.550  2814  2814 I VRI[NavigationBar0]@7074a40: handleResized, frames=ClientWindowFrames{frame=[0,2952][1440,3120] display=[0,0][1440,3120] parentFrame=[0,0][0,0]} displayId=0 dragResizing=false compatScale=1.0 frameChanged=false attachedFrameChanged=false configChanged=false displayChanged=false compatScaleChanged=false dragResizingChanged=false
01-22 19:18:45.550  7505  7532 V python  : extracting _python_bundle/site-packages/kivymd/uix/bottomnavigation/
01-22 19:18:45.550  2814  2927 D SRotationLockTile:  mRotationLocked: false handleUpdateState: true orientation = true
01-22 19:18:45.550  7505  7532 V python  : extracting _python_bundle/site-packages/kivymd/uix/bottomnavigation/__init__.pyc
01-22 19:18:45.550  7505  7532 V python  : extracting _python_bundle/site-packages/kivymd/uix/bottomnavigation/bottomnavigation.kv
01-22 19:18:45.550  7505  7532 V python  : extracting _python_bundle/site-packages/kivymd/uix/bottomnavigation/bottomnavigation.pyc
01-22 19:18:45.550  7505  7532 V python  : extracting _python_bundle/site-packages/kivymd/uix/bottomsheet/
01-22 19:18:45.550  7505  7532 V python  : extracting _python_bundle/site-packages/kivymd/uix/bottomsheet/__init__.pyc
01-22 19:18:45.550  2814  2814 D KeyguardUpdateMonitor: handleSecureStateChanged secureState : 64 isSecureStateUpdated : false, isOwnerInfoStateUpdated : false
01-22 19:18:45.550  7505  7532 V python  : extracting _python_bundle/site-packages/kivymd/uix/bottomsheet/bottomsheet.kv
01-22 19:18:45.550  2814  2927 D SRotationLockTile:  mRotationLocked: false handleUpdateState: true orientation = true
01-22 19:18:45.550  7505  7532 V python  : extracting _python_bundle/site-packages/kivymd/uix/bottomsheet/bottomsheet.pyc
01-22 19:18:45.550  7505  7532 V python  : extracting _python_bundle/site-packages/kivymd/uix/boxlayout.pyc
01-22 19:18:45.550  2814  2814 I LockscreenNotificationIconsOnlyController: onNotificationInfoUpdated 0
01-22 19:18:45.551  7505  7532 V python  : extracting _python_bundle/site-packages/kivymd/uix/button/
01-22 19:18:45.551  2814  2814 I AODNotificationManager: updateNotification() 
01-22 19:18:45.551  1559  5960 D SystemServerTiming: getUserSwitchability-0
01-22 19:18:45.551  7505  7532 V python  : extracting _python_bundle/site-packages/kivymd/uix/button/__init__.pyc
01-22 19:18:45.551  1559  5960 D SystemServerTiming: TM.isInCall
01-22 19:18:45.551  7505  7532 V python  : extracting _python_bundle/site-packages/kivymd/uix/button/button.kv
01-22 19:18:45.551  1559  5960 I Telecom : SamsungTelecomServiceImpl : isInCall - callingPackage : android / callingUser : UserHandle{0} / hasCrossUserAccess : true
01-22 19:18:45.551  2814  2814 I Choreographer: Skipped 41 frames!  The application may be doing too much work on its main thread.
01-22 19:18:45.551  7505  7532 V python  : extracting _python_bundle/site-packages/kivymd/uix/button/button.pyc
01-22 19:18:45.551  1559  5960 V SystemServerTiming: TM.isInCall took to complete: 1ms
01-22 19:18:45.551  1559  5960 D SystemServerTiming: hasUserRestriction-DISALLOW_USER_SWITCH
01-22 19:18:45.551  1559  5960 V SystemServerTiming: hasUserRestriction-DISALLOW_USER_SWITCH took to complete: 0ms
01-22 19:18:45.551  1559  5960 D SystemServerTiming: getInt-ALLOW_USER_SWITCHING_WHEN_SYSTEM_USER_LOCKED
01-22 19:18:45.551  1559  5960 V SystemServerTiming: getInt-ALLOW_USER_SWITCHING_WHEN_SYSTEM_USER_LOCKED took to complete: 0ms
01-22 19:18:45.551  1559  5960 D SystemServerTiming: isUserUnlocked-USER_SYSTEM
01-22 19:18:45.551  1559  5960 V SystemServerTiming: isUserUnlocked-USER_SYSTEM took to complete: 0ms
01-22 19:18:45.551  1559  5960 V SystemServerTiming: getUserSwitchability-0 took to complete: 1ms
01-22 19:18:45.551  7505  7532 V python  : extracting _python_bundle/site-packages/kivymd/uix/card/
01-22 19:18:45.551  2814  2927 D DeviceState: isESIM() :0 : false
01-22 19:18:45.551  2814  2927 D NetworkController.MobileSignalController(3): isPowerOffServiceState,mCurrentState.getVoiceServiceState() = 0,mCurrentState.airplaneMode = false,mCurrentState.canCellularVoiceService() = true,mCurrentState.getMobileDataRegState() = true
01-22 19:18:45.551  7505  7532 V python  : extracting _python_bundle/site-packages/kivymd/uix/card/__init__.pyc
01-22 19:18:45.551  2814  2927 D Tile.AirplaneModeTile:  handleUpdateState mIsWiFiOnlyDevice false isNoSimState false isPowerOffServiceState false mSetting.getValue() 0 isSatelliteModeOn false isChinaDevice false
01-22 19:18:45.551  2814  2927 D Tile.AirplaneModeTile:  handleUpdateState:  value = false, state = 1
01-22 19:18:45.551  7505  7532 V python  : extracting _python_bundle/site-packages/kivymd/uix/card/card.kv
01-22 19:18:45.551  7505  7532 V python  : extracting _python_bundle/site-packages/kivymd/uix/card/card.pyc
01-22 19:18:45.552  7505  7532 V python  : extracting _python_bundle/site-packages/kivymd/uix/carousel.pyc
01-22 19:18:45.552  7505  7532 V python  : extracting _python_bundle/site-packages/kivymd/uix/chip/
01-22 19:18:45.552  7505  7532 V python  : extracting _python_bundle/site-packages/kivymd/uix/chip/__init__.pyc
01-22 19:18:45.552  7505  7532 V python  : extracting _python_bundle/site-packages/kivymd/uix/chip/chip.kv
01-22 19:18:45.552  2814  2814 D SubscreenNotificationListCoordinator: onAfterRenderList() isSubScreen = false, pluginLockMode = 0, doNotShowOnCover = false
01-22 19:18:45.552  7505  7532 V python  : extracting _python_bundle/site-packages/kivymd/uix/chip/chip.pyc
01-22 19:18:45.552  7505  7532 V python  : extracting _python_bundle/site-packages/kivymd/uix/circularlayout.pyc
01-22 19:18:45.552 30801 30819 I BLASTBufferQueue: [VRI[FP Iconview]@97f2e43#2](f:0,a:2,s:0) onFrameAvailable-start syncTransactionSet=false
01-22 19:18:45.552 30801 30819 I BLASTBufferQueue: [VRI[FP Iconview]@97f2e43#2](f:0,a:2,s:0) onFrameAvailable framenumber=51 syncTransactionSet=false
01-22 19:18:45.552 30801 30819 I BLASTBufferQueue: [VRI[FP Iconview]@97f2e43#2](f:1,a:2,s:0) onFrameAvailable framenumber=51 syncTransactionSet=false
01-22 19:18:45.552 30801 30819 I BLASTBufferQueue: [VRI[FP Iconview]@97f2e43#2](f:0,a:3,s:0) mergePendingTransactions t: 132289287684257, frameNumber: 51
01-22 19:18:45.552  2814  2814 I InsetsController: cancelAnimation: types=navigationBars, animType=0, host=NotificationShade, from=android.view.InsetsController.notifyFinished:2006 android.view.InsetsAnimationControlImpl.applyChangeInsets:335 android.view.InsetsController.lambda$new$3:957 
01-22 19:18:45.552  7505  7532 V python  : extracting _python_bundle/site-packages/kivymd/uix/controllers/
01-22 19:18:45.552 30801 30819 I BLASTBufferQueue: [VRI[FP Iconview]@97f2e43#2](f:0,a:3,s:0) acquireNextBufferLocked size=1454x3134 mFrameNumber=51 applyTransaction=true mTimestamp=1866884352335187(auto) mPendingTransactions.size=0 graphicBufferId=132289287684106 transform=0
01-22 19:18:45.552  7505  7532 V python  : extracting _python_bundle/site-packages/kivymd/uix/controllers/__init__.pyc
01-22 19:18:45.552  7505  7532 V python  : extracting _python_bundle/site-packages/kivymd/uix/controllers/windowcontroller.pyc
01-22 19:18:45.552  7505  7532 V python  : extracting _python_bundle/site-packages/kivymd/uix/datatables/
01-22 19:18:45.552  7505  7532 V python  : extracting _python_bundle/site-packages/kivymd/uix/datatables/__init__.pyc
01-22 19:18:45.552  7505  7532 V python  : extracting _python_bundle/site-packages/kivymd/uix/datatables/datatables.kv
01-22 19:18:45.553  7505  7532 V python  : extracting _python_bundle/site-packages/kivymd/uix/datatables/datatables.pyc
01-22 19:18:45.553  5817  5817 W ContextImpl: Calling a method in the system process without a qualified user: android.app.ContextImpl.startService:2068 android.content.ContextWrapper.startService:872 android.content.ContextWrapper.startService:872 com.sec.android.diagmonagent.sa.receiver.CFLogReceiver.onReceive:56 android.app.ActivityThread.handleReceiver:5663 
01-22 19:18:45.553  7505  7532 V python  : extracting _python_bundle/site-packages/kivymd/uix/dialog/
01-22 19:18:45.553  7505  7532 V python  : extracting _python_bundle/site-packages/kivymd/uix/dialog/__init__.pyc
01-22 19:18:45.553  7505  7532 V python  : extracting _python_bundle/site-packages/kivymd/uix/dialog/dialog.kv
01-22 19:18:45.553  7505  7532 V python  : extracting _python_bundle/site-packages/kivymd/uix/dialog/dialog.pyc
01-22 19:18:45.553  7505  7532 V python  : extracting _python_bundle/site-packages/kivymd/uix/dropdownitem/
01-22 19:18:45.553  7505  7532 V python  : extracting _python_bundle/site-packages/kivymd/uix/dropdownitem/__init__.pyc
01-22 19:18:45.553  7505  7532 V python  : extracting _python_bundle/site-packages/kivymd/uix/dropdownitem/dropdownitem.kv
01-22 19:18:45.553  7505  7532 V python  : extracting _python_bundle/site-packages/kivymd/uix/dropdownitem/dropdownitem.pyc
01-22 19:18:45.554  7505  7532 V python  : extracting _python_bundle/site-packages/kivymd/uix/expansionpanel/
01-22 19:18:45.554  7505  7532 V python  : extracting _python_bundle/site-packages/kivymd/uix/expansionpanel/__init__.pyc
01-22 19:18:45.554  7505  7532 V python  : extracting _python_bundle/site-packages/kivymd/uix/expansionpanel/expansionpanel.kv
01-22 19:18:45.554  7505  7532 V python  : extracting _python_bundle/site-packages/kivymd/uix/expansionpanel/expansionpanel.pyc
01-22 19:18:45.554  2814  2814 I FaceWidgetViewModel: onNioLayoutUpdated : left 80, right 80, total 113, top 22, bottom 0, containerStartX 594, containerEndX 587, iconSize 53, iconScaleRate 1.0
01-22 19:18:45.554  2814  2814 I FaceWidgetKeyguardNIOController: isNioContainerSizeValid availableWidth -7 currentWidth 162 isAvailableWidth false
01-22 19:18:45.554  2814  2814 I KeyguardNIOStatusBarController: updateIsValidWidth false
01-22 19:18:45.554  7505  7532 V python  : extracting _python_bundle/site-packages/kivymd/uix/filemanager/
01-22 19:18:45.554  7505  7532 V python  : extracting _python_bundle/site-packages/kivymd/uix/filemanager/__init__.pyc
01-22 19:18:45.554  7505  7532 V python  : extracting _python_bundle/site-packages/kivymd/uix/filemanager/filemanager.kv
01-22 19:18:45.554  7505  7532 V python  : extracting _python_bundle/site-packages/kivymd/uix/filemanager/filemanager.pyc
01-22 19:18:45.554  2814  2814 W View    : requestLayout() improperly called by com.android.systemui.qs.SecQSGradationDrawableView{eced6f3 V.E...... ......ID 0,0-1440,413 #7f0a0a16 app:id/qs_gradation_view} during layout: running second layout pass
01-22 19:18:45.554  2814  2814 W View    : requestLayout() improperly called by android.widget.FrameLayout{681bfb0 V.E...... ......I. 0,0-1440,3120 #2} during layout: running second layout pass
01-22 19:18:45.554  7505  7532 V python  : extracting _python_bundle/site-packages/kivymd/uix/fitimage/
01-22 19:18:45.554  2814  2814 W View    : requestLayout() improperly called by android.widget.FrameLayout{fc66e29 V.E...... ......ID 0,196-1440,2952 #7f0a0a14 app:id/qs_frame} during layout: running second layout pass
01-22 19:18:45.554  7505  7532 V python  : extracting _python_bundle/site-packages/kivymd/uix/fitimage/__init__.pyc
01-22 19:18:45.554  7505  7532 V python  : extracting _python_bundle/site-packages/kivymd/uix/fitimage/fitimage.pyc
01-22 19:18:45.554  7505  7532 V python  : extracting _python_bundle/site-packages/kivymd/uix/floatlayout.pyc
01-22 19:18:45.554  2814  2814 W RefactorFlag: New code path expects SceneContainerFlag to be enabled.
01-22 19:18:45.554  7505  7532 V python  : extracting _python_bundle/site-packages/kivymd/uix/gridlayout.pyc
01-22 19:18:45.555  7505  7532 V python  : extracting _python_bundle/site-packages/kivymd/uix/hero.pyc
01-22 19:18:45.555  7505  7532 V python  : extracting _python_bundle/site-packages/kivymd/uix/imagelist/
01-22 19:18:45.555  7505  7532 V python  : extracting _python_bundle/site-packages/kivymd/uix/imagelist/__init__.pyc
01-22 19:18:45.555  7505  7532 V python  : extracting _python_bundle/site-packages/kivymd/uix/imagelist/imagelist.kv
01-22 19:18:45.555  7505  7532 V python  : extracting _python_bundle/site-packages/kivymd/uix/imagelist/imagelist.pyc
01-22 19:18:45.555  7505  7532 V python  : extracting _python_bundle/site-packages/kivymd/uix/label/
01-22 19:18:45.555  7505  7532 V python  : extracting _python_bundle/site-packages/kivymd/uix/label/__init__.pyc
01-22 19:18:45.555  7505  7532 V python  : extracting _python_bundle/site-packages/kivymd/uix/label/label.kv
01-22 19:18:45.555  7505  7532 V python  : extracting _python_bundle/site-packages/kivymd/uix/label/label.pyc
01-22 19:18:45.555  7505  7532 V python  : extracting _python_bundle/site-packages/kivymd/uix/list/
01-22 19:18:45.555 16056 16056 I GWT:GAppWidgetManager: [daemonapp] get receiver list / 1
01-22 19:18:45.555  7505  7532 V python  : extracting _python_bundle/site-packages/kivymd/uix/list/__init__.pyc
01-22 19:18:45.555  7505  7532 V python  : extracting _python_bundle/site-packages/kivymd/uix/list/list.kv
01-22 19:18:45.555  7505  7532 V python  : extracting _python_bundle/site-packages/kivymd/uix/list/list.pyc
01-22 19:18:45.555 16056 16056 I GWT:GAppWidgetManager: [daemonapp] widget ids / 0
01-22 19:18:45.556  7505  7532 V python  : extracting _python_bundle/site-packages/kivymd/uix/menu/
01-22 19:18:45.556  7505  7532 V python  : extracting _python_bundle/site-packages/kivymd/uix/menu/__init__.pyc
01-22 19:18:45.556 30801 30819 I BLASTBufferQueue: [VRI[FP Iconview]@97f2e43#2](f:0,a:3,s:0) onFrameAvailable-start syncTransactionSet=false
01-22 19:18:45.556  7505  7532 V python  : extracting _python_bundle/site-packages/kivymd/uix/menu/menu.kv
01-22 19:18:45.556 30801 30819 I BLASTBufferQueue: [VRI[FP Iconview]@97f2e43#2](f:0,a:3,s:0) onFrameAvailable framenumber=52 syncTransactionSet=false
01-22 19:18:45.556 30801 30819 I BLASTBufferQueue: [VRI[FP Iconview]@97f2e43#2](f:1,a:3,s:0) onFrameAvailable framenumber=52 syncTransactionSet=false
01-22 19:18:45.556 30801 30819 I BLASTBufferQueue: [VRI[FP Iconview]@97f2e43#2](f:0,a:4,s:0) mergePendingTransactions t: 132289287684259, frameNumber: 52
01-22 19:18:45.556  7505  7532 V python  : extracting _python_bundle/site-packages/kivymd/uix/menu/menu.pyc
01-22 19:18:45.556 30801 30819 I BLASTBufferQueue: [VRI[FP Iconview]@97f2e43#2](f:0,a:4,s:0) acquireNextBufferLocked size=1454x3134 mFrameNumber=52 applyTransaction=true mTimestamp=1866884355932258(auto) mPendingTransactions.size=0 graphicBufferId=132289287684105 transform=0
01-22 19:18:45.556  7505  7532 V python  : extracting _python_bundle/site-packages/kivymd/uix/navigationdrawer/
01-22 19:18:45.556  7505  7532 V python  : extracting _python_bundle/site-packages/kivymd/uix/navigationdrawer/__init__.pyc
01-22 19:18:45.556  7505  7532 V python  : extracting _python_bundle/site-packages/kivymd/uix/navigationdrawer/navigationdrawer.kv
01-22 19:18:45.556  7505  7532 V python  : extracting _python_bundle/site-packages/kivymd/uix/navigationdrawer/navigationdrawer.pyc
01-22 19:18:45.556  7505  7532 V python  : extracting _python_bundle/site-packages/kivymd/uix/navigationrail/
01-22 19:18:45.556  7505  7532 V python  : extracting _python_bundle/site-packages/kivymd/uix/navigationrail/__init__.pyc
01-22 19:18:45.556  2814  2951 I VRI[NotificationShade]@aa1a57e: mWNT: t=0xb400006ec75c1390 mBlastBufferQueue=0xb400006e371bba70 fn= 543 HdrRenderState mRenderHdrSdrRatio=1.0 caller= android.view.SyncRtSurfaceTransactionApplier.applyTransaction:100 android.view.SyncRtSurfaceTransactionApplier.lambda$scheduleApply$0:73 android.view.SyncRtSurfaceTransactionApplier.$r8$lambda$afI4fXg3U3-nBZQEDQMiNy-B06s:0 
01-22 19:18:45.556 30801 30810 I BLASTBufferQueue: [VRI[FP Iconview]@97f2e43#2](f:0,a:4,s:0) releaseBufferCallback bufferId:132289287684108 framenumber:49 layerId:497727
01-22 19:18:45.556  7505  7532 V python  : extracting _python_bundle/site-packages/kivymd/uix/navigationrail/navigationrail.kv
01-22 19:18:45.556 30801 30810 I BLASTBufferQueue: [VRI[FP Iconview]@97f2e43#2](f:0,a:3,s:0) released bufferId:132289287684108 framenumber:49 layerId:497727
01-22 19:18:45.556 30801 30810 I BLASTBufferQueue: [VRI[FP Iconview]@97f2e43#2](f:0,a:3,s:0) Can't acquire next buffer. No available frames
01-22 19:18:45.556 30801 30810 I BLASTBufferQueue: [VRI[FP Iconview]@97f2e43#2](f:0,a:3,s:0) transactionCallback
01-22 19:18:45.556 30801 30810 I BLASTBufferQueue: [VRI[FP Iconview]@97f2e43#2](f:0,a:3,s:0) updated mTransformHint=0
01-22 19:18:45.557  7505  7532 V python  : extracting _python_bundle/site-packages/kivymd/uix/navigationrail/navigationrail.pyc
01-22 19:18:45.557 16056 16056 I GWT:GAppWidgetManager: [daemonapp] getGlanceIdByProvider / class com.sec.android.daemonapp.home.HomeAppWidget
01-22 19:18:45.557  7505  7532 V python  : extracting _python_bundle/site-packages/kivymd/uix/pickers/
01-22 19:18:45.557 16056 16056 I GWT:GAppWidgetManager: [daemonapp] get receiver list / 0
01-22 19:18:45.557  7505  7532 V python  : extracting _python_bundle/site-packages/kivymd/uix/pickers/__init__.pyc
01-22 19:18:45.557  7505  7532 V python  : extracting _python_bundle/site-packages/kivymd/uix/pickers/colorpicker/
01-22 19:18:45.557  7505  7532 V python  : extracting _python_bundle/site-packages/kivymd/uix/pickers/colorpicker/__init__.pyc
01-22 19:18:45.557  7505  7532 V python  : extracting _python_bundle/site-packages/kivymd/uix/pickers/colorpicker/colorpicker.kv
01-22 19:18:45.557  7505  7532 V python  : extracting _python_bundle/site-packages/kivymd/uix/pickers/colorpicker/colorpicker.pyc
01-22 19:18:45.557  7567  7567 D CompatChangeReporter: Compat change id reported: 202956589; UID 10463; state: ENABLED
01-22 19:18:45.557  7505  7532 V python  : extracting _python_bundle/site-packages/kivymd/uix/pickers/datepicker/
01-22 19:18:45.557  7505  7532 V python  : extracting _python_bundle/site-packages/kivymd/uix/pickers/datepicker/__init__.pyc
01-22 19:18:45.557  7505  7532 V python  : extracting _python_bundle/site-packages/kivymd/uix/pickers/datepicker/datepicker.kv
01-22 19:18:45.557 16056 16056 I GWT:GlanceStateDefinition: [daemonapp] getDataStore: appWidget-2, file exist: true, PreferenceStateDefinition type: true
01-22 19:18:45.557  7505  7532 V python  : extracting _python_bundle/site-packages/kivymd/uix/pickers/datepicker/datepicker.pyc
01-22 19:18:45.558  7505  7532 V python  : extracting _python_bundle/site-packages/kivymd/uix/pickers/timepicker/
01-22 19:18:45.558  7505  7532 V python  : extracting _python_bundle/site-packages/kivymd/uix/pickers/timepicker/__init__.pyc
01-22 19:18:45.558  7505  7532 V python  : extracting _python_bundle/site-packages/kivymd/uix/pickers/timepicker/timepicker.kv
01-22 19:18:45.558  7505  7532 V python  : extracting _python_bundle/site-packages/kivymd/uix/pickers/timepicker/timepicker.pyc
01-22 19:18:45.558  7505  7532 V python  : extracting _python_bundle/site-packages/kivymd/uix/progressbar/
01-22 19:18:45.558  7505  7532 V python  : extracting _python_bundle/site-packages/kivymd/uix/progressbar/__init__.pyc
01-22 19:18:45.558  7505  7532 V python  : extracting _python_bundle/site-packages/kivymd/uix/progressbar/progressbar.kv
01-22 19:18:45.558  7505  7532 V python  : extracting _python_bundle/site-packages/kivymd/uix/progressbar/progressbar.pyc
01-22 19:18:45.558  7505  7532 V python  : extracting _python_bundle/site-packages/kivymd/uix/recyclegridlayout.pyc
01-22 19:18:45.559  7505  7532 V python  : extracting _python_bundle/site-packages/kivymd/uix/recycleview.pyc
01-22 19:18:45.559  7505  7532 V python  : extracting _python_bundle/site-packages/kivymd/uix/refreshlayout/
01-22 19:18:45.559  7505  7532 V python  : extracting _python_bundle/site-packages/kivymd/uix/refreshlayout/__init__.pyc
01-22 19:18:45.559  7505  7532 V python  : extracting _python_bundle/site-packages/kivymd/uix/refreshlayout/refreshlayout.kv
01-22 19:18:45.559  7505  7532 V python  : extracting _python_bundle/site-packages/kivymd/uix/refreshlayout/refreshlayout.pyc
01-22 19:18:45.559  7505  7532 V python  : extracting _python_bundle/site-packages/kivymd/uix/relativelayout.pyc
01-22 19:18:45.559  7505  7532 V python  : extracting _python_bundle/site-packages/kivymd/uix/responsivelayout.pyc
01-22 19:18:45.559  7505  7532 V python  : extracting _python_bundle/site-packages/kivymd/uix/screen.pyc
01-22 19:18:45.559  7505  7532 V python  : extracting _python_bundle/site-packages/kivymd/uix/screenmanager.pyc
01-22 19:18:45.559  7505  7532 V python  : extracting _python_bundle/site-packages/kivymd/uix/scrollview.pyc
01-22 19:18:45.559  7505  7532 V python  : extracting _python_bundle/site-packages/kivymd/uix/segmentedbutton/
01-22 19:18:45.559  2814  2814 I FaceWidgetViewModel: onReceive : android.intent.action.USER_PRESENT
01-22 19:18:45.559  2814  2814 I FaceWidgetViewModel: reset Card State(collapse)
01-22 19:18:45.559  2814  2814 I NowBarCardViewModel: resetCardState nowBarState.isExpanded = false
01-22 19:18:45.559  7505  7532 V python  : extracting _python_bundle/site-packages/kivymd/uix/segmentedbutton/__init__.pyc
01-22 19:18:45.559  7505  7532 V python  : extracting _python_bundle/site-packages/kivymd/uix/segmentedbutton/segmentedbutton.kv
01-22 19:18:45.559  2814  2814 I NowBarCardViewModel: setNowBarState nowBarViewState = COLLAPSED aod.o5.s:71 aod.Sw0.B:16 com.samsung.android.app.facewidget.presentation.NowBarCardViewModel.o:29 aod.gJ.onReceive:101 android.app.LoadedApk$ReceiverDispatcher$Args.lambda$getRunnable$0:1981 android.app.LoadedApk$ReceiverDispatcher$Args.$r8$lambda$mcNAAl1SQ4MyJPyDg8TJ2x2h0Rk:0 android.app.LoadedApk$ReceiverDispatcher$Args$$ExternalSyntheticLambda0.run:0 android.os.Handler.handleCallback:995 android.os.Handler.dispatchMessage:103 android.os.Looper.loopOnce:273 android.os.Looper.loop:363 android.app.ActivityThread.main:10060 java.lang.reflect.Method.invoke:-2 com.android.internal.os.RuntimeInit$MethodAndArgsCaller.run:632 com.android.internal.os.ZygoteInit.main:975 <bottom of call stack> <bottom of call stack> <bottom of call stack> <bottom of call stack> <bottom of call stack> 
01-22 19:18:45.559  7505  7532 V python  : extracting _python_bundle/site-packages/kivymd/uix/segmentedbutton/segmentedbutton.pyc
01-22 19:18:45.559  2814  2814 I AODBatteryManager: updateBatteryData: ACTION_BATTERY_CHANGED: true, isSleepModeChanged:false ,isRemainingTimeChanged: false, isUSBRestriction: false
01-22 19:18:45.559  2814  2814 I AODBatteryManager: saveBatteryData : AOD BatteryData [mBatteryLevel=98, mBatteryStatus=CHARGING, mBatteryPlugType=USB, mBatteryPlugged=true, mRemainingChargeTime=160000, mBatteryChargingType=2, mBatteryChargerType=FAST, mBatteryOnline=NOT_DEFINED, mBatterySwellingMode=NONE, mBatteryProtectMode=false, mBatteryProtectModeType=3, mSleepChargingEvent=null, mSleepChargingEventFinishTime=null, mBatteryHealth=2, mIsDirectPowerMode=false, mIsUsbRestriction=false]
01-22 19:18:45.559  2814  2814 I ChargingInfoManager: updateChargingInfo: newState = AOD ChargingInfo [mState=BATTERY_AND_REMAIN_TIME, mIsCharging=true, mIsPlugged=true, mIsFullyCharged=false, mIsBatteryProtectMode=false, mBetteryLevel=98, mBetteryProtectModeType3, mIsSlowChargingfalse], oldState = AOD ChargingInfo [mState=BATTERY_AND_REMAIN_TIME, mIsCharging=true, mIsPlugged=true, mIsFullyCharged=false, mIsBatteryProtectMode=false, mBetteryLevel=98, mBetteryProtectModeType3, mIsSlowChargingfalse]
01-22 19:18:45.560  7505  7532 V python  : extracting _python_bundle/site-packages/kivymd/uix/segmentedcontrol/
01-22 19:18:45.560  7505  7532 V python  : extracting _python_bundle/site-packages/kivymd/uix/segmentedcontrol/__init__.pyc
01-22 19:18:45.560  7505  7532 V python  : extracting _python_bundle/site-packages/kivymd/uix/segmentedcontrol/segmentedcontrol.kv
01-22 19:18:45.560  7505  7532 V python  : extracting _python_bundle/site-packages/kivymd/uix/segmentedcontrol/segmentedcontrol.pyc
01-22 19:18:45.560  7505  7532 V python  : extracting _python_bundle/site-packages/kivymd/uix/selection/
01-22 19:18:45.560  7505  7532 V python  : extracting _python_bundle/site-packages/kivymd/uix/selection/__init__.pyc
01-22 19:18:45.560  2814  2814 I NowBarItemManager: getVisibleList isScreenTurnedOn = true / aodShowState false shouldControlScreenOff false visibleList size = 1
01-22 19:18:45.560  2814  2814 I NowBarItemManager: visibleList idx=0, , AI_BRIEF_KEY, AI_BRIEF | 7
01-22 19:18:45.560  7505  7532 V python  : extracting _python_bundle/site-packages/kivymd/uix/selection/selection.kv
01-22 19:18:45.560  2814  2814 I NowBarCardStackView: isExpandedCardState false -> false
01-22 19:18:45.560  2814  2814 I NowBarCardViewModel: hideMediaOutputView: MediaOutput already hide
01-22 19:18:45.560  2814  2814 E NowBarCardViewModel: updateExpandedClickPanelVisibility screen on = true expanded false isTopCardSettingViewOpened = false
01-22 19:18:45.560  7505  7532 V python  : extracting _python_bundle/site-packages/kivymd/uix/selection/selection.pyc
01-22 19:18:45.560  2814  2814 D NotificationPanelView: setNowBarExpandMode() enabled = false, duration = 300, listener = null, mKeyguardSecBottomArea = com.android.systemui.statusbar.phone.KeyguardSecBottomAreaView{fcd00d7 G.E...... ......ID 0,0-1440,3120 #7f0a05fd app:id/keyguard_bottom_shortcut_area}
01-22 19:18:45.560  2814  2814 D View    : semSetBlurInfo, blurInfo : null, com.android.systemui.statusbar.KeyguardSecAffordanceView{7d6b948 G.ED..... ......ID 0,0-159,159 #7f0a0cad app:id/start_button}
01-22 19:18:45.560  2814  2814 D View    : semSetBlurInfo, blurInfo : null, com.android.systemui.statusbar.KeyguardSecAffordanceView{94b6665 G.ED..... ......ID 0,0-159,159 #7f0a0469 app:id/end_button}
01-22 19:18:45.560  2814  2814 D SecQuickSettingsAffordanceInteractor: setNowBarExpandMode enable = false
01-22 19:18:45.560  7505  7532 V python  : extracting _python_bundle/site-packages/kivymd/uix/selectioncontrol/
01-22 19:18:45.560  2814  2814 I NowBarCardViewModel: updateView skipped NowbarCardView invisible
01-22 19:18:45.560  2814  2814 I NowBarCardViewModel: hideMediaOutputView: MediaOutput already hide
01-22 19:18:45.560  7505  7532 V python  : extracting _python_bundle/site-packages/kivymd/uix/selectioncontrol/__init__.pyc
01-22 19:18:45.560  7505  7532 V python  : extracting _python_bundle/site-packages/kivymd/uix/selectioncontrol/selectioncontrol.kv
01-22 19:18:45.560  7505  7532 V python  : extracting _python_bundle/site-packages/kivymd/uix/selectioncontrol/selectioncontrol.pyc
01-22 19:18:45.561  7505  7532 V python  : extracting _python_bundle/site-packages/kivymd/uix/slider/
01-22 19:18:45.561  7505  7532 V python  : extracting _python_bundle/site-packages/kivymd/uix/slider/__init__.pyc
01-22 19:18:45.561  7505  7532 V python  : extracting _python_bundle/site-packages/kivymd/uix/slider/slider.kv
01-22 19:18:45.561  7505  7532 V python  : extracting _python_bundle/site-packages/kivymd/uix/slider/slider.pyc
01-22 19:18:45.561  3244  5232 I HoneySpace.SystemUiRepository: systemUiFlags: allow_gesture|awake
01-22 19:18:45.561  7505  7532 V python  : extracting _python_bundle/site-packages/kivymd/uix/sliverappbar/
01-22 19:18:45.561  7505  7532 V python  : extracting _python_bundle/site-packages/kivymd/uix/sliverappbar/__init__.pyc
01-22 19:18:45.561  7505  7532 V python  : extracting _python_bundle/site-packages/kivymd/uix/sliverappbar/sliverappbar.kv
01-22 19:18:45.561  7505  7532 V python  : extracting _python_bundle/site-packages/kivymd/uix/sliverappbar/sliverappbar.pyc
01-22 19:18:45.561  7505  7532 V python  : extracting _python_bundle/site-packages/kivymd/uix/snackbar/
01-22 19:18:45.561  7505  7532 V python  : extracting _python_bundle/site-packages/kivymd/uix/snackbar/__init__.pyc
01-22 19:18:45.561  7505  7532 V python  : extracting _python_bundle/site-packages/kivymd/uix/snackbar/snackbar.kv
01-22 19:18:45.561  7505  7532 V python  : extracting _python_bundle/site-packages/kivymd/uix/snackbar/snackbar.pyc
01-22 19:18:45.561  3244  3325 I HoneySpace.TaskbarEventTracker: invokeEvent() called with: event = SystemUiStateChanged(stateFlags=268566528)
01-22 19:18:45.561  7505  7532 V python  : extracting _python_bundle/site-packages/kivymd/uix/spinner/
01-22 19:18:45.561  7505  7532 V python  : extracting _python_bundle/site-packages/kivymd/uix/spinner/__init__.pyc
01-22 19:18:45.562  7505  7532 V python  : extracting _python_bundle/site-packages/kivymd/uix/spinner/spinner.kv
01-22 19:18:45.562  7505  7532 V python  : extracting _python_bundle/site-packages/kivymd/uix/spinner/spinner.pyc
01-22 19:18:45.562  7505  7532 V python  : extracting _python_bundle/site-packages/kivymd/uix/stacklayout.pyc
01-22 19:18:45.562  7505  7532 V python  : extracting _python_bundle/site-packages/kivymd/uix/swiper/
01-22 19:18:45.562  7505  7532 V python  : extracting _python_bundle/site-packages/kivymd/uix/swiper/__init__.pyc
01-22 19:18:45.562  7505  7532 V python  : extracting _python_bundle/site-packages/kivymd/uix/swiper/swiper.kv
01-22 19:18:45.562  7505  7532 V python  : extracting _python_bundle/site-packages/kivymd/uix/swiper/swiper.pyc
01-22 19:18:45.562  7505  7532 V python  : extracting _python_bundle/site-packages/kivymd/uix/tab/
01-22 19:18:45.562  7505  7532 V python  : extracting _python_bundle/site-packages/kivymd/uix/tab/__init__.pyc
01-22 19:18:45.562  7505  7532 V python  : extracting _python_bundle/site-packages/kivymd/uix/tab/tab.kv
01-22 19:18:45.562  7505  7532 V python  : extracting _python_bundle/site-packages/kivymd/uix/tab/tab.pyc
01-22 19:18:45.562 16056 16056 I GWT:GlanceStateDefinition: [daemonapp] getDataStore: appWidget-2, file exist: true, PreferenceStateDefinition type: true
01-22 19:18:45.563  7505  7532 V python  : extracting _python_bundle/site-packages/kivymd/uix/taptargetview.pyc
01-22 19:18:45.563  7505  7532 V python  : extracting _python_bundle/site-packages/kivymd/uix/templates/
01-22 19:18:45.563  7505  7532 V python  : extracting _python_bundle/site-packages/kivymd/uix/templates/__init__.pyc
01-22 19:18:45.563  7505  7532 V python  : extracting _python_bundle/site-packages/kivymd/uix/templates/rotatewidget/
01-22 19:18:45.563  7505  7532 V python  : extracting _python_bundle/site-packages/kivymd/uix/templates/rotatewidget/__init__.pyc
01-22 19:18:45.563  7505  7532 V python  : extracting _python_bundle/site-packages/kivymd/uix/templates/rotatewidget/rotatewidget.pyc
01-22 19:18:45.563  7505  7532 V python  : extracting _python_bundle/site-packages/kivymd/uix/templates/scalewidget/
01-22 19:18:45.563  7505  7532 V python  : extracting _python_bundle/site-packages/kivymd/uix/templates/scalewidget/__init__.pyc
01-22 19:18:45.563  7505  7532 V python  : extracting _python_bundle/site-packages/kivymd/uix/templates/scalewidget/scalewidget.pyc
01-22 19:18:45.563  1248  1248 I SurfaceFlinger: RequestedLayer [Surface(name=bb05b8a NavigationBar0)[...]ion-leash of insets_animation#497717] hidden!! flag  from(1) --> to(0)
01-22 19:18:45.563  7505  7532 V python  : extracting _python_bundle/site-packages/kivymd/uix/templates/stencilwidget/
01-22 19:18:45.563  7505  7532 V python  : extracting _python_bundle/site-packages/kivymd/uix/templates/stencilwidget/__init__.pyc
01-22 19:18:45.563  7505  7532 V python  : extracting _python_bundle/site-packages/kivymd/uix/templates/stencilwidget/stencilwidget.pyc
01-22 19:18:45.563  7505  7532 V python  : extracting _python_bundle/site-packages/kivymd/uix/textfield/
01-22 19:18:45.563  7505  7532 V python  : extracting _python_bundle/site-packages/kivymd/uix/textfield/__init__.pyc
01-22 19:18:45.563  7505  7532 V python  : extracting _python_bundle/site-packages/kivymd/uix/textfield/textfield.kv
01-22 19:18:45.564  7505  7532 V python  : extracting _python_bundle/site-packages/kivymd/uix/textfield/textfield.pyc
01-22 19:18:45.564  7505  7532 V python  : extracting _python_bundle/site-packages/kivymd/uix/toolbar/
01-22 19:18:45.564  7505  7532 V python  : extracting _python_bundle/site-packages/kivymd/uix/toolbar/__init__.pyc
01-22 19:18:45.564  7505  7532 V python  : extracting _python_bundle/site-packages/kivymd/uix/toolbar/toolbar.kv
01-22 19:18:45.564  7505  7532 V python  : extracting _python_bundle/site-packages/kivymd/uix/toolbar/toolbar.pyc
01-22 19:18:45.565  7505  7532 V python  : extracting _python_bundle/site-packages/kivymd/uix/tooltip/
01-22 19:18:45.565  7505  7532 V python  : extracting _python_bundle/site-packages/kivymd/uix/tooltip/__init__.pyc
01-22 19:18:45.565  7505  7532 V python  : extracting _python_bundle/site-packages/kivymd/uix/tooltip/tooltip.kv
01-22 19:18:45.565  7505  7532 V python  : extracting _python_bundle/site-packages/kivymd/uix/tooltip/tooltip.pyc
01-22 19:18:45.565  7505  7532 V python  : extracting _python_bundle/site-packages/kivymd/uix/transition/
01-22 19:18:45.565 30801 30819 I BLASTBufferQueue: [VRI[FP Iconview]@97f2e43#2](f:0,a:3,s:0) onFrameAvailable-start syncTransactionSet=false
01-22 19:18:45.565 30801 30819 I BLASTBufferQueue: [VRI[FP Iconview]@97f2e43#2](f:0,a:3,s:0) onFrameAvailable framenumber=53 syncTransactionSet=false
01-22 19:18:45.565 30801 30819 I BLASTBufferQueue: [VRI[FP Iconview]@97f2e43#2](f:1,a:3,s:0) onFrameAvailable framenumber=53 syncTransactionSet=false
01-22 19:18:45.565 30801 30819 I BLASTBufferQueue: [VRI[FP Iconview]@97f2e43#2](f:0,a:4,s:0) mergePendingTransactions t: 132289287684261, frameNumber: 53
01-22 19:18:45.565  7505  7532 V python  : extracting _python_bundle/site-packages/kivymd/uix/transition/__init__.pyc
01-22 19:18:45.565  7505  7532 V python  : extracting _python_bundle/site-packages/kivymd/uix/transition/transition.pyc
01-22 19:18:45.565 30801 30819 I BLASTBufferQueue: [VRI[FP Iconview]@97f2e43#2](f:0,a:4,s:0) acquireNextBufferLocked size=1454x3134 mFrameNumber=53 applyTransaction=true mTimestamp=1866884365179445(auto) mPendingTransactions.size=0 graphicBufferId=132289287684108 transform=0
01-22 19:18:45.565  7505  7532 V python  : extracting _python_bundle/site-packages/kivymd/uix/widget.pyc
01-22 19:18:45.565  7505  7532 V python  : extracting _python_bundle/site-packages/kivymd/utils/
01-22 19:18:45.565  7505  7532 V python  : extracting _python_bundle/site-packages/kivymd/utils/__init__.pyc
01-22 19:18:45.565  7505  7532 V python  : extracting _python_bundle/site-packages/kivymd/utils/asynckivy.pyc
01-22 19:18:45.565  7505  7532 V python  : extracting _python_bundle/site-packages/kivymd/utils/fpsmonitor.pyc
01-22 19:18:45.565  7505  7532 V python  : extracting _python_bundle/site-packages/kivymd/utils/set_bars_colors.pyc
01-22 19:18:45.566  7505  7532 V python  : extracting _python_bundle/site-packages/pkg_resources/
01-22 19:18:45.566 30801 30810 I BLASTBufferQueue: [VRI[FP Iconview]@97f2e43#2](f:0,a:4,s:0) releaseBufferCallback bufferId:132289287684107 framenumber:50 layerId:497727
01-22 19:18:45.566 30801 30810 I BLASTBufferQueue: [VRI[FP Iconview]@97f2e43#2](f:0,a:3,s:0) released bufferId:132289287684107 framenumber:50 layerId:497727
01-22 19:18:45.566  7505  7532 V python  : extracting _python_bundle/site-packages/pkg_resources/__init__.pyc
01-22 19:18:45.566 30801 30810 I BLASTBufferQueue: [VRI[FP Iconview]@97f2e43#2](f:0,a:3,s:0) Can't acquire next buffer. No available frames
01-22 19:18:45.566 30801 30810 I BLASTBufferQueue: [VRI[FP Iconview]@97f2e43#2](f:0,a:3,s:0) transactionCallback
01-22 19:18:45.566 30801 30810 I BLASTBufferQueue: [VRI[FP Iconview]@97f2e43#2](f:0,a:3,s:0) updated mTransformHint=0
01-22 19:18:45.567  7505  7532 V python  : extracting _python_bundle/site-packages/pkg_resources/_vendor/
01-22 19:18:45.567  7505  7532 V python  : extracting _python_bundle/site-packages/pkg_resources/_vendor/__init__.pyc
01-22 19:18:45.567  7505  7532 V python  : extracting _python_bundle/site-packages/pkg_resources/_vendor/appdirs.pyc
01-22 19:18:45.567  7505  7532 V python  : extracting _python_bundle/site-packages/pkg_resources/_vendor/packaging/
01-22 19:18:45.567  7505  7532 V python  : extracting _python_bundle/site-packages/pkg_resources/_vendor/packaging/__about__.pyc
01-22 19:18:45.567  7505  7532 V python  : extracting _python_bundle/site-packages/pkg_resources/_vendor/packaging/__init__.pyc
01-22 19:18:45.567  7505  7532 V python  : extracting _python_bundle/site-packages/pkg_resources/_vendor/packaging/_compat.pyc
01-22 19:18:45.567  7505  7532 V python  : extracting _python_bundle/site-packages/pkg_resources/_vendor/packaging/_structures.pyc
01-22 19:18:45.567  7505  7532 V python  : extracting _python_bundle/site-packages/pkg_resources/_vendor/packaging/_typing.pyc
01-22 19:18:45.567  7505  7532 V python  : extracting _python_bundle/site-packages/pkg_resources/_vendor/packaging/markers.pyc
01-22 19:18:45.567  7505  7532 V python  : extracting _python_bundle/site-packages/pkg_resources/_vendor/packaging/requirements.pyc
01-22 19:18:45.567  7505  7532 V python  : extracting _python_bundle/site-packages/pkg_resources/_vendor/packaging/specifiers.pyc
01-22 19:18:45.568  7505  7532 V python  : extracting _python_bundle/site-packages/pkg_resources/_vendor/packaging/tags.pyc
01-22 19:18:45.568  7505  7532 V python  : extracting _python_bundle/site-packages/pkg_resources/_vendor/packaging/utils.pyc
01-22 19:18:45.568  7505  7532 V python  : extracting _python_bundle/site-packages/pkg_resources/_vendor/packaging/version.pyc
01-22 19:18:45.568  7505  7532 V python  : extracting _python_bundle/site-packages/pkg_resources/_vendor/pyparsing.pyc
01-22 19:18:45.569  2814  2814 I AppIconSolution: return adaptive icon for com.samsung.android.dialer, isNight = true
01-22 19:18:45.570  7505  7532 V python  : extracting _python_bundle/site-packages/pkg_resources/extern/
01-22 19:18:45.570  7505  7532 V python  : extracting _python_bundle/site-packages/pkg_resources/extern/__init__.pyc
01-22 19:18:45.570 17353  2917 I NearbySharing: Network state changed: NetworkState(isRestricted=false, isOnline=true, isCongested=false, isMetered=true, isWifiConnected=false)
01-22 19:18:45.570  7505  7532 V python  : extracting _python_bundle/site-packages/plyer-2.1.0.dist-info/
01-22 19:18:45.570  7505  7532 V python  : extracting _python_bundle/site-packages/plyer-2.1.0.dist-info/INSTALLER
01-22 19:18:45.570  7505  7532 V python  : extracting _python_bundle/site-packages/plyer-2.1.0.dist-info/LICENSE
01-22 19:18:45.570  7505  7532 V python  : extracting _python_bundle/site-packages/plyer-2.1.0.dist-info/METADATA
01-22 19:18:45.570 17353  2917 I NearbySharing: Network state changed: NetworkState(isRestricted=false, isOnline=true, isCongested=false, isMetered=true, isWifiConnected=false)
01-22 19:18:45.570  7505  7532 V python  : extracting _python_bundle/site-packages/plyer-2.1.0.dist-info/RECORD
01-22 19:18:45.570 17353 17383 I NearbyConnections: ClientProxy(0p:com.google.android.gms.nearby.sharing) allow WebRtc to use mobile data.
01-22 19:18:45.571 17353 17383 I NearbyConnections: Client 232657917 requested to update advertising options.
01-22 19:18:45.571  7505  7532 V python  : extracting _python_bundle/site-packages/plyer-2.1.0.dist-info/REQUESTED
01-22 19:18:45.571  7505  7532 V python  : extracting _python_bundle/site-packages/plyer-2.1.0.dist-info/WHEEL
01-22 19:18:45.571  7505  7532 V python  : extracting _python_bundle/site-packages/plyer-2.1.0.dist-info/top_level.txt
01-22 19:18:45.571  7505  7532 V python  : extracting _python_bundle/site-packages/plyer/
01-22 19:18:45.571  7505  7532 V python  : extracting _python_bundle/site-packages/plyer/__init__.pyc
01-22 19:18:45.571  7505  7532 V python  : extracting _python_bundle/site-packages/plyer/facades/
01-22 19:18:45.571  7505  7532 V python  : extracting _python_bundle/site-packages/plyer/facades/__init__.pyc
01-22 19:18:45.571  7505  7532 V python  : extracting _python_bundle/site-packages/plyer/facades/accelerometer.pyc
01-22 19:18:45.571  7505  7532 V python  : extracting _python_bundle/site-packages/plyer/facades/audio.pyc
01-22 19:18:45.571  7505  7532 V python  : extracting _python_bundle/site-packages/plyer/facades/barometer.pyc
01-22 19:18:45.571  7505  7532 V python  : extracting _python_bundle/site-packages/plyer/facades/battery.pyc
01-22 19:18:45.571  7505  7532 V python  : extracting _python_bundle/site-packages/plyer/facades/bluetooth.pyc
01-22 19:18:45.571  7505  7532 V python  : extracting _python_bundle/site-packages/plyer/facades/brightness.pyc
01-22 19:18:45.571  7505  7532 V python  : extracting _python_bundle/site-packages/plyer/facades/call.pyc
01-22 19:18:45.571  7505  7532 V python  : extracting _python_bundle/site-packages/plyer/facades/camera.pyc
01-22 19:18:45.571  2814  2814 I AppIconSolution: return adaptive icon for com.samsung.android.dialer, isNight = true
01-22 19:18:45.571  7505  7532 V python  : extracting _python_bundle/site-packages/plyer/facades/compass.pyc
01-22 19:18:45.571  7505  7532 V python  : extracting _python_bundle/site-packages/plyer/facades/cpu.pyc
01-22 19:18:45.572  7505  7532 V python  : extracting _python_bundle/site-packages/plyer/facades/devicename.pyc
01-22 19:18:45.572  7505  7532 V python  : extracting _python_bundle/site-packages/plyer/facades/email.pyc
01-22 19:18:45.572  7505  7532 V python  : extracting _python_bundle/site-packages/plyer/facades/filechooser.pyc
01-22 19:18:45.572 30801 30819 I BLASTBufferQueue: [VRI[FP Iconview]@97f2e43#2](f:0,a:3,s:0) onFrameAvailable-start syncTransactionSet=false
01-22 19:18:45.572 30801 30819 I BLASTBufferQueue: [VRI[FP Iconview]@97f2e43#2](f:0,a:3,s:0) onFrameAvailable framenumber=54 syncTransactionSet=false
01-22 19:18:45.572 30801 30819 I BLASTBufferQueue: [VRI[FP Iconview]@97f2e43#2](f:1,a:3,s:0) onFrameAvailable framenumber=54 syncTransactionSet=false
01-22 19:18:45.572 30801 30819 I BLASTBufferQueue: [VRI[FP Iconview]@97f2e43#2](f:0,a:4,s:0) mergePendingTransactions t: 132289287684263, frameNumber: 54
01-22 19:18:45.572 30801 30819 I BLASTBufferQueue: [VRI[FP Iconview]@97f2e43#2](f:0,a:4,s:0) acquireNextBufferLocked size=1454x3134 mFrameNumber=54 applyTransaction=true mTimestamp=1866884372598039(auto) mPendingTransactions.size=0 graphicBufferId=132289287684107 transform=0
01-22 19:18:45.573  7505  7532 V python  : extracting _python_bundle/site-packages/plyer/facades/flash.pyc
01-22 19:18:45.573 17353  7641 I Nearby  : (REDACTED) Note nearby client %s for operation %s
01-22 19:18:45.573  7505  7532 V python  : extracting _python_bundle/site-packages/plyer/facades/gps.pyc
01-22 19:18:45.573 30801 30810 I BLASTBufferQueue: [VRI[FP Iconview]@97f2e43#2](f:0,a:4,s:0) releaseBufferCallback bufferId:132289287684106 framenumber:51 layerId:497727
01-22 19:18:45.573  7505  7532 V python  : extracting _python_bundle/site-packages/plyer/facades/gravity.pyc
01-22 19:18:45.573 30801 30810 I BLASTBufferQueue: [VRI[FP Iconview]@97f2e43#2](f:0,a:3,s:0) released bufferId:132289287684106 framenumber:51 layerId:497727
01-22 19:18:45.573 30801 30810 I BLASTBufferQueue: [VRI[FP Iconview]@97f2e43#2](f:0,a:3,s:0) Can't acquire next buffer. No available frames
01-22 19:18:45.573 30801 30810 I BLASTBufferQueue: [VRI[FP Iconview]@97f2e43#2](f:0,a:3,s:0) transactionCallback
01-22 19:18:45.573 30801 30810 I BLASTBufferQueue: [VRI[FP Iconview]@97f2e43#2](f:0,a:3,s:0) updated mTransformHint=0
01-22 19:18:45.573  7505  7532 V python  : extracting _python_bundle/site-packages/plyer/facades/gyroscope.pyc
01-22 19:18:45.573  7505  7532 V python  : extracting _python_bundle/site-packages/plyer/facades/humidity.pyc
01-22 19:18:45.573  7505  7532 V python  : extracting _python_bundle/site-packages/plyer/facades/irblaster.pyc
01-22 19:18:45.573  7505  7532 V python  : extracting _python_bundle/site-packages/plyer/facades/keystore.pyc
01-22 19:18:45.573  7505  7532 V python  : extracting _python_bundle/site-packages/plyer/facades/light.pyc
01-22 19:18:45.573  7505  7532 V python  : extracting _python_bundle/site-packages/plyer/facades/notification.pyc
01-22 19:18:45.573  7505  7532 V python  : extracting _python_bundle/site-packages/plyer/facades/orientation.pyc
01-22 19:18:45.573  7505  7532 V python  : extracting _python_bundle/site-packages/plyer/facades/processors.pyc
01-22 19:18:45.573  7505  7532 V python  : extracting _python_bundle/site-packages/plyer/facades/proximity.pyc
01-22 19:18:45.573  7505  7532 V python  : extracting _python_bundle/site-packages/plyer/facades/screenshot.pyc
01-22 19:18:45.573  7505  7532 V python  : extracting _python_bundle/site-packages/plyer/facades/sms.pyc
01-22 19:18:45.574  2814  2814 I AppIconSolution: return adaptive icon for com.samsung.android.dialer, isNight = true
01-22 19:18:45.574  7505  7532 V python  : extracting _python_bundle/site-packages/plyer/facades/spatialorientation.pyc
01-22 19:18:45.574  7505  7532 V python  : extracting _python_bundle/site-packages/plyer/facades/storagepath.pyc
01-22 19:18:45.574 17353  7641 I NearbyConnections: [InstantConnectionPcpMgr] In invalidateTxAdvertisementScanning(by pre_updateAdvertising) tx advertisement scanning skipped or stopped for endpointId: serviceId:NearbySharing isScreenUnlocked:true isAdvertising:true powerLevel:LOW isTxScanning:false
01-22 19:18:45.574 17353  7641 I NearbyConnections: [PcpManager] In updateAdvertisingOptions() advertisingMediums:[BLE] upgradeMediums:[USB, WIFI_LAN, WIFI_AWARE, WIFI_DIRECT, WIFI_HOTSPOT, WEB_RTC, BLE_L2CAP, BLUETOOTH, BLE, NFC] requireRegisterWifiStatusChangedCallback:true
01-22 19:18:45.574  7505  7532 V python  : extracting _python_bundle/site-packages/plyer/facades/stt.pyc
01-22 19:18:45.574  7505  7532 V python  : extracting _python_bundle/site-packages/plyer/facades/temperature.pyc
01-22 19:18:45.574  7505  7532 V python  : extracting _python_bundle/site-packages/plyer/facades/tts.pyc
01-22 19:18:45.574  7505  7532 V python  : extracting _python_bundle/site-packages/plyer/facades/uniqueid.pyc
01-22 19:18:45.574  7505  7532 V python  : extracting _python_bundle/site-packages/plyer/facades/vibrator.pyc
01-22 19:18:45.574  7505  7532 V python  : extracting _python_bundle/site-packages/plyer/facades/wifi.pyc
01-22 19:18:45.574  7505  7532 V python  : extracting _python_bundle/site-packages/plyer/platforms/
01-22 19:18:45.574  7505  7532 V python  : extracting _python_bundle/site-packages/plyer/platforms/__init__.pyc
01-22 19:18:45.574  7505  7532 V python  : extracting _python_bundle/site-packages/plyer/platforms/android/
01-22 19:18:45.574  7505  7532 V python  : extracting _python_bundle/site-packages/plyer/platforms/android/__init__.pyc
01-22 19:18:45.574  7505  7532 V python  : extracting _python_bundle/site-packages/plyer/platforms/android/accelerometer.pyc
01-22 19:18:45.574  7505  7532 V python  : extracting _python_bundle/site-packages/plyer/platforms/android/audio.pyc
01-22 19:18:45.575  7505  7532 V python  : extracting _python_bundle/site-packages/plyer/platforms/android/barometer.pyc
01-22 19:18:45.575  7505  7532 V python  : extracting _python_bundle/site-packages/plyer/platforms/android/battery.pyc
01-22 19:18:45.575  7505  7532 V python  : extracting _python_bundle/site-packages/plyer/platforms/android/bluetooth.pyc
01-22 19:18:45.575  7505  7532 V python  : extracting _python_bundle/site-packages/plyer/platforms/android/brightness.pyc
01-22 19:18:45.575  7505  7532 V python  : extracting _python_bundle/site-packages/plyer/platforms/android/call.pyc
01-22 19:18:45.575  7505  7532 V python  : extracting _python_bundle/site-packages/plyer/platforms/android/camera.pyc
01-22 19:18:45.575  7505  7532 V python  : extracting _python_bundle/site-packages/plyer/platforms/android/compass.pyc
01-22 19:18:45.575  7505  7532 V python  : extracting _python_bundle/site-packages/plyer/platforms/android/devicename.pyc
01-22 19:18:45.575 17353  7641 I NearbyConnections: Instant Connection Security key rotated.
01-22 19:18:45.575  7505  7532 V python  : extracting _python_bundle/site-packages/plyer/platforms/android/email.pyc
01-22 19:18:45.575 17353  7641 I NearbyConnections: Scheduled invalidation of the HPKE key alarm (delayMillis:8000) for client 232657917
01-22 19:18:45.575  7505  7532 V python  : extracting _python_bundle/site-packages/plyer/platforms/android/filechooser.pyc
01-22 19:18:45.575 17353  7641 I NearbyConnections: Get local endpoint id from random generation O8EA (last:Y52U) for client 232657917
01-22 19:18:45.575  7505  7532 V python  : extracting _python_bundle/site-packages/plyer/platforms/android/flash.pyc
01-22 19:18:45.575  7505  7532 V python  : extracting _python_bundle/site-packages/plyer/platforms/android/gps.pyc
01-22 19:18:45.575  7505  7532 V python  : extracting _python_bundle/site-packages/plyer/platforms/android/gravity.pyc
01-22 19:18:45.576  7505  7532 V python  : extracting _python_bundle/site-packages/plyer/platforms/android/gyroscope.pyc
01-22 19:18:45.576  7505  7532 V python  : extracting _python_bundle/site-packages/plyer/platforms/android/humidity.pyc
01-22 19:18:45.576  7505  7532 V python  : extracting _python_bundle/site-packages/plyer/platforms/android/irblaster.pyc
01-22 19:18:45.576  7505  7532 V python  : extracting _python_bundle/site-packages/plyer/platforms/android/keystore.pyc
01-22 19:18:45.576  7505  7532 V python  : extracting _python_bundle/site-packages/plyer/platforms/android/light.pyc
01-22 19:18:45.576  7505  7532 V python  : extracting _python_bundle/site-packages/plyer/platforms/android/notification.pyc
01-22 19:18:45.576  7505  7532 V python  : extracting _python_bundle/site-packages/plyer/platforms/android/orientation.pyc
01-22 19:18:45.576  7505  7532 V python  : extracting _python_bundle/site-packages/plyer/platforms/android/proximity.pyc
01-22 19:18:45.576  7505  7532 V python  : extracting _python_bundle/site-packages/plyer/platforms/android/sms.pyc
01-22 19:18:45.576  7505  7532 V python  : extracting _python_bundle/site-packages/plyer/platforms/android/spatialorientation.pyc
01-22 19:18:45.576  7505  7532 V python  : extracting _python_bundle/site-packages/plyer/platforms/android/storagepath.pyc
01-22 19:18:45.576  7505  7532 V python  : extracting _python_bundle/site-packages/plyer/platforms/android/stt.pyc
01-22 19:18:45.576  7505  7532 V python  : extracting _python_bundle/site-packages/plyer/platforms/android/temperature.pyc
01-22 19:18:45.577  7505  7532 V python  : extracting _python_bundle/site-packages/plyer/platforms/android/tts.pyc
01-22 19:18:45.577  7505  7532 V python  : extracting _python_bundle/site-packages/plyer/platforms/android/uniqueid.pyc
01-22 19:18:45.577  7505  7532 V python  : extracting _python_bundle/site-packages/plyer/platforms/android/vibrator.pyc
01-22 19:18:45.577 17353  7641 I NearbyConnections: generateRxInstantConnectionAdvBytes() returns null because in advertisingMediums: [BLE], there is no instant connection supported medium available for advertising.
01-22 19:18:45.577  7505  7532 V python  : extracting _python_bundle/site-packages/plyer/platforms/ios/
01-22 19:18:45.577  7505  7532 V python  : extracting _python_bundle/site-packages/plyer/platforms/ios/__init__.pyc
01-22 19:18:45.577  7505  7532 V python  : extracting _python_bundle/site-packages/plyer/platforms/ios/accelerometer.pyc
01-22 19:18:45.577  7505  7532 V python  : extracting _python_bundle/site-packages/plyer/platforms/ios/barometer.pyc
01-22 19:18:45.577  7505  7532 V python  : extracting _python_bundle/site-packages/plyer/platforms/ios/battery.pyc
01-22 19:18:45.577  7505  7532 V python  : extracting _python_bundle/site-packages/plyer/platforms/ios/brightness.pyc
01-22 19:18:45.577  7505  7532 V python  : extracting _python_bundle/site-packages/plyer/platforms/ios/call.pyc
01-22 19:18:45.577  7505  7532 V python  : extracting _python_bundle/site-packages/plyer/platforms/ios/camera.pyc
01-22 19:18:45.577  7505  7532 V python  : extracting _python_bundle/site-packages/plyer/platforms/ios/compass.pyc
01-22 19:18:45.577  7505  7532 V python  : extracting _python_bundle/site-packages/plyer/platforms/ios/email.pyc
01-22 19:18:45.577 17353  7641 D BluetoothLeAdvertiser: Stop AdvertingSet
01-22 19:18:45.577  7505  7532 V python  : extracting _python_bundle/site-packages/plyer/platforms/ios/filechooser.pyc
01-22 19:18:45.578  7505  7532 V python  : extracting _python_bundle/site-packages/plyer/platforms/ios/flash.pyc
01-22 19:18:45.578  7505  7532 V python  : extracting _python_bundle/site-packages/plyer/platforms/ios/gps.pyc
01-22 19:18:45.578  7505  7532 V python  : extracting _python_bundle/site-packages/plyer/platforms/ios/gravity.pyc
01-22 19:18:45.578  7505  7532 V python  : extracting _python_bundle/site-packages/plyer/platforms/ios/gyroscope.pyc
01-22 19:18:45.578  7505  7532 V python  : extracting _python_bundle/site-packages/plyer/platforms/ios/keystore.pyc
01-22 19:18:45.578  7505  7532 V python  : extracting _python_bundle/site-packages/plyer/platforms/ios/sms.pyc
01-22 19:18:45.578  7505  7532 V python  : extracting _python_bundle/site-packages/plyer/platforms/ios/spatialorientation.pyc
01-22 19:18:45.578  7505  7532 V python  : extracting _python_bundle/site-packages/plyer/platforms/ios/storagepath.pyc
01-22 19:18:45.578 17353  7641 I NearbyMediums: Device token rotated, old deviceToken : [ 0xa4 0x56 ].
01-22 19:18:45.578  7505  7532 V python  : extracting _python_bundle/site-packages/plyer/platforms/ios/tts.pyc
01-22 19:18:45.578 28652 28917 W BtGatt.AdvertiseManager: stopAdvertisingSet() - Enter the mNativeInterface
01-22 19:18:45.578 28652 28917 I bt_shim_advertiser: system/main/shim/le_advertising_manager.cc:80 Unregister: in shim layer
01-22 19:18:45.578  7505  7532 V python  : extracting _python_bundle/site-packages/plyer/platforms/ios/uniqueid.pyc
01-22 19:18:45.578 28652 28990 I bluetooth_core::gatt::server::isolation_manager: removing server (if any) associated with advertiser AdvertiserId(1)
01-22 19:18:45.578  7505  7532 V python  : extracting _python_bundle/site-packages/plyer/platforms/ios/vibrator.pyc
01-22 19:18:45.578 28652 28917 E BtGatt.AdvertiseManager: [GSIM LOG]: gsimLogHandler, msg: MESSAGE_ADV_SET_STOP, appName: com.google.android.gms, id: 1, isLegacy: true
01-22 19:18:45.578 28652 28686 W bluetooth: system/gd/hci/le_advertising_manager.cc:443 remove_advertiser: advertiser_id =1
01-22 19:18:45.578  7505  7532 V python  : extracting _python_bundle/site-packages/plyer/platforms/linux/
01-22 19:18:45.578 17353 17353 D BluetoothLeAdvertiser: onAdvertisingSetStopped(1)
01-22 19:18:45.578  7505  7532 V python  : extracting _python_bundle/site-packages/plyer/platforms/linux/__init__.pyc
01-22 19:18:45.578  7505  7532 V python  : extracting _python_bundle/site-packages/plyer/platforms/linux/accelerometer.pyc
01-22 19:18:45.578  7505  7532 V python  : extracting _python_bundle/site-packages/plyer/platforms/linux/battery.pyc
01-22 19:18:45.579  7505  7532 V python  : extracting _python_bundle/site-packages/plyer/platforms/linux/brightness.pyc
01-22 19:18:45.579 17353  7641 D BluetoothAdapter: isLeEnabled(): ON
01-22 19:18:45.579  7505  7532 V python  : extracting _python_bundle/site-packages/plyer/platforms/linux/cpu.pyc
01-22 19:18:45.579  7505  7532 V python  : extracting _python_bundle/site-packages/plyer/platforms/linux/devicename.pyc
01-22 19:18:45.579  7505  7532 V python  : extracting _python_bundle/site-packages/plyer/platforms/linux/email.pyc
01-22 19:18:45.579  7505  7532 V python  : extracting _python_bundle/site-packages/plyer/platforms/linux/filechooser.pyc
01-22 19:18:45.579  7505  7532 V python  : extracting _python_bundle/site-packages/plyer/platforms/linux/keystore.pyc
01-22 19:18:45.579  7505  7532 V python  : extracting _python_bundle/site-packages/plyer/platforms/linux/notification.pyc
01-22 19:18:45.579  7505  7532 V python  : extracting _python_bundle/site-packages/plyer/platforms/linux/orientation.pyc
01-22 19:18:45.579  7505  7532 V python  : extracting _python_bundle/site-packages/plyer/platforms/linux/processors.pyc
01-22 19:18:45.579  7505  7532 V python  : extracting _python_bundle/site-packages/plyer/platforms/linux/screenshot.pyc
01-22 19:18:45.579  7505  7532 V python  : extracting _python_bundle/site-packages/plyer/platforms/linux/storagepath.pyc
01-22 19:18:45.579  7505  7532 V python  : extracting _python_bundle/site-packages/plyer/platforms/linux/tts.pyc
01-22 19:18:45.579  7505  7532 V python  : extracting _python_bundle/site-packages/plyer/platforms/linux/uniqueid.pyc
01-22 19:18:45.579  7505  7532 V python  : extracting _python_bundle/site-packages/plyer/platforms/linux/wifi.pyc
01-22 19:18:45.580  7505  7532 V python  : extracting _python_bundle/site-packages/plyer/platforms/macosx/
01-22 19:18:45.580  7505  7532 V python  : extracting _python_bundle/site-packages/plyer/platforms/macosx/__init__.pyc
01-22 19:18:45.580  7505  7532 V python  : extracting _python_bundle/site-packages/plyer/platforms/macosx/accelerometer.pyc
01-22 19:18:45.580  7505  7532 V python  : extracting _python_bundle/site-packages/plyer/platforms/macosx/audio.pyc
01-22 19:18:45.580  7505  7532 V python  : extracting _python_bundle/site-packages/plyer/platforms/macosx/battery.pyc
01-22 19:18:45.580  7505  7532 V python  : extracting _python_bundle/site-packages/plyer/platforms/macosx/bluetooth.pyc
01-22 19:18:45.580  7505  7532 V python  : extracting _python_bundle/site-packages/plyer/platforms/macosx/cpu.pyc
01-22 19:18:45.580  7505  7532 V python  : extracting _python_bundle/site-packages/plyer/platforms/macosx/devicename.pyc
01-22 19:18:45.580  7505  7532 V python  : extracting _python_bundle/site-packages/plyer/platforms/macosx/email.pyc
01-22 19:18:45.580  7505  7532 V python  : extracting _python_bundle/site-packages/plyer/platforms/macosx/filechooser.pyc
01-22 19:18:45.580  7505  7532 V python  : extracting _python_bundle/site-packages/plyer/platforms/macosx/keystore.pyc
01-22 19:18:45.580  7505  7532 V python  : extracting _python_bundle/site-packages/plyer/platforms/macosx/libs/
01-22 19:18:45.581  7505  7532 V python  : extracting _python_bundle/site-packages/plyer/platforms/macosx/libs/__init__.pyc
01-22 19:18:45.581  7505  7532 V python  : extracting _python_bundle/site-packages/plyer/platforms/macosx/libs/osx_motion_sensor.pyc
01-22 19:18:45.581  7505  7532 V python  : extracting _python_bundle/site-packages/plyer/platforms/macosx/libs/osx_paths.pyc
01-22 19:18:45.581  7505  7532 V python  : extracting _python_bundle/site-packages/plyer/platforms/macosx/notification.pyc
01-22 19:18:45.581  7505  7532 V python  : extracting _python_bundle/site-packages/plyer/platforms/macosx/screenshot.pyc
01-22 19:18:45.581  7505  7532 V python  : extracting _python_bundle/site-packages/plyer/platforms/macosx/storagepath.pyc
01-22 19:18:45.581  7505  7532 V python  : extracting _python_bundle/site-packages/plyer/platforms/macosx/tts.pyc
01-22 19:18:45.581  7505  7532 V python  : extracting _python_bundle/site-packages/plyer/platforms/macosx/uniqueid.pyc
01-22 19:18:45.581  7505  7532 V python  : extracting _python_bundle/site-packages/plyer/platforms/macosx/wifi.pyc
01-22 19:18:45.581  7567  7567 V GraphicsEnvironment: Currently set values for:
01-22 19:18:45.581  7567  7567 V GraphicsEnvironment:   angle_gl_driver_selection_pkgs=[]
01-22 19:18:45.581  7567  7567 V GraphicsEnvironment:   angle_gl_driver_selection_values=[]
01-22 19:18:45.581  7567  7567 V GraphicsEnvironment: net.lovoo.android is not listed in per-application setting
01-22 19:18:45.581  7505  7532 V python  : extracting _python_bundle/site-packages/plyer/platforms/win/
01-22 19:18:45.581  7567  7567 V GraphicsEnvironment: ANGLE allowlist from config: 
01-22 19:18:45.581  7567  7567 V GraphicsEnvironment: net.lovoo.android is not listed in ANGLE allowlist or settings, returning default
01-22 19:18:45.581  7505  7532 V python  : extracting _python_bundle/site-packages/plyer/platforms/win/__init__.pyc
01-22 19:18:45.581  7567  7567 V GraphicsEnvironment: App is not on the allowlist for updatable production driver.
01-22 19:18:45.581  7505  7532 V python  : extracting _python_bundle/site-packages/plyer/platforms/win/audio.pyc
01-22 19:18:45.581  7505  7532 V python  : extracting _python_bundle/site-packages/plyer/platforms/win/battery.pyc
01-22 19:18:45.581  7505  7532 V python  : extracting _python_bundle/site-packages/plyer/platforms/win/cpu.pyc
01-22 19:18:45.581 30801 30819 I BLASTBufferQueue: [VRI[FP Iconview]@97f2e43#2](f:0,a:3,s:0) onFrameAvailable-start syncTransactionSet=false
01-22 19:18:45.581 30801 30819 I BLASTBufferQueue: [VRI[FP Iconview]@97f2e43#2](f:0,a:3,s:0) onFrameAvailable framenumber=55 syncTransactionSet=false
01-22 19:18:45.581 30801 30819 I BLASTBufferQueue: [VRI[FP Iconview]@97f2e43#2](f:1,a:3,s:0) onFrameAvailable framenumber=55 syncTransactionSet=false
01-22 19:18:45.582 30801 30819 I BLASTBufferQueue: [VRI[FP Iconview]@97f2e43#2](f:0,a:4,s:0) mergePendingTransactions t: 132289287684265, frameNumber: 55
01-22 19:18:45.582  7505  7532 V python  : extracting _python_bundle/site-packages/plyer/platforms/win/devicename.pyc
01-22 19:18:45.582  7505  7532 V python  : extracting _python_bundle/site-packages/plyer/platforms/win/email.pyc
01-22 19:18:45.582  7505  7532 V python  : extracting _python_bundle/site-packages/plyer/platforms/win/filechooser.pyc
01-22 19:18:45.582 30801 30819 I BLASTBufferQueue: [VRI[FP Iconview]@97f2e43#2](f:0,a:4,s:0) acquireNextBufferLocked size=1454x3134 mFrameNumber=55 applyTransaction=true mTimestamp=1866884381774133(auto) mPendingTransactions.size=0 graphicBufferId=132289287684106 transform=0
01-22 19:18:45.582  7505  7532 V python  : extracting _python_bundle/site-packages/plyer/platforms/win/keystore.pyc
01-22 19:18:45.582  7505  7532 V python  : extracting _python_bundle/site-packages/plyer/platforms/win/libs/
01-22 19:18:45.582 28652 28917 I bt_shim_advertiser: system/main/shim/le_advertising_manager.cc:155 StartAdvertisingSet: in shim layer
01-22 19:18:45.582  7505  7532 V python  : extracting _python_bundle/site-packages/plyer/platforms/win/libs/__init__.pyc
01-22 19:18:45.582 28652 28917 I bt_shim_advertiser: system/main/shim/le_advertising_manager.cc:174 StartAdvertisingSet: create advertising set, client_id:255, reg_id:-27653
01-22 19:18:45.582  7505  7532 V python  : extracting _python_bundle/site-packages/plyer/platforms/win/libs/balloontip.pyc
01-22 19:18:45.582 28652 28686 W bluetooth: system/gd/hci/le_advertising_manager.cc:431 allocate_advertiser: advertiser_id=1
01-22 19:18:45.582 28652 28686 W bluetooth: system/gd/hci/le_advertising_manager.cc:643 create_extended_advertiser_with_id: advertiser_id=1
01-22 19:18:45.582  7505  7532 V python  : extracting _python_bundle/site-packages/plyer/platforms/win/libs/batterystatus.pyc
01-22 19:18:45.582 28652 28686 I bluetooth: system/gd/hci/le_advertising_manager.cc:722 create_extended_advertiser_with_id: Scheduling address rotation for advertiser_id=1
01-22 19:18:45.582  7505  7532 V python  : extracting _python_bundle/site-packages/plyer/platforms/win/libs/wifi_defs.pyc
01-22 19:18:45.582 28652 28686 I bluetooth: system/gd/hci/le_address_manager.cc:581 GetNextPrivateAddressIntervalRange: client=advertising_set_1, nonwake=8m14s, wake=14m45s
01-22 19:18:45.582 28652 28686 I bluetooth: system/gd/hci/le_advertising_manager.cc:1307 enable_advertiser: advertiser_id=1
01-22 19:18:45.582  7505  7532 V python  : extracting _python_bundle/site-packages/plyer/platforms/win/libs/win_api_defs.pyc
01-22 19:18:45.582 30801 30810 I BLASTBufferQueue: [VRI[FP Iconview]@97f2e43#2](f:0,a:4,s:0) releaseBufferCallback bufferId:132289287684105 framenumber:52 layerId:497727
01-22 19:18:45.582 30801 30810 I BLASTBufferQueue: [VRI[FP Iconview]@97f2e43#2](f:0,a:3,s:0) released bufferId:132289287684105 framenumber:52 layerId:497727
01-22 19:18:45.582  7505  7532 V python  : extracting _python_bundle/site-packages/plyer/platforms/win/notification.pyc
01-22 19:18:45.582 30801 30810 I BLASTBufferQueue: [VRI[FP Iconview]@97f2e43#2](f:0,a:3,s:0) Can't acquire next buffer. No available frames
01-22 19:18:45.582 30801 30810 I BLASTBufferQueue: [VRI[FP Iconview]@97f2e43#2](f:0,a:3,s:0) transactionCallback
01-22 19:18:45.582 30801 30810 I BLASTBufferQueue: [VRI[FP Iconview]@97f2e43#2](f:0,a:3,s:0) updated mTransformHint=0
01-22 19:18:45.583  7505  7532 V python  : extracting _python_bundle/site-packages/plyer/platforms/win/screenshot.pyc
01-22 19:18:45.583  7505  7532 V python  : extracting _python_bundle/site-packages/plyer/platforms/win/storagepath.pyc
01-22 19:18:45.583  7505  7532 V python  : extracting _python_bundle/site-packages/plyer/platforms/win/tts.pyc
01-22 19:18:45.583  7505  7532 V python  : extracting _python_bundle/site-packages/plyer/platforms/win/uniqueid.pyc
01-22 19:18:45.583  7505  7532 V python  : extracting _python_bundle/site-packages/plyer/platforms/win/wifi.pyc
01-22 19:18:45.583  7505  7532 V python  : extracting _python_bundle/site-packages/plyer/utils.pyc
01-22 19:18:45.583  7505  7532 V python  : extracting _python_bundle/site-packages/pyjnius-1.6.1-py3.11.egg-info/
01-22 19:18:45.583  2814  2814 I AppIconSolution: return adaptive icon for com.samsung.android.dialer, isNight = true
01-22 19:18:45.583  7505  7532 V python  : extracting _python_bundle/site-packages/pyjnius-1.6.1-py3.11.egg-info/PKG-INFO
01-22 19:18:45.583  7505  7532 V python  : extracting _python_bundle/site-packages/pyjnius-1.6.1-py3.11.egg-info/SOURCES.txt
01-22 19:18:45.583  7505  7532 V python  : extracting _python_bundle/site-packages/pyjnius-1.6.1-py3.11.egg-info/dependency_links.txt
01-22 19:18:45.583  2814  2814 I AppIconSolution: return adaptive icon for com.samsung.android.dialer, isNight = true
01-22 19:18:45.583  7505  7532 V python  : extracting _python_bundle/site-packages/pyjnius-1.6.1-py3.11.egg-info/requires.txt
01-22 19:18:45.583  7505  7532 V python  : extracting _python_bundle/site-packages/pyjnius-1.6.1-py3.11.egg-info/top_level.txt
01-22 19:18:45.583  7505  7532 V python  : extracting _python_bundle/site-packages/pyximport/
01-22 19:18:45.583  7505  7532 V python  : extracting _python_bundle/site-packages/pyximport/__init__.pyc
01-22 19:18:45.584  7505  7532 V python  : extracting _python_bundle/site-packages/pyximport/pyxbuild.pyc
01-22 19:18:45.584  7505  7532 V python  : extracting _python_bundle/site-packages/pyximport/pyximport.pyc
01-22 19:18:45.584  7505  7532 V python  : extracting _python_bundle/site-packages/reportlab/
01-22 19:18:45.584  7505  7532 V python  : extracting _python_bundle/site-packages/reportlab/__init__.pyc
01-22 19:18:45.584  7505  7532 V python  : extracting _python_bundle/site-packages/reportlab/fonts/
01-22 19:18:45.584  7505  7532 V python  : extracting _python_bundle/site-packages/reportlab/fonts/00readme.txt
01-22 19:18:45.584  7505  7532 V python  : extracting _python_bundle/site-packages/reportlab/fonts/Vera.ttf
01-22 19:18:45.585  7505  7532 V python  : extracting _python_bundle/site-packages/reportlab/fonts/VeraBI.ttf
01-22 19:18:45.585  7662  7662 I PAT     : PatApplication: onCreate
01-22 19:18:45.585  2814  2814 I AppIconSolution: return adaptive icon for com.samsung.android.dialer, isNight = true
01-22 19:18:45.586  7505  7532 V python  : extracting _python_bundle/site-packages/reportlab/fonts/VeraBd.ttf
01-22 19:18:45.586 28652 28686 I bluetooth: system/gd/hci/le_advertising_manager.cc:1868 on_set_advertising_set_random_address_complete: update random address for advertising set 1 : xx:xx:xx:xx:d2:b9
01-22 19:18:45.586  7505  7532 V python  : extracting _python_bundle/site-packages/reportlab/fonts/VeraIt.ttf
01-22 19:18:45.587  7505  7532 V python  : extracting _python_bundle/site-packages/reportlab/fonts/_a______.pfb
01-22 19:18:45.587  7505  7532 V python  : extracting _python_bundle/site-packages/reportlab/fonts/_ab_____.pfb
01-22 19:18:45.588 28652 28917 E BtGatt.AdvertiseManager: [GSIM LOG]: gsimLogHandler, msg: MESSAGE_ADV_SET_START, appName: com.google.android.gms, id: 1, isLegacy: true
01-22 19:18:45.588  7505  7532 V python  : extracting _python_bundle/site-packages/reportlab/fonts/_abi____.pfb
01-22 19:18:45.588 17353 17353 D BluetoothLeAdvertiser: onAdvertisingSetStarted(1, -7, 0)
01-22 19:18:45.588  7505  7532 V python  : extracting _python_bundle/site-packages/reportlab/fonts/_ai_____.pfb
01-22 19:18:45.589  7505  7532 V python  : extracting _python_bundle/site-packages/reportlab/fonts/_eb_____.pfb
01-22 19:18:45.589  7505  7532 V python  : extracting _python_bundle/site-packages/reportlab/fonts/_ebi____.pfb
01-22 19:18:45.589 30801 30819 I BLASTBufferQueue: [VRI[FP Iconview]@97f2e43#2](f:0,a:3,s:0) onFrameAvailable-start syncTransactionSet=false
01-22 19:18:45.589 30801 30819 I BLASTBufferQueue: [VRI[FP Iconview]@97f2e43#2](f:0,a:3,s:0) onFrameAvailable framenumber=56 syncTransactionSet=false
01-22 19:18:45.589 30801 30819 I BLASTBufferQueue: [VRI[FP Iconview]@97f2e43#2](f:1,a:3,s:0) onFrameAvailable framenumber=56 syncTransactionSet=false
01-22 19:18:45.589 30801 30819 I BLASTBufferQueue: [VRI[FP Iconview]@97f2e43#2](f:0,a:4,s:0) mergePendingTransactions t: 132289287684267, frameNumber: 56
01-22 19:18:45.589 17353 17353 I NearbyMediums: [InstantOnLostManager] Start instant onLost extended advertising, hashes = [ 0x32 0x32 0x16 0xd3 ].
01-22 19:18:45.589  7505  7532 V python  : extracting _python_bundle/site-packages/reportlab/fonts/_ei_____.pfb
01-22 19:18:45.589 30801 30819 I BLASTBufferQueue: [VRI[FP Iconview]@97f2e43#2](f:0,a:4,s:0) acquireNextBufferLocked size=1454x3134 mFrameNumber=56 applyTransaction=true mTimestamp=1866884389338390(auto) mPendingTransactions.size=0 graphicBufferId=132289287684105 transform=0
01-22 19:18:45.589 17353  7641 I NearbyMediums: Successfully stopped BLE advertising for service NearbySharing
01-22 19:18:45.590 30801 30810 I BLASTBufferQueue: [VRI[FP Iconview]@97f2e43#2](f:0,a:4,s:0) releaseBufferCallback bufferId:132289287684108 framenumber:53 layerId:497727
01-22 19:18:45.590 30801 30810 I BLASTBufferQueue: [VRI[FP Iconview]@97f2e43#2](f:0,a:3,s:0) released bufferId:132289287684108 framenumber:53 layerId:497727
01-22 19:18:45.590 30801 30810 I BLASTBufferQueue: [VRI[FP Iconview]@97f2e43#2](f:0,a:3,s:0) Can't acquire next buffer. No available frames
01-22 19:18:45.590 30801 30810 I BLASTBufferQueue: [VRI[FP Iconview]@97f2e43#2](f:0,a:3,s:0) transactionCallback
01-22 19:18:45.590 30801 30810 I BLASTBufferQueue: [VRI[FP Iconview]@97f2e43#2](f:0,a:3,s:0) updated mTransformHint=0
01-22 19:18:45.590  7505  7532 V python  : extracting _python_bundle/site-packages/reportlab/fonts/_er_____.pfb
01-22 19:18:45.590  7505  7532 V python  : extracting _python_bundle/site-packages/reportlab/fonts/bitstream-vera-license.txt
01-22 19:18:45.590  7505  7532 V python  : extracting _python_bundle/site-packages/reportlab/fonts/cob_____.pfb
01-22 19:18:45.591  7505  7532 V python  : extracting _python_bundle/site-packages/reportlab/fonts/cobo____.pfb
01-22 19:18:45.592  7505  7532 V python  : extracting _python_bundle/site-packages/reportlab/fonts/com_____.pfb
01-22 19:18:45.592  7505  7532 V python  : extracting _python_bundle/site-packages/reportlab/fonts/coo_____.pfb
01-22 19:18:45.592  1248  1549 I SurfaceFlinger: id=497716 Removed Surface(name=79f2e38 StatusBar)/@0x90f9c0d - animation-leash of insets_animation#497716 (192)
01-22 19:18:45.593  1248  1549 I SurfaceFlinger: id=497717 Removed Surface(name=bb05b8a NavigationBar0)/@0xea5f934 - animation-leash of insets_animation#497717 (192)
01-22 19:18:45.593  2814  2814 D KeyguardSecIndicationController: addIndication() returned - unlocking
01-22 19:18:45.593  2814  2913 I VRI[zeiterfassung]@90ce889: onActiveControlsChanged, removed=true, mAdded=false, caller=android.view.ViewRootImpl.handleInsetsControlChanged:3002 android.view.ViewRootImpl$ViewRootHandler.handleMessageImpl:8352 android.view.ViewRootImpl$ViewRootHandler.handleMessage:8301 android.os.Handler.dispatchMessage:110 android.os.Looper.loopOnce:273 
01-22 19:18:45.593  7505  7532 V python  : extracting _python_bundle/site-packages/reportlab/fonts/sy______.pfb
01-22 19:18:45.593  2814  2814 D InsignificantCoordinator: no update for Insignificant summary, there is no notifications 
01-22 19:18:45.593  7505  7532 V python  : extracting _python_bundle/site-packages/reportlab/fonts/zd______.pfb
01-22 19:18:45.593  2814  2814 I AODBatteryManager: updateBatteryData: ACTION_BATTERY_CHANGED: true, isSleepModeChanged:false ,isRemainingTimeChanged: false, isUSBRestriction: false
01-22 19:18:45.593 17353  7641 I NearbyMediums: BLE extended advertising not started.
01-22 19:18:45.593  2814  2814 I AODBatteryManager: saveBatteryData : AOD BatteryData [mBatteryLevel=98, mBatteryStatus=CHARGING, mBatteryPlugType=USB, mBatteryPlugged=true, mRemainingChargeTime=160000, mBatteryChargingType=2, mBatteryChargerType=FAST, mBatteryOnline=NOT_DEFINED, mBatterySwellingMode=NONE, mBatteryProtectMode=false, mBatteryProtectModeType=3, mSleepChargingEvent=null, mSleepChargingEventFinishTime=null, mBatteryHealth=2, mIsDirectPowerMode=false, mIsUsbRestriction=false]
01-22 19:18:45.593  2814  2814 I PowerUI : mBootCompleted = true |  mFullyConnected = true
01-22 19:18:45.593 17353  7641 D BluetoothAdapter: isLeEnabled(): ON
01-22 19:18:45.593  2814  2814 I PowerUI : BATTERY_HEALTH_CHECK / batteryHealth : 2 / wirelessOverheat : false
01-22 19:18:45.593  2814  2814 D PowerUI : Skip charging animation - by Plug reason
01-22 19:18:45.593  2814  2814 D PowerUI : Skip charging sound & vibrate - by Plug reason
01-22 19:18:45.593  2814  2814 D PowerUI : oldMisalign : false, curMisalign : false
01-22 19:18:45.593  2814  5238 D PowerUI.Notification: updateNotification mWarning = false mPlaySound = false
01-22 19:18:45.594  2814  2814 D PowerUI.Notification: showChargingNotice - There is no change charging status, so return!
01-22 19:18:45.594  7505  7532 V python  : extracting _python_bundle/site-packages/reportlab/fonts/zx______.pfb
01-22 19:18:45.594  7662  7662 I SamsungAnalytics605079: Tracker start:6.05.079
01-22 19:18:45.594  2814  2814 I KeyguardFingerprint: Waiting window focus change
01-22 19:18:45.594  2814  2814 D KeyguardFingerprint: shouldListenForFingerprint ( isFingerprintEnabled = false , mKeyguardIsVisible = false , mDeviceInteractive = true , mPrimaryBouncerIsOrWillBeShowing = false , mPrimaryBouncerFullyShown = false , mGoingToSleep = false , mSwitchingUser = false , mIsDreamingForBiometrics = false , mKeyguardUnlocking = false , mKeyguardGoingAway = true , mKeyguardShowing = false , mKeyguardOccluded = false , mSystemReady = true , mHasFocus = true
01-22 19:18:45.594  2814  2814 D KeyguardFingerprint: updateFingerprintListeningState#mFingerprintRunningState=0 shouldListenForFingerprint=false isUdfpsEnrolled=false bioType : 1
01-22 19:18:45.594  7662  7662 I DIAGMON_SDK[605079]: DiagMonAgent type: 2
01-22 19:18:45.594  2814  2814 D DozeServiceHost: updateDozing dozing = false / dozingRequested = false / state = SHADE mode = 0
01-22 19:18:45.594  2814  2814 D BioUnlock: reset / elapsed time: 627ms
01-22 19:18:45.594  2814  2814 D BioUnlock: setMode 0x28 -> 0x0
01-22 19:18:45.594  7662  7662 I DIAGMON_SDK[605079][4AA-399-489749] : generated SR object
01-22 19:18:45.594  2814  2814 I ScrimController: shouldPreventBlankScreen already keyguard is invisible or isInvisibleAfterGoingAwayTransStarted
01-22 19:18:45.594  2814  2814 D ScrimController: State changed to UNLOCKED, blankScreen=false, animation=0
01-22 19:18:45.594  7505  7532 V python  : extracting _python_bundle/site-packages/reportlab/fonts/zy______.pfb
01-22 19:18:45.595  2814  2814 D ScrimController: updateScrimColor main=0xff121318 front=0x0|0.000000|0 noti=0xff121318|0.000000|8 behind=0xff000000|0.000000|0 vis=0
01-22 19:18:45.595  2814  2814 D ScrimController: updateLightReveal revealEffect=PowerButtonReveal(powerButtonY=1295.0), opaque=true revealAmount=(0.0 -> 1.0) alpha=1.0 vis=0
01-22 19:18:45.595  2814  2814 D KeyguardVisible: resetForceVisibleForUnlockAnimation true
01-22 19:18:45.595  2814  2814 D KeyguardService: Finish IRemoteAnimationRunner.
01-22 19:18:45.595  2814  2814 D KeyguardUnlock: IRemoteAnimationFinishedCallback#onAnimationFinished
01-22 19:18:45.595  2814  2814 D KeyguardUnlock: disablePanelDetectorAndRestoreKeyguard
01-22 19:18:45.595  2814  2870 V WindowManagerShell: Transition animation finished (aborted=false), notifying core (#37573) android.os.BinderProxy@f6480b6@0
01-22 19:18:45.595  2814  2814 D QSClock : StatusBar clock=19:18 notifyTimeChanged(QSClockBellSound - TimeText:19:18, TimeContentDescription:19:18, DateText:Do., 22. Januar, ShortDateText:Do., 22. Jan., Demo:false) clockVisibleByPolicy=true, clockVisibleByUser=true, visible=true, parent=android.widget.LinearLayout{4a3bb57 V.E...... ......ID 0,0-132,91 #7f0a069b app:id/left_clock_container} caller=com.android.systemui.statusbar.phone.fragment.CollapsedStatusBarFragment.animateShow:52 com.android.systemui.statusbar.phone.fragment.CollapsedStatusBarFragment.updateStatusBarVisibilitiesInner:230 com.android.systemui.statusbar.phone.fragment.CollapsedStatusBarFragment$$ExternalSyntheticLambda1.run:6 android.os.Handler.handleCallback:995 android.os.Handler.dispatchMessage:103  
01-22 19:18:45.595  2814  2814 I ImeFocusController: onPreWindowFocus: skipped hasWindowFocus=false mHasImeFocus=false
01-22 19:18:45.595  2814  2814 D KeyguardUpdateMonitor: setFocusForBiometrics : true -> false, Focus window : 1 -> 1
01-22 19:18:45.595  1559  2706 I ActivityManager: Changes in 10449 19 to 11, 0 to 128
01-22 19:18:45.595  2814  2870 I SurfaceControlRegistry: apply, t=FinishTransaction_SyncId<37573>, caller=android.view.SurfaceControl$Transaction.apply:3459 android.view.SurfaceControl$Transaction.apply:3447 android.view.SurfaceControl$Transaction.apply:3397 com.android.wm.shell.transition.Transitions.onFinish:315 com.android.wm.shell.transition.Transitions$$ExternalSyntheticLambda7.onTransitionFinished:12 com.android.wm.shell.keyguard.KeyguardTransitionHandler$1$$ExternalSyntheticLambda0.run:16 
01-22 19:18:45.595  2814  2814 I DymLock|BaseLockContainer: onWindowFocusChanged false
01-22 19:18:45.595  2814  2814 I DymLock|DynamicLockContainer: onWindowFocusChanged false
01-22 19:18:45.595  7505  7532 V python  : extracting _python_bundle/site-packages/reportlab/graphics/
01-22 19:18:45.596  7505  7532 V python  : extracting _python_bundle/site-packages/reportlab/graphics/__init__.pyc
01-22 19:18:45.596  7505  7532 V python  : extracting _python_bundle/site-packages/reportlab/graphics/_renderPM.so
01-22 19:18:45.596  1559  2706 V WindowManager: Finish Transition: TransitionRecord{38d49e1 id=37573 type=TO_BACK flags=0x104 c=[
01-22 19:18:45.596  1559  2706 V WindowManager:    ChangeInfo{8e7209a container=DefaultTaskDisplayArea_d0@51744758 flags=0x10}
01-22 19:18:45.596  1559  2706 V WindowManager:    ChangeInfo{773fdcb container=Task{5bf6647 #4624 type=standard A=10544:org.tkideneb2.zeiterfassung} flags=0x10}
01-22 19:18:45.596  1559  2706 V WindowManager:    ChangeInfo{9b919a8 container=Display{#0 state=ON size=1440x3120 ROTATION_0} flags=0x0}
01-22 19:18:45.596  1559  2706 V WindowManager:    ChangeInfo{9914cc1 container=ActivityRecord{254619014 u0 org.tkideneb2.zeiterfassung/org.kivy.android.PythonActivity t4624} flags=0x0}
01-22 19:18:45.596  1559  2706 V WindowManager: ]
01-22 19:18:45.596  1559  2706 V WindowManager: }, caller=com.android.server.wm.WindowOrganizerController.finishTransitionInner:31 com.android.server.wm.WindowOrganizerController.finishAllTransitions:60 android.window.IWindowOrganizerController$Stub.onTransact:283 
01-22 19:18:45.596  2814  2814 I ImeFocusController: onPostWindowFocus: skipped hasWindowFocus=false mHasImeFocus=false
01-22 19:18:45.596  2814  2814 D QuickPanelLog: SC | makeExpandedInvisible
01-22 19:18:45.596  2814  2814 D QuickPanelLog:  - com.android.systemui.shade.ShadeControllerImpl.makeExpandedInvisible:22
01-22 19:18:45.596  2814  2814 D QuickPanelLog:  - com.android.systemui.statusbar.phone.CentralSurfacesImpl$$ExternalSyntheticLambda30.run:90
01-22 19:18:45.596  2814  2814 D QuickPanelLog:  - android.os.Handler.handleCallback:995
01-22 19:18:45.596  2814  2814 D QuickPanelLog:  - android.os.Handler.dispatchMessage:103
01-22 19:18:45.596  2814  2814 D QuickPanelLog:  - android.os.Looper.loopOnce:273
01-22 19:18:45.596  2814  2814 D QuickPanelLog:  - android.os.Looper.loop:363
01-22 19:18:45.596  2814  2814 D QuickPanelLog:  - android.app.ActivityThread.main:10060
01-22 19:18:45.596  2814  2814 D QuickPanelLog:  - java.lang.reflect.Method.invoke:-2
01-22 19:18:45.596  2814  2814 D QuickPanelLog:  - com.android.internal.os.RuntimeInit$MethodAndArgsCaller.run:632
01-22 19:18:45.596  2814  2814 D QuickPanelLog:  - com.android.internal.os.ZygoteInit.main:975
01-22 19:18:45.596  2814  2814 D KeyguardSecAffordanceView: Cancel reset keyguard not showing LeftShortcut
01-22 19:18:45.596  2814  2814 D KeyguardSecAffordanceView: Cancel reset keyguard not showing RightShortcut
01-22 19:18:45.596  1248  1248 I SurfaceFlinger: destroyed Surface(name=bb05b8a NavigationBar0)/@0xea5f934 - animation-leash of insets_animation#497717
01-22 19:18:45.596  1248  1248 I SurfaceFlinger: destroyed Surface(name=79f2e38 StatusBar)/@0x90f9c0d - animation-leash of insets_animation#497716
01-22 19:18:45.596  1248  1248 I SurfaceFlinger: [LayerHierarchy{RequestedLayerState{DefaultTaskDisplayArea_d0#10 parentId=9} 22 children}] reparent to LayerHierarchy{RequestedLayerState{AppZoomOut:2:14#9 parentId=4 z=2} 4 children}
01-22 19:18:45.597  1248  1248 I SurfaceFlinger: [LayerHierarchy{RequestedLayerState{Transition Root: DefaultTaskDisplayArea_d0#497731} 1 children}] reparent to OffscreenRoot
01-22 19:18:45.597  1248  1248 I SurfaceFlinger: [LayerHierarchy{RequestedLayerState{Transition Root: DefaultTaskDisplayArea_d0#497731} 1 children}] RelativeParent to null
01-22 19:18:45.597  2814  2814 D KeyguardTouchAnimator: reset unlockExecuted=false
01-22 19:18:45.597  1248  1248 I SurfaceFlinger: [LayerHierarchy{RequestedLayerState{Task=4624#497721 parentId=10 z=18} 1 children}] reparent to LayerHierarchy{RequestedLayerState{DefaultTaskDisplayArea_d0#10 parentId=9} 23 children}
01-22 19:18:45.597  2814  2814 D KeyguardEditModeAnimatorController: reset false
01-22 19:18:45.597  2814  2814 D KeyguardEditModeAnimatorController: long pressed false
01-22 19:18:45.597  2814  2814 D KeyguardEditModeAnimatorController: resetViews
01-22 19:18:45.597  2814  2814 D KeyguardEditModeController: cancel() true
01-22 19:18:45.597  7505  7532 V python  : extracting _python_bundle/site-packages/reportlab/graphics/barcode/
01-22 19:18:45.597  2814  2814 D KeyguardTouchAnimator: resetChildViewVI(): isUnlockExecuted=false scale=1.0
01-22 19:18:45.597  7505  7532 V python  : extracting _python_bundle/site-packages/reportlab/graphics/barcode/__init__.pyc
01-22 19:18:45.597  2814  2814 I PluginFaceWidgetManager: isEditMode = false
01-22 19:18:45.597  2814  2814 I NowBarCardViewModel: shouldDisableNowBar barState is not keyguard 
01-22 19:18:45.597  7505  7532 V python  : extracting _python_bundle/site-packages/reportlab/graphics/barcode/code128.pyc
01-22 19:18:45.597  2814  2814 D PanelSplitOpenAnimator: onPanelExpansionChanged : 0.0 state : 0
01-22 19:18:45.597  2814  2814 D PanelSplitOpenAnimator: setPosition : 0.0 // true false false 0.0
01-22 19:18:45.597  7505  7532 V python  : extracting _python_bundle/site-packages/reportlab/graphics/barcode/code39.pyc
01-22 19:18:45.597  1248  1248 I Layer   : id=497717 Destroyed Surface(name=bb05b8a NavigationBar0)/@0xea5f934 - animation-leash of insets_animation#497717
01-22 19:18:45.597  7505  7532 V python  : extracting _python_bundle/site-packages/reportlab/graphics/barcode/code93.pyc
01-22 19:18:45.597  1248  1248 I Layer   : id=497716 Destroyed Surface(name=79f2e38 StatusBar)/@0x90f9c0d - animation-leash of insets_animation#497716
01-22 19:18:45.597  1248  1248 I SurfaceFlinger: id=497731 Removed Transition Root: DefaultTaskDisplayArea_d0#497731 (190)
01-22 19:18:45.597  1559  2706 D SurfaceComposerClient: setCornerRadius ## d37c539 org.tkideneb2.zeiterfassung/org.kivy.android.PythonActivity#497725 cornerRadius=0.000000
01-22 19:18:45.597  7505  7532 V python  : extracting _python_bundle/site-packages/reportlab/graphics/barcode/common.pyc
01-22 19:18:45.597  1559  2706 W PhoneWindowManager: lockNow pending, ignore updating lockscreen timeout
01-22 19:18:45.597  7505  7532 V python  : extracting _python_bundle/site-packages/reportlab/graphics/barcode/eanbc.pyc
01-22 19:18:45.597  1559  2706 D SurfaceComposerClient: setCornerRadius ## d37c539 org.tkideneb2.zeiterfassung/org.kivy.android.PythonActivity#497725 cornerRadius=0.000000
01-22 19:18:45.598  7505  7532 V python  : extracting _python_bundle/site-packages/reportlab/graphics/barcode/ecc200datamatrix.pyc
01-22 19:18:45.598  1559  2706 D ChangeTransitionController: onTransitionFinished: TransitionRecord{38d49e1 id=37573 type=TO_BACK flags=0x104 c=[
01-22 19:18:45.598  1559  2706 D ChangeTransitionController:    ChangeInfo{8e7209a container=DefaultTaskDisplayArea_d0@51744758 flags=0x10}
01-22 19:18:45.598  1559  2706 D ChangeTransitionController:    ChangeInfo{773fdcb container=Task{5bf6647 #4624 type=standard A=10544:org.tkideneb2.zeiterfassung} flags=0x10}
01-22 19:18:45.598  1559  2706 D ChangeTransitionController:    ChangeInfo{9b919a8 container=Display{#0 state=ON size=1440x3120 ROTATION_0} flags=0x0}
01-22 19:18:45.598  1559  2706 D ChangeTransitionController:    ChangeInfo{9914cc1 container=ActivityRecord{254619014 u0 org.tkideneb2.zeiterfassung/org.kivy.android.PythonActivity t4624} flags=0x0}
01-22 19:18:45.598  1559  2706 D ChangeTransitionController: ]
01-22 19:18:45.598  1559  2706 D ChangeTransitionController: }
01-22 19:18:45.598  1559  1595 V WindowManager: Finish Transition (#37573): created at 01-22 19:18:44.975 collect-started=0.445ms request-sent=0.531ms started=7.546ms ready=30.621ms sent=72.263ms commit=18.824ms finished=620.688ms
01-22 19:18:45.598  2814  2814 D ImmersiveScrollAnimator: clearAnimators
01-22 19:18:45.598  1559  2706 D PhoneWindowManager: transition/occluded commit occluded=false changed=false
01-22 19:18:45.598  1559  2706 D PhoneWindowManager: setKeyguardOccluded occluded=false
01-22 19:18:45.598  7505  7532 V python  : extracting _python_bundle/site-packages/reportlab/graphics/barcode/fourstate.pyc
01-22 19:18:45.598  7662  7662 I PAT     : PatReceiver: onReceive: action=android.intent.action.USER_PRESENT
01-22 19:18:45.598  7505  7532 V python  : extracting _python_bundle/site-packages/reportlab/graphics/barcode/lto.pyc
01-22 19:18:45.598  2814  2814 I NowBarCardViewModel: setVisibility visible = 4 / nowBarRootVisibility = 4
01-22 19:18:45.598  7505  7532 V python  : extracting _python_bundle/site-packages/reportlab/graphics/barcode/qr.pyc
01-22 19:18:45.598  2814  2870 V WindowManagerShell: Track 0 became idle
01-22 19:18:45.598  2814  2870 V WindowManagerShell: All active transition animations finished
01-22 19:18:45.598  2814  2814 W WindowOnBackDispatcher: sendCancelIfRunning: isInProgress=false callback=com.android.systemui.back.domain.interactor.BackActionInteractor$callback$2@8ff40e0
01-22 19:18:45.598  7505  7532 V python  : extracting _python_bundle/site-packages/reportlab/graphics/barcode/qrencoder.pyc
01-22 19:18:45.598  2814  2814 D BackActionInteractor: unregisterBackCallback
01-22 19:18:45.598  2814  5466 I KeyguardService: setOccluded isOccluded=false animate=false
01-22 19:18:45.598  2814  5466 D KeyguardService: setOccluded(false)
01-22 19:18:45.598  7505  7532 V python  : extracting _python_bundle/site-packages/reportlab/graphics/barcode/test.pyc
01-22 19:18:45.599  1559  4286 D CoreBackPreview: Window{35e5496 u0 NotificationShade}: Setting back callback null
01-22 19:18:45.599  2814  2814 D KeyguardVisible: isExpanded=false
01-22 19:18:45.599  2814  2814 D KeyguardVisible: !forceCollapsed=1, keyguard=0, panel=0, fadingAway=0, bouncer=0, headsUp=0, scrim=0, blur=0, launchingActivity=0, dozing=0, forceInvisible=0, forceVisibleForUnlockAnimation=0, coverClosed=0, coverApp=0, coverType=0
01-22 19:18:45.599  2814  2814 D KeyguardVisible: cancel
01-22 19:18:45.599  7505  7532 V python  : extracting _python_bundle/site-packages/reportlab/graphics/barcode/usps.pyc
01-22 19:18:45.599  7505  7532 V python  : extracting _python_bundle/site-packages/reportlab/graphics/barcode/usps4s.pyc
01-22 19:18:45.599  7505  7532 V python  : extracting _python_bundle/site-packages/reportlab/graphics/barcode/widgets.pyc
01-22 19:18:45.599 30801 30819 I BLASTBufferQueue: [VRI[FP Iconview]@97f2e43#2](f:0,a:3,s:0) onFrameAvailable-start syncTransactionSet=false
01-22 19:18:45.599 30801 30819 I BLASTBufferQueue: [VRI[FP Iconview]@97f2e43#2](f:0,a:3,s:0) onFrameAvailable framenumber=57 syncTransactionSet=false
01-22 19:18:45.599 30801 30819 I BLASTBufferQueue: [VRI[FP Iconview]@97f2e43#2](f:1,a:3,s:0) onFrameAvailable framenumber=57 syncTransactionSet=false
01-22 19:18:45.599  7505  7532 V python  : extracting _python_bundle/site-packages/reportlab/graphics/charts/
01-22 19:18:45.599 30801 30819 I BLASTBufferQueue: [VRI[FP Iconview]@97f2e43#2](f:0,a:4,s:0) mergePendingTransactions t: 132289287684269, frameNumber: 57
01-22 19:18:45.599  7505  7532 V python  : extracting _python_bundle/site-packages/reportlab/graphics/charts/__init__.pyc
01-22 19:18:45.599  7505  7532 V python  : extracting _python_bundle/site-packages/reportlab/graphics/charts/areas.pyc
01-22 19:18:45.599  7505  7532 V python  : extracting _python_bundle/site-packages/reportlab/graphics/charts/axes.pyc
01-22 19:18:45.599 30801 30819 I BLASTBufferQueue: [VRI[FP Iconview]@97f2e43#2](f:0,a:4,s:0) acquireNextBufferLocked size=1454x3134 mFrameNumber=57 applyTransaction=true mTimestamp=1866884399457140(auto) mPendingTransactions.size=0 graphicBufferId=132289287684108 transform=0
01-22 19:18:45.599  2814  2814 D SBluetoothControllerImpl: handleMessage : 3
01-22 19:18:45.599  2814  2952 D HWUI    : CacheManager::trimMemory(20)
01-22 19:18:45.600  2814  2814 D SBluetoothControllerImpl: handleMessage : 2
01-22 19:18:45.600 30801 30810 I BLASTBufferQueue: [VRI[FP Iconview]@97f2e43#2](f:0,a:4,s:0) releaseBufferCallback bufferId:132289287684107 framenumber:54 layerId:497727
01-22 19:18:45.600 30801 30810 I BLASTBufferQueue: [VRI[FP Iconview]@97f2e43#2](f:0,a:3,s:0) released bufferId:132289287684107 framenumber:54 layerId:497727
01-22 19:18:45.600 30801 30810 I BLASTBufferQueue: [VRI[FP Iconview]@97f2e43#2](f:0,a:3,s:0) Can't acquire next buffer. No available frames
01-22 19:18:45.600 30801 30810 I BLASTBufferQueue: [VRI[FP Iconview]@97f2e43#2](f:0,a:3,s:0) transactionCallback
01-22 19:18:45.600 30801 30810 I BLASTBufferQueue: [VRI[FP Iconview]@97f2e43#2](f:0,a:3,s:0) updated mTransformHint=0
01-22 19:18:45.600  2814  2814 I LockscreenNotificationIconsOnlyController: onNotificationInfoUpdated 0
01-22 19:18:45.600  2814  2814 I AODNotificationManager: updateNotification() 
01-22 19:18:45.600  7505  7532 V python  : extracting _python_bundle/site-packages/reportlab/graphics/charts/barcharts.pyc
01-22 19:18:45.600 16056 16056 I GWT:GlanceStateDefinition: [daemonapp] getDataStore: appWidget-2, file exist: true, PreferenceStateDefinition type: true
01-22 19:18:45.601  7505  7532 V python  : extracting _python_bundle/site-packages/reportlab/graphics/charts/dotbox.pyc
01-22 19:18:45.601  7505  7532 V python  : extracting _python_bundle/site-packages/reportlab/graphics/charts/doughnut.pyc
01-22 19:18:45.601  2814  2814 I KeyguardTransitionRepository: FINISHED transition: TransitionStep(from=DOZING, to=GONE, value=1.0, transitionState=FINISHED, ownerName=FromDozingTransitionInteractor(biometric wake and unlock))
01-22 19:18:45.601  7505  7532 V python  : extracting _python_bundle/site-packages/reportlab/graphics/charts/legends.pyc
01-22 19:18:45.601  2814  2814 D SecDefaultPanelBackgroundDisplayInteractor: blurReduced = false , minimalBatteryUse = false , statusBarState = SHADE, keyguardState = GONE
01-22 19:18:45.601  2814  2814 D SecDefaultPanelBackgroundDisplayInteractor: blurReduced = false , minimalBatteryUse = false , statusBarState = SHADE, keyguardState = GONE
01-22 19:18:45.601  7505  7532 V python  : extracting _python_bundle/site-packages/reportlab/graphics/charts/linecharts.pyc
01-22 19:18:45.601  2814  2939 D ResourceTrimmer: Sending TRIM_MEMORY_UI_HIDDEN.
01-22 19:18:45.601  2814  2952 D HWUI    : CacheManager::trimMemory(20)
01-22 19:18:45.601  2814  2814 D ScrimController: onAnimationEnd front_scrim
01-22 19:18:45.602  7505  7532 V python  : extracting _python_bundle/site-packages/reportlab/graphics/charts/lineplots.pyc
01-22 19:18:45.602  2814  2814 D KeyguardVisible: visibilityChanged 0 -> 4
01-22 19:18:45.602  7505  7532 V python  : extracting _python_bundle/site-packages/reportlab/graphics/charts/markers.pyc
01-22 19:18:45.602  7505  7532 V python  : extracting _python_bundle/site-packages/reportlab/graphics/charts/piecharts.pyc
01-22 19:18:45.603 17353  7472 W NearbyPresence: TidepoolIdentityProvider: Main Tidepool status toggle not enabled! Returned empty shared credentials. [CONTEXT service_id=317 ]
01-22 19:18:45.603 17353  7472 W NearbyPresence: TidepoolIdentityProvider: Main Tidepool status toggle not enabled! Returned empty broadcast credentials. [CONTEXT service_id=317 ]
01-22 19:18:45.603 17353  7472 W NearbyPresence: TidepoolIdentityProvider: Main Tidepool status toggle not enabled! Returned empty shared credentials. [CONTEXT service_id=317 ]
01-22 19:18:45.603 17353  7472 W NearbyPresence: TidepoolIdentityProvider: Main Tidepool status toggle not enabled! Returned empty broadcast credentials. [CONTEXT service_id=317 ]
01-22 19:18:45.603  7505  7532 V python  : extracting _python_bundle/site-packages/reportlab/graphics/charts/slidebox.pyc
01-22 19:18:45.603  1559  4286 I AppWidgetServiceImpl: getAppWidgetInfo() 2, from 0
01-22 19:18:45.603  2814  2927 D SBluetoothTile:  handleUpdateState enabled = true connected = true connecting = false changedState =false bluetoothState = 12 enabledChanging = false state = QSTile$BooleanState[spec=Bluetooth,icon=ResourceIcon[resId=0x7f080f78],nextIcon=null,iconSupplier=null,label=Bluetooth,secondaryLabel=Watch5 Pro von Benedikt,contentDescription=Bluetooth,stateDescription=null,dualLabelContentDescription=Mit Watch5 Pro von Benedikt verbunden,expandedAccessibilityClassName=null,disabledByPolicy=false,dualTarget=true,isTransient=false,handlesSecondaryClick=false,state=2,sideViewCustomDrawable=null,tileClassName=null,value=true,forceExpandIcon=false]
01-22 19:18:45.603  7505  7532 V python  : extracting _python_bundle/site-packages/reportlab/graphics/charts/spider.pyc
01-22 19:18:45.603  7505  7532 V python  : extracting _python_bundle/site-packages/reportlab/graphics/charts/textlabels.pyc
01-22 19:18:45.603  1559  4286 I AppWidgetServiceImpl: getAppWidgetInfo() 2, from 0
01-22 19:18:45.603  7505  7532 V python  : extracting _python_bundle/site-packages/reportlab/graphics/charts/utils.pyc
01-22 19:18:45.604  7505  7532 V python  : extracting _python_bundle/site-packages/reportlab/graphics/charts/utils3d.pyc
01-22 19:18:45.604  7505  7532 V python  : extracting _python_bundle/site-packages/reportlab/graphics/renderPDF.pyc
01-22 19:18:45.604  1388  2139 I CameraService: onUidStateChanged: uid=10056, procState is changed. (1 -> 0)
01-22 19:18:45.604  7505  7532 V python  : extracting _python_bundle/site-packages/reportlab/graphics/renderPM.pyc
01-22 19:18:45.604  7505  7532 V python  : extracting _python_bundle/site-packages/reportlab/graphics/renderPS.pyc
01-22 19:18:45.604  1559  5960 I ActivityManager: Changes in 10449 11 to 19, 128 to 0
01-22 19:18:45.605  7505  7532 V python  : extracting _python_bundle/site-packages/reportlab/graphics/renderSVG.pyc
01-22 19:18:45.605  1248  1248 I SurfaceFlinger: [Display 0 name="Integrierter Bildschirm"#49] setFrameRateCategory: Default
01-22 19:18:45.605  1248  1248 I SurfaceFlinger: destroyed Transition Root: DefaultTaskDisplayArea_d0#497731
01-22 19:18:45.605  7505  7532 V python  : extracting _python_bundle/site-packages/reportlab/graphics/renderbase.pyc
01-22 19:18:45.605  7505  7532 V python  : extracting _python_bundle/site-packages/reportlab/graphics/samples/
01-22 19:18:45.605  7505  7532 V python  : extracting _python_bundle/site-packages/reportlab/graphics/samples/__init__.pyc
01-22 19:18:45.605  7505  7532 V python  : extracting _python_bundle/site-packages/reportlab/graphics/samples/bubble.pyc
01-22 19:18:45.605  1248  1248 I Layer   : id=497731 Destroyed Transition Root: DefaultTaskDisplayArea_d0#497731
01-22 19:18:45.605  7505  7532 V python  : extracting _python_bundle/site-packages/reportlab/graphics/samples/clustered_bar.pyc
01-22 19:18:45.605  7505  7532 V python  : extracting _python_bundle/site-packages/reportlab/graphics/samples/clustered_column.pyc
01-22 19:18:45.606  7505  7532 V python  : extracting _python_bundle/site-packages/reportlab/graphics/samples/excelcolors.pyc
01-22 19:18:45.606  7505  7532 V python  : extracting _python_bundle/site-packages/reportlab/graphics/samples/exploded_pie.pyc
01-22 19:18:45.606  7505  7532 V python  : extracting _python_bundle/site-packages/reportlab/graphics/samples/filled_radar.pyc
01-22 19:18:45.606  7505  7532 V python  : extracting _python_bundle/site-packages/reportlab/graphics/samples/line_chart.pyc
01-22 19:18:45.606  7505  7532 V python  : extracting _python_bundle/site-packages/reportlab/graphics/samples/linechart_with_markers.pyc
01-22 19:18:45.606 30801 30819 I BLASTBufferQueue: [VRI[FP Iconview]@97f2e43#2](f:0,a:3,s:0) onFrameAvailable-start syncTransactionSet=false
01-22 19:18:45.606 30801 30819 I BLASTBufferQueue: [VRI[FP Iconview]@97f2e43#2](f:0,a:3,s:0) onFrameAvailable framenumber=58 syncTransactionSet=false
01-22 19:18:45.606  7505  7532 V python  : extracting _python_bundle/site-packages/reportlab/graphics/samples/radar.pyc
01-22 19:18:45.606 30801 30819 I BLASTBufferQueue: [VRI[FP Iconview]@97f2e43#2](f:1,a:3,s:0) onFrameAvailable framenumber=58 syncTransactionSet=false
01-22 19:18:45.606 30801 30819 I BLASTBufferQueue: [VRI[FP Iconview]@97f2e43#2](f:0,a:4,s:0) mergePendingTransactions t: 132289287684271, frameNumber: 58
01-22 19:18:45.606  7505  7532 V python  : extracting _python_bundle/site-packages/reportlab/graphics/samples/runall.pyc
01-22 19:18:45.606  7505  7532 V python  : extracting _python_bundle/site-packages/reportlab/graphics/samples/scatter.pyc
01-22 19:18:45.606  7505  7532 V python  : extracting _python_bundle/site-packages/reportlab/graphics/samples/scatter_lines.pyc
01-22 19:18:45.606 30801 30819 I BLASTBufferQueue: [VRI[FP Iconview]@97f2e43#2](f:0,a:4,s:0) acquireNextBufferLocked size=1454x3134 mFrameNumber=58 applyTransaction=true mTimestamp=1866884406150656(auto) mPendingTransactions.size=0 graphicBufferId=132289287684107 transform=0
01-22 19:18:45.606  7505  7532 V python  : extracting _python_bundle/site-packages/reportlab/graphics/samples/scatter_lines_markers.pyc
01-22 19:18:45.606  7505  7532 V python  : extracting _python_bundle/site-packages/reportlab/graphics/samples/simple_pie.pyc
01-22 19:18:45.606  7505  7532 V python  : extracting _python_bundle/site-packages/reportlab/graphics/samples/stacked_bar.pyc
01-22 19:18:45.606  7505  7532 V python  : extracting _python_bundle/site-packages/reportlab/graphics/samples/stacked_column.pyc
01-22 19:18:45.606  7505  7532 V python  : extracting _python_bundle/site-packages/reportlab/graphics/shapes.pyc
01-22 19:18:45.607  7505  7532 V python  : extracting _python_bundle/site-packages/reportlab/graphics/testdrawings.pyc
01-22 19:18:45.607  7505  7532 V python  : extracting _python_bundle/site-packages/reportlab/graphics/testshapes.pyc
01-22 19:18:45.607  1559  1598 I DisplayDeviceRepository: Display device changed render timings: "Integrierter Bildschirm", renderFrameRate=120.00001, presentationDeadlineNanos=9333333, appVsyncOffsetNanos=8333333, frameRateOverrides=[]
01-22 19:18:45.607  7505  7532 V python  : extracting _python_bundle/site-packages/reportlab/graphics/widgetbase.pyc
01-22 19:18:45.607  7505  7532 V python  : extracting _python_bundle/site-packages/reportlab/graphics/widgets/
01-22 19:18:45.608  7505  7532 V python  : extracting _python_bundle/site-packages/reportlab/graphics/widgets/__init__.pyc
01-22 19:18:45.608  7505  7532 V python  : extracting _python_bundle/site-packages/reportlab/graphics/widgets/eventcal.pyc
01-22 19:18:45.608  7662  7682 E ashmem  : Pinning is deprecated since Android Q. Please use trim or other methods.
01-22 19:18:45.608  7505  7532 V python  : extracting _python_bundle/site-packages/reportlab/graphics/widgets/flags.pyc
01-22 19:18:45.608  7505  7532 V python  : extracting _python_bundle/site-packages/reportlab/graphics/widgets/grids.pyc
01-22 19:18:45.608  7505  7532 V python  : extracting _python_bundle/site-packages/reportlab/graphics/widgets/markers.pyc
01-22 19:18:45.608  7505  7532 V python  : extracting _python_bundle/site-packages/reportlab/graphics/widgets/signsandsymbols.pyc
01-22 19:18:45.609  7505  7532 V python  : extracting _python_bundle/site-packages/reportlab/graphics/widgets/table.pyc
01-22 19:18:45.609  7505  7532 V python  : extracting _python_bundle/site-packages/reportlab/lib/
01-22 19:18:45.609  7505  7532 V python  : extracting _python_bundle/site-packages/reportlab/lib/PyFontify.pyc
01-22 19:18:45.609  7505  7532 V python  : extracting _python_bundle/site-packages/reportlab/lib/__init__.pyc
01-22 19:18:45.609  7505  7532 V python  : extracting _python_bundle/site-packages/reportlab/lib/_rl_accel.so
01-22 19:18:45.609 30801 30810 I BLASTBufferQueue: [VRI[FP Iconview]@97f2e43#2](f:0,a:4,s:0) releaseBufferCallback bufferId:132289287684106 framenumber:55 layerId:497727
01-22 19:18:45.609 30801 30810 I BLASTBufferQueue: [VRI[FP Iconview]@97f2e43#2](f:0,a:3,s:0) released bufferId:132289287684106 framenumber:55 layerId:497727
01-22 19:18:45.609 30801 30810 I BLASTBufferQueue: [VRI[FP Iconview]@97f2e43#2](f:0,a:3,s:0) Can't acquire next buffer. No available frames
01-22 19:18:45.609 30801 30810 I BLASTBufferQueue: [VRI[FP Iconview]@97f2e43#2](f:0,a:3,s:0) transactionCallback
01-22 19:18:45.609 30801 30810 I BLASTBufferQueue: [VRI[FP Iconview]@97f2e43#2](f:0,a:3,s:0) updated mTransformHint=0
01-22 19:18:45.609  7505  7532 V python  : extracting _python_bundle/site-packages/reportlab/lib/abag.pyc
01-22 19:18:45.609  7505  7532 V python  : extracting _python_bundle/site-packages/reportlab/lib/arciv.pyc
01-22 19:18:45.610  7505  7532 V python  : extracting _python_bundle/site-packages/reportlab/lib/attrmap.pyc
01-22 19:18:45.610  7505  7532 V python  : extracting _python_bundle/site-packages/reportlab/lib/boxstuff.pyc
01-22 19:18:45.610  7505  7532 V python  : extracting _python_bundle/site-packages/reportlab/lib/codecharts.pyc
01-22 19:18:45.610  7505  7532 V python  : extracting _python_bundle/site-packages/reportlab/lib/colors.pyc
01-22 19:18:45.610  7505  7532 V python  : extracting _python_bundle/site-packages/reportlab/lib/corp.pyc
01-22 19:18:45.610  1559  1599 W PhoneWindowManager: lockNow pending, ignore updating lockscreen timeout
01-22 19:18:45.610  7505  7532 V python  : extracting _python_bundle/site-packages/reportlab/lib/enums.pyc
01-22 19:18:45.611  1559  1599 D SurfaceComposerClient: setCornerRadius ## d37c539 org.tkideneb2.zeiterfassung/org.kivy.android.PythonActivity#497725 cornerRadius=0.000000
01-22 19:18:45.611  7505  7532 V python  : extracting _python_bundle/site-packages/reportlab/lib/extformat.pyc
01-22 19:18:45.611  7505  7532 V python  : extracting _python_bundle/site-packages/reportlab/lib/fontfinder.pyc
01-22 19:18:45.611  7505  7532 V python  : extracting _python_bundle/site-packages/reportlab/lib/fonts.pyc
01-22 19:18:45.611  7505  7532 V python  : extracting _python_bundle/site-packages/reportlab/lib/formatters.pyc
01-22 19:18:45.611  7505  7532 V python  : extracting _python_bundle/site-packages/reportlab/lib/geomutils.pyc
01-22 19:18:45.611  7505  7532 V python  : extracting _python_bundle/site-packages/reportlab/lib/hyphen.mashed
01-22 19:18:45.611  7505  7532 V python  : extracting _python_bundle/site-packages/reportlab/lib/logger.pyc
01-22 19:18:45.612  7505  7532 V python  : extracting _python_bundle/site-packages/reportlab/lib/normalDate.pyc
01-22 19:18:45.612  7505  7532 V python  : extracting _python_bundle/site-packages/reportlab/lib/pagesizes.pyc
01-22 19:18:45.612  3244  5232 I HoneySpace.Memory-Monitor: current state = 2, didTrim = false
01-22 19:18:45.612  7505  7532 V python  : extracting _python_bundle/site-packages/reportlab/lib/pdfencrypt.pyc
01-22 19:18:45.612 16056 22325 I [WEATHER]SourceFile: {[ADF95EF099900B6A4F8C625A826F7AFDE4313DE6096136D77A5A8F0EF94C217C425BCF2C9FF444C8D80F054FB404F54313D2DA69D9B3C717AD25F326491AECD359C93500B2D35C3EF182CEE180E56DAA846A4FC6D98933DF66AB1CDD285BF14D316E54218107FEA104361BE013EA1BEC07AEF2D7F9F3F577EA83483433A7BA945931C94212CFF804D8870E056BBCFEE7E0CF9A02BA8997784DADECB62DB5DDA302A66C882AE67646E4462BEAE9AC71408E81E2DA782585799A2F9EE0F050BBEC]}
01-22 19:18:45.612  2814  2927 D StackScroller: onDisplayChanged for predraw skip to 2
01-22 19:18:45.612  7505  7532 V python  : extracting _python_bundle/site-packages/reportlab/lib/pygments2xpre.pyc
01-22 19:18:45.612  7505  7532 V python  : extracting _python_bundle/site-packages/reportlab/lib/randomtext.pyc
01-22 19:18:45.613  7505  7532 V python  : extracting _python_bundle/site-packages/reportlab/lib/rl_accel.pyc
01-22 19:18:45.613  1559  6879 I WindowManager: Relayout Window{35e5496 u0 NotificationShade}: viewVisibility=4 req=1440x3120 ty=2040 d0
01-22 19:18:45.613  1559  6879 E WindowManager: win=Window{35e5496 u0 NotificationShade} destroySurfaces: appStopped=true cleanupOnResume=false win.mWindowRemovalAllowed=false win.mRemoveOnExit=false win.mViewVisibility=4 caller=com.android.server.wm.WindowManagerService.tryStartExitingAnimation:134 com.android.server.wm.WindowManagerService.relayoutWindow:1138 com.android.server.wm.Session.relayout:27 android.view.IWindowSession$Stub.onTransact:829 com.android.server.wm.Session.onTransact:1 android.os.Binder.execTransactInternal:1462 android.os.Binder.execTransact:1401 
01-22 19:18:45.613 16056 22325 I [WEATHER]SourceFile: {[4B469673B7284395031572D450A0A6A72A2755DDC1183B608185A6B126473C29000ADCE39F1D7427A6FB729EC833A647515D96E907FA3CC8F937073081238B1952A3DB61DAA03457E35B161816831EB2F900DF723B16496F1C0BD9AEA3EF68A9DC68C8DFB431711DA505CCB9ADA67DF3]}
01-22 19:18:45.613  7505  7532 V python  : extracting _python_bundle/site-packages/reportlab/lib/rltempfile.pyc
01-22 19:18:45.613  7505  7532 V python  : extracting _python_bundle/site-packages/reportlab/lib/rparsexml.pyc
01-22 19:18:45.613  7505  7532 V python  : extracting _python_bundle/site-packages/reportlab/lib/sequencer.pyc
01-22 19:18:45.613  7505  7532 V python  : extracting _python_bundle/site-packages/reportlab/lib/styles.pyc
01-22 19:18:45.613  1559  6879 D SurfaceComposerClient: setCornerRadius ## d37c539 org.tkideneb2.zeiterfassung/org.kivy.android.PythonActivity#497725 cornerRadius=0.000000
01-22 19:18:45.613  1248  1248 I SurfaceFlinger: [LayerHierarchy{RequestedLayerState{ImeContainer#15 parentId=497722 relativeParentId=497725 z=1} 1 children}] RelativeParent to LayerHierarchy{RequestedLayerState{d37c539 org.tkideneb2.zeiterfassung/org.kivy.android.PythonActivity#497725 parentId=497722} 2 children}
01-22 19:18:45.613  1248  1248 I SurfaceFlinger: [LayerHierarchy{RequestedLayerState{NotificationShade$_2814#497715} no children}] reparent to OffscreenRoot
01-22 19:18:45.613  1248  1248 I SurfaceFlinger: [LayerHierarchy{RequestedLayerState{NotificationShade$_2814#497715} no children}] RelativeParent to null
01-22 19:18:45.613  1248  1248 I SurfaceFlinger: [LayerHierarchy{RequestedLayerState{Splash Screen org.tkideneb2.zeiterfassung$_2814#497730} no children}] reparent to OffscreenRoot
01-22 19:18:45.613  1248  1248 I SurfaceFlinger: [LayerHierarchy{RequestedLayerState{Splash Screen org.tkideneb2.zeiterfassung$_2814#497730} no children}] RelativeParent to null
01-22 19:18:45.613  1248  1248 I SurfaceFlinger: [LayerHierarchy{RequestedLayerState{bec5419 Splash Screen org.tkideneb2.zeiterfassung#497728 z=2147483647} no children}] reparent to OffscreenRoot
01-22 19:18:45.613  1248  1248 I SurfaceFlinger: [LayerHierarchy{RequestedLayerState{bec5419 Splash Screen org.tkideneb2.zeiterfassung#497728 z=2147483647} no children}] RelativeParent to null
01-22 19:18:45.613  7505  7532 V python  : extracting _python_bundle/site-packages/reportlab/lib/testutils.pyc
01-22 19:18:45.613  1559  6879 W PhoneWindowManager: lockNow pending, ignore updating lockscreen timeout
01-22 19:18:45.613  7505  7532 V python  : extracting _python_bundle/site-packages/reportlab/lib/textsplit.pyc
01-22 19:18:45.614  1559  6879 D SurfaceComposerClient: setCornerRadius ## d37c539 org.tkideneb2.zeiterfassung/org.kivy.android.PythonActivity#497725 cornerRadius=0.000000
01-22 19:18:45.614  7505  7532 V python  : extracting _python_bundle/site-packages/reportlab/lib/units.pyc
01-22 19:18:45.614  7505  7532 V python  : extracting _python_bundle/site-packages/reportlab/lib/utils.pyc
01-22 19:18:45.614  1248  1248 I SurfaceFlinger: id=497728 Removed bec5419 Splash Screen org.tkideneb2.zeiterfassung#497728 (189)
01-22 19:18:45.614  1248  1248 I SurfaceFlinger: id=497730 Removed Splash Screen org.tkideneb2.zeiterfassung$_2814#497730 (189)
01-22 19:18:45.614 30801 30819 I BLASTBufferQueue: [VRI[FP Iconview]@97f2e43#2](f:0,a:3,s:0) onFrameAvailable-start syncTransactionSet=false
01-22 19:18:45.614 30801 30819 I BLASTBufferQueue: [VRI[FP Iconview]@97f2e43#2](f:0,a:3,s:0) onFrameAvailable framenumber=59 syncTransactionSet=false
01-22 19:18:45.614 30801 30819 I BLASTBufferQueue: [VRI[FP Iconview]@97f2e43#2](f:1,a:3,s:0) onFrameAvailable framenumber=59 syncTransactionSet=false
01-22 19:18:45.614 30801 30819 I BLASTBufferQueue: [VRI[FP Iconview]@97f2e43#2](f:0,a:4,s:0) mergePendingTransactions t: 132289287684273, frameNumber: 59
01-22 19:18:45.614  1559  5960 D WifiDisplayAdapter: isFitToActiveDisplayLocked : false
01-22 19:18:45.614  7505  7532 V python  : extracting _python_bundle/site-packages/reportlab/lib/validators.pyc
01-22 19:18:45.614 30801 30819 I BLASTBufferQueue: [VRI[FP Iconview]@97f2e43#2](f:0,a:4,s:0) acquireNextBufferLocked size=1454x3134 mFrameNumber=59 applyTransaction=true mTimestamp=1866884414383898(auto) mPendingTransactions.size=0 graphicBufferId=132289287684106 transform=0
01-22 19:18:45.614  7505  7532 V python  : extracting _python_bundle/site-packages/reportlab/lib/yaml.pyc
01-22 19:18:45.614 28652 28917 I bt_shim_advertiser: system/main/shim/le_advertising_manager.cc:155 StartAdvertisingSet: in shim layer
01-22 19:18:45.614  7505  7532 V python  : extracting _python_bundle/site-packages/reportlab/pdfbase/
01-22 19:18:45.615 28652 28917 I bt_shim_advertiser: system/main/shim/le_advertising_manager.cc:174 StartAdvertisingSet: create advertising set, client_id:255, reg_id:-27654
01-22 19:18:45.615 28652 28686 W bluetooth: system/gd/hci/le_advertising_manager.cc:431 allocate_advertiser: advertiser_id=2
01-22 19:18:45.615 28652 28686 W bluetooth: system/gd/hci/le_advertising_manager.cc:643 create_extended_advertiser_with_id: advertiser_id=2
01-22 19:18:45.615 28652 28686 I bluetooth: system/gd/hci/le_advertising_manager.cc:722 create_extended_advertiser_with_id: Scheduling address rotation for advertiser_id=2
01-22 19:18:45.615 28652 28686 I bluetooth: system/gd/hci/le_address_manager.cc:581 GetNextPrivateAddressIntervalRange: client=advertising_set_2, nonwake=8m26s, wake=13m15s
01-22 19:18:45.615 28652 28686 I bluetooth: system/gd/hci/le_advertising_manager.cc:1307 enable_advertiser: advertiser_id=2
01-22 19:18:45.615  7505  7532 V python  : extracting _python_bundle/site-packages/reportlab/pdfbase/__init__.pyc
01-22 19:18:45.615  7505  7532 V python  : extracting _python_bundle/site-packages/reportlab/pdfbase/_can_cmap_data.pyc
01-22 19:18:45.615  7505  7532 V python  : extracting _python_bundle/site-packages/reportlab/pdfbase/_cidfontdata.pyc
01-22 19:18:45.615 30801 30810 I BLASTBufferQueue: [VRI[FP Iconview]@97f2e43#2](f:0,a:4,s:0) releaseBufferCallback bufferId:132289287684105 framenumber:56 layerId:497727
01-22 19:18:45.615 30801 30810 I BLASTBufferQueue: [VRI[FP Iconview]@97f2e43#2](f:0,a:3,s:0) released bufferId:132289287684105 framenumber:56 layerId:497727
01-22 19:18:45.615 30801 30810 I BLASTBufferQueue: [VRI[FP Iconview]@97f2e43#2](f:0,a:3,s:0) Can't acquire next buffer. No available frames
01-22 19:18:45.615 30801 30810 I BLASTBufferQueue: [VRI[FP Iconview]@97f2e43#2](f:0,a:3,s:0) transactionCallback
01-22 19:18:45.615 30801 30810 I BLASTBufferQueue: [VRI[FP Iconview]@97f2e43#2](f:0,a:3,s:0) updated mTransformHint=0
01-22 19:18:45.615  7505  7532 V python  : extracting _python_bundle/site-packages/reportlab/pdfbase/_fontdata.pyc
01-22 19:18:45.615  7505  7532 V python  : extracting _python_bundle/site-packages/reportlab/pdfbase/_fontdata_enc_macexpert.pyc
01-22 19:18:45.615  7505  7532 V python  : extracting _python_bundle/site-packages/reportlab/pdfbase/_fontdata_enc_macroman.pyc
01-22 19:18:45.616  7505  7532 V python  : extracting _python_bundle/site-packages/reportlab/pdfbase/_fontdata_enc_pdfdoc.pyc
01-22 19:18:45.616  7505  7532 V python  : extracting _python_bundle/site-packages/reportlab/pdfbase/_fontdata_enc_standard.pyc
01-22 19:18:45.616  7505  7532 V python  : extracting _python_bundle/site-packages/reportlab/pdfbase/_fontdata_enc_symbol.pyc
01-22 19:18:45.616  7505  7532 V python  : extracting _python_bundle/site-packages/reportlab/pdfbase/_fontdata_enc_winansi.pyc
01-22 19:18:45.616  7505  7532 V python  : extracting _python_bundle/site-packages/reportlab/pdfbase/_fontdata_enc_zapfdingbats.pyc
01-22 19:18:45.616  7505  7532 V python  : extracting _python_bundle/site-packages/reportlab/pdfbase/_fontdata_widths_courier.pyc
01-22 19:18:45.616  7505  7532 V python  : extracting _python_bundle/site-packages/reportlab/pdfbase/_fontdata_widths_courierbold.pyc
01-22 19:18:45.616  7505  7532 V python  : extracting _python_bundle/site-packages/reportlab/pdfbase/_fontdata_widths_courierboldoblique.pyc
01-22 19:18:45.616  7505  7532 V python  : extracting _python_bundle/site-packages/reportlab/pdfbase/_fontdata_widths_courieroblique.pyc
01-22 19:18:45.616  7505  7532 V python  : extracting _python_bundle/site-packages/reportlab/pdfbase/_fontdata_widths_helvetica.pyc
01-22 19:18:45.616  7505  7532 V python  : extracting _python_bundle/site-packages/reportlab/pdfbase/_fontdata_widths_helveticabold.pyc
01-22 19:18:45.616  7505  7532 V python  : extracting _python_bundle/site-packages/reportlab/pdfbase/_fontdata_widths_helveticaboldoblique.pyc
01-22 19:18:45.616  1559  6879 I WindowManager: Relayout hash=35e5496, pid=2814, syncId=-1: mAttrs={(0,0)(fillxfill) gr=TOP CENTER_VERTICAL sim={adjust=pan} layoutInDisplayCutoutMode=always ty=NOTIFICATION_SHADE fmt=TRANSLUCENT
01-22 19:18:45.616  1559  6879 I WindowManager:   fl=81040048
01-22 19:18:45.616  1559  6879 I WindowManager:   pfl=11000200
01-22 19:18:45.616  1559  6879 I WindowManager:   bhv=2
01-22 19:18:45.616  1559  6879 I WindowManager:   frameRateBoostOnTouch=true
01-22 19:18:45.616  1559  6879 I WindowManager:   dvrrWindowFrameRateHint=true naviIconColor=0
01-22 19:18:45.616  1559  6879 I WindowManager:   sfl=40000}
01-22 19:18:45.616  7505  7532 V python  : extracting _python_bundle/site-packages/reportlab/pdfbase/_fontdata_widths_helveticaoblique.pyc
01-22 19:18:45.616  7505  7532 V python  : extracting _python_bundle/site-packages/reportlab/pdfbase/_fontdata_widths_symbol.pyc
01-22 19:18:45.617  7505  7532 V python  : extracting _python_bundle/site-packages/reportlab/pdfbase/_fontdata_widths_timesbold.pyc
01-22 19:18:45.617  7505  7532 V python  : extracting _python_bundle/site-packages/reportlab/pdfbase/_fontdata_widths_timesbolditalic.pyc
01-22 19:18:45.617  7505  7532 V python  : extracting _python_bundle/site-packages/reportlab/pdfbase/_fontdata_widths_timesitalic.pyc
01-22 19:18:45.617  7505  7532 V python  : extracting _python_bundle/site-packages/reportlab/pdfbase/_fontdata_widths_timesroman.pyc
01-22 19:18:45.617 16056  8603 I [WEATHER]SourceFile: {[69DA422ABE7CBA4975B01F824E1F85A8F754148C9CEFA16D7DF0BB0FDEF1FDB801F782B2C177DF631A854EEEF65D847EE846702C953718C3B05EC0AF5FA5867F88F64E8EAFD8D7450A5E5FD0BF56FA1050D634621EA3A99A4D7EEDF0CB8D05AA40B4D6FAA10453A28885636FF131E3A9]}
01-22 19:18:45.617  7505  7532 V python  : extracting _python_bundle/site-packages/reportlab/pdfbase/_fontdata_widths_zapfdingbats.pyc
01-22 19:18:45.617 16056  8603 W [WEATHER]SourceFile: {[4F6CD1D788C526F19DDFBA02FCB4AAF31836BE5DF0A0A59BF680D73845EC32F2F3EBD65154E5B4E056771A3094BAC152D7CE2B99047379DA842BB625F5859330340415F73EF14F7687CCCDAA04D3F7D0]}
01-22 19:18:45.617  7505  7532 V python  : extracting _python_bundle/site-packages/reportlab/pdfbase/cidfonts.pyc
01-22 19:18:45.617 28652 28686 I bluetooth: system/gd/hci/le_advertising_manager.cc:1868 on_set_advertising_set_random_address_complete: update random address for advertising set 2 : xx:xx:xx:xx:fa:8d
01-22 19:18:45.617  7505  7532 V python  : extracting _python_bundle/site-packages/reportlab/pdfbase/pdfdoc.pyc
01-22 19:18:45.617  2814  2814 I VRI[NotificationShade]@aa1a57e: Relayout returned: old=(0,0,1440,3120) new=(0,0,1440,3120) relayoutAsync=false req=(1440,3120)4 dur=7 res=0x2 s={false 0x0} ch=true seqId=2959
01-22 19:18:45.618  7505  7532 V python  : extracting _python_bundle/site-packages/reportlab/pdfbase/pdfform.pyc
01-22 19:18:45.618  7505  7532 V python  : extracting _python_bundle/site-packages/reportlab/pdfbase/pdfmetrics.pyc
01-22 19:18:45.618  2814  2814 W RefactorFlag: New code path expects SceneContainerFlag to be enabled.
01-22 19:18:45.618  2814  2814 D VRI[NotificationShade]@aa1a57e: Not drawing due to not visible. Reason=View.INVISIBLE
01-22 19:18:45.618  7505  7532 V python  : extracting _python_bundle/site-packages/reportlab/pdfbase/pdfpattern.pyc
01-22 19:18:45.619  7505  7532 V python  : extracting _python_bundle/site-packages/reportlab/pdfbase/pdfutils.pyc
01-22 19:18:45.619  2814  2814 I BLASTBufferQueue_Java: update, w= 1440 h= 168 mName = VRI[NavigationBar0]@7074a40 mNativeObject= 0xb400006e37138240 sc.mNativeObject= 0xb400006db703ea90 format= -3 caller= android.view.ViewRootImpl.updateBlastSurfaceIfNeeded:3574 android.view.ViewRootImpl.relayoutWindow:11685 android.view.ViewRootImpl.performTraversals:4804 android.view.ViewRootImpl.doTraversal:3924 android.view.ViewRootImpl$TraversalRunnable.run:12903 android.view.Choreographer$CallbackRecord.run:1901 
01-22 19:18:45.619  2814  2814 I VRI[NavigationBar0]@7074a40: Relayout returned: old=(0,2952,1440,3120) new=(0,2952,1440,3120) relayoutAsync=true req=(1440,168)0 dur=1 res=0x0 s={true 0xb400006d47136760} ch=false seqId=4891
01-22 19:18:45.619  7505  7532 V python  : extracting _python_bundle/site-packages/reportlab/pdfbase/rl_codecs.pyc
01-22 19:18:45.619  2814  2814 I VRI[NavigationBar0]@7074a40: registerCallbackForPendingTransactions
01-22 19:18:45.619  7505  7532 V python  : extracting _python_bundle/site-packages/reportlab/pdfbase/ttfonts.pyc
01-22 19:18:45.619 17353  7472 W NearbyPresence: TidepoolIdentityProvider: Main Tidepool status toggle not enabled! Returned empty broadcast credentials. [CONTEXT service_id=317 ]
01-22 19:18:45.619 17353  7472 W NearbyPresence: TidepoolIdentityProvider: Main Tidepool status toggle not enabled! Returned empty shared credentials. [CONTEXT service_id=317 ]
01-22 19:18:45.619 28652 28917 E BtGatt.AdvertiseManager: [GSIM LOG]: gsimLogHandler, msg: MESSAGE_ADV_SET_START, appName: com.google.android.gms, id: 2, isLegacy: true
01-22 19:18:45.619  1559  6879 I WindowManager: Relayout Window{bb05b8a u0 NavigationBarView}: viewVisibility=0 req=1440x168 ty=2019 d0
01-22 19:18:45.619 17353 17353 D BluetoothLeAdvertiser: onAdvertisingSetStarted(2, 1, 0)
01-22 19:18:45.619  1559  6879 D SurfaceComposerClient: setCornerRadius ## d37c539 org.tkideneb2.zeiterfassung/org.kivy.android.PythonActivity#497725 cornerRadius=0.000000
01-22 19:18:45.619  7505  7532 V python  : extracting _python_bundle/site-packages/reportlab/pdfgen/
01-22 19:18:45.619  2814  2950 I VRI[NavigationBar0]@7074a40: mWNT: t=0xb400006ec7348990 mBlastBufferQueue=0xb400006e37138240 fn= 960204 HdrRenderState mRenderHdrSdrRatio=1.0 caller= android.view.ViewRootImpl$10.onFrameDraw:6536 android.view.ViewRootImpl$4.onFrameDraw:2489 android.view.ThreadedRenderer$1.onFrameDraw:718 
01-22 19:18:45.620  7505  7532 V python  : extracting _python_bundle/site-packages/reportlab/pdfgen/__init__.pyc
01-22 19:18:45.620  7505  7532 V python  : extracting _python_bundle/site-packages/reportlab/pdfgen/canvas.pyc
01-22 19:18:45.620  1559  6879 W PhoneWindowManager: lockNow pending, ignore updating lockscreen timeout
01-22 19:18:45.620  1559  6879 D SurfaceComposerClient: setCornerRadius ## d37c539 org.tkideneb2.zeiterfassung/org.kivy.android.PythonActivity#497725 cornerRadius=0.000000
01-22 19:18:45.620 17353  7641 I NearbyMediums: Started BLE Legacy advertising. Regular Header Advertised : false, Fast Advertised : true, AdvertisingSettings : BleAdvertisingSetting{powerLevel= BALANCED_POWER, isConnectable= false, isPrivateGatt= true}, isAcceptingConnection : false
01-22 19:18:45.620  7505  7532 V python  : extracting _python_bundle/site-packages/reportlab/pdfgen/pathobject.pyc
01-22 19:18:45.620 17353  7641 I NearbyMediums: Successfully started BLE advertising of size 23 for service NearbySharing, deviceToken : [ 0x0e 0x04 ].
01-22 19:18:45.620  7505  7532 V python  : extracting _python_bundle/site-packages/reportlab/pdfgen/pdfgeom.pyc
01-22 19:18:45.620  7505  7532 V python  : extracting _python_bundle/site-packages/reportlab/pdfgen/pdfimages.pyc
01-22 19:18:45.620  7505  7532 V python  : extracting _python_bundle/site-packages/reportlab/pdfgen/textobject.pyc
01-22 19:18:45.621 17353  7641 W NearbyMediums: [WifiNetworkV2] WifiStatusChangedCallback was not registered for NearbySharing.
01-22 19:18:45.621  7505  7532 V python  : extracting _python_bundle/site-packages/reportlab/platypus/
01-22 19:18:45.621  7505  7532 V python  : extracting _python_bundle/site-packages/reportlab/platypus/__init__.pyc
01-22 19:18:45.621  7505  7532 V python  : extracting _python_bundle/site-packages/reportlab/platypus/doctemplate.pyc
01-22 19:18:45.621  1559  6879 I WindowManager: Relayout hash=bb05b8a, pid=0, syncId=-1: mAttrs={(0,0)(fillx168) gr=BOTTOM CENTER_VERTICAL sim={adjust=pan} layoutInDisplayCutoutMode=always ty=NAVIGATION_BAR fmt=TRANSLUCENT wanim=0x7f140014
01-22 19:18:45.621  1559  6879 I WindowManager:   fl=20040028
01-22 19:18:45.621  1559  6879 I WindowManager:   pfl=31001000
01-22 19:18:45.621  1559  6879 I WindowManager:   bhv=1
01-22 19:18:45.621  1559  6879 I WindowManager:   providedInsets:
01-22 19:18:45.621  1559  6879 I WindowManager:     InsetsFrameProvider: {id=#f7410001, index=0, type=navigationBars, source=FRAME, flags=[], insetsSize=Insets{left=0, top=0, right=0, bottom=168}, insetsSizeOverrides=[TypedInsetsSize: {windowType=INPUT_METHOD, insetsSize=null}]}
01-22 19:18:45.621  1559  6879 I WindowManager:     InsetsFrameProvider: {id=#f7410006, index=0, type=tappableElement, source=FRAME, flags=[]}
01-22 19:18:45.621  1559  6879 I WindowManager:     InsetsFrameProvider: {id=#f7410005, index=0, type=mandatorySystemGestures, source=FRAME, flags=[]}
01-22 19:18:45.621  1559  6879 I WindowManager:     InsetsFrameProvider: {id=#f7410004, index=0, type=systemGestures, source=DISPLAY, flags=[], insetsSize=Insets{left=0, top=0, right=0, bottom=0}, mMinimalInsetsSizeInDisplayCutoutSafe=Insets{left=0, top=0, right=0, bottom=0}}
01-22 19:18:45.621  1559  6879 I WindowManager:     InsetsFrameProvider: {id=#f7410024, index=1, type=systemGestures, source=DISPLAY, flags=[], insetsSize=Insets{left=0, top=0, right=0, bottom=0}, mMinimalInsetsSizeInDisplayCutoutSafe=Insets{left=0, top=0, right=0, bottom=0}}
01-22 19:18:45.621  1559  6879 I WindowManager:   frameRateBoostOnTouch=true
01-22 19:18:45.621  1559  6879 I WindowManager:   dvrrWindowFrameRateHint=true
01-22 19:18:45.621  1559  6879 I WindowManager:   paramsForRotation:
01-22 19:18:45.621  1559  6879 I WindowManager:     ROTATION_0={(0,0)(fillx168) gr=BOTTOM CENTER_VERTICAL layoutInDisplayCutoutMode=always ty=NAVIGATION_BAR fmt=TRANSLUCENT
01-22 19:18:45.621  1559  6879 I WindowManager:       fl=20040028
01-22 19:18:45.621  1559  6879 I WindowManager:       pfl=31001000
01-22 19:18:45.621  1559  6879 I WindowManager:       bhv=1
01-22 19:18:45.621  1559  6879 I WindowManager:       providedInsets:
01-22 19:18:45.621  1559  6879 I WindowManager:         InsetsFrameProvider: {id=#f7410001, index=0, type=navigationBars, source=FRAME, flags=[], insetsSize=Insets{left=0, top=0, right=0, bottom=168}, insetsSizeOverrides=[TypedInsetsSize: {windowType=INPUT_METHOD, insetsSize=null}]}
01-22 19:18:45.621  1559  6879 I WindowManager:         InsetsFrameProvider: {id=#f7410006, index=0, type=tappableElement, source=FRAME, flags=[]}
01-22 19:18:45.621  1559  6879 I WindowManager:         InsetsFrameProvider: {id=#f7410005, index=0, type=mandatorySystemGestures, source=FRAME, flags=[]}
01-22 19:18:45.621  1559  6879 I WindowManager:         InsetsFrameProvider: {id=#f7410004, index=0, type=systemGestures, source=DISPLAY, flags=[], insetsSize=Insets{left=0, top=0, right=0, bottom=0}, mMinimalInsetsSizeInDisplayCutoutSafe=Insets{left=0, top=0, right=0, bottom=0}}
01-22 19:18:45.621  1559  6879 I WindowManager:         InsetsFrameProvider: {id=#f7410024, index=1, type=systemGestures, source=DISPLAY, flags=[], insetsSize=Insets{left=0, top=0, right=0, bottom=0}, mMinimalInsetsSizeInDisplayCutoutSafe=Insets{left=0, top=0, right=0, bottom=0}}
01-22 19:18:45.621  1559  6879 I WindowManager:       frameRateBoostOnTouch=true
01-22 19:18:45.621  1559  6879 I WindowManager:       dvrrWindowFrameRateHint=true naviIconColor=0}
01-22 19:18:45.621  1559  6879 I WindowManager:     ROTATION_90={(0,0)(168xfill) gr=RIGHT CENTER_HORIZONTAL layoutInDisplayCutoutMode=always ty=NAVIGATION_BAR fmt=TRANSLUCENT
01-22 19:18:45.621  1559  6879 I WindowManager:       fl=20040028
01-22 19:18:45.621  1559  6879 I WindowManager:       pfl=31001000
01-22 19:18:45.621  1559  6879 I WindowManager:       bhv=1
01-22 19:18:45.621  1559  6879 I WindowManager:       providedInsets:
01-22 19:18:45.621  1559  6879 I WindowManager:         InsetsFrameProvider: {id=#f7410001, index=0, type=navigationBars, source=FRAME, flags=[], insetsSizeOverrides=[TypedInsetsSize: {windowType=INPUT_METHOD, insetsSize=null}]}
01-22 19:18:45.621  1559  6879 I WindowManager:         InsetsFrameProvider: {id=#f7410006, index=0, type=tappableElement, source=FRAME, flags=[]}
01-22 19:18:45.621  1559  6879 I WindowManager:         InsetsFrameProvider: {id=#f7410005, index=0, type=mandatorySystemGestures, source=FRAME, flags=[]}
01-22 19:18:45.621  1559  6879 I WindowManager:         InsetsFrameProvider: {id=#f7410004, index=0, type=systemGestures, source=DISPLAY, flags=[], insetsSize=Insets{left=0, top=0, right=0, bottom=0}, mMinimalInsetsSizeInDisplayCutoutSafe=Insets{left=0, top=0, right=0, bottom=0}}
01-22 19:18:45.621  1559  6879 I WindowManager:         InsetsFrameProvider: {id=#f7410024, index=1, type=systemGestures, source=DISPLAY, flags=[], insetsSize=Insets{left=0, top=0, right=0, bottom=0}, mMinimalInsetsSizeInDisplayCutoutSafe=Insets{left=0, top=0, right=0, bottom=0}}
01-22 19:18:45.621  1559  6879 I WindowManager:       frameRateBoostOnTouch=true
01-22 19:18:45.621  1559  6879 I WindowManager:       dvrrWindowFrameRateHint=true naviIconColor=0}
01-22 19:18:45.621  1559  6879 I WindowManager:     ROTATION_180={(0,0)(fillx168) gr=BOTTOM CENTER_VERTICAL layoutInDisplayCutoutMode=always ty=NAVIGATION_BAR fmt=TRANSLUCENT
01-22 19:18:45.621  1559  6879 I WindowManager:       fl=20040028
01-22 19:18:45.621  1559  6879 I WindowManager:       pfl=31001000
01-22 19:18:45.621  1559  6879 I WindowManager:       bhv=1
01-22 19:18:45.621  1559  6879 I WindowManager:       providedInsets:
01-22 19:18:45.621  1559  6879 I WindowManager:         InsetsFrameProvider: {id=#f7410001, index=0, type=navigationBars, source=FRAME, flags=[], insetsSize=Insets{left=0, top=0, right=0, bottom=168}, insetsSizeOverrides=[TypedInsetsSize: {windowType=INPUT_METHOD, insetsSize=null}]}
01-22 19:18:45.621  1559  6879 I WindowManager:         InsetsFrameProvider: {id=#f7410006, index=0, type=tappableElement, source=FRAME, flags=[]}
01-22 19:18:45.621  1559  6879 I WindowManager:         InsetsFrameProvider: {id=#f7410005, index=0, type=mandatorySystemGestures, source=FRAME, flags=[]}
01-22 19:18:45.621  1559  6879 I WindowManager:         InsetsFrameProvider: {id=#f7410004, index=0, type=systemGestures, source=DISPLAY, flags=[], insetsSize=Insets{left=0, top=0, right=0, bottom=0}, mMinimalInsetsSizeInDisplayCutoutSafe=Insets{left=0, top=0, right=0, bottom=0}}
01-22 19:18:45.621  1559  6879 I WindowManager:         InsetsFrameProvider: {id=#f7410024, index=1, type=systemGestures, source=DISPLAY, flags=[], insetsSize=Insets{left=0, top=0, right=0, bottom=0}, mMinimalInsetsSizeInDisplayCutoutSafe=Insets{left=0, top=0, right=0, bottom=0}}
01-22 19:18:45.621  1559  6879 I WindowManager:       frameRateBoostOnTouch=true
01-22 19:18:45.621  1559  6879 I WindowManager:       dvrrWindowFrameRateHint=true naviIconColor=0}
01-22 19:18:45.621  1559  6879 I WindowManager:     ROTATION_270={(0,0)(168xfill) gr=LEFT CENTER_HORIZONTAL layoutInDisplayCutoutMode=always ty=NAVIGATION_BAR fmt=TRANSLUCENT
01-22 19:18:45.621  1559  6879 I WindowManager:       fl=20040028
01-22 19:18:45.621  1559  6879 I WindowManager:       pfl=31001000
01-22 19:18:45.621  1559  6879 I WindowManager:       bhv=1
01-22 19:18:45.621  1559  6879 I WindowManager:       providedInsets:
01-22 19:18:45.621  1559  6879 I WindowManager:         InsetsFrameProvider: {id=#f7410001, index=0, type=navigationBars, source=FRAME, flags=[], insetsSizeOverrides=[TypedInsetsSize: {windowType=INPUT_METHOD, insetsSize=null}]}
01-22 19:18:45.621  1559  6879 I WindowManager:         InsetsFrameProvider: {id=#f7410006, index=0, type=tappableElement, source=FRAME, flags=[]}
01-22 19:18:45.621  1559  6879 I WindowManager:         InsetsFrameProvider: {id=#f7410005, index=0, type=mandatorySystemGestures, source=FRAME, flags=[]}
01-22 19:18:45.621  1559  6879 I WindowManager:         InsetsFrameProvider: {id=#f7410004, index=0, type=systemGestures, source=DISPLAY, flags=[], insetsSize=Insets{left=0, top=0, right=0, bottom=0}, mMinimalInsetsSizeInDisplayCutoutSafe=Insets{left=0, top=0, right=0, bottom=0}}
01-22 19:18:45.621  1559  6879 I WindowManager:         InsetsFrameProvider: {id=#f7410024, index=1, type=systemGestures, source=DISPLAY, flags=[], insetsSize=Insets{left=0, top=0, right=0, bottom=0}, mMinimalInsetsSizeInDisplayCutoutSafe=Insets{left=0, top=0, right=0, bottom=0}}
01-22 19:18:45.621  1559  6879 I WindowManager:       frameRateBoostOnTouch=true
01-22 19:18:45.621  1559  6879 I WindowManager:       dvrrWindowFrameRateHint=true naviIconColor=0} naviIconColor=0}
01-22 19:18:45.621  7505  7532 V python  : extracting _python_bundle/site-packages/reportlab/platypus/figures.pyc
01-22 19:18:45.621  7505  7532 V python  : extracting _python_bundle/site-packages/reportlab/platypus/flowables.pyc
01-22 19:18:45.622  1248  1248 I SurfaceFlinger: destroyed Splash Screen org.tkideneb2.zeiterfassung$_2814#497730
01-22 19:18:45.622  1248  1248 I SurfaceFlinger: destroyed bec5419 Splash Screen org.tkideneb2.zeiterfassung#497728
01-22 19:18:45.622 17353  7641 I NearbyConnections: Get local endpoint id from the existing localEndpointId:O8EA (last:Y52U) for client 232657917(0p:com.google.android.gms.nearby.sharing)
01-22 19:18:45.622 17353  7641 I NearbyMediums: Started BLE scanning, service-id=NearbyConnections.TxAdvertisement, is-extended-advert=true, power-level=2, scan-mode=3
01-22 19:18:45.622 17353  7641 I NearbyConnections: [InstantConnectionPcpMgr] In invalidateTxAdvertisementScanning(by final_updateAdvertising) tx advertisement scanning successfully started for enpointId:O8EA serviceId:NearbySharing isScreenUnlocked:true powerLevel:BALANCED
01-22 19:18:45.622  1248  1248 I Layer   : id=497730 Destroyed Splash Screen org.tkideneb2.zeiterfassung$_2814#497730
01-22 19:18:45.622  1248  1248 I Layer   : id=497728 Destroyed bec5419 Splash Screen org.tkideneb2.zeiterfassung#497728
01-22 19:18:45.622  2814  2814 D SystemUIService: SYSUI_RAM_OPTIMIZATION onTrimMemory=20
01-22 19:18:45.622  7505  7532 V python  : extracting _python_bundle/site-packages/reportlab/platypus/frames.pyc
01-22 19:18:45.622  2814  2814 D CentralSurfaces: SYSUI_RAM_OPTIMIZATION onTrimMemory=20
01-22 19:18:45.622 30801 30819 I BLASTBufferQueue: [VRI[FP Iconview]@97f2e43#2](f:0,a:3,s:0) onFrameAvailable-start syncTransactionSet=false
01-22 19:18:45.622 30801 30819 I BLASTBufferQueue: [VRI[FP Iconview]@97f2e43#2](f:0,a:3,s:0) onFrameAvailable framenumber=60 syncTransactionSet=false
01-22 19:18:45.622 30801 30819 I BLASTBufferQueue: [VRI[FP Iconview]@97f2e43#2](f:1,a:3,s:0) onFrameAvailable framenumber=60 syncTransactionSet=false
01-22 19:18:45.622  1248  1248 I SurfaceFlinger: id=497715 Removed NotificationShade$_2814#497715 (187)
01-22 19:18:45.622 30801 30819 I BLASTBufferQueue: [VRI[FP Iconview]@97f2e43#2](f:0,a:4,s:0) mergePendingTransactions t: 132289287684275, frameNumber: 60
01-22 19:18:45.622  7505  7532 V python  : extracting _python_bundle/site-packages/reportlab/platypus/para.pyc
01-22 19:18:45.623 30801 30819 I BLASTBufferQueue: [VRI[FP Iconview]@97f2e43#2](f:0,a:4,s:0) acquireNextBufferLocked size=1454x3134 mFrameNumber=60 applyTransaction=true mTimestamp=1866884422549601(auto) mPendingTransactions.size=0 graphicBufferId=132289287684105 transform=0
01-22 19:18:45.622  2814  2814 D KeyguardUpdateMonitor: handleBatteryUpdate
01-22 19:18:45.623  2814  2814 D SamsungBatteryMeterDrawable: onBatteryLevelChanged isSomethingChanged: false
01-22 19:18:45.623  2814  2814 D SamsungBatteryMeterDrawable: onBatteryLevelChanged isSomethingChanged: false
01-22 19:18:45.623  2814  2814 D SamsungBatteryMeterDrawable: onBatteryLevelChanged isSomethingChanged: false
01-22 19:18:45.623  2814  2814 D SamsungBatteryMeterDrawable: onBatteryLevelChanged isSomethingChanged: false
01-22 19:18:45.623  7505  7532 V python  : extracting _python_bundle/site-packages/reportlab/platypus/paragraph.pyc
01-22 19:18:45.623  2814  2814 D KeyguardViewMediator: handleMessage 9
01-22 19:18:45.623  2814  2814 D KeyguardViewMediator: handleSetOccluded(false) seq=11601
01-22 19:18:45.623  2814  2814 D KeyguardViewMediator: isOccluded=false,mPowerGestureIntercepted=false
01-22 19:18:45.623  2814  2814 D KeyguardViewMediator: KeyguardViewMediator queue processing message: SET_OCCLUDED
01-22 19:18:45.623  2814  2814 D QSMumButton: isMumDeactivated: !result[false] isLduBranding[false] isShopDemo[false]
01-22 19:18:45.624  2814  2814 D QSMumButton: needToBeVisible() result: false [MumSetting: false = (TwoPhoneSetting: false || (somethingInDetail(1): true && Pref: false && Settings: false)), !DEX-(DeviceState: true, !DesktopManager: true, !mIsDexEnablingOrEnabled: true) Panel-mExpanded: false, !isEmergencyMode: true, isUserEnabled: true, !isKioskModeEnabled: true, !isDisallowUserSwitch = true
01-22 19:18:45.624 30801 30810 I BLASTBufferQueue: [VRI[FP Iconview]@97f2e43#2](f:0,a:4,s:0) releaseBufferCallback bufferId:132289287684108 framenumber:57 layerId:497727
01-22 19:18:45.624 30801 30810 I BLASTBufferQueue: [VRI[FP Iconview]@97f2e43#2](f:0,a:3,s:0) released bufferId:132289287684108 framenumber:57 layerId:497727
01-22 19:18:45.624 30801 30810 I BLASTBufferQueue: [VRI[FP Iconview]@97f2e43#2](f:0,a:3,s:0) Can't acquire next buffer. No available frames
01-22 19:18:45.624 30801 30810 I BLASTBufferQueue: [VRI[FP Iconview]@97f2e43#2](f:0,a:3,s:0) transactionCallback
01-22 19:18:45.624 30801 30810 I BLASTBufferQueue: [VRI[FP Iconview]@97f2e43#2](f:0,a:3,s:0) updated mTransformHint=0
01-22 19:18:45.624  7505  7532 V python  : extracting _python_bundle/site-packages/reportlab/platypus/paraparser.pyc
01-22 19:18:45.624  2814  2952 D HWUI    : CacheManager::trimMemory(20)
01-22 19:18:45.624  7505  7532 V python  : extracting _python_bundle/site-packages/reportlab/platypus/tableofcontents.pyc
01-22 19:18:45.625  7505  7532 V python  : extracting _python_bundle/site-packages/reportlab/platypus/tables.pyc
01-22 19:18:45.625  2814  2814 D View    : semSetBlurInfo, blurInfo : null, com.android.systemui.statusbar.KeyguardSecAffordanceView{94b6665 G.ED..... ......ID 0,0-159,159 #7f0a0469 app:id/end_button}
01-22 19:18:45.625  2814  2814 D View    : semSetBlurInfo, blurInfo : null, com.android.systemui.statusbar.KeyguardSecAffordanceView{7d6b948 G.ED..... ......ID 0,0-159,159 #7f0a0cad app:id/start_button}
01-22 19:18:45.625 17353  7641 I NearbySharing: [broadcast provider] advertising options updated (BroadcastProviderOptions(powerLevel=2, flowId=225268901625972296, uwbSenderInfo=[], deviceType=1, advertisingMediums=[4], upgradeMediums=[11, 5, 6, 8, 3, 9, 10, 2, 4, 7], useStableIdentifiers=false, allowBluetoothRadioToggling=false, allowWifiRadioToggling=false, enableBleL2capListening=false, allowGattConnections=false, enableFastAdvertisement=true)).
01-22 19:18:45.625  7505  7532 V python  : extracting _python_bundle/site-packages/reportlab/platypus/xpreformatted.pyc
01-22 19:18:45.625 17353  7641 I NearbySharing: NearbySharing Internal event ReceiveManagerUpdate(mode=2, isEveryoneMode=false, dataUsage=2, useQrCode=false, success=true)
01-22 19:18:45.625  7505  7532 V python  : extracting _python_bundle/site-packages/reportlab/rl_config.pyc
01-22 19:18:45.626  7505  7532 V python  : extracting _python_bundle/site-packages/reportlab/rl_settings.pyc
01-22 19:18:45.626  7505  7532 V python  : extracting _python_bundle/site-packages/requests-2.32.5.dist-info/
01-22 19:18:45.626  7505  7532 V python  : extracting _python_bundle/site-packages/requests-2.32.5.dist-info/INSTALLER
01-22 19:18:45.626  7505  7532 V python  : extracting _python_bundle/site-packages/requests-2.32.5.dist-info/METADATA
01-22 19:18:45.626  7505  7532 V python  : extracting _python_bundle/site-packages/requests-2.32.5.dist-info/RECORD
01-22 19:18:45.626  7505  7532 V python  : extracting _python_bundle/site-packages/requests-2.32.5.dist-info/REQUESTED
01-22 19:18:45.626  7505  7532 V python  : extracting _python_bundle/site-packages/requests-2.32.5.dist-info/WHEEL
01-22 19:18:45.626  7505  7532 V python  : extracting _python_bundle/site-packages/requests-2.32.5.dist-info/licenses/
01-22 19:18:45.626  7505  7532 V python  : extracting _python_bundle/site-packages/requests-2.32.5.dist-info/licenses/LICENSE
01-22 19:18:45.626  7505  7532 V python  : extracting _python_bundle/site-packages/requests-2.32.5.dist-info/top_level.txt
01-22 19:18:45.626  7505  7532 V python  : extracting _python_bundle/site-packages/requests/
01-22 19:18:45.626  7505  7532 V python  : extracting _python_bundle/site-packages/requests/__init__.pyc
01-22 19:18:45.626  7505  7532 V python  : extracting _python_bundle/site-packages/requests/__version__.pyc
01-22 19:18:45.626  7505  7532 V python  : extracting _python_bundle/site-packages/requests/_internal_utils.pyc
01-22 19:18:45.626  7505  7532 V python  : extracting _python_bundle/site-packages/requests/adapters.pyc
01-22 19:18:45.627  7505  7532 V python  : extracting _python_bundle/site-packages/requests/api.pyc
01-22 19:18:45.627  7505  7532 V python  : extracting _python_bundle/site-packages/requests/auth.pyc
01-22 19:18:45.627  7505  7532 V python  : extracting _python_bundle/site-packages/requests/certs.pyc
01-22 19:18:45.627 17353  2917 I NearbySharing: [ClearcutLog] ADVERTISE_DEVICE_PRESENCE_START sessionId=0 flowId=225268901625972296 sessionStatus: 1, visibility: 1
01-22 19:18:45.627  7505  7532 V python  : extracting _python_bundle/site-packages/requests/compat.pyc
01-22 19:18:45.627  7505  7532 V python  : extracting _python_bundle/site-packages/requests/cookies.pyc
01-22 19:18:45.627  7505  7532 V python  : extracting _python_bundle/site-packages/requests/exceptions.pyc
01-22 19:18:45.627  7505  7532 V python  : extracting _python_bundle/site-packages/requests/help.pyc
01-22 19:18:45.627  7505  7532 V python  : extracting _python_bundle/site-packages/requests/hooks.pyc
01-22 19:18:45.627  7505  7532 V python  : extracting _python_bundle/site-packages/requests/models.pyc
01-22 19:18:45.628  7505  7532 V python  : extracting _python_bundle/site-packages/requests/packages.pyc
01-22 19:18:45.628  7505  7532 V python  : extracting _python_bundle/site-packages/requests/sessions.pyc
01-22 19:18:45.628  7505  7532 V python  : extracting _python_bundle/site-packages/requests/status_codes.pyc
01-22 19:18:45.628  7505  7532 V python  : extracting _python_bundle/site-packages/requests/structures.pyc
01-22 19:18:45.628  7505  7532 V python  : extracting _python_bundle/site-packages/requests/utils.pyc
01-22 19:18:45.628  7505  7532 V python  : extracting _python_bundle/site-packages/setup_sdist.pyc
01-22 19:18:45.628  7505  7532 V python  : extracting _python_bundle/site-packages/setuptools-51.3.3-py3.11.egg-info/
01-22 19:18:45.629  7505  7532 V python  : extracting _python_bundle/site-packages/setuptools-51.3.3-py3.11.egg-info/PKG-INFO
01-22 19:18:45.629  7505  7532 V python  : extracting _python_bundle/site-packages/setuptools-51.3.3-py3.11.egg-info/SOURCES.txt
01-22 19:18:45.629  7505  7532 V python  : extracting _python_bundle/site-packages/setuptools-51.3.3-py3.11.egg-info/dependency_links.txt
01-22 19:18:45.629  7505  7532 V python  : extracting _python_bundle/site-packages/setuptools-51.3.3-py3.11.egg-info/entry_points.txt
01-22 19:18:45.629  7505  7532 V python  : extracting _python_bundle/site-packages/setuptools-51.3.3-py3.11.egg-info/requires.txt
01-22 19:18:45.629  7505  7532 V python  : extracting _python_bundle/site-packages/setuptools-51.3.3-py3.11.egg-info/top_level.txt
01-22 19:18:45.629  7505  7532 V python  : extracting _python_bundle/site-packages/setuptools/
01-22 19:18:45.629  7505  7532 V python  : extracting _python_bundle/site-packages/setuptools/__init__.pyc
01-22 19:18:45.629  7505  7532 V python  : extracting _python_bundle/site-packages/setuptools/_deprecation_warning.pyc
01-22 19:18:45.629  7505  7532 V python  : extracting _python_bundle/site-packages/setuptools/_distutils/
01-22 19:18:45.629  7505  7532 V python  : extracting _python_bundle/site-packages/setuptools/_distutils/__init__.pyc
01-22 19:18:45.629  7505  7532 V python  : extracting _python_bundle/site-packages/setuptools/_distutils/_msvccompiler.pyc
01-22 19:18:45.630  7505  7532 V python  : extracting _python_bundle/site-packages/setuptools/_distutils/archive_util.pyc
01-22 19:18:45.630  7505  7532 V python  : extracting _python_bundle/site-packages/setuptools/_distutils/bcppcompiler.pyc
01-22 19:18:45.630  2814  2814 W View    : requestLayout() improperly called by com.android.systemui.qs.SecQSGradationDrawableView{eced6f3 V.E...... ......ID 0,0-1440,413 #7f0a0a16 app:id/qs_gradation_view} during layout: running second layout pass
01-22 19:18:45.630  2814  2814 W View    : requestLayout() improperly called by android.widget.FrameLayout{681bfb0 V.E...... ......I. 0,0-1440,3120 #2} during layout: running second layout pass
01-22 19:18:45.630  2814  2814 W View    : requestLayout() improperly called by android.widget.FrameLayout{fc66e29 V.E...... ......ID 0,196-1440,2952 #7f0a0a14 app:id/qs_frame} during layout: running second layout pass
01-22 19:18:45.630  7505  7532 V python  : extracting _python_bundle/site-packages/setuptools/_distutils/ccompiler.pyc
01-22 19:18:45.630  1248  1248 I SurfaceFlinger: destroyed NotificationShade$_2814#497715
01-22 19:18:45.630  2814  2814 W RefactorFlag: New code path expects SceneContainerFlag to be enabled.
01-22 19:18:45.630  7505  7532 V python  : extracting _python_bundle/site-packages/setuptools/_distutils/cmd.pyc
01-22 19:18:45.630  7505  7532 V python  : extracting _python_bundle/site-packages/setuptools/_distutils/command/
01-22 19:18:45.630  7505  7532 V python  : extracting _python_bundle/site-packages/setuptools/_distutils/command/__init__.pyc
01-22 19:18:45.630  7505  7532 V python  : extracting _python_bundle/site-packages/setuptools/_distutils/command/bdist.pyc
01-22 19:18:45.630  1248  1248 I Layer   : id=497715 Destroyed NotificationShade$_2814#497715
01-22 19:18:45.630  7505  7532 V python  : extracting _python_bundle/site-packages/setuptools/_distutils/command/bdist_dumb.pyc
01-22 19:18:45.631  7505  7532 V python  : extracting _python_bundle/site-packages/setuptools/_distutils/command/bdist_msi.pyc
01-22 19:18:45.631 30801 30819 I BLASTBufferQueue: [VRI[FP Iconview]@97f2e43#2](f:0,a:3,s:0) onFrameAvailable-start syncTransactionSet=false
01-22 19:18:45.631 30801 30819 I BLASTBufferQueue: [VRI[FP Iconview]@97f2e43#2](f:0,a:3,s:0) onFrameAvailable framenumber=61 syncTransactionSet=false
01-22 19:18:45.631 30801 30819 I BLASTBufferQueue: [VRI[FP Iconview]@97f2e43#2](f:1,a:3,s:0) onFrameAvailable framenumber=61 syncTransactionSet=false
01-22 19:18:45.631 30801 30819 I BLASTBufferQueue: [VRI[FP Iconview]@97f2e43#2](f:0,a:4,s:0) mergePendingTransactions t: 132289287684277, frameNumber: 61
01-22 19:18:45.631  7505  7532 V python  : extracting _python_bundle/site-packages/setuptools/_distutils/command/bdist_rpm.pyc
01-22 19:18:45.631  7505  7532 V python  : extracting _python_bundle/site-packages/setuptools/_distutils/command/bdist_wininst.pyc
01-22 19:18:45.631  7505  7532 V python  : extracting _python_bundle/site-packages/setuptools/_distutils/command/build.pyc
01-22 19:18:45.631  7505  7532 V python  : extracting _python_bundle/site-packages/setuptools/_distutils/command/build_clib.pyc
01-22 19:18:45.631  7505  7532 V python  : extracting _python_bundle/site-packages/setuptools/_distutils/command/build_ext.pyc
01-22 19:18:45.632  7505  7532 V python  : extracting _python_bundle/site-packages/setuptools/_distutils/command/build_py.pyc
01-22 19:18:45.632  7505  7532 V python  : extracting _python_bundle/site-packages/setuptools/_distutils/command/build_scripts.pyc
01-22 19:18:45.632  7505  7532 V python  : extracting _python_bundle/site-packages/setuptools/_distutils/command/check.pyc
01-22 19:18:45.632 30801 30819 I BLASTBufferQueue: [VRI[FP Iconview]@97f2e43#2](f:0,a:4,s:0) acquireNextBufferLocked size=1454x3134 mFrameNumber=61 applyTransaction=true mTimestamp=1866884430926437(auto) mPendingTransactions.size=0 graphicBufferId=132289287684108 transform=0
01-22 19:18:45.632 16056 16056 I [WEATHER]SourceFile: {[B8E6B66D4E1D4965B3896A19A06DF838C0D9FDF1459F6FC0F025D09EBF1DC7DA6EF839121FA7673FB4E9732D7FA3DF18E90DD2D503DD032749FB9C90BC591DC69F0E45CDE92CA7EA128937F2E9BE8805AB4C51148BD4472C96DE3A3984074E788E3093D3566F5D92E953E651F8AA44975B5D8046CBFD59AAC185B0A0453488C0F4E8810EA50D2EC2916699FD8B86446E1E479D6428BF26D3A4F983F938171DC6885E5F9DD5D0A25681EE07C34D2F53F6DB2FA8D2CDAEEF29BC8AEF381F32F93BB804C0B17A13C3543492770AE474C911A3C85F0CA96500C17D4BDA4BEF2F6B72AB44DEEE82B29B6FBDB952E45BA081B53F68B5D4BE48CC4E3D85ADF99FDA8BA12E51F5D61A3F6718F079E905BC26F253122EB46C846D737E15043B7B9CC29096BE2514C2366E20BC747D7547A22E32E8248EEAD3370D734680D8A369E02FD82329C9A751B98E5D56965E3CE781E0EAB6A155C3C62C14775726D547B5F5A2CFEA6B8B45469FAC529ACDACAFF2B0AF9E8CE00FBDBE70CD61C37BC451964B9821635212CE6D13CD1009F8D807FF6AB479A25856A73A1D5EFB6071CDA38F29DA332C6F91FF9930964B2BF391CB79E975FC832852F9966C8BC223DB253D94729B3EAF23B18A902718D8563C16FAB80F61247C6953CD8B8D5F19B876731E084956C950246448DB990D6F9BBAA9DE39AE28CA73A60E86FC6A0FED9D648098BFDBAAEAED8FDEB782C85CE8E65A5E74EF81526435]}
01-22 19:18:45.632  7505  7532 V python  : extracting _python_bundle/site-packages/setuptools/_distutils/command/clean.pyc
01-22 19:18:45.632 16056 16056 I [WEATHER]SourceFile: {[2315CD5C40DFB8540B7507C5687A26C572827F4EB9264FA539FF5C93CBC6B50CBBDBC4EDE68E0F318ABA3D638B1D45AB6AC96AFFA5EDBDF4B64080745A389FAAE238C90FE8EB492F893AF78CB393D628BED87E592E63523353840EA27CB61504BD40322F4405A108283C4D2D3950733828C786A9A27348FE707E137E23A3C03300F536AD5E1DE5A54DEFFA94A35A9ABA2C01C26CB7A9F832CD8C5BDAFB640CA9B08304ED984B5F596C68746433B8B2F06E4109CF454B96D8943EBB92DE824DCFA6BC82730A296D69AB782ADFE26C7A7C88FF1C32D5EB536E54DC08F3E883777FD74EF8746A4C1210E8D0F310F60B5A8D940A957409A5A2381CCF2DD2EE645DF4F22A0C424195C627B9BC7132211158086384BEC506A2BDC0A8C318849A39A1747870EC5F1A766B788FFD366DF6E144E4BC4C9BEBA99FC6754E9F11EF5AD144F02FAAB68CAAC27DDFF22E7CAF13973B380FD8EBE3B39B2A1BA014A03EF9E28A4A5C0E65AF29E5106BFCA6FAFAC871CF3C7FB6C63BBA0ADE30D236D5A4B87A996448036EF61EA875E2F0E26DD89C8860739BB395A1CA06CF6DA54ECA5AFD07CB323ECA24D10E5DCB2A8AE070A858EC4492A8EFBC5DEDA0CEE4752D789CAEDAA8E796BCC343E110A19E35CA14BA85D2CDD8AF3429A047E18C87A1954648AF6C6F898D609592854E7FA8E7223A3C53744DA9E5BE2B0AFD300C50D6F6250EA5214B91370067C0AB325B548D440E84602C8872]}
01-22 19:18:45.632  7505  7532 V python  : extracting _python_bundle/site-packages/setuptools/_distutils/command/config.pyc
01-22 19:18:45.632 16056 16056 I [WEATHER]SourceFile: {[6D7805D33CF715AF9A12204182BD73D41FB1DC61B889FBF83182EB0847DD95FB0FEC14CD75D7596722ECC30A26CFF73D08BDF7F82C453C833AF74ECFB9113786DDD4A0F319AB63C4E14DD5170E77EC9C3546399DC3CDA28CAFFD170B6FDA39F0D02C788F2A70616EC259A7D33CEDA9AA4A844186AB110D3F6FF733951504BE901EBDBB00C1773655B1F78340423D3FE665792B013076638119CBD92979738A8E859A6D1B174333BA53806C60E249F0F2E3AC86BDB3F788708646FD7C77B7C846C2DF9562788269F80A2E63CF1F68B34BA9359CA23527BFF79B1ECE83BF263F45BEB2103E8733728B44ACB8B1B4765C5AEB6A0DEAA0D4CD0ACD96F62EB405A32BA0BF5777ED62B7E289F982101A165B83288CF83BC7CB23C76F15D7008387D8BDA329E7BEDB21C2CBE63519592CEB21E14DAF2C41EECB7E01BD6DEE3DF7579F4B34A67030321A812B0D293C42D49056F1FC2796DDA5C14302575D61BFF58687F1DC5628985C0729E854283F782A0D077E16C4A519E1BD8139524DA80097DDB78D865A1920C8EB6BF59986581B1D47527654C51969F3347D5F5622703363BECD16FBF37E9FA9585E852F9E1F57E76845C2A6C629B91598452F32F7834E92D1ACDDF0362826B0AC499448055D973D3E12EA122D0BB8E04EDAF98837251C266E930E088577907E6FCF91C14A77F75C0164FAEDAEAE8E90E3B003A605908A246E909C2FD50774A1E2D1A71FAF6A683434DCE1]}
01-22 19:18:45.632 16056 16056 I [WEATHER]SourceFile: {[3DC6488AD253682E9EF850CB2B9772E9BEC47A7A257DBAB606D35E01AF27D3B3D651AC2BA4B42EA1D3D6B9FA4DA7E6E3AA1CBDAE64F6B0B8AB0CABF5780633CA24672A27A6A6C7419884C315DBBAD80F2FEAA2083C482C3133672D76A8264FCAC3EFCD0D786DD5838FD5DD50CC61BFC31E26B32D061F6DF2E716823F6F8892080E940AC453DD18D093F5D81BBC3D8F963D8A422ED86E8F4C4D4218F212B12304BC95E1C0F21DB563BC2597DD8A6049A073EB0B5DE2EF954651BB163491D9E6A34F5082EC1D5F38D6A319B20F9A2F26BCB51E33DCABF5F10259F2C8FB828268E7EC7E2C776758B6D5187493AF8A66BBF0270692D976C9B3F1B7C5C6E16CCF56C440B55947C31ADA4E1CCAE15A06050AE84D6AF8AAD7D5F3B0B3E1F40582B8E36A43FDB577A09FD6AA2633CCDFD2F0BA0CEC65EE0FB6B87C9D3C1A801DCC43D8277755003E5F0313527D88DF368CE42B0F8013714F77B064079BA18D165C064E4DB94ECA7FDE28C43B5C48C8CD932E7345689DDC56DB7F6C5C1078ED2BCC99DD1FC1D4F9306EA9F35C63A3413FF155BA17E1444522A76D845FF2480772E433605D474F4FB225CD3C315C526B8E7B2E82D43DEA9F8763BDCDDDBA802F41B56546B0E881D591F7F878FBC564AD3D2CAD790694C550679293D3AF7E4EC69BE4AB17124D4664EB0D95AC2BB34483779C3E875E82CA4BD3D5E882E0C93639DA6160E7C00D8D6887EB4B64585557BDB32D1C2F47]}
01-22 19:18:45.632  7505  7532 V python  : extracting _python_bundle/site-packages/setuptools/_distutils/command/install.pyc
01-22 19:18:45.632 16056 16056 I [WEATHER]SourceFile: {[4BF101713921FA018AF795514B171FAF838E8EC3C111CD54F1885E5D99EA2ED90C8AC2A2D4CB21F7F233A7B80BC45804B34505696EDBD8D626F9E8B5400A9CCAD329A4E2DB93832AE7D722784AF26E594C073E6CC1063976BC49461CEA83ADB6E8B71DA2B0CF64A36D66883395F201F453EAACECA9451571769155A48621A302D27F378E60AD77DE28A174397903157E66AB4D7A0D822C7E99F39A98663819CFE06671CEA46E51341FC7860AB10DF7F64B84A53A9E81DEBEDD3BB7DBCA30297A3859253F51804D4DBABBABEB00286C547935FF9FFDD9A37F807E473DA3817A26D01827A6114C497C48CA1A707E2EC22244787FF675A46B38BB188811A334CFCC5B48E92AC5D091DFA19D877421C9A6645889E3F77592B9006385B87378E4F7787386943FB6D73A34843808CE5BA70A187B7D743EB0D1977F63737A66B8B4084A0898DE0778BA6D790A413BC9AEB4BABE08724E790FDD9437461116CFC5956433ABE8BFFEAD85421E8179C9D45D083D398DBCA8C085C761E1AFDF3F05E0B191C3A6D5252C2FCC4E2770C221235A6F6A2FA5577DAA987B3A8FB5D366D77BC3F26526320F355418397EBB64330F4DB40BEE95E387A545A5565C68880E9F1DA8A57A2D6E83889C8C34BF56E94F0CB3CCA50E77B9FF8FED1E6495F9C5B4F65E0E0FBEFCA237AFA63ED1CFB69F3457864BF2D1C7970955D7DACF8A66E9299F4CC87A336DFCC7F2021A849DF46655E1619F49A7]}
01-22 19:18:45.632 16056 16056 I [WEATHER]SourceFile: {[7AB64EC54D638DE9CF6B79D4E82E67D1C72E44598BF5EBA4049DF5695EA4CA883AB0A3BCA013FF8A745156FC139FF94D9E9AACEAFB31EF053A7ED26B4FC74AA0E5D78E2671CE44570D41A067FFA999923F331906A2A25D3596E1D120236608E94DB112AB2C7E1A5EA3620461A693FDFD99E47B04E25B5C5C813673FF5E30B09917FE5B55D314953CB4F725F43E4679971C7EAC571DDE7DF830372E7F3A9A15CF9BAA947A09D39DCD58889CCACC6DC966BE3A089D49A6BB94A31A3EE922BA0C65A7E866E636700383A22B414C18129999A51CC2380E4AF33A4A1BA99F11BE455224CBEE5E73CE23C22DE51AC70A80B3C3AC9CFF89898DC26FE1CA4E99B419EDFE956FA07C28A84E28963877E5F0BBADDFA0691FC8C7E2980AD3B4EB0C83E4646C81A17E81F142FA973A963FE102EA5B1A0BCB0221127BD7B33BEA9434E1FA972F48692C93C505C4AF31F6D658BD3AC662D30FE21B63FDA47E9D08B0A3ECAA1C75F34F35087C59F84CBAC1DB3BA6A52F9690B0AB4308EFAF370743ECFCD7AC20819359173540311DDC328085CFDE1CFD7A590E9105A459D9A184403CC40834AE2F8A062D363D9861BA5ECD7AF922B7F3BA2E8B987C68B3E3DD87CD3FBE0DCB7804FDBC6DB5584F8B5196B2552F0393FA23E838D04FA9B350AEA5D1A57FD060B7465E913C39C34ACE52AE60C64F92F0BD95ED3E11FE29489F2ABD5B55AAB6B0FDC268294D70D6B30AAF45157AD7649CC9F5]}
01-22 19:18:45.632  7505  7532 V python  : extracting _python_bundle/site-packages/setuptools/_distutils/command/install_data.pyc
01-22 19:18:45.633  7505  7532 V python  : extracting _python_bundle/site-packages/setuptools/_distutils/command/install_egg_info.pyc
01-22 19:18:45.633  2814  2814 D DisplayLifecycle: updateDisplay id = 0
01-22 19:18:45.633 16056 16056 I [WEATHER]SourceFile: {[F39FC3621BBEFD49593F24722BB4ED54D45585F90A19CC831716FDFC03113900FC0A7864FC9F4B4CCEC3FCA9031664246E517FF1DDFACA36C1310C8D568ED505BCF44332B4AF2607C74C5DD3CE997F9852A365F4418A2E437D0D01AFA937B3DC1E8BEA5A56991A0FCE0E26B36E824786F3AC36A88084679BA2EA4DB0C7ED622202E54FDC987774A3E7C4B63FD17E112A62389B3CD5694EE2E4E352E9FF915BCE7AFA8C4BDEAFAAE59A6ECE0343A5DABBCF11325D242AA16F6B0A25A8A1AE846CBE53DD5B4641D540EB1AD5D56657E5BBB688A9B55EB1DFAAA8EE135353E175F2722A644B013411CC6FEE26B34935967DE50218A1C9AACB0AE1615C323276D311887B7B08B3CC50EB099C768590E4EEE0403F77BAF013F2306DDFFF7687DA8A2CEFDBBC156CF14154ECDB75D59977DD0CF0E9504EDEE3CFDE0C3E53B2B0DCA82D02E294806F156F110D02429A948275F8DCB35119F55317B3A9B18AF284059E5B285A40FF1BC770C793F1D29C0DA418B2B6D8D95A5E09ECA452AD10A5B10B12404FF4D7D91372646EBEDA1EAEA91728334565D7C791590E08CBAE1684388E852F440AC592401A327D31CEADC8453B015D]}
01-22 19:18:45.633  7505  7532 V python  : extracting _python_bundle/site-packages/setuptools/_distutils/command/install_headers.pyc
01-22 19:18:45.633  7505  7532 V python  : extracting _python_bundle/site-packages/setuptools/_distutils/command/install_lib.pyc
01-22 19:18:45.633 30801 30810 I BLASTBufferQueue: [VRI[FP Iconview]@97f2e43#2](f:0,a:4,s:0) releaseBufferCallback bufferId:132289287684107 framenumber:58 layerId:497727
01-22 19:18:45.633 30801 30810 I BLASTBufferQueue: [VRI[FP Iconview]@97f2e43#2](f:0,a:3,s:0) released bufferId:132289287684107 framenumber:58 layerId:497727
01-22 19:18:45.633  7505  7532 V python  : extracting _python_bundle/site-packages/setuptools/_distutils/command/install_scripts.pyc
01-22 19:18:45.633  2814  2814 D KeyguardUpdateMonitor: isUserUnlocked userId:0, unlocked:true
01-22 19:18:45.633 30801 30810 I BLASTBufferQueue: [VRI[FP Iconview]@97f2e43#2](f:0,a:3,s:0) Can't acquire next buffer. No available frames
01-22 19:18:45.633 30801 30810 I BLASTBufferQueue: [VRI[FP Iconview]@97f2e43#2](f:0,a:3,s:0) transactionCallback
01-22 19:18:45.633 30801 30810 I BLASTBufferQueue: [VRI[FP Iconview]@97f2e43#2](f:0,a:3,s:0) updated mTransformHint=0
01-22 19:18:45.633  7505  7532 V python  : extracting _python_bundle/site-packages/setuptools/_distutils/command/py37compat.pyc
01-22 19:18:45.633  2814  2814 D KeyguardUpdateMonitor: isUserUnlocked userId:0, unlocked:true
01-22 19:18:45.633  7505  7532 V python  : extracting _python_bundle/site-packages/setuptools/_distutils/command/register.pyc
01-22 19:18:45.633  2814  2814 D KeyguardUpdateMonitor: isUserUnlocked userId:0, unlocked:true
01-22 19:18:45.633  7505  7532 V python  : extracting _python_bundle/site-packages/setuptools/_distutils/command/sdist.pyc
01-22 19:18:45.633  2814  2814 D KeyguardSecBottomAreaViewController: updateCameraVisibility isCameraDisabled:false visible:true
01-22 19:18:45.633  2814  2814 D KeyguardUpdateMonitor: isUserUnlocked userId:0, unlocked:true
01-22 19:18:45.633  2814  2814 D KeyguardUpdateMonitor: isUserUnlocked userId:0, unlocked:true
01-22 19:18:45.633  2814  2814 D KeyguardUpdateMonitor: isUserUnlocked userId:0, unlocked:true
01-22 19:18:45.633  7505  7532 V python  : extracting _python_bundle/site-packages/setuptools/_distutils/command/upload.pyc
01-22 19:18:45.633  7505  7532 V python  : extracting _python_bundle/site-packages/setuptools/_distutils/config.pyc
01-22 19:18:45.633  2814  2814 D KeyguardSecBottomAreaViewController: updateCameraVisibility isCameraDisabled:false visible:true
01-22 19:18:45.633  7505  7532 V python  : extracting _python_bundle/site-packages/setuptools/_distutils/core.pyc
01-22 19:18:45.634  7505  7532 V python  : extracting _python_bundle/site-packages/setuptools/_distutils/cygwinccompiler.pyc
01-22 19:18:45.634  7505  7532 V python  : extracting _python_bundle/site-packages/setuptools/_distutils/debug.pyc
01-22 19:18:45.634  7505  7532 V python  : extracting _python_bundle/site-packages/setuptools/_distutils/dep_util.pyc
01-22 19:18:45.634  2814  2814 D View    : semSetBlurInfo, blurInfo : null, com.android.systemui.statusbar.KeyguardSecAffordanceView{7d6b948 V.ED..... ......ID 0,0-159,159 #7f0a0cad app:id/start_button}
01-22 19:18:45.634  7505  7532 V python  : extracting _python_bundle/site-packages/setuptools/_distutils/dir_util.pyc
01-22 19:18:45.634  2814  2814 D View    : semSetBlurInfo, blurInfo : null, com.android.systemui.statusbar.KeyguardSecAffordanceView{94b6665 V.ED..... ......ID 0,0-159,159 #7f0a0469 app:id/end_button}
01-22 19:18:45.634  2814  2814 D View    : semSetBlurInfo, blurInfo : null, com.android.systemui.statusbar.KeyguardSecAffordanceView{7d6b948 V.ED..... ......ID 0,0-159,159 #7f0a0cad app:id/start_button}
01-22 19:18:45.634  2814  2814 D View    : semSetBlurInfo, blurInfo : null, com.android.systemui.statusbar.KeyguardSecAffordanceView{94b6665 V.ED..... ......ID 0,0-159,159 #7f0a0469 app:id/end_button}
01-22 19:18:45.634  7505  7532 V python  : extracting _python_bundle/site-packages/setuptools/_distutils/dist.pyc
01-22 19:18:45.634  1559  6879 I AppWidgetServiceImpl: getAppWidgetInfo() 2, from 0
01-22 19:18:45.634  2814  2814 D BioUnlock: idle state
01-22 19:18:45.634  7505  7532 V python  : extracting _python_bundle/site-packages/setuptools/_distutils/errors.pyc
01-22 19:18:45.634  7505  7532 V python  : extracting _python_bundle/site-packages/setuptools/_distutils/extension.pyc
01-22 19:18:45.634  7505  7532 V python  : extracting _python_bundle/site-packages/setuptools/_distutils/fancy_getopt.pyc
01-22 19:18:45.635  7505  7532 V python  : extracting _python_bundle/site-packages/setuptools/_distutils/file_util.pyc
01-22 19:18:45.635  7505  7532 V python  : extracting _python_bundle/site-packages/setuptools/_distutils/filelist.pyc
01-22 19:18:45.635  7505  7532 V python  : extracting _python_bundle/site-packages/setuptools/_distutils/log.pyc
01-22 19:18:45.635  7505  7532 V python  : extracting _python_bundle/site-packages/setuptools/_distutils/msvc9compiler.pyc
01-22 19:18:45.635  7505  7532 V python  : extracting _python_bundle/site-packages/setuptools/_distutils/msvccompiler.pyc
01-22 19:18:45.635  7505  7532 V python  : extracting _python_bundle/site-packages/setuptools/_distutils/py35compat.pyc
01-22 19:18:45.635  7505  7532 V python  : extracting _python_bundle/site-packages/setuptools/_distutils/py38compat.pyc
01-22 19:18:45.635  7505  7532 V python  : extracting _python_bundle/site-packages/setuptools/_distutils/spawn.pyc
01-22 19:18:45.636  7505  7532 V python  : extracting _python_bundle/site-packages/setuptools/_distutils/sysconfig.pyc
01-22 19:18:45.636  1195  1318 I SensorsHub: LightCCT_Sensor: lux = 13, CCT = 0, rawLux = 13, roi = 3, time = 2541830660777148
01-22 19:18:45.636  1195  1318 I SensorsHub: PocketMode: event = 2, reason = 7, base = 546 current = 548 temp = 549 time = 2541830640760742
01-22 19:18:45.636  7505  7532 V python  : extracting _python_bundle/site-packages/setuptools/_distutils/text_file.pyc
01-22 19:18:45.636  7505  7532 V python  : extracting _python_bundle/site-packages/setuptools/_distutils/unixccompiler.pyc
01-22 19:18:45.636  7505  7532 V python  : extracting _python_bundle/site-packages/setuptools/_distutils/util.pyc
01-22 19:18:45.636  1559  1559 D PocketProximityManager: POCKET SENSOR : state 2 reason 7 proxy1 546 proxy2 548 lux 13
01-22 19:18:45.636  1559  1559 D PocketProximityManager: POCKET SENSOR : proxy3 549 proxy4 550 proxy5 549
01-22 19:18:45.636  7505  7532 V python  : extracting _python_bundle/site-packages/setuptools/_distutils/version.pyc
01-22 19:18:45.636  7505  7532 V python  : extracting _python_bundle/site-packages/setuptools/_distutils/versionpredicate.pyc
01-22 19:18:45.636  7505  7532 V python  : extracting _python_bundle/site-packages/setuptools/_imp.pyc
01-22 19:18:45.636  7505  7532 V python  : extracting _python_bundle/site-packages/setuptools/_vendor/
01-22 19:18:45.636  7505  7532 V python  : extracting _python_bundle/site-packages/setuptools/_vendor/__init__.pyc
01-22 19:18:45.637  7505  7532 V python  : extracting _python_bundle/site-packages/setuptools/_vendor/ordered_set.pyc
01-22 19:18:45.637  7505  7532 V python  : extracting _python_bundle/site-packages/setuptools/_vendor/packaging/
01-22 19:18:45.637  7505  7532 V python  : extracting _python_bundle/site-packages/setuptools/_vendor/packaging/__about__.pyc
01-22 19:18:45.637  7505  7532 V python  : extracting _python_bundle/site-packages/setuptools/_vendor/packaging/__init__.pyc
01-22 19:18:45.637  7505  7532 V python  : extracting _python_bundle/site-packages/setuptools/_vendor/packaging/_compat.pyc
01-22 19:18:45.637  7505  7532 V python  : extracting _python_bundle/site-packages/setuptools/_vendor/packaging/_structures.pyc
01-22 19:18:45.637  7505  7532 V python  : extracting _python_bundle/site-packages/setuptools/_vendor/packaging/_typing.pyc
01-22 19:18:45.637  7505  7532 V python  : extracting _python_bundle/site-packages/setuptools/_vendor/packaging/markers.pyc
01-22 19:18:45.637  7505  7532 V python  : extracting _python_bundle/site-packages/setuptools/_vendor/packaging/requirements.pyc
01-22 19:18:45.637  1559  3508 D SemWifiApSmartUtil:  getting AES
01-22 19:18:45.637  1559  3508 I SemWifiApSmartUtil: checkCommonConditionForAutoHotspot
01-22 19:18:45.637  7505  7532 V python  : extracting _python_bundle/site-packages/setuptools/_vendor/packaging/specifiers.pyc
01-22 19:18:45.637  1559  3508 I SemWifiApSmartUtil: default value : 1   isNearbyEnabled : true
01-22 19:18:45.637  1559  3508 I SemWifiApSmartUtil: Preconditions BLE is ON
01-22 19:18:45.637  1559  3508 I SemWifiApSmartBleScanner: checkPreConditions : CAN_USE_BLE 
01-22 19:18:45.637  1559  3508 I SemWifiApSmartUtil: checkCommonConditionForAutoHotspot
01-22 19:18:45.637  1559  3508 I SemWifiApSmartUtil: default value : 1   isNearbyEnabled : true
01-22 19:18:45.637  1559  3508 I SemWifiApSmartUtil: Preconditions BLE is ON
01-22 19:18:45.637  7505  7532 V python  : extracting _python_bundle/site-packages/setuptools/_vendor/packaging/tags.pyc
01-22 19:18:45.638  1559  3508 I SemWifiApSmartUtil: default value : 1   isNearbyEnabled : true
01-22 19:18:45.638  1559  3508 D BluetoothAdapter: semIsBleEnabled(): ON
01-22 19:18:45.638  7505  7532 V python  : extracting _python_bundle/site-packages/setuptools/_vendor/packaging/utils.pyc
01-22 19:18:45.638  7505  7532 V python  : extracting _python_bundle/site-packages/setuptools/_vendor/packaging/version.pyc
01-22 19:18:45.638  1559  3508 I SemWifiApSmartUtil: default value : 1   isNearbyEnabled : true
01-22 19:18:45.638  7505  7532 V python  : extracting _python_bundle/site-packages/setuptools/_vendor/pyparsing.pyc
01-22 19:18:45.638  1559  3508 E SemWifiApSmartBleScanner: mGuidScanFilterBluetoothLeScanFilter [mDeviceName=null, mDeviceAddress=null, mUuid=null, mUuidMask=null, mServiceSolicitationUuid=null, mServiceSolicitationUuidMask=null, mServiceDataUuid=null, mServiceData=null, mServiceDataMask=null, mManufacturerId=117, mManufacturerData=[1, 18, 22, -90, -17, -109, 0, 0, 0, 0, 4, 0, 0, 0, 0, 0, 0, 0, 0, 0, 0, 0, 0, 0], mManufacturerDataMask=[0, -1, -1, -1, -1, -1, 0, 0, 0, 0, 0, 0, 0, 0, 0, 0, 0, 0, 0, 0, 0, 0, 0, 0], mAdvertisingDataType=-1, mAdvertisingData=null, mAdvertisingDataMask=null, mTransportBlockFilter=null]
01-22 19:18:45.638  1559  3508 D BluetoothAdapter: isLeEnabled(): ON
01-22 19:18:45.639  1559  3508 D BluetoothLeScanner: Start Scan with callback
01-22 19:18:45.639 30801 30819 I BLASTBufferQueue: [VRI[FP Iconview]@97f2e43#2](f:0,a:3,s:0) onFrameAvailable-start syncTransactionSet=false
01-22 19:18:45.639 30801 30819 I BLASTBufferQueue: [VRI[FP Iconview]@97f2e43#2](f:0,a:3,s:0) onFrameAvailable framenumber=62 syncTransactionSet=false
01-22 19:18:45.639 30801 30819 I BLASTBufferQueue: [VRI[FP Iconview]@97f2e43#2](f:1,a:3,s:0) onFrameAvailable framenumber=62 syncTransactionSet=false
01-22 19:18:45.639 30801 30819 I BLASTBufferQueue: [VRI[FP Iconview]@97f2e43#2](f:0,a:4,s:0) mergePendingTransactions t: 132289287684279, frameNumber: 62
01-22 19:18:45.639  7505  7532 V python  : extracting _python_bundle/site-packages/setuptools/archive_util.pyc
01-22 19:18:45.639  7505  7532 V python  : extracting _python_bundle/site-packages/setuptools/build_meta.pyc
01-22 19:18:45.639 30801 30819 I BLASTBufferQueue: [VRI[FP Iconview]@97f2e43#2](f:0,a:4,s:0) acquireNextBufferLocked size=1454x3134 mFrameNumber=62 applyTransaction=true mTimestamp=1866884439466867(auto) mPendingTransactions.size=0 graphicBufferId=132289287684107 transform=0
01-22 19:18:45.639 28652 29634 I bt_shim_scanner: system/main/shim/le_scanning_manager.cc:135 RegisterScanner: in shim layer, UUID=6cde06de-21c7-4ae3-987f-52895a79b50b
01-22 19:18:45.640 30801 30810 I BLASTBufferQueue: [VRI[FP Iconview]@97f2e43#2](f:0,a:4,s:0) releaseBufferCallback bufferId:132289287684106 framenumber:59 layerId:497727
01-22 19:18:45.640 30801 30810 I BLASTBufferQueue: [VRI[FP Iconview]@97f2e43#2](f:0,a:3,s:0) released bufferId:132289287684106 framenumber:59 layerId:497727
01-22 19:18:45.640  7505  7532 V python  : extracting _python_bundle/site-packages/setuptools/cli-32.exe
01-22 19:18:45.640 30801 30810 I BLASTBufferQueue: [VRI[FP Iconview]@97f2e43#2](f:0,a:3,s:0) Can't acquire next buffer. No available frames
01-22 19:18:45.640 30801 30810 I BLASTBufferQueue: [VRI[FP Iconview]@97f2e43#2](f:0,a:3,s:0) transactionCallback
01-22 19:18:45.640 30801 30810 I BLASTBufferQueue: [VRI[FP Iconview]@97f2e43#2](f:0,a:3,s:0) updated mTransformHint=0
01-22 19:18:45.640 28652 28686 W bluetooth: system/gd/hci/le_scanning_manager.cc:650 register_scanner: register_scanner
01-22 19:18:45.640  1559  2706 D BluetoothLeScanner: onScannerRegistered() - status=0 scannerId=14 mScannerId=0
01-22 19:18:45.640  7505  7532 V python  : extracting _python_bundle/site-packages/setuptools/cli-64.exe
01-22 19:18:45.641  7505  7532 V python  : extracting _python_bundle/site-packages/setuptools/cli.exe
01-22 19:18:45.642  7505  7532 V python  : extracting _python_bundle/site-packages/setuptools/command/
01-22 19:18:45.642  7505  7532 V python  : extracting _python_bundle/site-packages/setuptools/command/__init__.pyc
01-22 19:18:45.642  7505  7532 V python  : extracting _python_bundle/site-packages/setuptools/command/alias.pyc
01-22 19:18:45.642  7505  7532 V python  : extracting _python_bundle/site-packages/setuptools/command/bdist_egg.pyc
01-22 19:18:45.642  7505  7532 V python  : extracting _python_bundle/site-packages/setuptools/command/bdist_rpm.pyc
01-22 19:18:45.642  7505  7532 V python  : extracting _python_bundle/site-packages/setuptools/command/bdist_wininst.pyc
01-22 19:18:45.642  7505  7532 V python  : extracting _python_bundle/site-packages/setuptools/command/build_clib.pyc
01-22 19:18:45.642  7505  7532 V python  : extracting _python_bundle/site-packages/setuptools/command/build_ext.pyc
01-22 19:18:45.642  7505  7532 V python  : extracting _python_bundle/site-packages/setuptools/command/build_py.pyc
01-22 19:18:45.643  7505  7532 V python  : extracting _python_bundle/site-packages/setuptools/command/develop.pyc
01-22 19:18:45.643  7505  7532 V python  : extracting _python_bundle/site-packages/setuptools/command/dist_info.pyc
01-22 19:18:45.643  7505  7532 V python  : extracting _python_bundle/site-packages/setuptools/command/easy_install.pyc
01-22 19:18:45.643 16056 16056 I GWT:SessionManager: [daemonapp] isSessionRunning(appWidget-2)==false(false, false)
01-22 19:18:45.643 16056 16056 W GWT:SessionManager: [daemonapp] Update Requested on MAIN THREAD!! Use Dispatchers.Default instead Main. If DO NOT, it will cause ANR and update cancelled frequently
01-22 19:18:45.644  7505  7532 V python  : extracting _python_bundle/site-packages/setuptools/command/egg_info.pyc
01-22 19:18:45.644  7505  7532 V python  : extracting _python_bundle/site-packages/setuptools/command/install.pyc
01-22 19:18:45.644  7505  7532 V python  : extracting _python_bundle/site-packages/setuptools/command/install_egg_info.pyc
01-22 19:18:45.644  7505  7532 V python  : extracting _python_bundle/site-packages/setuptools/command/install_lib.pyc
01-22 19:18:45.644 16056 16056 W GWT:SessionManager:     at W1.t.d(null:328)
01-22 19:18:45.644 16056 16056 W GWT:SessionManager:     at W1.r.invokeSuspend(null:12)
01-22 19:18:45.644 16056 16056 W GWT:SessionManager:     at q7.a.resumeWith(null:7)
01-22 19:18:45.644 16056 16056 W GWT:SessionManager:     at S8.K.run(null:109)
01-22 19:18:45.644 16056 16056 W GWT:SessionManager:     at android.os.Handler.handleCallback(Handler.java:995)
01-22 19:18:45.644  7505  7532 V python  : extracting _python_bundle/site-packages/setuptools/command/install_scripts.pyc
01-22 19:18:45.644 16056 16056 W GWT:SessionManager:     at android.os.Handler.dispatchMessage(Handler.java:103)
01-22 19:18:45.644 16056 16056 W GWT:SessionManager:     at android.os.Looper.loopOnce(Looper.java:273)
01-22 19:18:45.644 16056 16056 W GWT:SessionManager:     at android.os.Looper.loop(Looper.java:363)
01-22 19:18:45.644 16056 16056 W GWT:SessionManager:     at android.app.ActivityThread.main(ActivityThread.java:10060)
01-22 19:18:45.644 16056 16056 W GWT:SessionManager:     at java.lang.reflect.Method.invoke(Method.java:-2)
01-22 19:18:45.644 16056 16056 W GWT:SessionManager:     at com.android.internal.os.RuntimeInit$MethodAndArgsCaller.run(RuntimeInit.java:632)
01-22 19:18:45.644 16056 16056 W GWT:SessionManager:     at com.android.internal.os.ZygoteInit.main(ZygoteInit.java:975)
01-22 19:18:45.644 16056 16056 I GWT:AppWidget: [daemonapp] Update AppWidgetId(appWidgetId=2) widget / isRunning : false
01-22 19:18:45.644  7505  7532 V python  : extracting _python_bundle/site-packages/setuptools/command/launcher manifest.xml
01-22 19:18:45.644  7505  7532 V python  : extracting _python_bundle/site-packages/setuptools/command/py36compat.pyc
01-22 19:18:45.644  7505  7532 V python  : extracting _python_bundle/site-packages/setuptools/command/register.pyc
01-22 19:18:45.644  7505  7532 V python  : extracting _python_bundle/site-packages/setuptools/command/rotate.pyc
01-22 19:18:45.644  7505  7532 V python  : extracting _python_bundle/site-packages/setuptools/command/saveopts.pyc
01-22 19:18:45.645  7505  7532 V python  : extracting _python_bundle/site-packages/setuptools/command/sdist.pyc
01-22 19:18:45.645  7505  7532 V python  : extracting _python_bundle/site-packages/setuptools/command/setopt.pyc
01-22 19:18:45.645  7505  7532 V python  : extracting _python_bundle/site-packages/setuptools/command/test.pyc
01-22 19:18:45.645  7505  7532 V python  : extracting _python_bundle/site-packages/setuptools/command/upload.pyc
01-22 19:18:45.645  7505  7532 V python  : extracting _python_bundle/site-packages/setuptools/command/upload_docs.pyc
01-22 19:18:45.645  7505  7532 V python  : extracting _python_bundle/site-packages/setuptools/config.pyc
01-22 19:18:45.645  7505  7532 V python  : extracting _python_bundle/site-packages/setuptools/dep_util.pyc
01-22 19:18:45.645  7505  7532 V python  : extracting _python_bundle/site-packages/setuptools/depends.pyc
01-22 19:18:45.645  7505  7532 V python  : extracting _python_bundle/site-packages/setuptools/dist.pyc
01-22 19:18:45.646  7505  7532 V python  : extracting _python_bundle/site-packages/setuptools/errors.pyc
01-22 19:18:45.646  7505  7532 V python  : extracting _python_bundle/site-packages/setuptools/extension.pyc
01-22 19:18:45.646  7505  7532 V python  : extracting _python_bundle/site-packages/setuptools/extern/
01-22 19:18:45.646  7505  7532 V python  : extracting _python_bundle/site-packages/setuptools/extern/__init__.pyc
01-22 19:18:45.646  7505  7532 V python  : extracting _python_bundle/site-packages/setuptools/glob.pyc
01-22 19:18:45.646  7505  7532 V python  : extracting _python_bundle/site-packages/setuptools/gui-32.exe
01-22 19:18:45.647  7505  7532 V python  : extracting _python_bundle/site-packages/setuptools/gui-64.exe
01-22 19:18:45.647  7505  7532 V python  : extracting _python_bundle/site-packages/setuptools/gui.exe
01-22 19:18:45.647 30801 30819 I BLASTBufferQueue: [VRI[FP Iconview]@97f2e43#2](f:0,a:3,s:0) onFrameAvailable-start syncTransactionSet=false
01-22 19:18:45.647 30801 30819 I BLASTBufferQueue: [VRI[FP Iconview]@97f2e43#2](f:0,a:3,s:0) onFrameAvailable framenumber=63 syncTransactionSet=false
01-22 19:18:45.648 30801 30819 I BLASTBufferQueue: [VRI[FP Iconview]@97f2e43#2](f:1,a:3,s:0) onFrameAvailable framenumber=63 syncTransactionSet=false
01-22 19:18:45.648 30801 30819 I BLASTBufferQueue: [VRI[FP Iconview]@97f2e43#2](f:0,a:4,s:0) mergePendingTransactions t: 132289287684281, frameNumber: 63
01-22 19:18:45.648 30801 30819 I BLASTBufferQueue: [VRI[FP Iconview]@97f2e43#2](f:0,a:4,s:0) acquireNextBufferLocked size=1454x3134 mFrameNumber=63 applyTransaction=true mTimestamp=1866884447792258(auto) mPendingTransactions.size=0 graphicBufferId=132289287684106 transform=0
01-22 19:18:45.648 30801 30810 I BLASTBufferQueue: [VRI[FP Iconview]@97f2e43#2](f:0,a:4,s:0) releaseBufferCallback bufferId:132289287684105 framenumber:60 layerId:497727
01-22 19:18:45.648 30801 30810 I BLASTBufferQueue: [VRI[FP Iconview]@97f2e43#2](f:0,a:3,s:0) released bufferId:132289287684105 framenumber:60 layerId:497727
01-22 19:18:45.648 30801 30810 I BLASTBufferQueue: [VRI[FP Iconview]@97f2e43#2](f:0,a:3,s:0) Can't acquire next buffer. No available frames
01-22 19:18:45.648 30801 30810 I BLASTBufferQueue: [VRI[FP Iconview]@97f2e43#2](f:0,a:3,s:0) transactionCallback
01-22 19:18:45.648 30801 30810 I BLASTBufferQueue: [VRI[FP Iconview]@97f2e43#2](f:0,a:3,s:0) updated mTransformHint=0
01-22 19:18:45.648  7505  7532 V python  : extracting _python_bundle/site-packages/setuptools/installer.pyc
01-22 19:18:45.648  7505  7532 V python  : extracting _python_bundle/site-packages/setuptools/launch.pyc
01-22 19:18:45.648  7505  7532 V python  : extracting _python_bundle/site-packages/setuptools/lib2to3_ex.pyc
01-22 19:18:45.648  7505  7532 V python  : extracting _python_bundle/site-packages/setuptools/monkey.pyc
01-22 19:18:45.648  7505  7532 V python  : extracting _python_bundle/site-packages/setuptools/msvc.pyc
01-22 19:18:45.649  7505  7532 V python  : extracting _python_bundle/site-packages/setuptools/namespaces.pyc
01-22 19:18:45.649  7505  7532 V python  : extracting _python_bundle/site-packages/setuptools/package_index.pyc
01-22 19:18:45.649  7505  7532 V python  : extracting _python_bundle/site-packages/setuptools/py34compat.pyc
01-22 19:18:45.649  7505  7532 V python  : extracting _python_bundle/site-packages/setuptools/sandbox.pyc
01-22 19:18:45.650  7505  7532 V python  : extracting _python_bundle/site-packages/setuptools/script (dev).tmpl
01-22 19:18:45.650  7505  7532 V python  : extracting _python_bundle/site-packages/setuptools/script.tmpl
01-22 19:18:45.650  7505  7532 V python  : extracting _python_bundle/site-packages/setuptools/ssl_support.pyc
01-22 19:18:45.650  7505  7532 V python  : extracting _python_bundle/site-packages/setuptools/unicode_utils.pyc
01-22 19:18:45.650  7505  7532 V python  : extracting _python_bundle/site-packages/setuptools/version.pyc
01-22 19:18:45.650  7505  7532 V python  : extracting _python_bundle/site-packages/setuptools/wheel.pyc
01-22 19:18:45.650  7505  7532 V python  : extracting _python_bundle/site-packages/setuptools/windows_support.pyc
01-22 19:18:45.650  7505  7532 V python  : extracting _python_bundle/site-packages/six.pyc
01-22 19:18:45.651  7505  7532 V python  : extracting _python_bundle/site-packages/urllib3-2.6.3.dist-info/
01-22 19:18:45.651  7505  7532 V python  : extracting _python_bundle/site-packages/urllib3-2.6.3.dist-info/INSTALLER
01-22 19:18:45.651  7505  7532 V python  : extracting _python_bundle/site-packages/urllib3-2.6.3.dist-info/METADATA
01-22 19:18:45.651  7505  7532 V python  : extracting _python_bundle/site-packages/urllib3-2.6.3.dist-info/RECORD
01-22 19:18:45.651  7505  7532 V python  : extracting _python_bundle/site-packages/urllib3-2.6.3.dist-info/REQUESTED
01-22 19:18:45.651  7505  7532 V python  : extracting _python_bundle/site-packages/urllib3-2.6.3.dist-info/WHEEL
01-22 19:18:45.651  7505  7532 V python  : extracting _python_bundle/site-packages/urllib3-2.6.3.dist-info/licenses/
01-22 19:18:45.651  7505  7532 V python  : extracting _python_bundle/site-packages/urllib3-2.6.3.dist-info/licenses/LICENSE.txt
01-22 19:18:45.651  7505  7532 V python  : extracting _python_bundle/site-packages/urllib3/
01-22 19:18:45.651  7505  7532 V python  : extracting _python_bundle/site-packages/urllib3/__init__.pyc
01-22 19:18:45.651  7505  7532 V python  : extracting _python_bundle/site-packages/urllib3/_base_connection.pyc
01-22 19:18:45.651  7505  7532 V python  : extracting _python_bundle/site-packages/urllib3/_collections.pyc
01-22 19:18:45.652  7505  7532 V python  : extracting _python_bundle/site-packages/urllib3/_request_methods.pyc
01-22 19:18:45.652  7505  7532 V python  : extracting _python_bundle/site-packages/urllib3/_version.pyc
01-22 19:18:45.652  7505  7532 V python  : extracting _python_bundle/site-packages/urllib3/connection.pyc
01-22 19:18:45.652  7505  7532 V python  : extracting _python_bundle/site-packages/urllib3/connectionpool.pyc
01-22 19:18:45.652 16056 16107 W JobInfo : Requested important-while-foreground flag for job126355 is ignored and takes no effect
01-22 19:18:45.652  7505  7532 V python  : extracting _python_bundle/site-packages/urllib3/contrib/
01-22 19:18:45.652  7505  7532 V python  : extracting _python_bundle/site-packages/urllib3/contrib/__init__.pyc
01-22 19:18:45.652  7505  7532 V python  : extracting _python_bundle/site-packages/urllib3/contrib/emscripten/
01-22 19:18:45.652  7505  7532 V python  : extracting _python_bundle/site-packages/urllib3/contrib/emscripten/__init__.pyc
01-22 19:18:45.652  7505  7532 V python  : extracting _python_bundle/site-packages/urllib3/contrib/emscripten/connection.pyc
01-22 19:18:45.653  7505  7532 V python  : extracting _python_bundle/site-packages/urllib3/contrib/emscripten/emscripten_fetch_worker.js
01-22 19:18:45.653  7505  7532 V python  : extracting _python_bundle/site-packages/urllib3/contrib/emscripten/fetch.pyc
01-22 19:18:45.653  7505  7532 V python  : extracting _python_bundle/site-packages/urllib3/contrib/emscripten/request.pyc
01-22 19:18:45.653  7505  7532 V python  : extracting _python_bundle/site-packages/urllib3/contrib/emscripten/response.pyc
01-22 19:18:45.653  7505  7532 V python  : extracting _python_bundle/site-packages/urllib3/contrib/pyopenssl.pyc
01-22 19:18:45.653  7505  7532 V python  : extracting _python_bundle/site-packages/urllib3/contrib/socks.pyc
01-22 19:18:45.653  7505  7532 V python  : extracting _python_bundle/site-packages/urllib3/exceptions.pyc
01-22 19:18:45.654  7505  7532 V python  : extracting _python_bundle/site-packages/urllib3/fields.pyc
01-22 19:18:45.654  7505  7532 V python  : extracting _python_bundle/site-packages/urllib3/filepost.pyc
01-22 19:18:45.654  7505  7532 V python  : extracting _python_bundle/site-packages/urllib3/http2/
01-22 19:18:45.654  7505  7532 V python  : extracting _python_bundle/site-packages/urllib3/http2/__init__.pyc
01-22 19:18:45.654  7505  7532 V python  : extracting _python_bundle/site-packages/urllib3/http2/connection.pyc
01-22 19:18:45.654  7505  7532 V python  : extracting _python_bundle/site-packages/urllib3/http2/probe.pyc
01-22 19:18:45.654  7505  7532 V python  : extracting _python_bundle/site-packages/urllib3/poolmanager.pyc
01-22 19:18:45.654  7505  7532 V python  : extracting _python_bundle/site-packages/urllib3/py.typed
01-22 19:18:45.654  7505  7532 V python  : extracting _python_bundle/site-packages/urllib3/response.pyc
01-22 19:18:45.655  7505  7532 V python  : extracting _python_bundle/site-packages/urllib3/util/
01-22 19:18:45.655  7505  7532 V python  : extracting _python_bundle/site-packages/urllib3/util/__init__.pyc
01-22 19:18:45.655  7505  7532 V python  : extracting _python_bundle/site-packages/urllib3/util/connection.pyc
01-22 19:18:45.655  7505  7532 V python  : extracting _python_bundle/site-packages/urllib3/util/proxy.pyc
01-22 19:18:45.655  7505  7532 V python  : extracting _python_bundle/site-packages/urllib3/util/request.pyc
01-22 19:18:45.655  7505  7532 V python  : extracting _python_bundle/site-packages/urllib3/util/response.pyc
01-22 19:18:45.655  7505  7532 V python  : extracting _python_bundle/site-packages/urllib3/util/retry.pyc
01-22 19:18:45.655  7505  7532 V python  : extracting _python_bundle/site-packages/urllib3/util/ssl_.pyc
01-22 19:18:45.655  7505  7532 V python  : extracting _python_bundle/site-packages/urllib3/util/ssl_match_hostname.pyc
01-22 19:18:45.656  7505  7532 V python  : extracting _python_bundle/site-packages/urllib3/util/ssltransport.pyc
01-22 19:18:45.656  7505  7532 V python  : extracting _python_bundle/site-packages/urllib3/util/timeout.pyc
01-22 19:18:45.656  7505  7532 V python  : extracting _python_bundle/site-packages/urllib3/util/url.pyc
01-22 19:18:45.656  7505  7532 V python  : extracting _python_bundle/site-packages/urllib3/util/util.pyc
01-22 19:18:45.656  7505  7532 V python  : extracting _python_bundle/site-packages/urllib3/util/wait.pyc
01-22 19:18:45.656  7505  7532 V python  : extracting _python_bundle/site-packages/usr/local/
01-22 19:18:45.656  1195  1318 I SensorsHub: PocketMode: event = 2, reason = 15, base = 539 current = 548 temp = 1409 time = 2541830660777148
01-22 19:18:45.656  7505  7532 V python  : extracting _python_bundle/site-packages/usr/local/bin/
01-22 19:18:45.656  1559  1559 D PocketProximityManager: POCKET SENSOR : state 2 reason 15 bp 539 cp 548 lux 13
01-22 19:18:45.656  1559  1559 D PocketProximityManager: POCKET SENSOR : release diff 0 minRel 0 minRecog 1409
01-22 19:18:45.656  7505  7532 V python  : extracting _python_bundle/site-packages/usr/local/bin/cygdb
01-22 19:18:45.656 30801 30819 I BLASTBufferQueue: [VRI[FP Iconview]@97f2e43#2](f:0,a:3,s:0) onFrameAvailable-start syncTransactionSet=false
01-22 19:18:45.656 30801 30819 I BLASTBufferQueue: [VRI[FP Iconview]@97f2e43#2](f:0,a:3,s:0) onFrameAvailable framenumber=64 syncTransactionSet=false
01-22 19:18:45.656 30801 30819 I BLASTBufferQueue: [VRI[FP Iconview]@97f2e43#2](f:1,a:3,s:0) onFrameAvailable framenumber=64 syncTransactionSet=false
01-22 19:18:45.656 30801 30819 I BLASTBufferQueue: [VRI[FP Iconview]@97f2e43#2](f:0,a:4,s:0) mergePendingTransactions t: 132289287684283, frameNumber: 64
01-22 19:18:45.656  1559  1559 D PocketProximityManager: POCKET SENSOR : lastOpenProxy 554 lastCloseProxy 7105 highLuxProxy 553
01-22 19:18:45.656  7505  7532 V python  : extracting _python_bundle/site-packages/usr/local/bin/cython
01-22 19:18:45.656  1559  1559 D PocketProximityManager: POCKET SENSOR : highLuxProxyTime 15:26:34 curProxyCheckTime 19:18:45 prevProxyCheckTime 19:18:24
01-22 19:18:45.656  1559  1559 D PocketProximityManager: POCKET SENSOR : proxyCallMin 1339 pocketVer 24012200
01-22 19:18:45.656  1559  1559 D PocketProximityManager: POCKET SENSOR : openCentroid 567 closeCentroid 4850
01-22 19:18:45.656  1559  1559 E PocketProximityCluster: data duplication
01-22 19:18:45.656  1559  1559 D PocketProximityManager: setStateOut()
01-22 19:18:45.656  7505  7532 V python  : extracting _python_bundle/site-packages/usr/local/bin/cythonize
01-22 19:18:45.656 30801 30819 I BLASTBufferQueue: [VRI[FP Iconview]@97f2e43#2](f:0,a:4,s:0) acquireNextBufferLocked size=1454x3134 mFrameNumber=64 applyTransaction=true mTimestamp=1866884456608156(auto) mPendingTransactions.size=0 graphicBufferId=132289287684105 transform=0
01-22 19:18:45.656  7505  7532 V python  : extracting _python_bundle/site-packages/usr/local/bin/easy_install
01-22 19:18:45.657  7505  7532 V python  : extracting _python_bundle/site-packages/usr/local/bin/easy_install-3.11
01-22 19:18:45.656  1242  1269 E HeatmapThread: ECT Thread time in milliseconds: 1769105925
01-22 19:18:45.657  7505  7532 V python  : extracting _python_bundle/stdlib.zip
01-22 19:18:45.657 30801 30810 I BLASTBufferQueue: [VRI[FP Iconview]@97f2e43#2](f:0,a:4,s:0) releaseBufferCallback bufferId:132289287684108 framenumber:61 layerId:497727
01-22 19:18:45.657 30801 30810 I BLASTBufferQueue: [VRI[FP Iconview]@97f2e43#2](f:0,a:3,s:0) released bufferId:132289287684108 framenumber:61 layerId:497727
01-22 19:18:45.657 30801 30810 I BLASTBufferQueue: [VRI[FP Iconview]@97f2e43#2](f:0,a:3,s:0) Can't acquire next buffer. No available frames
01-22 19:18:45.657 30801 30810 I BLASTBufferQueue: [VRI[FP Iconview]@97f2e43#2](f:0,a:3,s:0) transactionCallback
01-22 19:18:45.657 30801 30810 I BLASTBufferQueue: [VRI[FP Iconview]@97f2e43#2](f:0,a:3,s:0) updated mTransformHint=0
01-22 19:18:45.657  1559  3508 I SemWifiApSmartBleScanner: Started scanning
01-22 19:18:45.657 16056 16056 I GWT:SessionManager: [daemonapp] startSession appWidget-2 ENQUEUED + RUNNING : 1 / 1
01-22 19:18:45.658  5817  5817 W ContextImpl: Calling a method in the system process without a qualified user: android.app.ContextImpl.startService:2068 android.content.ContextWrapper.startService:872 android.content.ContextWrapper.startService:872 com.sec.android.diagmonagent.sa.receiver.CFLogReceiver.onReceive:56 android.app.ActivityThread.handleReceiver:5663 
01-22 19:18:45.658  1242  1269 D HeatmapThread: !@ batteryplugType : 2
01-22 19:18:45.658  1242  1269 D HeatmapThread: !@ batteryLevel : 98  batteryTemperature : 307 
01-22 19:18:45.658  1242  1269 D HeatmapThread: !@ Heatmap currtime: 29485098
01-22 19:18:45.658  1242  1269 D HeatmapThread: !@ Heatmap prevtime: 29485090
01-22 19:18:45.658  1242  1269 D HeatmapThread: !@ Heatmap plugstarttime: 29485075
01-22 19:18:45.658  1242  1269 D HeatmapThread: !@ Heatmap prevv_dsoh_update_time: 29485018
01-22 19:18:45.658  1242  1269 E HeatmapThread: !@ CAM New BSOH: 100
01-22 19:18:45.659 16056 16056 I GWT:SessionWorker: [daemonapp] doWork appWidget-2 start 0
01-22 19:18:45.662  7567  7567 D ContextReference: ContextReference - updateContext - applicationContext: com.lovoo.app.AndroidApplication@787218d
01-22 19:18:45.662  7567  7567 D ContextReference: ContextReference - registerApplicationCallbacks - hit
01-22 19:18:45.663 16056 16056 I GWT:GlanceStateDefinition: [daemonapp] getDataStore: appWidget-2, file exist: true, PreferenceStateDefinition type: true
01-22 19:18:45.663 16056 16056 I GWT:AppWidgetSession: [daemonapp] processEmittableTree-AppWidgetId(appWidgetId=2) is ignored
01-22 19:18:45.664 30801 30819 I BLASTBufferQueue: [VRI[FP Iconview]@97f2e43#2](f:0,a:3,s:0) onFrameAvailable-start syncTransactionSet=false
01-22 19:18:45.664 30801 30819 I BLASTBufferQueue: [VRI[FP Iconview]@97f2e43#2](f:0,a:3,s:0) onFrameAvailable framenumber=65 syncTransactionSet=false
01-22 19:18:45.664 30801 30819 I BLASTBufferQueue: [VRI[FP Iconview]@97f2e43#2](f:1,a:3,s:0) onFrameAvailable framenumber=65 syncTransactionSet=false
01-22 19:18:45.664 30801 30819 I BLASTBufferQueue: [VRI[FP Iconview]@97f2e43#2](f:0,a:4,s:0) mergePendingTransactions t: 132289287684285, frameNumber: 65
01-22 19:18:45.664 30801 30819 I BLASTBufferQueue: [VRI[FP Iconview]@97f2e43#2](f:0,a:4,s:0) acquireNextBufferLocked size=1454x3134 mFrameNumber=65 applyTransaction=true mTimestamp=1866884464477609(auto) mPendingTransactions.size=0 graphicBufferId=132289287684108 transform=0
01-22 19:18:45.665 30801 30810 I BLASTBufferQueue: [VRI[FP Iconview]@97f2e43#2](f:0,a:4,s:0) releaseBufferCallback bufferId:132289287684107 framenumber:62 layerId:497727
01-22 19:18:45.665 30801 30810 I BLASTBufferQueue: [VRI[FP Iconview]@97f2e43#2](f:0,a:3,s:0) released bufferId:132289287684107 framenumber:62 layerId:497727
01-22 19:18:45.665 30801 30810 I BLASTBufferQueue: [VRI[FP Iconview]@97f2e43#2](f:0,a:3,s:0) Can't acquire next buffer. No available frames
01-22 19:18:45.665 30801 30810 I BLASTBufferQueue: [VRI[FP Iconview]@97f2e43#2](f:0,a:3,s:0) transactionCallback
01-22 19:18:45.665 30801 30810 I BLASTBufferQueue: [VRI[FP Iconview]@97f2e43#2](f:0,a:3,s:0) updated mTransformHint=0
01-22 19:18:45.665  1559  6879 I AppWidgetServiceImpl: getAppWidgetInfo() 2, from 0
01-22 19:18:45.670 28652 28920 E ScanManager: [GSIM LOG]: gsimLogHandler, msg: MESSAGE_SCAN_START, appName: android, scannerId: 14, reportDelayMillis=0
01-22 19:18:45.671 28652 28920 I bt_shim_scanner: system/main/shim/le_scanning_manager.cc:260 ScanFilterEnable: in shim layer
01-22 19:18:45.671 28652 28920 I bt_shim_scanner: system/main/shim/le_scanning_manager.cc:233 ScanFilterAdd: in shim layer
01-22 19:18:45.671 28652 28920 I bt_shim_scanner: system/main/shim/le_scanning_manager.cc:197 ScanFilterParamSetup: in shim layer, clientIf=14
01-22 19:18:45.672 30801 30819 I BLASTBufferQueue: [VRI[FP Iconview]@97f2e43#2](f:0,a:3,s:0) onFrameAvailable-start syncTransactionSet=false
01-22 19:18:45.672 30801 30819 I BLASTBufferQueue: [VRI[FP Iconview]@97f2e43#2](f:0,a:3,s:0) onFrameAvailable framenumber=66 syncTransactionSet=false
01-22 19:18:45.672 30801 30819 I BLASTBufferQueue: [VRI[FP Iconview]@97f2e43#2](f:1,a:3,s:0) onFrameAvailable framenumber=66 syncTransactionSet=false
01-22 19:18:45.672 30801 30819 I BLASTBufferQueue: [VRI[FP Iconview]@97f2e43#2](f:0,a:4,s:0) mergePendingTransactions t: 132289287684287, frameNumber: 66
01-22 19:18:45.672 30801 30819 I BLASTBufferQueue: [VRI[FP Iconview]@97f2e43#2](f:0,a:4,s:0) acquireNextBufferLocked size=1454x3134 mFrameNumber=66 applyTransaction=true mTimestamp=1866884472639640(auto) mPendingTransactions.size=0 graphicBufferId=132289287684107 transform=0
01-22 19:18:45.673 30801 30810 I BLASTBufferQueue: [VRI[FP Iconview]@97f2e43#2](f:0,a:4,s:0) releaseBufferCallback bufferId:132289287684106 framenumber:63 layerId:497727
01-22 19:18:45.673 30801 30810 I BLASTBufferQueue: [VRI[FP Iconview]@97f2e43#2](f:0,a:3,s:0) released bufferId:132289287684106 framenumber:63 layerId:497727
01-22 19:18:45.673 30801 30810 I BLASTBufferQueue: [VRI[FP Iconview]@97f2e43#2](f:0,a:3,s:0) Can't acquire next buffer. No available frames
01-22 19:18:45.673 30801 30810 I BLASTBufferQueue: [VRI[FP Iconview]@97f2e43#2](f:0,a:3,s:0) transactionCallback
01-22 19:18:45.673 30801 30810 I BLASTBufferQueue: [VRI[FP Iconview]@97f2e43#2](f:0,a:3,s:0) updated mTransformHint=0
01-22 19:18:45.674  7567  7689 D AdvertisingIdClient: Creating AdvertisingIdClient
01-22 19:18:45.674  7567  7689 D AdvertisingIdClient: AdvertisingIdClient already created.
01-22 19:18:45.675   632   632 D io_stats: !@   8,0 r 343494027 6288028604 w 75243911 2102558672 d 12100963 2149363480 f 1765884 5656482 iot 44190036 0 th 0 0 0 pt 0 inp 0 1 1866884.474
01-22 19:18:45.681 30801 30819 I BLASTBufferQueue: [VRI[FP Iconview]@97f2e43#2](f:0,a:3,s:0) onFrameAvailable-start syncTransactionSet=false
01-22 19:18:45.681 30801 30819 I BLASTBufferQueue: [VRI[FP Iconview]@97f2e43#2](f:0,a:3,s:0) onFrameAvailable framenumber=67 syncTransactionSet=false
01-22 19:18:45.681 30801 30819 I BLASTBufferQueue: [VRI[FP Iconview]@97f2e43#2](f:1,a:3,s:0) onFrameAvailable framenumber=67 syncTransactionSet=false
01-22 19:18:45.681 30801 30819 I BLASTBufferQueue: [VRI[FP Iconview]@97f2e43#2](f:0,a:4,s:0) mergePendingTransactions t: 132289287684289, frameNumber: 67
01-22 19:18:45.681 30801 30819 I BLASTBufferQueue: [VRI[FP Iconview]@97f2e43#2](f:0,a:4,s:0) acquireNextBufferLocked size=1454x3134 mFrameNumber=67 applyTransaction=true mTimestamp=1866884481092375(auto) mPendingTransactions.size=0 graphicBufferId=132289287684106 transform=0
01-22 19:18:45.681 30801 30810 I BLASTBufferQueue: [VRI[FP Iconview]@97f2e43#2](f:0,a:4,s:0) releaseBufferCallback bufferId:132289287684105 framenumber:64 layerId:497727
01-22 19:18:45.681 30801 30810 I BLASTBufferQueue: [VRI[FP Iconview]@97f2e43#2](f:0,a:3,s:0) released bufferId:132289287684105 framenumber:64 layerId:497727
01-22 19:18:45.681 30801 30810 I BLASTBufferQueue: [VRI[FP Iconview]@97f2e43#2](f:0,a:3,s:0) Can't acquire next buffer. No available frames
01-22 19:18:45.681 30801 30810 I BLASTBufferQueue: [VRI[FP Iconview]@97f2e43#2](f:0,a:3,s:0) transactionCallback
01-22 19:18:45.681 30801 30810 I BLASTBufferQueue: [VRI[FP Iconview]@97f2e43#2](f:0,a:3,s:0) updated mTransformHint=0
01-22 19:18:45.683  7567  7689 D AdvertisingIdClient: AdvertisingIdClient is not bounded. Starting to bind it...
01-22 19:18:45.689 30801 30819 I BLASTBufferQueue: [VRI[FP Iconview]@97f2e43#2](f:0,a:3,s:0) onFrameAvailable-start syncTransactionSet=false
01-22 19:18:45.689 30801 30819 I BLASTBufferQueue: [VRI[FP Iconview]@97f2e43#2](f:0,a:3,s:0) onFrameAvailable framenumber=68 syncTransactionSet=false
01-22 19:18:45.689 30801 30819 I BLASTBufferQueue: [VRI[FP Iconview]@97f2e43#2](f:1,a:3,s:0) onFrameAvailable framenumber=68 syncTransactionSet=false
01-22 19:18:45.689 30801 30819 I BLASTBufferQueue: [VRI[FP Iconview]@97f2e43#2](f:0,a:4,s:0) mergePendingTransactions t: 132289287684291, frameNumber: 68
01-22 19:18:45.689 30801 30819 I BLASTBufferQueue: [VRI[FP Iconview]@97f2e43#2](f:0,a:4,s:0) acquireNextBufferLocked size=1454x3134 mFrameNumber=68 applyTransaction=true mTimestamp=1866884489153078(auto) mPendingTransactions.size=0 graphicBufferId=132289287684105 transform=0
01-22 19:18:45.689 30801 30810 I BLASTBufferQueue: [VRI[FP Iconview]@97f2e43#2](f:0,a:4,s:0) releaseBufferCallback bufferId:132289287684108 framenumber:65 layerId:497727
01-22 19:18:45.689 30801 30810 I BLASTBufferQueue: [VRI[FP Iconview]@97f2e43#2](f:0,a:3,s:0) released bufferId:132289287684108 framenumber:65 layerId:497727
01-22 19:18:45.689 30801 30810 I BLASTBufferQueue: [VRI[FP Iconview]@97f2e43#2](f:0,a:3,s:0) Can't acquire next buffer. No available frames
01-22 19:18:45.689 30801 30810 I BLASTBufferQueue: [VRI[FP Iconview]@97f2e43#2](f:0,a:3,s:0) transactionCallback
01-22 19:18:45.689 30801 30810 I BLASTBufferQueue: [VRI[FP Iconview]@97f2e43#2](f:0,a:3,s:0) updated mTransformHint=0
01-22 19:18:45.693 32748 32748 I Popcorn_ScreenOnOffReceiver: mDynamicReceiver.onReceive() : android.intent.action.USER_PRESENT
01-22 19:18:45.693 24239 24239 I GearContacts_ScreenUnlockBroadcastReceiver: action: android.intent.action.USER_PRESENT
01-22 19:18:45.693  4686  4686 I Paran_ScreenOnOffReceiver: mDynamicReceiver.onReceive() : android.intent.action.USER_PRESENT
01-22 19:18:45.693 24043 24043 I Notification4Heart_NB: PhoneStatusBroadcastReceiver.onReceive-action: android.intent.action.USER_PRESENT
01-22 19:18:45.693  4686  4686 I Paran_Util: isScreenOn() : true
01-22 19:18:45.693 24043 15309 I Notification4Heart_NB: PhoneStatus.onUserPresentEvent-unlocked
01-22 19:18:45.694 32748 32748 I Popcorn_Util: isScreenOn() : true
01-22 19:18:45.694 32748 32748 I Popcorn_Util: isInKeyguard() : false
01-22 19:18:45.694 24043 15309 I Notification4Heart_NB: DebugHistory.[onBridgeFlushQueueEvent] PHONE_USER_PRESENT_EVENT:true
01-22 19:18:45.694 32748 32748 I Popcorn_Util: isInUserUse() : true
01-22 19:18:45.694 32748 32748 I Popcorn_ScreenOnOffReceiver: isInUserUse() : true
01-22 19:18:45.694  4686  4686 I Paran_Util: isInKeyguard() : false
01-22 19:18:45.694  4686  4686 I Paran_Util: isInUserUse() : true
01-22 19:18:45.694 32748 32748 I Popcorn_GameModeManager: onReceive() : android.intent.action.USER_PRESENT
01-22 19:18:45.694 32748 32748 I Popcorn_GameModeManager: onInUserUseChanged() : true
01-22 19:18:45.694  4686  4686 I Paran_ScreenOnOffReceiver: isInUserUse() : true
01-22 19:18:45.694  4686  4686 I Paran_GameModeManager: onReceive() : android.intent.action.USER_PRESENT
01-22 19:18:45.694  4686  4686 I Paran_GameModeManager: onInUserUseChanged() : true
01-22 19:18:45.694 19136 19136 I Rubin   : [2] com.samsung.android.rubin.inferenceengine.contextanalytics.engine.loggers.x.onReceive(Unknown Source) : Action=android.intent.action.USER_PRESENT
01-22 19:18:45.694 32748 32748 I Popcorn_GameModeManager: isSupportDevice() : true (S / SDK_INT: 36 / gosVersion: 420000007
01-22 19:18:45.694 32748 32748 I Popcorn_GameModeManager: isEarBudsGameModeOn() : false
01-22 19:18:45.694 32748 32748 I Popcorn_GameModeManager: isForceLcdOnOffEvent() : true
01-22 19:18:45.694  4686  4686 I Paran_GameModeManager: isSupportDevice() : true (S / SDK_INT: 36 / gosVersion: 420000007
01-22 19:18:45.694  4686  4686 I Paran_GameModeManager: isEarBudsGameModeOn() : false
01-22 19:18:45.694  4686  4686 I Paran_GameModeManager: isForceLcdOnOffEvent() : true
01-22 19:18:45.694 32748 32748 I Popcorn_ActionBuffer: mActionRunnable.run() : 1866884494
01-22 19:18:45.694 24043 15309 E Notification4Heart_NB: PhoneStatus.isDesktopMode manager is null
01-22 19:18:45.694  7908  7908 I IC_Service[1.2.95]: onReceive() IcDeviceStateListener got: android.intent.action.USER_PRESENT
01-22 19:18:45.694 24043 15309 I Notification4Heart_NB: PhoneStatus.isActive-isScreenOn: true, isKeyLocked: false, isCoverOpen: true
01-22 19:18:45.695 24043 15309 I Notification4Heart_NB: PendingManager.requestListenerHints - [Type : RECOVER]
01-22 19:18:45.695  1559  6879 D SGM:GameManager: identifyForegroundApp. org.tkideneb2.zeiterfassung, mCurrentUserId: 0, callerUserId: 0
01-22 19:18:45.695  7908  7936 I IC_DeviceHandler[1.2.95]: DeviceHandler, get message : MSG_USER_PRESENT
01-22 19:18:45.695  1559  2706 D SGM:GameManager: identifyGamePackage. org.tkideneb2.zeiterfassung, mCurrentUserId: 0, callingMethodInfo: com.samsung.android.game.IGameManagerService$Stub.onTransact(IGameManagerService.java:247)
01-22 19:18:45.695  1559  5960 D NotificationService: NMS : requestListenerHintsForWearable state=0
01-22 19:18:45.695  1559  6812 D SGM:GameManager: identifyForegroundApp. org.tkideneb2.zeiterfassung, mCurrentUserId: 0, callerUserId: 0
01-22 19:18:45.695  4686  4686 I Paran_SemGameManager: isForegroundGame() : false
01-22 19:18:45.695 32748 32748 I Popcorn_SemGameManager: isForegroundGame() : false
01-22 19:18:45.695  4686  4686 I Paran_Util: isScreenOn() : true
01-22 19:18:45.695 32748 32748 I Popcorn_Util: isScreenOn() : true
01-22 19:18:45.695  4686  4686 I Paran_Util: isInKeyguard() : false
01-22 19:18:45.695  4686  4686 I Paran_Util: isInUserUse() : true
01-22 19:18:45.695 24043 15309 E Notification4Heart_NB: PhoneStatus.isDesktopMode manager is null
01-22 19:18:45.695  4686  4686 I Paran_GameModeManager: isSupportDevice() : true (S / SDK_INT: 36 / gosVersion: 420000007
01-22 19:18:45.695  4686  4686 I Paran_GameModeManager: isEarBudsGameModeOn() : false
01-22 19:18:45.695 32748 32748 I Popcorn_Util: isInKeyguard() : false
01-22 19:18:45.695 32748 32748 I Popcorn_Util: isInUserUse() : true
01-22 19:18:45.695 32748 32748 I Popcorn_GameModeManager: isSupportDevice() : true (S / SDK_INT: 36 / gosVersion: 420000007
01-22 19:18:45.695 32748 32748 I Popcorn_GameModeManager: isEarBudsGameModeOn() : false
01-22 19:18:45.695 24043 15309 I Notification4Heart_NB: PhoneStatus.isActive-isScreenOn: true, isKeyLocked: false, isCoverOpen: true
01-22 19:18:45.695 24043 15309 W Notification4Heart_NB: PendingManager.onBridgeFlushQueueEvent-pending maintain why USING_PHONE
01-22 19:18:45.696  2814  2814 D KeyguardSurface: restoreKeyguardSurfaceByTransaction viewRootImpl.view.visibility=4, keyguardVisibilityMonitor.isVisible()=false
01-22 19:18:45.697  4686  4686 I Paran_MaxBufferReceiver: isMaxBufferCondition : dualAudio=false, budsTogether=false, musicShare=false
01-22 19:18:45.697  4686  4686 I Paran_GameModeManager: sendCurrentState() : onGame=false, inUserUse=true
01-22 19:18:45.697  4686  4686 I Paran_Util: isEmulator() : false
01-22 19:18:45.697  4686  4686 I Paran_GameModeManager: onReceive() : android.intent.action.USER_PRESENT
01-22 19:18:45.697 32748 32748 I Popcorn_MaxBufferReceiver: isMaxBufferCondition : dualAudio=false, budsTogether=false, musicShare=false
01-22 19:18:45.697 32748 32748 I Popcorn_GameModeManager: sendCurrentState() : onGame=false, inUserUse=true
01-22 19:18:45.697 32748 32748 I Popcorn_Util: isEmulator() : false
01-22 19:18:45.697 32748 32748 I Popcorn_ActionBuffer: action() : action
01-22 19:18:45.697 30801 30819 I BLASTBufferQueue: [VRI[FP Iconview]@97f2e43#2](f:0,a:3,s:0) onFrameAvailable-start syncTransactionSet=false
01-22 19:18:45.697 30801 30819 I BLASTBufferQueue: [VRI[FP Iconview]@97f2e43#2](f:0,a:3,s:0) onFrameAvailable framenumber=69 syncTransactionSet=false
01-22 19:18:45.697 30801 30819 I BLASTBufferQueue: [VRI[FP Iconview]@97f2e43#2](f:1,a:3,s:0) onFrameAvailable framenumber=69 syncTransactionSet=false
01-22 19:18:45.697 30801 30819 I BLASTBufferQueue: [VRI[FP Iconview]@97f2e43#2](f:0,a:4,s:0) mergePendingTransactions t: 132289287684293, frameNumber: 69
01-22 19:18:45.697 30801 30819 I BLASTBufferQueue: [VRI[FP Iconview]@97f2e43#2](f:0,a:4,s:0) acquireNextBufferLocked size=1454x3134 mFrameNumber=69 applyTransaction=true mTimestamp=1866884497657687(auto) mPendingTransactions.size=0 graphicBufferId=132289287684108 transform=0
01-22 19:18:45.698 30801 30810 I BLASTBufferQueue: [VRI[FP Iconview]@97f2e43#2](f:0,a:4,s:0) releaseBufferCallback bufferId:132289287684107 framenumber:66 layerId:497727
01-22 19:18:45.698 30801 30810 I BLASTBufferQueue: [VRI[FP Iconview]@97f2e43#2](f:0,a:3,s:0) released bufferId:132289287684107 framenumber:66 layerId:497727
01-22 19:18:45.698 30801 30810 I BLASTBufferQueue: [VRI[FP Iconview]@97f2e43#2](f:0,a:3,s:0) Can't acquire next buffer. No available frames
01-22 19:18:45.698 30801 30810 I BLASTBufferQueue: [VRI[FP Iconview]@97f2e43#2](f:0,a:3,s:0) transactionCallback
01-22 19:18:45.698 30801 30810 I BLASTBufferQueue: [VRI[FP Iconview]@97f2e43#2](f:0,a:3,s:0) updated mTransformHint=0
01-22 19:18:45.700 19136 19164 I Rubin   : [4178] com.samsung.android.rubin.inferenceengine.contextanalytics.engine.monitors.moment.exercise.ExercisingWithCmhMonitor.isSatisfiedByCmh(Unknown Source) : isSatisfiedByCmh is false
01-22 19:18:45.706 30801 30819 I BLASTBufferQueue: [VRI[FP Iconview]@97f2e43#2](f:0,a:3,s:0) onFrameAvailable-start syncTransactionSet=false
01-22 19:18:45.706 30801 30819 I BLASTBufferQueue: [VRI[FP Iconview]@97f2e43#2](f:0,a:3,s:0) onFrameAvailable framenumber=70 syncTransactionSet=false
01-22 19:18:45.706 30801 30819 I BLASTBufferQueue: [VRI[FP Iconview]@97f2e43#2](f:1,a:3,s:0) onFrameAvailable framenumber=70 syncTransactionSet=false
01-22 19:18:45.706 30801 30819 I BLASTBufferQueue: [VRI[FP Iconview]@97f2e43#2](f:0,a:4,s:0) mergePendingTransactions t: 132289287684295, frameNumber: 70
01-22 19:18:45.706 30801 30819 I BLASTBufferQueue: [VRI[FP Iconview]@97f2e43#2](f:0,a:4,s:0) acquireNextBufferLocked size=1454x3134 mFrameNumber=70 applyTransaction=true mTimestamp=1866884506142297(auto) mPendingTransactions.size=0 graphicBufferId=132289287684107 transform=0
01-22 19:18:45.706  7505  7505 V pythonutil: Checking pattern libsqlite3\.so against libSDL2.so
01-22 19:18:45.706 30801 30810 I BLASTBufferQueue: [VRI[FP Iconview]@97f2e43#2](f:0,a:4,s:0) releaseBufferCallback bufferId:132289287684106 framenumber:67 layerId:497727
01-22 19:18:45.706  7505  7505 V pythonutil: Checking pattern libsqlite3\.so against libSDL2_ttf.so
01-22 19:18:45.706 30801 30810 I BLASTBufferQueue: [VRI[FP Iconview]@97f2e43#2](f:0,a:3,s:0) released bufferId:132289287684106 framenumber:67 layerId:497727
01-22 19:18:45.706  7505  7505 V pythonutil: Checking pattern libsqlite3\.so against libssl1.1.so
01-22 19:18:45.706 30801 30810 I BLASTBufferQueue: [VRI[FP Iconview]@97f2e43#2](f:0,a:3,s:0) Can't acquire next buffer. No available frames
01-22 19:18:45.706 30801 30810 I BLASTBufferQueue: [VRI[FP Iconview]@97f2e43#2](f:0,a:3,s:0) transactionCallback
01-22 19:18:45.706  7505  7505 V pythonutil: Checking pattern libsqlite3\.so against libpng16.so
01-22 19:18:45.706 30801 30810 I BLASTBufferQueue: [VRI[FP Iconview]@97f2e43#2](f:0,a:3,s:0) updated mTransformHint=0
01-22 19:18:45.706  7505  7505 V pythonutil: Checking pattern libsqlite3\.so against libfreetype.so
01-22 19:18:45.706  7505  7505 V pythonutil: Checking pattern libsqlite3\.so against libpython3.10.so
01-22 19:18:45.706  7505  7505 V pythonutil: Checking pattern libsqlite3\.so against libmain.so
01-22 19:18:45.706  7505  7505 V pythonutil: Checking pattern libsqlite3\.so against libcrypto1.1.so
01-22 19:18:45.706  7505  7505 V pythonutil: Checking pattern libsqlite3\.so against libffi.so
01-22 19:18:45.706  7505  7505 V pythonutil: Checking pattern libsqlite3\.so against libSDL2_image.so
01-22 19:18:45.706  7505  7505 V pythonutil: Checking pattern libsqlite3\.so against libSDL2_mixer.so
01-22 19:18:45.706  7505  7505 V pythonutil: Checking pattern libsqlite3\.so against libpybundle.so
01-22 19:18:45.706  7505  7505 V pythonutil: Checking pattern libsqlite3\.so against libsqlite3.so
01-22 19:18:45.706  7505  7505 V pythonutil: Pattern libsqlite3\.so matched file libsqlite3.so
01-22 19:18:45.707  7505  7505 V pythonutil: Checking pattern libffi\.so against libSDL2.so
01-22 19:18:45.707  7505  7505 V pythonutil: Checking pattern libffi\.so against libSDL2_ttf.so
01-22 19:18:45.707  7505  7505 V pythonutil: Checking pattern libffi\.so against libssl1.1.so
01-22 19:18:45.707  7505  7505 V pythonutil: Checking pattern libffi\.so against libpng16.so
01-22 19:18:45.707  7505  7505 V pythonutil: Checking pattern libffi\.so against libfreetype.so
01-22 19:18:45.707  7505  7505 V pythonutil: Checking pattern libffi\.so against libpython3.10.so
01-22 19:18:45.707  7505  7505 V pythonutil: Checking pattern libffi\.so against libmain.so
01-22 19:18:45.707  7505  7505 V pythonutil: Checking pattern libffi\.so against libcrypto1.1.so
01-22 19:18:45.707  7505  7505 V pythonutil: Checking pattern libffi\.so against libffi.so
01-22 19:18:45.707  7505  7505 V pythonutil: Pattern libffi\.so matched file libffi.so
01-22 19:18:45.707  7505  7505 V pythonutil: Checking pattern libffi\.so against libSDL2_image.so
01-22 19:18:45.707  7505  7505 V pythonutil: Checking pattern libffi\.so against libSDL2_mixer.so
01-22 19:18:45.707  7505  7505 V pythonutil: Checking pattern libffi\.so against libpybundle.so
01-22 19:18:45.707  7505  7505 V pythonutil: Checking pattern libffi\.so against libsqlite3.so
01-22 19:18:45.707  7505  7505 V pythonutil: Checking pattern libpng16\.so against libSDL2.so
01-22 19:18:45.707  7505  7505 V pythonutil: Checking pattern libpng16\.so against libSDL2_ttf.so
01-22 19:18:45.707  7505  7505 V pythonutil: Checking pattern libpng16\.so against libssl1.1.so
01-22 19:18:45.707  7505  7505 V pythonutil: Checking pattern libpng16\.so against libpng16.so
01-22 19:18:45.707  7505  7505 V pythonutil: Pattern libpng16\.so matched file libpng16.so
01-22 19:18:45.707  7505  7505 V pythonutil: Checking pattern libpng16\.so against libfreetype.so
01-22 19:18:45.707  7505  7505 V pythonutil: Checking pattern libpng16\.so against libpython3.10.so
01-22 19:18:45.707  7505  7505 V pythonutil: Checking pattern libpng16\.so against libmain.so
01-22 19:18:45.707  7505  7505 V pythonutil: Checking pattern libpng16\.so against libcrypto1.1.so
01-22 19:18:45.707  7505  7505 V pythonutil: Checking pattern libpng16\.so against libffi.so
01-22 19:18:45.707  7505  7505 V pythonutil: Checking pattern libpng16\.so against libSDL2_image.so
01-22 19:18:45.707  7567  7691 D AdvertisingIdClient: AdvertisingIdClient already created.
01-22 19:18:45.707  7505  7505 V pythonutil: Checking pattern libpng16\.so against libSDL2_mixer.so
01-22 19:18:45.707  7505  7505 V pythonutil: Checking pattern libpng16\.so against libpybundle.so
01-22 19:18:45.707  7505  7505 V pythonutil: Checking pattern libpng16\.so against libsqlite3.so
01-22 19:18:45.707  7505  7505 V pythonutil: Checking pattern libssl.*\.so against libSDL2.so
01-22 19:18:45.707  7505  7505 V pythonutil: Checking pattern libssl.*\.so against libSDL2_ttf.so
01-22 19:18:45.707  7505  7505 V pythonutil: Checking pattern libssl.*\.so against libssl1.1.so
01-22 19:18:45.707  7505  7505 V pythonutil: Pattern libssl.*\.so matched file libssl1.1.so
01-22 19:18:45.707  7505  7505 V pythonutil: Checking pattern libssl.*\.so against libpng16.so
01-22 19:18:45.707  7505  7505 V pythonutil: Checking pattern libssl.*\.so against libfreetype.so
01-22 19:18:45.707  7505  7505 V pythonutil: Checking pattern libssl.*\.so against libpython3.10.so
01-22 19:18:45.707  7505  7505 V pythonutil: Checking pattern libssl.*\.so against libmain.so
01-22 19:18:45.707  7505  7505 V pythonutil: Checking pattern libssl.*\.so against libcrypto1.1.so
01-22 19:18:45.707  7505  7505 V pythonutil: Checking pattern libssl.*\.so against libffi.so
01-22 19:18:45.708  7505  7505 V pythonutil: Checking pattern libssl.*\.so against libSDL2_image.so
01-22 19:18:45.708  7505  7505 V pythonutil: Checking pattern libssl.*\.so against libSDL2_mixer.so
01-22 19:18:45.708  7505  7505 V pythonutil: Checking pattern libssl.*\.so against libpybundle.so
01-22 19:18:45.708  7505  7505 V pythonutil: Checking pattern libssl.*\.so against libsqlite3.so
01-22 19:18:45.708  7505  7505 V pythonutil: Checking pattern libcrypto.*\.so against libSDL2.so
01-22 19:18:45.708  7505  7505 V pythonutil: Checking pattern libcrypto.*\.so against libSDL2_ttf.so
01-22 19:18:45.708  7505  7505 V pythonutil: Checking pattern libcrypto.*\.so against libssl1.1.so
01-22 19:18:45.708  7505  7505 V pythonutil: Checking pattern libcrypto.*\.so against libpng16.so
01-22 19:18:45.708  7505  7505 V pythonutil: Checking pattern libcrypto.*\.so against libfreetype.so
01-22 19:18:45.708  7505  7505 V pythonutil: Checking pattern libcrypto.*\.so against libpython3.10.so
01-22 19:18:45.708  7505  7505 V pythonutil: Checking pattern libcrypto.*\.so against libmain.so
01-22 19:18:45.708  7505  7505 V pythonutil: Checking pattern libcrypto.*\.so against libcrypto1.1.so
01-22 19:18:45.708  7505  7505 V pythonutil: Pattern libcrypto.*\.so matched file libcrypto1.1.so
01-22 19:18:45.708  7505  7505 V pythonutil: Checking pattern libcrypto.*\.so against libffi.so
01-22 19:18:45.708  7505  7505 V pythonutil: Checking pattern libcrypto.*\.so against libSDL2_image.so
01-22 19:18:45.708  7505  7505 V pythonutil: Checking pattern libcrypto.*\.so against libSDL2_mixer.so
01-22 19:18:45.708  7505  7505 V pythonutil: Checking pattern libcrypto.*\.so against libpybundle.so
01-22 19:18:45.708  7505  7505 V pythonutil: Checking pattern libcrypto.*\.so against libsqlite3.so
01-22 19:18:45.708  7505  7505 V pythonutil: Checking pattern libSDL2\.so against libSDL2.so
01-22 19:18:45.708  7505  7505 V pythonutil: Pattern libSDL2\.so matched file libSDL2.so
01-22 19:18:45.708  7505  7505 V pythonutil: Checking pattern libSDL2\.so against libSDL2_ttf.so
01-22 19:18:45.708  7505  7505 V pythonutil: Checking pattern libSDL2\.so against libssl1.1.so
01-22 19:18:45.708  7505  7505 V pythonutil: Checking pattern libSDL2\.so against libpng16.so
01-22 19:18:45.708  7505  7505 V pythonutil: Checking pattern libSDL2\.so against libfreetype.so
01-22 19:18:45.708  7505  7505 V pythonutil: Checking pattern libSDL2\.so against libpython3.10.so
01-22 19:18:45.708  7505  7505 V pythonutil: Checking pattern libSDL2\.so against libmain.so
01-22 19:18:45.708  7505  7505 V pythonutil: Checking pattern libSDL2\.so against libcrypto1.1.so
01-22 19:18:45.708  7505  7505 V pythonutil: Checking pattern libSDL2\.so against libffi.so
01-22 19:18:45.708  7505  7505 V pythonutil: Checking pattern libSDL2\.so against libSDL2_image.so
01-22 19:18:45.708  7505  7505 V pythonutil: Checking pattern libSDL2\.so against libSDL2_mixer.so
01-22 19:18:45.708  7505  7505 V pythonutil: Checking pattern libSDL2\.so against libpybundle.so
01-22 19:18:45.708  7505  7505 V pythonutil: Checking pattern libSDL2\.so against libsqlite3.so
01-22 19:18:45.709  7505  7505 V pythonutil: Checking pattern libSDL2_image\.so against libSDL2.so
01-22 19:18:45.709  7505  7505 V pythonutil: Checking pattern libSDL2_image\.so against libSDL2_ttf.so
01-22 19:18:45.709  7505  7505 V pythonutil: Checking pattern libSDL2_image\.so against libssl1.1.so
01-22 19:18:45.709  7505  7505 V pythonutil: Checking pattern libSDL2_image\.so against libpng16.so
01-22 19:18:45.709  7505  7505 V pythonutil: Checking pattern libSDL2_image\.so against libfreetype.so
01-22 19:18:45.709  7505  7505 V pythonutil: Checking pattern libSDL2_image\.so against libpython3.10.so
01-22 19:18:45.709  7505  7505 V pythonutil: Checking pattern libSDL2_image\.so against libmain.so
01-22 19:18:45.709  7505  7505 V pythonutil: Checking pattern libSDL2_image\.so against libcrypto1.1.so
01-22 19:18:45.709  7505  7505 V pythonutil: Checking pattern libSDL2_image\.so against libffi.so
01-22 19:18:45.709  7505  7505 V pythonutil: Checking pattern libSDL2_image\.so against libSDL2_image.so
01-22 19:18:45.709  7505  7505 V pythonutil: Pattern libSDL2_image\.so matched file libSDL2_image.so
01-22 19:18:45.709  7505  7505 V pythonutil: Checking pattern libSDL2_image\.so against libSDL2_mixer.so
01-22 19:18:45.709  7505  7505 V pythonutil: Checking pattern libSDL2_image\.so against libpybundle.so
01-22 19:18:45.709  7505  7505 V pythonutil: Checking pattern libSDL2_image\.so against libsqlite3.so
01-22 19:18:45.709  7505  7505 V pythonutil: Checking pattern libSDL2_mixer\.so against libSDL2.so
01-22 19:18:45.709  7505  7505 V pythonutil: Checking pattern libSDL2_mixer\.so against libSDL2_ttf.so
01-22 19:18:45.709  7505  7505 V pythonutil: Checking pattern libSDL2_mixer\.so against libssl1.1.so
01-22 19:18:45.709  7505  7505 V pythonutil: Checking pattern libSDL2_mixer\.so against libpng16.so
01-22 19:18:45.709  7505  7505 V pythonutil: Checking pattern libSDL2_mixer\.so against libfreetype.so
01-22 19:18:45.709  7505  7505 V pythonutil: Checking pattern libSDL2_mixer\.so against libpython3.10.so
01-22 19:18:45.709  7505  7505 V pythonutil: Checking pattern libSDL2_mixer\.so against libmain.so
01-22 19:18:45.709  7505  7505 V pythonutil: Checking pattern libSDL2_mixer\.so against libcrypto1.1.so
01-22 19:18:45.709  7505  7505 V pythonutil: Checking pattern libSDL2_mixer\.so against libffi.so
01-22 19:18:45.709  7505  7505 V pythonutil: Checking pattern libSDL2_mixer\.so against libSDL2_image.so
01-22 19:18:45.709  7505  7505 V pythonutil: Checking pattern libSDL2_mixer\.so against libSDL2_mixer.so
01-22 19:18:45.709  7505  7505 V pythonutil: Pattern libSDL2_mixer\.so matched file libSDL2_mixer.so
01-22 19:18:45.709  7505  7505 V pythonutil: Checking pattern libSDL2_mixer\.so against libpybundle.so
01-22 19:18:45.709  7505  7505 V pythonutil: Checking pattern libSDL2_mixer\.so against libsqlite3.so
01-22 19:18:45.709  7505  7505 V pythonutil: Checking pattern libSDL2_ttf\.so against libSDL2.so
01-22 19:18:45.709  7505  7505 V pythonutil: Checking pattern libSDL2_ttf\.so against libSDL2_ttf.so
01-22 19:18:45.709  7505  7505 V pythonutil: Pattern libSDL2_ttf\.so matched file libSDL2_ttf.so
01-22 19:18:45.709  7505  7505 V pythonutil: Checking pattern libSDL2_ttf\.so against libssl1.1.so
01-22 19:18:45.709  7505  7505 V pythonutil: Checking pattern libSDL2_ttf\.so against libpng16.so
01-22 19:18:45.710  7505  7505 V pythonutil: Checking pattern libSDL2_ttf\.so against libfreetype.so
01-22 19:18:45.710  7505  7505 V pythonutil: Checking pattern libSDL2_ttf\.so against libpython3.10.so
01-22 19:18:45.710  7505  7505 V pythonutil: Checking pattern libSDL2_ttf\.so against libmain.so
01-22 19:18:45.710  7505  7505 V pythonutil: Checking pattern libSDL2_ttf\.so against libcrypto1.1.so
01-22 19:18:45.710  7505  7505 V pythonutil: Checking pattern libSDL2_ttf\.so against libffi.so
01-22 19:18:45.710  7505  7505 V pythonutil: Checking pattern libSDL2_ttf\.so against libSDL2_image.so
01-22 19:18:45.710  7505  7505 V pythonutil: Checking pattern libSDL2_ttf\.so against libSDL2_mixer.so
01-22 19:18:45.710  7505  7505 V pythonutil: Checking pattern libSDL2_ttf\.so against libpybundle.so
01-22 19:18:45.710  7505  7505 V pythonutil: Checking pattern libSDL2_ttf\.so against libsqlite3.so
01-22 19:18:45.710  7505  7505 V pythonutil: Loading library: sqlite3
01-22 19:18:45.711  7505  7505 D nativeloader: Load /data/app/~~mGR85rfEWUbCEE3XhP-jkA==/org.tkideneb2.zeiterfassung-VRmzHEnzA-jz8OKsmzgWMQ==/lib/arm64/libsqlite3.so using class loader ns clns-9 (caller=/data/app/~~mGR85rfEWUbCEE3XhP-jkA==/org.tkideneb2.zeiterfassung-VRmzHEnzA-jz8OKsmzgWMQ==/base.apk!classes6.dex): ok
01-22 19:18:45.712  7505  7505 V pythonutil: Loading library: ffi
01-22 19:18:45.712  7505  7505 D nativeloader: Load /data/app/~~mGR85rfEWUbCEE3XhP-jkA==/org.tkideneb2.zeiterfassung-VRmzHEnzA-jz8OKsmzgWMQ==/lib/arm64/libffi.so using class loader ns clns-9 (caller=/data/app/~~mGR85rfEWUbCEE3XhP-jkA==/org.tkideneb2.zeiterfassung-VRmzHEnzA-jz8OKsmzgWMQ==/base.apk!classes6.dex): ok
01-22 19:18:45.713  7505  7505 V pythonutil: Loading library: png16
01-22 19:18:45.714  2814  2814 D FaceWidgetViewModel: onKeyguardVisibilityHelperChanged 8
01-22 19:18:45.714  7505  7505 D nativeloader: Load /data/app/~~mGR85rfEWUbCEE3XhP-jkA==/org.tkideneb2.zeiterfassung-VRmzHEnzA-jz8OKsmzgWMQ==/lib/arm64/libpng16.so using class loader ns clns-9 (caller=/data/app/~~mGR85rfEWUbCEE3XhP-jkA==/org.tkideneb2.zeiterfassung-VRmzHEnzA-jz8OKsmzgWMQ==/base.apk!classes6.dex): ok
01-22 19:18:45.714  7505  7505 V pythonutil: Loading library: ssl1.1
01-22 19:18:45.714 30801 30819 I BLASTBufferQueue: [VRI[FP Iconview]@97f2e43#2](f:0,a:3,s:0) onFrameAvailable-start syncTransactionSet=false
01-22 19:18:45.714 30801 30819 I BLASTBufferQueue: [VRI[FP Iconview]@97f2e43#2](f:0,a:3,s:0) onFrameAvailable framenumber=71 syncTransactionSet=false
01-22 19:18:45.714 30801 30819 I BLASTBufferQueue: [VRI[FP Iconview]@97f2e43#2](f:1,a:3,s:0) onFrameAvailable framenumber=71 syncTransactionSet=false
01-22 19:18:45.714 30801 30819 I BLASTBufferQueue: [VRI[FP Iconview]@97f2e43#2](f:0,a:4,s:0) mergePendingTransactions t: 132289287684297, frameNumber: 71
01-22 19:18:45.714 30801 30819 I BLASTBufferQueue: [VRI[FP Iconview]@97f2e43#2](f:0,a:4,s:0) acquireNextBufferLocked size=1454x3134 mFrameNumber=71 applyTransaction=true mTimestamp=1866884514457258(auto) mPendingTransactions.size=0 graphicBufferId=132289287684106 transform=0
01-22 19:18:45.715 30801 30810 I BLASTBufferQueue: [VRI[FP Iconview]@97f2e43#2](f:0,a:4,s:0) releaseBufferCallback bufferId:132289287684105 framenumber:68 layerId:497727
01-22 19:18:45.715 30801 30810 I BLASTBufferQueue: [VRI[FP Iconview]@97f2e43#2](f:0,a:3,s:0) released bufferId:132289287684105 framenumber:68 layerId:497727
01-22 19:18:45.715  2814  2814 D SecKeyguardStatusViewObserver: onChanged() FaceWidgetContainerLiveData{mIsContainerVisible=false, mClipLayoutVisibility=0, mRotation=0, mIsDashBoardVIRunning=false, mIsAdditionalInfoVisible=8, mAdditionalInfoGravity=17, mClockSideStartPadding=0, mClockSideEndPadding=0, mMusicSideStartPadding=40, mMusicSideEndPadding=40, mInfoSideStartPadding=0, mInfoSideEndPadding=0, mClipLayoutWidth = -1, mAdditionalInfoRemoteView=null, mIsAdditionalViewGoingToSleep=false, mConfig=CustomConfiguration{fontScale=1.0, screenLayout=268435810, orientation=1, screenWidthDp=411, screenHeightDp=891, smallestScreenWidthDp=411, densityDpi=560, uiMode=33, isRTL=false, mConfiguration={1.0 262mcc1mnc [de_DE] ldltr sw411dp w411dp h891dp 560dpi nrml long hdr widecg port night finger -keyb/v/h -nav/h winConfig={ mBounds=Rect(0, 0 - 1440, 3120) mAppBounds=Rect(0, 0 - 1440, 3120) mMaxBounds=Rect(0, 0 - 1440, 3120) mDisplayRotation=ROTATION_0 mWindowingMode=fullscreen mActivityType=undefined mAlwaysOnTop=undefined mRotation=ROTATION_0 mStageConfig=undefined mEmbedActivityMode=undefined mPopOver=undefined mOverlappingWithCutout=false} as.2 s.370839 fontWeightAdjustment=0 ff=0 bf=-1 bts=0 cst=1.0 nightDim=0 themeSeq=0}}}
01-22 19:18:45.715 30801 30810 I BLASTBufferQueue: [VRI[FP Iconview]@97f2e43#2](f:0,a:3,s:0) Can't acquire next buffer. No available frames
01-22 19:18:45.715 30801 30810 I BLASTBufferQueue: [VRI[FP Iconview]@97f2e43#2](f:0,a:3,s:0) transactionCallback
01-22 19:18:45.715 30801 30810 I BLASTBufferQueue: [VRI[FP Iconview]@97f2e43#2](f:0,a:3,s:0) updated mTransformHint=0
01-22 19:18:45.715  2814  2814 D FaceWidgetPagesController: onGravityChanged()
01-22 19:18:45.715  2814  2814 I StretchMeasureDataCalculator: setGravity: 49, isStart=false, isEnd=false, isCenterHorizontal=true
01-22 19:18:45.715  2814  2814 D FaceWidgetClockPage: setClockGravity() gravity = 49
01-22 19:18:45.715  2814  2814 D FaceWidgetClockPage: updateClockPadding 
01-22 19:18:45.715  2814  2814 D MediaExpandStateObserver: onChanged MediaExpandStateModel(type=NONE, clockY=0.0, clockValidMaxScale=1.0, hasAnimation=true, isDozing=false, darkAmount=0.0, isMediaOutput=false)
01-22 19:18:45.715  2814  2814 D MediaExpandStateObserver: animateClipContainer NONE NONE
01-22 19:18:45.718  7505  7505 D nativeloader: Load /data/app/~~mGR85rfEWUbCEE3XhP-jkA==/org.tkideneb2.zeiterfassung-VRmzHEnzA-jz8OKsmzgWMQ==/lib/arm64/libssl1.1.so using class loader ns clns-9 (caller=/data/app/~~mGR85rfEWUbCEE3XhP-jkA==/org.tkideneb2.zeiterfassung-VRmzHEnzA-jz8OKsmzgWMQ==/base.apk!classes6.dex): ok
01-22 19:18:45.718  7505  7505 V pythonutil: Loading library: crypto1.1
01-22 19:18:45.719  7505  7505 D nativeloader: Load /data/app/~~mGR85rfEWUbCEE3XhP-jkA==/org.tkideneb2.zeiterfassung-VRmzHEnzA-jz8OKsmzgWMQ==/lib/arm64/libcrypto1.1.so using class loader ns clns-9 (caller=/data/app/~~mGR85rfEWUbCEE3XhP-jkA==/org.tkideneb2.zeiterfassung-VRmzHEnzA-jz8OKsmzgWMQ==/base.apk!classes6.dex): ok
01-22 19:18:45.719  7505  7505 V pythonutil: Loading library: SDL2
01-22 19:18:45.721  7505  7505 D nativeloader: Load /data/app/~~mGR85rfEWUbCEE3XhP-jkA==/org.tkideneb2.zeiterfassung-VRmzHEnzA-jz8OKsmzgWMQ==/lib/arm64/libSDL2.so using class loader ns clns-9 (caller=/data/app/~~mGR85rfEWUbCEE3XhP-jkA==/org.tkideneb2.zeiterfassung-VRmzHEnzA-jz8OKsmzgWMQ==/base.apk!classes6.dex): ok
01-22 19:18:45.722  7505  7505 V pythonutil: Loading library: SDL2_image
01-22 19:18:45.722 30801 30819 I BLASTBufferQueue: [VRI[FP Iconview]@97f2e43#2](f:0,a:3,s:0) onFrameAvailable-start syncTransactionSet=false
01-22 19:18:45.722 30801 30819 I BLASTBufferQueue: [VRI[FP Iconview]@97f2e43#2](f:0,a:3,s:0) onFrameAvailable framenumber=72 syncTransactionSet=false
01-22 19:18:45.722 30801 30819 I BLASTBufferQueue: [VRI[FP Iconview]@97f2e43#2](f:1,a:3,s:0) onFrameAvailable framenumber=72 syncTransactionSet=false
01-22 19:18:45.722 30801 30819 I BLASTBufferQueue: [VRI[FP Iconview]@97f2e43#2](f:0,a:4,s:0) mergePendingTransactions t: 132289287684299, frameNumber: 72
01-22 19:18:45.722 30801 30819 I BLASTBufferQueue: [VRI[FP Iconview]@97f2e43#2](f:0,a:4,s:0) acquireNextBufferLocked size=1454x3134 mFrameNumber=72 applyTransaction=true mTimestamp=1866884522612726(auto) mPendingTransactions.size=0 graphicBufferId=132289287684105 transform=0
01-22 19:18:45.723 30801 30810 I BLASTBufferQueue: [VRI[FP Iconview]@97f2e43#2](f:0,a:4,s:0) releaseBufferCallback bufferId:132289287684108 framenumber:69 layerId:497727
01-22 19:18:45.723 30801 30810 I BLASTBufferQueue: [VRI[FP Iconview]@97f2e43#2](f:0,a:3,s:0) released bufferId:132289287684108 framenumber:69 layerId:497727
01-22 19:18:45.723 30801 30810 I BLASTBufferQueue: [VRI[FP Iconview]@97f2e43#2](f:0,a:3,s:0) Can't acquire next buffer. No available frames
01-22 19:18:45.723 30801 30810 I BLASTBufferQueue: [VRI[FP Iconview]@97f2e43#2](f:0,a:3,s:0) transactionCallback
01-22 19:18:45.723 30801 30810 I BLASTBufferQueue: [VRI[FP Iconview]@97f2e43#2](f:0,a:3,s:0) updated mTransformHint=0
01-22 19:18:45.723  7505  7505 D nativeloader: Load /data/app/~~mGR85rfEWUbCEE3XhP-jkA==/org.tkideneb2.zeiterfassung-VRmzHEnzA-jz8OKsmzgWMQ==/lib/arm64/libSDL2_image.so using class loader ns clns-9 (caller=/data/app/~~mGR85rfEWUbCEE3XhP-jkA==/org.tkideneb2.zeiterfassung-VRmzHEnzA-jz8OKsmzgWMQ==/base.apk!classes6.dex): ok
01-22 19:18:45.723  7505  7505 V pythonutil: Loading library: SDL2_mixer
01-22 19:18:45.724  7505  7505 D nativeloader: Load /data/app/~~mGR85rfEWUbCEE3XhP-jkA==/org.tkideneb2.zeiterfassung-VRmzHEnzA-jz8OKsmzgWMQ==/lib/arm64/libSDL2_mixer.so using class loader ns clns-9 (caller=/data/app/~~mGR85rfEWUbCEE3XhP-jkA==/org.tkideneb2.zeiterfassung-VRmzHEnzA-jz8OKsmzgWMQ==/base.apk!classes6.dex): ok
01-22 19:18:45.724  7505  7505 V pythonutil: Loading library: SDL2_ttf
01-22 19:18:45.729  7505  7505 D nativeloader: Load /data/app/~~mGR85rfEWUbCEE3XhP-jkA==/org.tkideneb2.zeiterfassung-VRmzHEnzA-jz8OKsmzgWMQ==/lib/arm64/libSDL2_ttf.so using class loader ns clns-9 (caller=/data/app/~~mGR85rfEWUbCEE3XhP-jkA==/org.tkideneb2.zeiterfassung-VRmzHEnzA-jz8OKsmzgWMQ==/base.apk!classes6.dex): ok
01-22 19:18:45.729  7505  7505 V pythonutil: Loading library: python3.5m
01-22 19:18:45.731 30801 30819 I BLASTBufferQueue: [VRI[FP Iconview]@97f2e43#2](f:0,a:3,s:0) onFrameAvailable-start syncTransactionSet=false
01-22 19:18:45.731 30801 30819 I BLASTBufferQueue: [VRI[FP Iconview]@97f2e43#2](f:0,a:3,s:0) onFrameAvailable framenumber=73 syncTransactionSet=false
01-22 19:18:45.731 30801 30819 I BLASTBufferQueue: [VRI[FP Iconview]@97f2e43#2](f:1,a:3,s:0) onFrameAvailable framenumber=73 syncTransactionSet=false
01-22 19:18:45.731 30801 30819 I BLASTBufferQueue: [VRI[FP Iconview]@97f2e43#2](f:0,a:4,s:0) mergePendingTransactions t: 132289287684301, frameNumber: 73
01-22 19:18:45.731 30801 30819 I BLASTBufferQueue: [VRI[FP Iconview]@97f2e43#2](f:0,a:4,s:0) acquireNextBufferLocked size=1454x3134 mFrameNumber=73 applyTransaction=true mTimestamp=1866884530921164(auto) mPendingTransactions.size=0 graphicBufferId=132289287684108 transform=0
01-22 19:18:45.731 30801 30810 I BLASTBufferQueue: [VRI[FP Iconview]@97f2e43#2](f:0,a:4,s:0) releaseBufferCallback bufferId:132289287684107 framenumber:70 layerId:497727
01-22 19:18:45.731 30801 30810 I BLASTBufferQueue: [VRI[FP Iconview]@97f2e43#2](f:0,a:3,s:0) released bufferId:132289287684107 framenumber:70 layerId:497727
01-22 19:18:45.731 30801 30810 I BLASTBufferQueue: [VRI[FP Iconview]@97f2e43#2](f:0,a:3,s:0) Can't acquire next buffer. No available frames
01-22 19:18:45.731 30801 30810 I BLASTBufferQueue: [VRI[FP Iconview]@97f2e43#2](f:0,a:3,s:0) transactionCallback
01-22 19:18:45.731 30801 30810 I BLASTBufferQueue: [VRI[FP Iconview]@97f2e43#2](f:0,a:3,s:0) updated mTransformHint=0
01-22 19:18:45.732  7505  7505 D nativeloader: Load libpython3.5m.so using class loader ns clns-9 (caller=/data/app/~~mGR85rfEWUbCEE3XhP-jkA==/org.tkideneb2.zeiterfassung-VRmzHEnzA-jz8OKsmzgWMQ==/base.apk!classes6.dex): dlopen failed: library "libpython3.5m.so" not found
01-22 19:18:45.733  7505  7505 V pythonutil: Library loading error: dlopen failed: library "libpython3.5m.so" not found
01-22 19:18:45.733  7505  7505 V pythonutil: Loading library: python3.6m
01-22 19:18:45.733  7505  7505 D nativeloader: Load libpython3.6m.so using class loader ns clns-9 (caller=/data/app/~~mGR85rfEWUbCEE3XhP-jkA==/org.tkideneb2.zeiterfassung-VRmzHEnzA-jz8OKsmzgWMQ==/base.apk!classes6.dex): dlopen failed: library "libpython3.6m.so" not found
01-22 19:18:45.733  7505  7505 V pythonutil: Library loading error: dlopen failed: library "libpython3.6m.so" not found
01-22 19:18:45.733  7505  7505 V pythonutil: Loading library: python3.7m
01-22 19:18:45.734  7505  7505 D nativeloader: Load libpython3.7m.so using class loader ns clns-9 (caller=/data/app/~~mGR85rfEWUbCEE3XhP-jkA==/org.tkideneb2.zeiterfassung-VRmzHEnzA-jz8OKsmzgWMQ==/base.apk!classes6.dex): dlopen failed: library "libpython3.7m.so" not found
01-22 19:18:45.734  7505  7505 V pythonutil: Library loading error: dlopen failed: library "libpython3.7m.so" not found
01-22 19:18:45.734  7505  7505 V pythonutil: Loading library: python3.8
01-22 19:18:45.734  7505  7505 D nativeloader: Load libpython3.8.so using class loader ns clns-9 (caller=/data/app/~~mGR85rfEWUbCEE3XhP-jkA==/org.tkideneb2.zeiterfassung-VRmzHEnzA-jz8OKsmzgWMQ==/base.apk!classes6.dex): dlopen failed: library "libpython3.8.so" not found
01-22 19:18:45.734  7505  7505 V pythonutil: Library loading error: dlopen failed: library "libpython3.8.so" not found
01-22 19:18:45.734  7505  7505 V pythonutil: Loading library: python3.9
01-22 19:18:45.734  7505  7505 D nativeloader: Load libpython3.9.so using class loader ns clns-9 (caller=/data/app/~~mGR85rfEWUbCEE3XhP-jkA==/org.tkideneb2.zeiterfassung-VRmzHEnzA-jz8OKsmzgWMQ==/base.apk!classes6.dex): dlopen failed: library "libpython3.9.so" not found
01-22 19:18:45.734  7505  7505 V pythonutil: Library loading error: dlopen failed: library "libpython3.9.so" not found
01-22 19:18:45.734  7505  7505 V pythonutil: Loading library: python3.10
01-22 19:18:45.735  7567  7567 D CompatChangeReporter: Compat change id reported: 279646685; UID 10463; state: ENABLED
01-22 19:18:45.737  7505  7505 D nativeloader: Load /data/app/~~mGR85rfEWUbCEE3XhP-jkA==/org.tkideneb2.zeiterfassung-VRmzHEnzA-jz8OKsmzgWMQ==/lib/arm64/libpython3.10.so using class loader ns clns-9 (caller=/data/app/~~mGR85rfEWUbCEE3XhP-jkA==/org.tkideneb2.zeiterfassung-VRmzHEnzA-jz8OKsmzgWMQ==/base.apk!classes6.dex): ok
01-22 19:18:45.737  7505  7505 V pythonutil: Loading library: python3.11
01-22 19:18:45.737  7505  7505 D nativeloader: Load libpython3.11.so using class loader ns clns-9 (caller=/data/app/~~mGR85rfEWUbCEE3XhP-jkA==/org.tkideneb2.zeiterfassung-VRmzHEnzA-jz8OKsmzgWMQ==/base.apk!classes6.dex): dlopen failed: library "libpython3.11.so" not found
01-22 19:18:45.737  7505  7505 V pythonutil: Library loading error: dlopen failed: library "libpython3.11.so" not found
01-22 19:18:45.737  7505  7505 V pythonutil: Loading library: main
01-22 19:18:45.738  7505  7505 D nativeloader: Load /data/app/~~mGR85rfEWUbCEE3XhP-jkA==/org.tkideneb2.zeiterfassung-VRmzHEnzA-jz8OKsmzgWMQ==/lib/arm64/libmain.so using class loader ns clns-9 (caller=/data/app/~~mGR85rfEWUbCEE3XhP-jkA==/org.tkideneb2.zeiterfassung-VRmzHEnzA-jz8OKsmzgWMQ==/base.apk!classes6.dex): ok
01-22 19:18:45.738  7505  7505 V pythonutil: Loaded everything!
01-22 19:18:45.738  7505  7505 V SDL     : nativeSetupJNI()
01-22 19:18:45.739 30801 30819 I BLASTBufferQueue: [VRI[FP Iconview]@97f2e43#2](f:0,a:3,s:0) onFrameAvailable-start syncTransactionSet=false
01-22 19:18:45.739 30801 30819 I BLASTBufferQueue: [VRI[FP Iconview]@97f2e43#2](f:0,a:3,s:0) onFrameAvailable framenumber=74 syncTransactionSet=false
01-22 19:18:45.739 30801 30819 I BLASTBufferQueue: [VRI[FP Iconview]@97f2e43#2](f:1,a:3,s:0) onFrameAvailable framenumber=74 syncTransactionSet=false
01-22 19:18:45.739 30801 30819 I BLASTBufferQueue: [VRI[FP Iconview]@97f2e43#2](f:0,a:4,s:0) mergePendingTransactions t: 132289287684303, frameNumber: 74
01-22 19:18:45.739 30801 30819 I BLASTBufferQueue: [VRI[FP Iconview]@97f2e43#2](f:0,a:4,s:0) acquireNextBufferLocked size=1454x3134 mFrameNumber=74 applyTransaction=true mTimestamp=1866884539346945(auto) mPendingTransactions.size=0 graphicBufferId=132289287684107 transform=0
01-22 19:18:45.739 30801 30810 I BLASTBufferQueue: [VRI[FP Iconview]@97f2e43#2](f:0,a:4,s:0) releaseBufferCallback bufferId:132289287684106 framenumber:71 layerId:497727
01-22 19:18:45.739 30801 30810 I BLASTBufferQueue: [VRI[FP Iconview]@97f2e43#2](f:0,a:3,s:0) released bufferId:132289287684106 framenumber:71 layerId:497727
01-22 19:18:45.739 30801 30810 I BLASTBufferQueue: [VRI[FP Iconview]@97f2e43#2](f:0,a:3,s:0) Can't acquire next buffer. No available frames
01-22 19:18:45.739 30801 30810 I BLASTBufferQueue: [VRI[FP Iconview]@97f2e43#2](f:0,a:3,s:0) transactionCallback
01-22 19:18:45.739 30801 30810 I BLASTBufferQueue: [VRI[FP Iconview]@97f2e43#2](f:0,a:3,s:0) updated mTransformHint=0
01-22 19:18:45.740  7505  7505 V SDL     : AUDIO nativeSetupJNI()
01-22 19:18:45.740  7505  7505 V SDL     : CONTROLLER nativeSetupJNI()
01-22 19:18:45.743  7505  7505 D AudioSystem: onNewService: media.audio_policy service obtained 0xb400006f770ace80
01-22 19:18:45.745  7505  7505 D AudioSystem: getService: checking for service media.audio_policy: 0xb400006f770ace80
01-22 19:18:45.745  1239  3377 D NativePermissionController: checkPermission: missing 13 for 10544
01-22 19:18:45.746  1239 26816 D NativePermissionController: checkPermission: missing 13 for 10544
01-22 19:18:45.748 30801 30819 I BLASTBufferQueue: [VRI[FP Iconview]@97f2e43#2](f:0,a:3,s:0) onFrameAvailable-start syncTransactionSet=false
01-22 19:18:45.748 30801 30819 I BLASTBufferQueue: [VRI[FP Iconview]@97f2e43#2](f:0,a:3,s:0) onFrameAvailable framenumber=75 syncTransactionSet=false
01-22 19:18:45.748 30801 30819 I BLASTBufferQueue: [VRI[FP Iconview]@97f2e43#2](f:1,a:3,s:0) onFrameAvailable framenumber=75 syncTransactionSet=false
01-22 19:18:45.748 30801 30819 I BLASTBufferQueue: [VRI[FP Iconview]@97f2e43#2](f:0,a:4,s:0) mergePendingTransactions t: 132289287684305, frameNumber: 75
01-22 19:18:45.748 30801 30819 I BLASTBufferQueue: [VRI[FP Iconview]@97f2e43#2](f:0,a:4,s:0) acquireNextBufferLocked size=1454x3134 mFrameNumber=75 applyTransaction=true mTimestamp=1866884547832961(auto) mPendingTransactions.size=0 graphicBufferId=132289287684106 transform=0
01-22 19:18:45.749  1239 26816 D NativePermissionController: checkPermission: missing 13 for 10544
01-22 19:18:45.749  1239  3377 D NativePermissionController: checkPermission: missing 13 for 10544
01-22 19:18:45.751  7567  7567 D nativeloader: Load /data/app/~~76JX9zDocqCXd7XZMGOazg==/net.lovoo.android-GCemTeLq8fxTVxbvAR2rOw==/lib/arm64/librive-android.so using class loader ns clns-9 (caller=/data/app/~~76JX9zDocqCXd7XZMGOazg==/net.lovoo.android-GCemTeLq8fxTVxbvAR2rOw==/base.apk!classes11.dex): ok
01-22 19:18:45.751 30801 30810 I BLASTBufferQueue: [VRI[FP Iconview]@97f2e43#2](f:0,a:4,s:0) releaseBufferCallback bufferId:132289287684105 framenumber:72 layerId:497727
01-22 19:18:45.751 30801 30810 I BLASTBufferQueue: [VRI[FP Iconview]@97f2e43#2](f:0,a:3,s:0) released bufferId:132289287684105 framenumber:72 layerId:497727
01-22 19:18:45.751 30801 30810 I BLASTBufferQueue: [VRI[FP Iconview]@97f2e43#2](f:0,a:3,s:0) Can't acquire next buffer. No available frames
01-22 19:18:45.751 30801 30810 I BLASTBufferQueue: [VRI[FP Iconview]@97f2e43#2](f:0,a:3,s:0) transactionCallback
01-22 19:18:45.751 30801 30810 I BLASTBufferQueue: [VRI[FP Iconview]@97f2e43#2](f:0,a:3,s:0) updated mTransformHint=0
01-22 19:18:45.755  7505  7505 I SV[23832248 PythonActivity]: onWindowVisibilityChanged(0) true org.libsdl.app.SDLSurface{16ba6b8 VFE...... .F....I. 0,0-0,0} of VRI[PythonActivity]@84872f0
01-22 19:18:45.756  7505  7505 D SurfaceView: 23832248 updateSurface: has no frame
01-22 19:18:45.756 30801 30819 I BLASTBufferQueue: [VRI[FP Iconview]@97f2e43#2](f:0,a:3,s:0) onFrameAvailable-start syncTransactionSet=false
01-22 19:18:45.756 30801 30819 I BLASTBufferQueue: [VRI[FP Iconview]@97f2e43#2](f:0,a:3,s:0) onFrameAvailable framenumber=76 syncTransactionSet=false
01-22 19:18:45.756 30801 30819 I BLASTBufferQueue: [VRI[FP Iconview]@97f2e43#2](f:1,a:3,s:0) onFrameAvailable framenumber=76 syncTransactionSet=false
01-22 19:18:45.756 30801 30819 I BLASTBufferQueue: [VRI[FP Iconview]@97f2e43#2](f:0,a:4,s:0) mergePendingTransactions t: 132289287684307, frameNumber: 76
01-22 19:18:45.756  7505  7505 V PythonActivity: Setting env vars for start.c and Python to use
01-22 19:18:45.756  7505  7505 V PythonActivity: Access to our meta-data...
01-22 19:18:45.756 30801 30819 I BLASTBufferQueue: [VRI[FP Iconview]@97f2e43#2](f:0,a:4,s:0) acquireNextBufferLocked size=1454x3134 mFrameNumber=76 applyTransaction=true mTimestamp=1866884556231437(auto) mPendingTransactions.size=0 graphicBufferId=132289287684105 transform=0
01-22 19:18:45.756 30801 30810 I BLASTBufferQueue: [VRI[FP Iconview]@97f2e43#2](f:0,a:4,s:0) releaseBufferCallback bufferId:132289287684108 framenumber:73 layerId:497727
01-22 19:18:45.756 30801 30810 I BLASTBufferQueue: [VRI[FP Iconview]@97f2e43#2](f:0,a:3,s:0) released bufferId:132289287684108 framenumber:73 layerId:497727
01-22 19:18:45.757 30801 30810 I BLASTBufferQueue: [VRI[FP Iconview]@97f2e43#2](f:0,a:3,s:0) Can't acquire next buffer. No available frames
01-22 19:18:45.757 30801 30810 I BLASTBufferQueue: [VRI[FP Iconview]@97f2e43#2](f:0,a:3,s:0) transactionCallback
01-22 19:18:45.757 30801 30810 I BLASTBufferQueue: [VRI[FP Iconview]@97f2e43#2](f:0,a:3,s:0) updated mTransformHint=0
01-22 19:18:45.757  7505  7505 I PythonActivity: Surface will NOT be transparent
01-22 19:18:45.758 16056 20792 I [WEATHER]SourceFile: {[CB76C2F183F85C16E920F2322967885EB4B685D68C482FCF47B5BA6EF8A4F793A4343CBA51A54C95A0244C1B11E5C33700705921EABEB280BE8B94BA519483FDD4049CD76B01D382B75E21C4536098F8ACA6B62A291A3FE2611EF11C7E44979FF7C606E4345DF03B8FA0EFCAE2F20EC29358F566704A38A90F3CF26B832107E0B843F45330A5CC1F6CAC8FF9D1948C3F1B51FC0C898C92AB59C8AB92AC9632FF6EB81B9F7807F825E3CC5ABCEDB09E0084F4A1724B0A6DAF32922786A9C31433FCC9FAFB433486D3362657B9F155312297F72B2FC9707DDAA8B9D656B43CD7B2DEEC345452AF84CA622DBFD01C3379FF0CD6E961F03C08AFF90115436F1C6CF406B943F1EB23E9FB9F1B8AA0DD93E398E3AC04F6F27976D83FE4A4621BC134564A55FEE9968ED609D90EA57975A9FD3B1F25CD0AFDAAD1FBA47B1AD295FBDBD01BEA0B4C517E943F1F86AFE18092B4EE0BFE892E8863492B833DA357C935E7BD301F3A89DE9D4DF0D5F3FF51CC3C424E]}
01-22 19:18:45.762  1559  5960 D SLocation: SLocation - isAvailable 7
01-22 19:18:45.762  1559  5960 D SLocation: SLocation - isAvailable end 7 true
01-22 19:18:45.762 16056  8603 I WPS     : SLocationSource] fetch location
01-22 19:18:45.762 16056  8603 I [WEATHER]SourceFile: {[A67158092A27D2DFD24AED0FB7D180FEC2286ECDA059E477661FC584CE82A186]}
01-22 19:18:45.763 16056 16056 I WPS     : NLP : true / GPS : true
01-22 19:18:45.764  1559  5960 I WindowManager: Relayout Window{d37c539 u0 org.tkideneb2.zeiterfassung/org.kivy.android.PythonActivity}: viewVisibility=0 req=1440x3120 ty=1 d0
01-22 19:18:45.764  7505  7505 I BLASTBufferQueue_Java: update, w= 1440 h= 3120 mName = VRI[PythonActivity]@84872f0 mNativeObject= 0xb400006e370d4c10 sc.mNativeObject= 0xb400006db7012bd0 format= -3 caller= android.view.ViewRootImpl.updateBlastSurfaceIfNeeded:3574 android.view.ViewRootImpl.relayoutWindow:11685 android.view.ViewRootImpl.performTraversals:4804 android.view.ViewRootImpl.doTraversal:3924 android.view.ViewRootImpl$TraversalRunnable.run:12903 android.view.Choreographer$CallbackRecord.run:1901 
01-22 19:18:45.764  7505  7505 I VRI[PythonActivity]@84872f0: Relayout returned: old=(0,0,1440,3120) new=(0,0,1440,3120) relayoutAsync=true req=(1440,3120)0 dur=0 res=0x0 s={true 0xb400006d47039ca0} ch=false seqId=0
01-22 19:18:45.764 30801 30810 I BLASTBufferQueue: [VRI[FP Iconview]@97f2e43#2](f:0,a:3,s:0) releaseBufferCallback bufferId:132289287684107 framenumber:74 layerId:497727
01-22 19:18:45.765 30801 30810 I BLASTBufferQueue: [VRI[FP Iconview]@97f2e43#2](f:0,a:2,s:0) released bufferId:132289287684107 framenumber:74 layerId:497727
01-22 19:18:45.765 30801 30810 I BLASTBufferQueue: [VRI[FP Iconview]@97f2e43#2](f:0,a:2,s:0) Can't acquire next buffer. No available frames
01-22 19:18:45.765 30801 30810 I BLASTBufferQueue: [VRI[FP Iconview]@97f2e43#2](f:0,a:2,s:0) transactionCallback
01-22 19:18:45.765 30801 30810 I BLASTBufferQueue: [VRI[FP Iconview]@97f2e43#2](f:0,a:2,s:0) updated mTransformHint=0
01-22 19:18:45.765  1559  5960 D SurfaceComposerClient: setCornerRadius ## d37c539 org.tkideneb2.zeiterfassung/org.kivy.android.PythonActivity#497725 cornerRadius=0.000000
01-22 19:18:45.765  1559  5960 W PhoneWindowManager: lockNow pending, ignore updating lockscreen timeout
01-22 19:18:45.765  7505  7505 D SurfaceView: 23832248 updateSurface: has no frame
01-22 19:18:45.765  1559  5960 D SurfaceComposerClient: setCornerRadius ## d37c539 org.tkideneb2.zeiterfassung/org.kivy.android.PythonActivity#497725 cornerRadius=0.000000
01-22 19:18:45.765  7505  7505 I SurfaceView: 23832248 Changes: creating=true format=true size=true visible=true alpha=false hint=false left=true top=true z=false attached=true lifecycleStrategy=false
01-22 19:18:45.765 30801 30819 I BLASTBufferQueue: [VRI[FP Iconview]@97f2e43#2](f:0,a:2,s:0) onFrameAvailable-start syncTransactionSet=false
01-22 19:18:45.765 30801 30819 I BLASTBufferQueue: [VRI[FP Iconview]@97f2e43#2](f:0,a:2,s:0) onFrameAvailable framenumber=77 syncTransactionSet=false
01-22 19:18:45.765 30801 30819 I BLASTBufferQueue: [VRI[FP Iconview]@97f2e43#2](f:1,a:2,s:0) onFrameAvailable framenumber=77 syncTransactionSet=false
01-22 19:18:45.765 30801 30819 I BLASTBufferQueue: [VRI[FP Iconview]@97f2e43#2](f:0,a:3,s:0) mergePendingTransactions t: 132289287684309, frameNumber: 77
01-22 19:18:45.765 30801 30819 I BLASTBufferQueue: [VRI[FP Iconview]@97f2e43#2](f:0,a:3,s:0) acquireNextBufferLocked size=1454x3134 mFrameNumber=77 applyTransaction=true mTimestamp=1866884565508859(auto) mPendingTransactions.size=0 graphicBufferId=132289287684108 transform=0
01-22 19:18:45.766  1248  1316 I SurfaceFlinger: id=497739 createSurf, flag=20004, Bounds for - org.tkideneb2.zeiterfassung/org.kivy.android.PythonActivity@0#497739
01-22 19:18:45.766  1248  1549 I SurfaceFlinger: id=497740 createSurf, flag=84004, 16ba6b8 SurfaceView[org.tkideneb2.zeiterfassung/org.kivy.android.PythonActivity]@0#497740
01-22 19:18:45.766  1559  5960 I WindowManager: Relayout hash=d37c539, pid=0, syncId=-1: mAttrs={(0,0)(fillxfill) sim={adjust=pan} ty=BASE_APPLICATION fmt=TRANSLUCENT wanim=0x1030001 sysuil=true
01-22 19:18:45.766  1559  5960 I WindowManager:   fl=1810100
01-22 19:18:45.766  1559  5960 I WindowManager:   pfl=100080c0
01-22 19:18:45.766  1559  5960 I WindowManager:   bhv=1
01-22 19:18:45.766  1559  5960 I WindowManager:   fitSides=0
01-22 19:18:45.766  1559  5960 I WindowManager:   frameRateBoostOnTouch=true
01-22 19:18:45.766  1559  5960 I WindowManager:   dvrrWindowFrameRateHint=true naviIconColor=0}
01-22 19:18:45.766  1248  1549 I SurfaceFlinger: id=497741 createSurf, flag=44400, 16ba6b8 SurfaceView[org.tkideneb2.zeiterfassung/org.kivy.android.PythonActivity]@0(BLAST)#497741
01-22 19:18:45.766  1248  1549 I SurfaceFlinger: id=497742 createSurf, flag=20404, Background for 16ba6b8 SurfaceView[org.tkideneb2.zeiterfassung/org.kivy.android.PythonActivity]@0#497742
01-22 19:18:45.767  7505  7505 I BLASTBufferQueue_Java: new BLASTBufferQueue, mName= 16ba6b8 SurfaceView[org.tkideneb2.zeiterfassung/org.kivy.android.PythonActivity]@0 mNativeObject= 0xb400006e370eedb0 caller= android.view.SurfaceView.createBlastSurfaceControls:1781 android.view.SurfaceView.updateSurface:1450 android.view.SurfaceView.lambda$new$0:280 android.view.SurfaceView.$r8$lambda$NfZyM_TG8F8lqzaOVZ7noREFjzU:0 android.view.SurfaceView$$ExternalSyntheticLambda1.onPreDraw:0 android.view.ViewTreeObserver.dispatchOnPreDraw:1229 android.view.ViewRootImpl.performTraversals:5448 android.view.ViewRootImpl.doTraversal:3924 android.view.ViewRootImpl$TraversalRunnable.run:12903 android.view.Choreographer$CallbackRecord.run:1901 
01-22 19:18:45.767  7505  7505 I BLASTBufferQueue_Java: update, w= 1440 h= 2839 mName = 16ba6b8 SurfaceView[org.tkideneb2.zeiterfassung/org.kivy.android.PythonActivity]@0 mNativeObject= 0xb400006e370eedb0 sc.mNativeObject= 0xb400006db700e250 format= 4 caller= android.view.SurfaceView.createBlastSurfaceControls:1782 android.view.SurfaceView.updateSurface:1450 android.view.SurfaceView.lambda$new$0:280 android.view.SurfaceView.$r8$lambda$NfZyM_TG8F8lqzaOVZ7noREFjzU:0 android.view.SurfaceView$$ExternalSyntheticLambda1.onPreDraw:0 android.view.ViewTreeObserver.dispatchOnPreDraw:1229 
01-22 19:18:45.767  7505  7505 I SurfaceView: 23832248 Cur surface: Surface(name=null mNativeObject=0)/@0xe6827f7
01-22 19:18:45.767  7505  7505 D SurfaceComposerClient: setCornerRadius ## 16ba6b8 SurfaceView[org.tkideneb2.zeiterfassung/org.kivy.android.PythonActivity]@0#497740 cornerRadius=0.000000
01-22 19:18:45.767  7505  7505 I SV[23832248 PythonActivity]: pST: sr = Rect(0, 113 - 1440, 2952) sw = 1440 sh = 2839
01-22 19:18:45.767  7505  7505 D SurfaceView: 23832248 performSurfaceTransaction RenderWorker position = [0, 113, 1440, 2952] surfaceSize = 1440x2839
01-22 19:18:45.767  7505  7505 I SV[23832248 PythonActivity]: updateSurface: mVisible = true mSurface.isValid() = true
01-22 19:18:45.768  7505  7505 I SV[23832248 PythonActivity]: updateSurface: mSurfaceCreated = false surfaceChanged = true visibleChanged = true
01-22 19:18:45.768  7505  7505 I SurfaceView: 23832248 visibleChanged -- surfaceCreated
01-22 19:18:45.768  7505  7505 I SV[23832248 PythonActivity]: surfaceCreated 1 #8 org.libsdl.app.SDLSurface{16ba6b8 VFE...... .F....ID 0,0-1440,2839}
01-22 19:18:45.768  7505  7505 V SDL     : surfaceCreated()
01-22 19:18:45.768  7505  7505 I SurfaceView: 23832248 surfaceChanged -- format=4 w=1440 h=2839
01-22 19:18:45.768  7505  7505 I SV[23832248 PythonActivity]: surfaceChanged (1440,2839) 1 #8 org.libsdl.app.SDLSurface{16ba6b8 VFE...... .F....ID 0,0-1440,2839}
01-22 19:18:45.768  7505  7505 V SDL     : surfaceChanged()
01-22 19:18:45.768  7505  7505 V SDL     : Window size: 1440x2839
01-22 19:18:45.768  7505  7505 V SDL     : Device size: 1440x3120
01-22 19:18:45.769 16056 16056 I WPS     : SLocationSource] request location
01-22 19:18:45.769  1559  5960 D SLocation: SLocation - requestSingleLocation com.sec.android.daemonapp
01-22 19:18:45.769  1559  5960 D SLocation: CommonUtil - check android.permission.ACCESS_BACKGROUND_LOCATION Permission pid=16056, uid=10224, hasPermission=true
01-22 19:18:45.769  1559  5960 D SLocation: CommonUtil - check android.permission.ACCESS_COARSE_LOCATION Permission pid=16056, uid=10224, hasPermission=true
01-22 19:18:45.769  1559  5960 D SLocation: CommonUtil - check android.permission.ACCESS_FINE_LOCATION Permission pid=16056, uid=10224, hasPermission=true
01-22 19:18:45.770  1195  1195 I SensorsHub: flush: handle=1
01-22 19:18:45.770  1559  5960 D SLocation: CommonUtil - check android.permission.ACCESS_COARSE_LOCATION Permission pid=16056, uid=10224, hasPermission=true
01-22 19:18:45.770  1559  5960 D SLocation: CommonUtil - check android.permission.ACCESS_FINE_LOCATION Permission pid=16056, uid=10224, hasPermission=true
01-22 19:18:45.770  1559  5960 D SLocation: CommonUtil - check android.permission.ACCESS_COARSE_LOCATION Permission pid=16056, uid=10224, hasPermission=true
01-22 19:18:45.770  1559  5960 D SLocation: CommonUtil - check android.permission.ACCESS_FINE_LOCATION Permission pid=16056, uid=10224, hasPermission=true
01-22 19:18:45.770  1559  3019 D SLocation: CommonUtil - check android.permission.ACCESS_COARSE_LOCATION Permission pid=16056, uid=10224, hasPermission=true
01-22 19:18:45.770  1559  3019 D SLocation: CommonUtil - check android.permission.ACCESS_FINE_LOCATION Permission pid=16056, uid=10224, hasPermission=true
01-22 19:18:45.770  1559  5960 D SLocation: CommonUtil - check android.permission.ACCESS_COARSE_LOCATION Permission pid=16056, uid=10224, hasPermission=true
01-22 19:18:45.770  1559  5960 D SLocation: CommonUtil - check android.permission.ACCESS_FINE_LOCATION Permission pid=16056, uid=10224, hasPermission=true
01-22 19:18:45.770  1559  5960 D SLocation: SingleLocationManager - single location request, L/598da81/com.sec.android.daemonapp, foreground=true, fineLocation=true
01-22 19:18:45.770  1559  5960 D SLocation: SLocation - requestSingleLocation end com.sec.android.daemonapp 0
01-22 19:18:45.771  1195  1318 E SensorsHub: AccSensor : Meta event
01-22 19:18:45.771  7505  7505 D SensorManager: registerListener :: 1, LSM6DSVTR Accelerometer, 20000, 0, 
01-22 19:18:45.771  7505  7505 D SensorManager: registerListener fail (2) :: 1, LSM6DSVTR Accelerometer, 20000, 0, org.libsdl.app.SDLSurface{16ba6b8 VFE...... .F....ID 0,0-1440,2839}
01-22 19:18:45.771  7505  7505 I SurfaceView: 23832248 surfaceRedrawNeeded
01-22 19:18:45.771  7505  7695 V SDL     : Running main function SDL_main from library /data/app/~~mGR85rfEWUbCEE3XhP-jkA==/org.tkideneb2.zeiterfassung-VRmzHEnzA-jz8OKsmzgWMQ==/lib/arm64/libmain.so
01-22 19:18:45.771  7505  7695 V PythonActivity: appConfirmedActive() -> preparing loading screen removal
01-22 19:18:45.771  7505  7695 V SDL     : nativeRunMain()
01-22 19:18:45.771  1559  3019 D SLocation: SingleLocationManager - do not use last location, accuracy 0
01-22 19:18:45.771  7505  7505 I SurfaceView: 23832248 finishedDrawing
01-22 19:18:45.771  7505  7505 V SurfaceView: Layout: x=0 y=113 w=1440 h=2839, frame=Rect(0, 0 - 1440, 2839)
01-22 19:18:45.772  1559  3019 D SLocation: LocationProviderStatus - try to update provider status (GPS/NLP)
01-22 19:18:45.772  7505  7505 I VRI[PythonActivity]@84872f0: registerCallbackForPendingTransactions
01-22 19:18:45.772  1559  3019 D SLocation: LocationProviderStatus - set isGpsOn : true, isNlpOn : true
01-22 19:18:45.772  1559  3019 D SLocation: LocationProviderStatus - gps & nlp status not changed
01-22 19:18:45.772  1559  3019 D SLocation: PositionManager - requestLocationUpdates(CURRENT_SINGLE) : GPS_PROVIDER
01-22 19:18:45.772  1559  3019 D SLocation: GPSManager - requestUpdate - GPS
01-22 19:18:45.772  1248  1248 I SurfaceFlinger: [Bounds for - org.tkideneb2.zeiterfassung/org.kivy.android.PythonActivity@0#497739] attach to parent LayerHierarchy{RequestedLayerState{org.tkideneb2.zeiterfassung/org.kivy.android.PythonActivity$_7505#497729 parentId=497725} 1 children}
01-22 19:18:45.772  1248  1248 I SurfaceFlinger: [16ba6b8 SurfaceView[org.tkideneb2.zeiterfassung/org.kivy.android.PythonActivity]@0#497740] attach to parent LayerHierarchy{RequestedLayerState{Bounds for - org.tkideneb2.zeiterfassung/org.kivy.android.PythonActivity@0#497739 parentId=497729} 1 children}
01-22 19:18:45.772  1248  1248 I SurfaceFlinger: [16ba6b8 SurfaceView[org.tkideneb2.zeiterfassung/org.kivy.android.PythonActivity]@0(BLAST)#497741] attach to parent LayerHierarchy{RequestedLayerState{16ba6b8 SurfaceView[org.tkideneb2.zeiterfassung/org.kivy.android.PythonActivity]@0#497740 parentId=497739} 1 children}
01-22 19:18:45.772  1248  1248 I SurfaceFlinger: [Background for 16ba6b8 SurfaceView[org.tkideneb2.zeiterfassung/org.kivy.android.PythonActivity]@0#497742] attach to parent LayerHierarchy{RequestedLayerState{16ba6b8 SurfaceView[org.tkideneb2.zeiterfassung/org.kivy.android.PythonActivity]@0#497740 parentId=497739} 2 children}
01-22 19:18:45.773  7505  7695 I python  : Initializing Python for Android
01-22 19:18:45.773  7505  7695 I python  : Setting additional env vars from p4a_env_vars.txt
01-22 19:18:45.773  7505  7695 I python  : Changing directory to the one provided by ANDROID_ARGUMENT
01-22 19:18:45.773  7505  7695 I python  : /data/user/0/org.tkideneb2.zeiterfassung/files/app
01-22 19:18:45.773 30801 30819 I BLASTBufferQueue: [VRI[FP Iconview]@97f2e43#2](f:0,a:3,s:0) onFrameAvailable-start syncTransactionSet=false
01-22 19:18:45.773 30801 30819 I BLASTBufferQueue: [VRI[FP Iconview]@97f2e43#2](f:0,a:3,s:0) onFrameAvailable framenumber=78 syncTransactionSet=false
01-22 19:18:45.773 30801 30819 I BLASTBufferQueue: [VRI[FP Iconview]@97f2e43#2](f:1,a:3,s:0) onFrameAvailable framenumber=78 syncTransactionSet=false
01-22 19:18:45.773 30801 30819 I BLASTBufferQueue: [VRI[FP Iconview]@97f2e43#2](f:0,a:4,s:0) mergePendingTransactions t: 132289287684311, frameNumber: 78
01-22 19:18:45.773 30801 30819 I BLASTBufferQueue: [VRI[FP Iconview]@97f2e43#2](f:0,a:4,s:0) acquireNextBufferLocked size=1454x3134 mFrameNumber=78 applyTransaction=true mTimestamp=1866884573088937(auto) mPendingTransactions.size=0 graphicBufferId=132289287684107 transform=0
01-22 19:18:45.773  7505  7526 D SurfaceView: 23832248 updateSurfacePosition RenderWorker, frameNr = 33, position = [0, 113, 1440, 2952] surfaceSize = 1440x2839
01-22 19:18:45.773  7505  7526 I SV[23832248 PythonActivity]: uSP: rtp = Rect(0, 113 - 1440, 2952) rtsw = 1440 rtsh = 2839
01-22 19:18:45.773  7505  7526 I SV[23832248 PythonActivity]: onSSPAndSRT: pl = 0 pt = 113 sx = 1.0 sy = 1.0
01-22 19:18:45.773  1559  3019 D LocationManagerService: gps provider added registration from 1000/android[SLocationService]/193E6E1A -> Request[@0 HIGH_ACCURACY, WorkSource{1000 android}]
01-22 19:18:45.774  7505  7526 I SV[23832248 PythonActivity]: aOrMT: VRI[PythonActivity]@84872f0 t = android.view.SurfaceControl$Transaction@ced10cd fN = 33 android.view.SurfaceView.-$$Nest$mapplyOrMergeTransaction:0 android.view.SurfaceView$SurfaceViewPositionUpdateListener.positionChanged:1932 android.graphics.RenderNode$CompositePositionUpdateListener.positionChanged:401 
01-22 19:18:45.774  7505  7526 I VRI[PythonActivity]@84872f0: mWNT: t=0xb400006ec701b810 mBlastBufferQueue=0xb400006e370d4c10 fn= 33 HdrRenderState mRenderHdrSdrRatio=1.0 caller= android.view.SurfaceView.applyOrMergeTransaction:1863 android.view.SurfaceView.-$$Nest$mapplyOrMergeTransaction:0 android.view.SurfaceView$SurfaceViewPositionUpdateListener.positionChanged:1932 
01-22 19:18:45.774  1559  3019 I NSLocationProviderHelper: updateRequestInfo, uid=1000
01-22 19:18:45.774 30801 30810 I BLASTBufferQueue: [VRI[FP Iconview]@97f2e43#2](f:0,a:4,s:0) releaseBufferCallback bufferId:132289287684106 framenumber:75 layerId:497727
01-22 19:18:45.774 30801 30810 I BLASTBufferQueue: [VRI[FP Iconview]@97f2e43#2](f:0,a:3,s:0) released bufferId:132289287684106 framenumber:75 layerId:497727
01-22 19:18:45.774  7505  7505 D InputMethodManagerUtils: startInputInner - Id : 0
01-22 19:18:45.774 30801 30810 I BLASTBufferQueue: [VRI[FP Iconview]@97f2e43#2](f:0,a:3,s:0) Can't acquire next buffer. No available frames
01-22 19:18:45.774  7505  7505 I InputMethodManager: startInputInner - IInputMethodManagerGlobalInvoker.startInputOrWindowGainedFocus
01-22 19:18:45.774 30801 30810 I BLASTBufferQueue: [VRI[FP Iconview]@97f2e43#2](f:0,a:3,s:0) transactionCallback
01-22 19:18:45.774 30801 30810 I BLASTBufferQueue: [VRI[FP Iconview]@97f2e43#2](f:0,a:3,s:0) updated mTransformHint=0
01-22 19:18:45.774  7505  7535 I VRI[PythonActivity]@84872f0: mWNT: t=0xb400006ec7030b90 mBlastBufferQueue=0xb400006e370d4c10 fn= 33 HdrRenderState mRenderHdrSdrRatio=1.0 caller= android.view.ViewRootImpl$10.onFrameDraw:6536 android.view.ViewRootImpl$4.onFrameDraw:2489 android.view.ThreadedRenderer$1.onFrameDraw:718 
01-22 19:18:45.774  1559  3019 D LocationManagerService: try to release motion power when coming new active request
01-22 19:18:45.775  1559  3019 D LocationManagerService: gps provider request changed to ProviderRequest[@0, HIGH_ACCURACY, WorkSource{1000 android}]
01-22 19:18:45.775  1559  6879 I WindowManager: Relayout Window{d37c539 u0 org.tkideneb2.zeiterfassung/org.kivy.android.PythonActivity}: viewVisibility=0 req=1440x3120 ty=1 d0
01-22 19:18:45.775  7505  7505 I BLASTBufferQueue_Java: update, w= 1440 h= 3120 mName = VRI[PythonActivity]@84872f0 mNativeObject= 0xb400006e370d4c10 sc.mNativeObject= 0xb400006db7012bd0 format= -3 caller= android.view.ViewRootImpl.updateBlastSurfaceIfNeeded:3574 android.view.ViewRootImpl.relayoutWindow:11685 android.view.ViewRootImpl.performTraversals:4804 android.view.ViewRootImpl.doTraversal:3924 android.view.ViewRootImpl$TraversalRunnable.run:12903 android.view.Choreographer$CallbackRecord.run:1901 
01-22 19:18:45.775  1559  6879 D SurfaceComposerClient: setCornerRadius ## d37c539 org.tkideneb2.zeiterfassung/org.kivy.android.PythonActivity#497725 cornerRadius=0.000000
01-22 19:18:45.775  7505  7505 I VRI[PythonActivity]@84872f0: Relayout returned: old=(0,0,1440,3120) new=(0,0,1440,3120) relayoutAsync=true req=(1440,3120)0 dur=0 res=0x0 s={true 0xb400006d47039ca0} ch=false seqId=0
01-22 19:18:45.776  1559  6879 W PhoneWindowManager: lockNow pending, ignore updating lockscreen timeout
01-22 19:18:45.776  1559  6879 D SurfaceComposerClient: setCornerRadius ## d37c539 org.tkideneb2.zeiterfassung/org.kivy.android.PythonActivity#497725 cornerRadius=0.000000
01-22 19:18:45.776  7505  7505 I VRI[PythonActivity]@84872f0: updateBoundsLayer: t=android.view.SurfaceControl$Transaction@79ccd82 sc=Surface(name=Bounds for - org.tkideneb2.zeiterfassung/org.kivy.android.PythonActivity@0)/@0x8ed4c93 frame=33
01-22 19:18:45.776  7505  7505 I VRI[PythonActivity]@84872f0: registerCallbackForPendingTransactions
01-22 19:18:45.776  7505  7526 I GSC     : SID[8] : 3fbab2d0b9a11634, Kind: 1, time : 1.713 ms
01-22 19:18:45.777  3466  3548 I RequestManager_FLP: request from system, change packageName by tag from system to system(SLocationService)
01-22 19:18:45.778  3466  3548 E RequestManager_FLP: [LocationManager] Location request 193E6E1A(Listener) gps interval=0ms (min=0ms) from system(SLocationService) (1000_FINE_unknown_false_foreground)
01-22 19:18:45.778  3466  3548 I NewStopController_FLP: onReceiveGpsRequest, stop : false, reporting last loc : false
01-22 19:18:45.778  3466  3548 I NewStopController_FLP: onMinIntervalChanged=1000
01-22 19:18:45.779  7505  7526 I GSC     : SID[9] : 9fb7104710fc7e74, Kind: 0, time : 2.259 ms
01-22 19:18:45.780  1248  1248 I SurfaceFlinger: RequestedLayer [16ba6b8 SurfaceView[org.tkideneb2.ze[...]ivy.android.PythonActivity]@0#497740] hidden!! flag  from(1) --> to(0)
01-22 19:18:45.780  1248  1248 I SurfaceFlinger: RequestedLayer [Bounds for - org.tkideneb2.zeiterfas[...]kivy.android.PythonActivity@0#497739] hidden!! flag  from(1) --> to(0)
01-22 19:18:45.780  1248  1248 I SurfaceFlinger: RequestedLayer [Background for 16ba6b8 SurfaceView[o[...]ivy.android.PythonActivity]@0#497742] hidden!! flag  from(1) --> to(0)
01-22 19:18:45.780  1248  1248 I SurfaceFlinger: [LayerHierarchy{RequestedLayerState{16ba6b8 SurfaceView[org.tkideneb2.zeiterfassung/org.kivy.android.PythonActivity]@0#497740 parentId=497739 relativeParentId=497729 z=-2} 2 children}] RelativeParent to LayerHierarchy{RequestedLayerState{org.tkideneb2.zeiterfassung/org.kivy.android.PythonActivity$_7505#497729 parentId=497725} 2 children}
01-22 19:18:45.780  1248  1248 I SurfaceFlinger: [LayerHierarchy{RequestedLayerState{Background for 16ba6b8 SurfaceView[org.tkideneb2.zeiterfassung/org.kivy.android.PythonActivity]@0#497742 parentId=497740 relativeParentId=497729 z=-2147483648} no children}] RelativeParent to LayerHierarchy{RequestedLayerState{org.tkideneb2.zeiterfassung/org.kivy.android.PythonActivity$_7505#497729 parentId=497725} 3 children}
01-22 19:18:45.780  7505  7534 I VRI[PythonActivity]@84872f0: mWNT: t=0xb400006ec7048590 mBlastBufferQueue=0xb400006e370d4c10 fn= 34 HdrRenderState mRenderHdrSdrRatio=1.0 caller= android.view.ViewRootImpl$10.onFrameDraw:6536 android.view.ViewRootImpl$4.onFrameDraw:2489 android.view.ThreadedRenderer$1.onFrameDraw:718 
01-22 19:18:45.781  7505  7695 I python  : Preparing to initialize python
01-22 19:18:45.781 30801 30819 I BLASTBufferQueue: [VRI[FP Iconview]@97f2e43#2](f:0,a:3,s:0) onFrameAvailable-start syncTransactionSet=false
01-22 19:18:45.781 30801 30819 I BLASTBufferQueue: [VRI[FP Iconview]@97f2e43#2](f:0,a:3,s:0) onFrameAvailable framenumber=79 syncTransactionSet=false
01-22 19:18:45.781 30801 30819 I BLASTBufferQueue: [VRI[FP Iconview]@97f2e43#2](f:1,a:3,s:0) onFrameAvailable framenumber=79 syncTransactionSet=false
01-22 19:18:45.781 30801 30819 I BLASTBufferQueue: [VRI[FP Iconview]@97f2e43#2](f:0,a:4,s:0) mergePendingTransactions t: 132289287684313, frameNumber: 79
01-22 19:18:45.781  7505  7695 I python  : _python_bundle dir exists
01-22 19:18:45.781  7505  7695 I python  : calculated paths to be...
01-22 19:18:45.781  7505  7695 I python  : /data/user/0/org.tkideneb2.zeiterfassung/files/app/_python_bundle/stdlib.zip:/data/user/0/org.tkideneb2.zeiterfassung/files/app/_python_bundle/modules
01-22 19:18:45.781 30801 30819 I BLASTBufferQueue: [VRI[FP Iconview]@97f2e43#2](f:0,a:4,s:0) acquireNextBufferLocked size=1454x3134 mFrameNumber=79 applyTransaction=true mTimestamp=1866884581439523(auto) mPendingTransactions.size=0 graphicBufferId=132289287684106 transform=0
01-22 19:18:45.781  1559  2226 V InputMethodManagerService: startInputOrWindowGainedFocusInternalLocked: reason=SCHEDULED_CHECK_FOCUS client=android.os.BinderProxy@44044e8 inputContext=null editorInfo=android.view.inputmethod.EditorInfo@fe97b03 startInputFlags=VIEW_HAS_FOCUS|INITIAL_CONNECTION softInputMode=STATE_UNSPECIFIED|ADJUST_PAN windowFlags=#1810100 unverifiedTargetSdkVersion=34 bindingController=com.android.server.inputmethod.InputMethodBindingController@905be2c imeDispatcher=android.window.ImeOnBackInvokedDispatcher@1367a80 cs=ClientState{c00fce1 mUid=10544 mPid=7505 mSelfReportedDisplayId=0} imeRequestedVisible=false
01-22 19:18:45.781  3466  3548 I SettingManager_FLP: Location icon is enabled by android(1000)
01-22 19:18:45.781  1559  2226 V InputMethodManagerService: setWindowStateInner, windowToken=android.os.BinderProxy@9b4c900, state=ImeTargetWindowState{ imeToken null imeFocusChanged false hasEditorFocused false requestedImeVisible false imeDisplayId 0 softInputModeState STATE_UNSPECIFIED|ADJUST_PAN isStartInputByGainFocus false}
01-22 19:18:45.782  1559  2226 D SemInputMethodManagerServiceUtil: restorePreviousUsedInputMethod : failed to return the previous ime becuase the stored info is null or do not need restore
01-22 19:18:45.782  1559  2226 V InputMethodManagerService: semComputeImeDisplayIdForTarget: displayToShowIme=0
01-22 19:18:45.782  1559  2226 V InputMethodManagerService: Creating new accessibility sessions for client ClientState{c00fce1 mUid=10544 mPid=7505 mSelfReportedDisplayId=0}
01-22 19:18:45.782  1559  6879 I WindowManager: Relayout hash=d37c539, pid=0, syncId=-1: mAttrs={(0,0)(fillxfill) sim={adjust=pan} ty=BASE_APPLICATION fmt=TRANSLUCENT wanim=0x1030001 sysuil=true
01-22 19:18:45.782  1559  6879 I WindowManager:   fl=1810900
01-22 19:18:45.782  1559  6879 I WindowManager:   pfl=10008040
01-22 19:18:45.782  1559  6879 I WindowManager:   vsysui=100
01-22 19:18:45.782  1559  6879 I WindowManager:   bhv=1
01-22 19:18:45.782  1559  6879 I WindowManager:   fitSides=0
01-22 19:18:45.782  1559  6879 I WindowManager:   frameRateBoostOnTouch=true
01-22 19:18:45.782  1559  6879 I WindowManager:   dvrrWindowFrameRateHint=true naviIconColor=0}
01-22 19:18:45.782  1559  2226 D InputMethodManagerService: isImeSwitcherDisabledPackage : false
01-22 19:18:45.782  1559  2226 D InputMethodManagerService: shouldShowImeSwitcherLocked : checking vis : 3
01-22 19:18:45.782  7505  7695 I python  : set wchar paths...
01-22 19:18:45.782  1559  2226 D InputMethodManagerService: checkDisplayOfStartInputAndUpdateKeyboard: displayId=0, mFocusedDisplayId=0
01-22 19:18:45.782  1559  2226 D InputTransport: Input channel constructed: 'ClientS', fd=1288
01-22 19:18:45.782  1559  2604 D GnssLocationProvider: setRequest ProviderRequest[@0, HIGH_ACCURACY, WorkSource{1000 android}]
01-22 19:18:45.782  1248  1248 D SurfaceFlinger: Display 4633128672291736003 HWC layers:
01-22 19:18:45.782  1248  1248 D SurfaceFlinger:   SOLID_COLOR |                        0 | 00000002 | N/A          |    0.0    0.0    0.0    0.0 |    0  113 1440 2952 | Background for 16ba6b8 SurfaceView[o[...]ivy.android.PythonActivity]@0#497742 (0)
01-22 19:18:45.782  1248  1248 D SurfaceFlinger:        DEVICE |           32233729556484 | 00002100 | RGBA_8888    |    0.0    0.0 1440.0 3120.0 |    0    0 1440 3120 | org.tkideneb2.zeiterfassung/org.kivy.android.PythonActivity$_7505#497729 (33)
01-22 19:18:45.782  1248  1248 D SurfaceFlinger:        DEVICE |           12086038195123 | 00002100 | RGBA_8888    |    0.0    0.0 1440.0  113.0 |    0    0 1440  113 | StatusBar$_2814#110 (1790740)
01-22 19:18:45.782  1248  1248 D SurfaceFlinger:        DEVICE |           13932874057998 | 00002100 | RGBA_8888    |    0.0    0.0   67.0  675.0 | 1373 1846 1440 2521 | com.sec.android.app.launcher/com.sam[...].app.CocktailBarService$_3244#497738 (1)
01-22 19:18:45.782  1248  1248 D SurfaceFlinger:        DEVICE |           12086038195122 | 00002100 | RGBA_8888    |    0.0    0.0 1440.0  168.0 |    0 2952 1440 3120 | NavigationBar0$_2814#108 (960204)
01-22 19:18:45.782  1248  1248 D SurfaceFlinger:        DEVICE |          132289287684108 | 00002140 | RGBA_8888    |    
01-22 19:18:45.782  7505  7518 D InputTransport: Input channel constructed: 'ClientS', fd=126
01-22 19:18:45.782  1248  1248 D SurfaceFlinger: 7.0    7.0 1447.0 3127.0 |    0    0 1440 3120 | FP Iconview$_30801#497727 (77)
01-22 19:18:45.782  1248  1248 D SurfaceFlinger: 
01-22 19:18:45.782  1559  2604 D GnssLocationProvider: mStarted =  false, isEnabled = true
01-22 19:18:45.782 30801 30810 I BLASTBufferQueue: [VRI[FP Iconview]@97f2e43#2](f:0,a:4,s:0) releaseBufferCallback bufferId:132289287684105 framenumber:76 layerId:497727
01-22 19:18:45.782  1559  2604 D GnssLocationProvider: stopBatching
01-22 19:18:45.782  1559  2604 D GnssLocationProvider: startNavigating
01-22 19:18:45.782 30801 30810 I BLASTBufferQueue: [VRI[FP Iconview]@97f2e43#2](f:0,a:3,s:0) released bufferId:132289287684105 framenumber:76 layerId:497727
01-22 19:18:45.783 30801 30810 I BLASTBufferQueue: [VRI[FP Iconview]@97f2e43#2](f:0,a:3,s:0) Can't acquire next buffer. No available frames
01-22 19:18:45.783 30801 30810 I BLASTBufferQueue: [VRI[FP Iconview]@97f2e43#2](f:0,a:3,s:0) transactionCallback
01-22 19:18:45.783 30801 30810 I BLASTBufferQueue: [VRI[FP Iconview]@97f2e43#2](f:0,a:3,s:0) updated mTransformHint=0
01-22 19:18:45.783  1559  2226 D InputTransport: Input channel destroyed: 'ClientS', fd=1288
01-22 19:18:45.783  6627  6627 I HBD     : HoneyBoardService onFinishInput 
01-22 19:18:45.783  1559  2604 D GnssLocationProvider_ex: Data network status true
01-22 19:18:45.783  1559  2604 D GnssLocationProvider_ex: Set SubIdForSuplNi to DD subID
01-22 19:18:45.783  1559  2604 D CarrierConfigForGnss: isKORMarket : false
01-22 19:18:45.783  1559  2604 D GnssLocationProvider: setting position_mode to MS_BASED
01-22 19:18:45.783  6627  6627 I HBD     : a IC have been unbinding,  RemoteInputConnection{idHash=#9fd351}
01-22 19:18:45.783  6627  6627 I HBD     : HoneyBoardService [PF_CL][onFinishInput]  0 ms 
01-22 19:18:45.783  6627  6627 I HBD     : HoneyBoardService [IMI] onStartInput - caller pid : 7505 , caller uid : 10544 
01-22 19:18:45.783  6627  6627 I HBD     : r updateConfigs 
01-22 19:18:45.783  6627  6627 I HBD     : r isEnabledNightMode : true 
01-22 19:18:45.783  6627  6627 I HBD     : a IC have been binding, RemoteInputConnection{idHash=#9fd351} 
01-22 19:18:45.783  1453  1478 I AIDL    : Gnss::setPositionMode: Called
01-22 19:18:45.783  6627  6627 I HBD     : h [EditorInputType]setPrivateImeOptionsToTable privateImeOptions ( null )
01-22 19:18:45.783  6627  6627 I HBD     : b incognitoMode : false 
01-22 19:18:45.783  6627  6627 I HBD     : f needOff = true , isForceOff = false, isNullInputClass : true 
01-22 19:18:45.784  6627  6627 I HBD     : h getDefaultInputRange : UNKNOWN 
01-22 19:18:45.784  6627  6627 I HBD     : h getDefaultInputRange : UNKNOWN 
01-22 19:18:45.784  6627  6627 I HBD     : h getDefaultInputRange : UNKNOWN 
01-22 19:18:45.784  6627  6627 I HBD     : i [AiWriter] isChildBlockCase:
01-22 19:18:45.784  4428  4476 I SamsungAccount: [AccountManagerProvider] isChildAccount
01-22 19:18:45.784  1559  3019 D SLocation: LocationProviderStatus - try to update provider status (GPS/NLP)
01-22 19:18:45.784  4428  4476 I SamsungAccount: [AccountManagerProvider] Calling package : android.honeyboard.
01-22 19:18:45.784  1559  3019 D SLocation: LocationProviderStatus - set isGpsOn : true, isNlpOn : true
01-22 19:18:45.784  1559  3019 D SLocation: LocationProviderStatus - gps & nlp status not changed
01-22 19:18:45.784  1559  3019 D SLocation: PositionManager - requestLocationUpdates(CURRENT_SINGLE) : NETWORK_PROVIDER
01-22 19:18:45.784  1559  3019 D SLocation: network_Manager - requestUpdate
01-22 19:18:45.785  1453  1478 I AIDL    : Gnss::setPositionMode: Exit
01-22 19:18:45.785  1453  1478 I AIDL    : Gnss::start: Called
01-22 19:18:45.785  1453  1478 I AIDL    : GNSS Version : [ SPOTNAV_4.17.16_27_E_275468_Jun 17 2025_19:31:34 ]
01-22 19:18:45.785  1453  1478 I AIDL    : GNSS Commit Hash: 28e1d4bc85517e320b23d49ac40277e629514adf
01-22 19:18:45.785   632   636 D io_stats: !@ cpu boost: status(ON), curr_traffic_level(2), curr_set_freq(1959000), curr_set_lpm(0)
01-22 19:18:45.786  3466  3548 I LocFrameworkMonitor_FLP: setNavigatingFromGlp, startNavigating with interval 0, operationMode=1
01-22 19:18:45.786  1559  3019 D LocationManagerService: network provider added registration from 1000/android[SLocationService]/4D84F4C4 -> Request[@0 BALANCED, WorkSource{1000 android}]
01-22 19:18:45.786  3466  3548 I GpsSession_FLP: Interval was changed from 1000 to 0
01-22 19:18:45.786  4428  4476 I SamsungAccount: [SignatureInfoDbHelper] searchOnUser(fromDb) - [10/lfgff][android.honeyboard.][64/3291d] => matched
01-22 19:18:45.786  4428  4476 I SamsungAccount: [AccountManagerProvider] This is the access of the allowed application
01-22 19:18:45.786  1559  3019 I NSLocationProviderHelper: updateRequestInfo, uid=1000
01-22 19:18:45.786  4428  4476 I SamsungAccount: [AccountManagerUtil] isSamsungAccountSignedIn : true
01-22 19:18:45.786  1559  3019 D LocationManagerService: network provider request changed to ProviderRequest[@0, WorkSource{1000 android}]
01-22 19:18:45.786  4428  4476 I SamsungAccount: [TPMU]  SIMState     :SIM_STATE_READY
01-22 19:18:45.786  4428  4476 I SamsungAccount: [CountryCodeUtil] isChinaCountryCode : false
01-22 19:18:45.786  1452  2429 D GNSS    : lal_check_memory_size: tid=2429 tName=io_worker_rx_th memSize=5748(1044 980 3296 428)(KB) limit=131072(KB) tx=1 rx=0
01-22 19:18:45.787  3466  3548 I RequestManager_FLP: request from system, change packageName by tag from system to system(SLocationService)
01-22 19:18:45.787  1453  1484 I AIDL    : GNSSReportStatus: status=3 cbIsNULL=0
01-22 19:18:45.787  3466  3548 E RequestManager_FLP: [LocationManager] Location request 4D84F4C4(Listener) network interval=0ms (min=0ms) from system(SLocationService) (1000_FINE_unknown_false_foreground)
01-22 19:18:45.787  1559  3019 D SLocation: LocationProviderStatus - try to update provider status (GPS/NLP)
01-22 19:18:45.787  4428  4476 I SamsungAccount: [TPMU] getMccFromUsim
01-22 19:18:45.787  4428  4476 I SamsungAccount: [MccManager] saveMccToPreference Start
01-22 19:18:45.787  1559  3019 D SLocation: LocationProviderStatus - set isGpsOn : true, isNlpOn : true
01-22 19:18:45.787  1559  3019 D SLocation: LocationProviderStatus - gps & nlp status not changed
01-22 19:18:45.787  1559  3019 D SLocation: PositionManager - requestLocationUpdates(CURRENT_SINGLE) : FUSED_PROVIDER
01-22 19:18:45.787  4428  4476 I SamsungAccount: [MccManager] saveMccToPreference, mcc is same with previous mcc
01-22 19:18:45.787  1559  3019 D SLocation: fused_Manager - requestUpdate
01-22 19:18:45.787  4428  4476 I SamsungAccount: [ChildAccountSupportedListManager] getSupportedListFromPreference from cache
01-22 19:18:45.788  4428  4476 I SamsungAccount: [TPMU]  SIMState     :SIM_STATE_READY
01-22 19:18:45.788  4428  4476 I SamsungAccount: [CountryCodeUtil] isChinaCountryCode : false
01-22 19:18:45.788  1559  3019 D LocationManagerService: fused provider added registration from 1000/android[SLocationService]/1298B8CD -> Request[@0 BALANCED, WorkSource{1000 android}]
01-22 19:18:45.788  4428  4476 I SamsungAccount: [TPMU] getMccFromUsim
01-22 19:18:45.788  4428  4476 I SamsungAccount: [MccManager] saveMccToPreference Start
01-22 19:18:45.788  4428  4476 I SamsungAccount: [MccManager] saveMccToPreference, mcc is same with previous mcc
01-22 19:18:45.788  4428  4476 I SamsungAccount: [FamilyGroupUtil] meetKoreaCountryCondition(beforeSignUp=false): false
01-22 19:18:45.789  4428  4476 I SamsungAccount: [ChildAccountSupportedListManager] getSupportedListFromPreference from cache
01-22 19:18:45.789  4428  4476 I SamsungAccount: [TPMU]  SIMState     :SIM_STATE_READY
01-22 19:18:45.789  4428  4476 I SamsungAccount: [CountryCodeUtil] isChinaCountryCode : false
01-22 19:18:45.789  1452  2406 D GNSS    : GNSS Library Version: MCD_64-bit_DAEMON_SPOTNAV_4.17.16_27_E_275468_Jun 17 2025/19:31
01-22 19:18:45.789  1559  5960 D GnssManager: reportStatus : 3
01-22 19:18:45.789  1453  1484 I AIDL    : GNSSReportStatus: gnssStatusCb() returned
01-22 19:18:45.790  4428  4476 I SamsungAccount: [TPMU] getMccFromUsim
01-22 19:18:45.790  4428  4476 I SamsungAccount: [MccManager] saveMccToPreference Start
01-22 19:18:45.790  4428  4476 I SamsungAccount: [MccManager] saveMccToPreference, mcc is same with previous mcc
01-22 19:18:45.790  4428  4476 I SamsungAccount: [FamilyGroupUtil] meetServerCountryCondition(beforeSignUp=false): true
01-22 19:18:45.790  1452  2406 D GNSS    : Model SM-S926B Device Samsung E2S EUR OPENX board based on S5E9945v1.2 MCD SDK=36(Android 16) RIL=S926BXXSBCYK8 GSM=S926BXXSBCYK8-S926BXXSBCYK8 Build=samsung/e2sxxx/e2s:14/UP1A.231005.007/S926BXXSBCYK8:user/release-keys board=s5e9945.17.samsung
01-22 19:18:45.790  1452  2406 D GNSS    : GNSS SW 34(Android U) Commit=28e1d4bc85517e320b23d49ac40277e629514adf GL=MCD_64-bit_DAEMON_SPOTNAV_4.17.16_27_E_275468_Jun 17 2025/19:31
01-22 19:18:45.790  4428  4476 I SamsungAccount: [TPMU]  SIMState     :SIM_STATE_READY
01-22 19:18:45.790  4428  4476 I SamsungAccount: [CountryCodeUtil] isChinaCountryCode : false
01-22 19:18:45.790  1453  1484 I AIDL    : GNSSReportStatus: status=1 cbIsNULL=0
01-22 19:18:45.790 30801 30819 I BLASTBufferQueue: [VRI[FP Iconview]@97f2e43#2](f:0,a:3,s:0) onFrameAvailable-start syncTransactionSet=false
01-22 19:18:45.790 30801 30819 I BLASTBufferQueue: [VRI[FP Iconview]@97f2e43#2](f:0,a:3,s:0) onFrameAvailable framenumber=80 syncTransactionSet=false
01-22 19:18:45.790 30801 30819 I BLASTBufferQueue: [VRI[FP Iconview]@97f2e43#2](f:1,a:3,s:0) onFrameAvailable framenumber=80 syncTransactionSet=false
01-22 19:18:45.790 30801 30819 I BLASTBufferQueue: [VRI[FP Iconview]@97f2e43#2](f:0,a:4,s:0) mergePendingTransactions t: 132289287684315, frameNumber: 80
01-22 19:18:45.790  1559  5960 D GnssManager: reportStatus : 1
01-22 19:18:45.790 30801 30819 I BLASTBufferQueue: [VRI[FP Iconview]@97f2e43#2](f:0,a:4,s:0) acquireNextBufferLocked size=1454x3134 mFrameNumber=80 applyTransaction=true mTimestamp=1866884590341984(auto) mPendingTransactions.size=0 graphicBufferId=132289287684105 transform=0
01-22 19:18:45.790  1453  1484 I AIDL    : GNSSReportStatus: gnssStatusCb() returned
01-22 19:18:45.790  1453  1484 I AIDL    : GNSSStartHandler: Success
01-22 19:18:45.790  2814  2814 W View    : requestLayout() improperly called by com.android.systemui.qs.SecQSGradationDrawableView{eced6f3 V.E...... ......ID 0,0-1440,413 #7f0a0a16 app:id/qs_gradation_view} during layout: running second layout pass
01-22 19:18:45.790  2814  2814 W View    : requestLayout() improperly called by android.widget.FrameLayout{681bfb0 V.E...... ......I. 0,0-1440,3120 #2} during layout: running second layout pass
01-22 19:18:45.790  2814  2814 W View    : requestLayout() improperly called by android.widget.FrameLayout{fc66e29 V.E...... ......ID 0,196-1440,2952 #7f0a0a14 app:id/qs_frame} during layout: running second layout pass
01-22 19:18:45.791  2814  2814 W RefactorFlag: New code path expects SceneContainerFlag to be enabled.
01-22 19:18:45.791  4428  4476 I SamsungAccount: [TPMU] getMccFromUsim
01-22 19:18:45.791  4428  4476 I SamsungAccount: [MccManager] saveMccToPreference Start
01-22 19:18:45.791  4428  4476 I SamsungAccount: [MccManager] saveMccToPreference, mcc is same with previous mcc
01-22 19:18:45.791  4428  4476 I SamsungAccount: [FamilyGroupUtil] meetKoreaOneUiCondition: false
01-22 19:18:45.791  4428  4476 I SamsungAccount: [ChildAccountSupportedListManager] getSupportedListFromPreference from cache
01-22 19:18:45.791  4428  4476 I SamsungAccount: [FamilyGroupUtil] meetServerOneUiCondition: true
01-22 19:18:45.791  4428  4476 I SamsungAccount: [FamilyGroupUtil] isSupportFamilyService: true
01-22 19:18:45.791  4428  4476 I SamsungAccount: [ChildAccount] isChildAccount : false
01-22 19:18:45.791  4428  4476 I SamsungAccount: [AccountManagerProvider] makeResultBundle - resultCode : 0
01-22 19:18:45.791 30801 30810 I BLASTBufferQueue: [VRI[FP Iconview]@97f2e43#2](f:0,a:4,s:0) releaseBufferCallback bufferId:132289287684108 framenumber:77 layerId:497727
01-22 19:18:45.791 30801 30810 I BLASTBufferQueue: [VRI[FP Iconview]@97f2e43#2](f:0,a:3,s:0) released bufferId:132289287684108 framenumber:77 layerId:497727
01-22 19:18:45.791 30801 30810 I BLASTBufferQueue: [VRI[FP Iconview]@97f2e43#2](f:0,a:3,s:0) Can't acquire next buffer. No available frames
01-22 19:18:45.791 30801 30810 I BLASTBufferQueue: [VRI[FP Iconview]@97f2e43#2](f:0,a:3,s:0) transactionCallback
01-22 19:18:45.791 30801 30810 I BLASTBufferQueue: [VRI[FP Iconview]@97f2e43#2](f:0,a:3,s:0) updated mTransformHint=0
01-22 19:18:45.791  6627  6627 I HBD     : i [AiWriter] isChildAccount:false
01-22 19:18:45.791  1559  3019 I NSLocationProviderHelper: updateRequestInfo, uid=1000
01-22 19:18:45.792  1559  3019 D LocationManagerService: fused provider request changed to ProviderRequest[@0, WorkSource{1000 android}]
01-22 19:18:45.792  6627  6627 I HBD     : f needOff = true , isForceOff = false, isNullInputClass : true 
01-22 19:18:45.792  6627  6627 I HBD     : f update cached prediction status : false 
01-22 19:18:45.792  6627  6627 I HBD     : h getDefaultInputRange : UNKNOWN 
01-22 19:18:45.792  6627  6627 I HBD     : a currentState : 0 
01-22 19:18:45.792  6627  6627 I HBD     : a [UpdatePolicy] [post] a: 0 cl: 1048576 kit: [0/6] vt: 0 ir: 1 
01-22 19:18:45.792  3466  3548 I GnssEngineManager_FLP: updateEngineEnabled, true / isFromAp=true
01-22 19:18:45.792  3466  3548 I GnssEngineManager_FLP: updateEngineEnabled, register stationary
01-22 19:18:45.792  3466  3548 I NewStopController_FLP: motionMonitorStart
01-22 19:18:45.793  6627  6627 I HBD     : a [NRIC] resetNoResponseState 
01-22 19:18:45.793  6627  6627 I HBD     : f needOff = true , isForceOff = false, isNullInputClass : true 
01-22 19:18:45.793  6627  6627 I HBD     : f update cached prediction status : false 
01-22 19:18:45.793  6627  6627 I HBD     : b [AiWriter] setContact : org.tkideneb2.zeiterfassung
01-22 19:18:45.793  6627  6627 I HBD     : HoneyBoardService [PF_OP][onStartInput]  10 ms 
01-22 19:18:45.793  3466  3548 I NewStopController_FLP: motionMonitorStart, send checking message
01-22 19:18:45.793  3466  3548 I GpsSessionManager_FLP: addGnssSession 2541830818
01-22 19:18:45.794  1559  5960 D ActivityManager Intent delay: Delaying Broadcast: 5000ms, BroadcastRecord{3a0156d com.samsung.android.ce.sensor.LocationProvider.INTENT_MOVE_CONTEXT_PASSIVE_LOCATION/u0}
01-22 19:18:45.794  1559  5960 D ActivityManager: Received BROADCAST intent 0xb665aa Key{broadcastIntent pkg=com.samsung.android.mcfds intent=act=com.samsung.android.ce.sensor.LocationProvider.INTENT_MOVE_CONTEXT_PASSIVE_LOCATION xflg=0x4 pkg=com.samsung.android.mcfds flags=0x2000000 u=0} requestCode=2024320 sent=0 from uid 1000
01-22 19:18:45.794  1559  5960 D ActivityManager Intent delay: Delaying Broadcast: 5000ms, BroadcastRecord{6627233 com.samsung.android.ce.sensor.sLocation.PASSIVE_INTENT/u0}
01-22 19:18:45.794  1559  5960 D ActivityManager: Received BROADCAST intent 0x3826e46 Key{broadcastIntent pkg=com.samsung.android.mcfds intent=act=com.samsung.android.ce.sensor.sLocation.PASSIVE_INTENT xflg=0x4 pkg=com.samsung.android.mcfds flags=0x2000000 u=0} requestCode=20247613 sent=0 from uid 1000
01-22 19:18:45.795  1559  1559 D PocketModeEvent: OutPocket lux : 13 light_limit : 10
01-22 19:18:45.795  1559  1559 E PocketModeEvent: Acc, AT is unregister by condition 2, 13
01-22 19:18:45.795  1559  2568 E PocketModeEvent: MSG_TYPE_STOP_SENSING
01-22 19:18:45.795  1559  2568 E PocketModeEvent: unregisterSensor L : -1 P : 0
01-22 19:18:45.796  1195  1195 I SensorsHub: queueBatch: handle=1 period=20000000 timeout=0
01-22 19:18:45.796 19136 19160 I Rubin   : [4174] B5.e.onLocationChanged(Unknown Source) : Passive location updated
01-22 19:18:45.797 19136 19164 I Rubin   : [4178] com.samsung.android.rubin.inferenceengine.contextanalytics.engine.loggers.LocationLogger.flush(Unknown Source) : flush
01-22 19:18:45.797 30801 30819 I BLASTBufferQueue: [VRI[FP Iconview]@97f2e43#2](f:0,a:3,s:0) onFrameAvailable-start syncTransactionSet=false
01-22 19:18:45.797 30801 30819 I BLASTBufferQueue: [VRI[FP Iconview]@97f2e43#2](f:0,a:3,s:0) onFrameAvailable framenumber=81 syncTransactionSet=false
01-22 19:18:45.797 30801 30819 I BLASTBufferQueue: [VRI[FP Iconview]@97f2e43#2](f:1,a:3,s:0) onFrameAvailable framenumber=81 syncTransactionSet=false
01-22 19:18:45.798 30801 30819 I BLASTBufferQueue: [VRI[FP Iconview]@97f2e43#2](f:0,a:4,s:0) mergePendingTransactions t: 132289287684317, frameNumber: 81
01-22 19:18:45.798 30801 30819 I BLASTBufferQueue: [VRI[FP Iconview]@97f2e43#2](f:0,a:4,s:0) acquireNextBufferLocked size=1454x3134 mFrameNumber=81 applyTransaction=true mTimestamp=1866884597763664(auto) mPendingTransactions.size=0 graphicBufferId=132289287684108 transform=0
01-22 19:18:45.798  1559  3897 D SemContextService: lock : requestToUpdate
01-22 19:18:45.798  1559  3897 W CAE     : setCAProperty(ContextAwareService.java:509) - [setProperty 01] Mutex is locked for CH_LOC_TRIGGER
01-22 19:18:45.798  1559  1559 D SensorManager: unregisterListener :: com.samsung.android.gesture.PocketMotionManager$1@aaf75be
01-22 19:18:45.798  1559  1559 D PocketMotionManager: unregister acc sensor
01-22 19:18:45.798  1559  2564 D SensorService: setSContextDataLocked ints length 2 , byte length 4
01-22 19:18:45.798 30801 30810 I BLASTBufferQueue: [VRI[FP Iconview]@97f2e43#2](f:0,a:4,s:0) releaseBufferCallback bufferId:132289287684107 framenumber:78 layerId:497727
01-22 19:18:45.798 30801 30810 I BLASTBufferQueue: [VRI[FP Iconview]@97f2e43#2](f:0,a:3,s:0) released bufferId:132289287684107 framenumber:78 layerId:497727
01-22 19:18:45.798  1559  2564 D SensorService: setSContextDataLocked 3db8
01-22 19:18:45.798  1453  1478 I AIDL    : Gnss::injectLocation: Called
01-22 19:18:45.798  1559  1559 D SemContextService: lock : unregisterCallback
01-22 19:18:45.798  1453  1478 I AIDL    : GNSSInjectLocation: Called
01-22 19:18:45.798 30801 30810 I BLASTBufferQueue: [VRI[FP Iconview]@97f2e43#2](f:0,a:3,s:0) Can't acquire next buffer. No available frames
01-22 19:18:45.798 30801 30810 I BLASTBufferQueue: [VRI[FP Iconview]@97f2e43#2](f:0,a:3,s:0) transactionCallback
01-22 19:18:45.798 30801 30810 I BLASTBufferQueue: [VRI[FP Iconview]@97f2e43#2](f:0,a:3,s:0) updated mTransformHint=0
01-22 19:18:45.798  1453  1478 I AIDL    : GNSSInjectLocation: Exit
01-22 19:18:45.798  1453  1478 I AIDL    : Gnss::injectLocation: Exit
01-22 19:18:45.798  1195  1195 I SensorsHub: SContextSensor::injecet_sensor_data
01-22 19:18:45.798  1195  1195 D SensorsHub: b8 3d 00 00  
01-22 19:18:45.798  1195  1195 D SensorsHub: inject_scontext_data: New ssp_data_injection_fd(43)
01-22 19:18:45.799  1195  1195 D SensorsHub: SContext Data Injection return 64
01-22 19:18:45.799  1559  3019 D SLocation: PositionManager - Active handleLocationChanged [N, A : 100.00, T : 1769105925792, ET : 2541830818, h : 18/19]
01-22 19:18:45.799  3466  3548 I AppState_FLP: Success to save #0 snapshot in appStateMap, time=2541830818 / appList=system(SLocationService)_gps_0_1
01-22 19:18:45.799  1559  3019 D SLocation: network_Manager - removeUpdates
01-22 19:18:45.799  1559  6812 I NSLocationMonitor: noteGpsOp, mode=1 (1000)
01-22 19:18:45.799  1559  3019 I NSLocationProviderHelper: updateRemoveInfo, uid=1000
01-22 19:18:45.799  1195  1195 I SensorsHub: queueActivate: handle 34 enable 0
01-22 19:18:45.799  1559  3019 D LocationManagerService: network provider removed registration from 1000/android[SLocationService]/4D84F4C4
01-22 19:18:45.799  1559  3019 D LocationManagerService: network provider request changed to ProviderRequest[@+6h0m0s0ms, LOW_POWER, WorkSource{10251 com.google.android.as}]
01-22 19:18:45.799  1195  1195 I SensorsHub: type : 34, enable : 0
01-22 19:18:45.799  1559  3897 W CAE     : setCAProperty(ContextAwareService.java:515) - [setProperty 02] Mutex is unlocked for CH_LOC_TRIGGER
01-22 19:18:45.799  1559  3019 D SLocation: fused_Manager - removeUpdates
01-22 19:18:45.799  1559  3019 I NSLocationProviderHelper: updateRemoveInfo, uid=1000
01-22 19:18:45.799  1559  3019 D LocationManagerService: fused provider removed registration from 1000/android[SLocationService]/1298B8CD
01-22 19:18:45.799  1559  3019 D LocationManagerService: fused provider request changed to ProviderRequest[OFF]
01-22 19:18:45.799  1559  2568 D SensorManager: unregisterListener :: com.samsung.android.gesture.PocketModeEvent$2@b7bc5fc
01-22 19:18:45.799  1559  2568 D SemContextService: lock : unregisterCallback
01-22 19:18:45.799  3466  3548 I GpsSession_FLP: New GPS Session started, GlpInterval=0 / OperationMode=1
01-22 19:18:45.799  1559  3019 D SLocation: PositionManager - Passive handleLocationChanged [N, A : 100.00, T : 1769105925792, ET : 2541830818, h : 18/19]
01-22 19:18:45.800  1559  3019 W SLocation: GeopointGeofenceManger - refresh wifi to receive loc
01-22 19:18:45.800  1559  3019 D SLocation: GeopointGeofenceManger - Location reported : fix method = 4 / 100.0
01-22 19:18:45.800  1559  3019 D SLocation: LocationBuffer - receivedLocation - op[interval(min 60000, max 300000), waitTime 36000000, numOfUpdates 20, minDistance 200.0]dist : 0.0 diffTime : 319878 accept time condition
01-22 19:18:45.800  1559  3019 D SLocation: LocationBuffer - input buffer, size : 9
01-22 19:18:45.800  1559  3019 D SLocation: BatchManager - received batch location buffered = true
01-22 19:18:45.800  1559  3019 D SLocation: LastLocations - update latest location [N, A : 100.00, T : 1769105925792, ET : 2541830818, h : 18/19]
01-22 19:18:45.800  1559  3019 D SLocation: ARDistanceLibManager - request distance diff to AR Distance Library
01-22 19:18:45.800  1559  3019 D SLocation: SLocationCoreSem - send to coreSem, packet length : 1 / [34]
01-22 19:18:45.800  1559  3019 D SemContextLocationCoreAttribute: setAttribute() mode : 0 action : 23
01-22 19:18:45.800  1559  3019 D SemContextService: lock : changeParameters
01-22 19:18:45.801  1559  3897 D SemContextService:     .requestToUpdate() : service = Location Change Trigger
01-22 19:18:45.801  1559  3897 D SemContextService: unlock : requestToUpdate
01-22 19:18:45.801  1559  3897 D SemContextManager:   .requestToUpdate : listener = com.android.server.location.nsflp.NSLocationMonitor$5@e94e9f1, service=Location Change Trigger
01-22 19:18:45.801  3466  3548 I RequestManager_FLP: request from system, change packageName by tag from system to system(SLocationService)
01-22 19:18:45.801  3466  3548 E RequestManager_FLP: [LocationManager] Location request 1298B8CD(Listener) fused interval=0ms (min=0ms) from system(SLocationService) (1000_FINE_unknown_false_foreground)
01-22 19:18:45.801  3466 13699 I NewStopController_FLP: StateChecker, check stationary message
01-22 19:18:45.801  1559  1559 D SemContextService: Service.removeListenerLocked() : listener = com.samsung.android.hardware.context.SemContextService$Listener@173087, service = Activity Tracker, used = 0
01-22 19:18:45.802  1559  1559 W CAE     : unregisterCallback(ContextAwareService.java:230) - [unregi 01] Mutex is locked for ACTIVITY_TRACKER
01-22 19:18:45.802  1559  1559 W CAE     : getListener(ListenerListManager.java:127) - [getListener1]  com.samsung.android.contextaware.ContextAwareManager$CaListenerDelegate@57a844a
01-22 19:18:45.802  1559  1559 W CAE     : getListener(ListenerListManager.java:128) - [getListener2]  com.samsung.android.contextaware.manager.ContextAwareService$Listener@2b7c5b5
01-22 19:18:45.802  1559  1559 V CAE     : stop(ContextProvider.java:155)
01-22 19:18:45.802  1559  1559 V CAE     : clear(ActivityTrackerRunner.java:108)
01-22 19:18:45.802  1559  1559 V CAE     : disable(ActivityTrackerRunner.java:96)
01-22 19:18:45.802  1559  2564 D SensorService: setSContextDataLocked ints length 4 , byte length 10
01-22 19:18:45.802  1559  2564 D SensorService: setSContextDataLocked 1ab2
01-22 19:18:45.802  1195  1195 I SensorsHub: SContextSensor::injecet_sensor_data
01-22 19:18:45.802  1195  1195 D SensorsHub: b2 1a 00 00 00 00 00 00 00 00  
01-22 19:18:45.802  1195  1195 D SensorsHub: inject_scontext_data: New ssp_data_injection_fd(43)
01-22 19:18:45.802  1195  1195 D SensorsHub: SContext Data Injection return 64
01-22 19:18:45.803  1559  1559 D CAE     : getFaultDetectionResult(ActivityTrackerRunner.java:154) - true
01-22 19:18:45.803  1559  1559 I CAE     : notifyCmdProcessResultObserver(ContextProvider.java:627) - CheckResult = 0, Cause = Success
01-22 19:18:45.803  3466  3548 E RequestManager_FLP: [LocationManager] Location remove 4D84F4C4 from system
01-22 19:18:45.803  3466  3548 I LocationRequestData_FLP: Remove in requestInfoList, 4D84F4C4 / ListSize[network]=1
01-22 19:18:45.803  3466  3548 E RequestManager_FLP: [LocationManager] Location remove 1298B8CD from system
01-22 19:18:45.803  3466  3548 I LocationRequestData_FLP: Remove in requestInfoList, 1298B8CD / ListSize[fused]=0
01-22 19:18:45.806  1559  1559 D CAE     : doCommendProcess(ContextAwareService.java:396) - complete notify the operation result.
01-22 19:18:45.806 30801 30819 I BLASTBufferQueue: [VRI[FP Iconview]@97f2e43#2](f:0,a:3,s:0) onFrameAvailable-start syncTransactionSet=false
01-22 19:18:45.806 30801 30819 I BLASTBufferQueue: [VRI[FP Iconview]@97f2e43#2](f:0,a:3,s:0) onFrameAvailable framenumber=82 syncTransactionSet=false
01-22 19:18:45.806 30801 30819 I BLASTBufferQueue: [VRI[FP Iconview]@97f2e43#2](f:1,a:3,s:0) onFrameAvailable framenumber=82 syncTransactionSet=false
01-22 19:18:45.806  1559  1559 I CAE     : displayUsedCountForService(ContextAwareService.java:460) - totalCnt = 0, serviceCount = 0, subCollectionCount = 0
01-22 19:18:45.806 30801 30819 I BLASTBufferQueue: [VRI[FP Iconview]@97f2e43#2](f:0,a:4,s:0) mergePendingTransactions t: 132289287684319, frameNumber: 82
01-22 19:18:45.806  1559  1559 D CAE     : showListenerList(ContextAwareService.java:325) - ===== Context Aware Service List =====
01-22 19:18:45.806  1559  1559 I CAE     : showListenerList(ContextAwareService.java:334) - Listener : com.samsung.android.contextaware.manager.ContextAwareService$Listener@2b7c5b5, Service : SLOCATION_RUNNER(1)
01-22 19:18:45.806  1559  1559 I CAE     : showListenerList(ContextAwareService.java:334) - Listener : com.samsung.android.contextaware.manager.ContextAwareService$Listener@2b7c5b5, Service : CH_LOC_TRIGGER(1)
01-22 19:18:45.806 30801 30819 I BLASTBufferQueue: [VRI[FP Iconview]@97f2e43#2](f:0,a:4,s:0) acquireNextBufferLocked size=1454x3134 mFrameNumber=82 applyTransaction=true mTimestamp=1866884606284094(auto) mPendingTransactions.size=0 graphicBufferId=132289287684107 transform=0
01-22 19:18:45.806  1559  1559 I CAE     : showListenerList(ContextAwareService.java:334) - Listener : com.samsung.android.contextaware.manager.ContextAwareService$Listener@2b7c5b5, Service : FREE_FALL_DETECTION(1)
01-22 19:18:45.806  1559  1559 I CAE     : showListenerList(ContextAwareService.java:334) - Listener : com.samsung.android.contextaware.manager.ContextAwareService$Listener@2b7c5b5, Service : SENSOR_STATUS_CHECK_RUNNER(1)
01-22 19:18:45.806  1559  1559 I CAE     : showListenerList(ContextAwareService.java:334) - Listener : com.samsung.android.contextaware.manager.ContextAwareService$Listener@2b7c5b5, Service : PEDOMETER_CURRENT_INFO(1)
01-22 19:18:45.806  1559  1559 I CAE     : showListenerList(ContextAwareService.java:334) - Listener : com.samsung.android.contextaware.manager.ContextAwareService$Listener@2b7c5b5, Service : ACTIVITY_TRACKER_CURRENT_INFO(1)
01-22 19:18:45.806  1559  1559 I CAE     : showListenerList(ContextAwareService.java:334) - Listener : com.samsung.android.contextaware.manager.ContextAwareService$Listener@2b7c5b5, Service : ACTIVITY_TRACKER_INTERRUPT(1)
01-22 19:18:45.806  1559  1559 I CAE     : showListenerList(ContextAwareService.java:334) - Listener : com.samsung.android.contextaware.manager.ContextAwareService$Listener@2b7c5b5, Service : ACTIVITY_TRACKER_BATCH(1)
01-22 19:18:45.806  1559  1559 I CAE     : showListenerList(ContextAwareService.java:334) - Listener : com.samsung.android.contextaware.manager.ContextAwareService$Listener@2b7c5b5, Service : PEDOMETER(1)
01-22 19:18:45.806  1559  1559 W CAE     : unregisterCallback(ContextAwareService.java:251) - [unregi 02] Mutex is unlocked for ACTIVITY_TRACKER
01-22 19:18:45.806  1559  1559 D SemContextService: 	.unregisterCallback : 10, client= android
01-22 19:18:45.806  1559  1559 D SemContextService: unlock : unregisterCallback
01-22 19:18:45.806  1559  2568 E SemContextService:     .unregisterCallback() : This listener was not registered 
01-22 19:18:45.807  1559  2568 D SemContextService: unlock : unregisterCallback
01-22 19:18:45.807  1559  2568 D SemContextManager:   .unregisterListener : listener = com.samsung.android.gesture.PocketMotionManager@8a817ce, service=Activity Tracker
01-22 19:18:45.807  1559  2568 E PocketMotionManager: unregister activity tracker
01-22 19:18:45.807  1559  2568 D PocketModeEvent: MSG_TYPE_RELEASE_POCKET_MODE
01-22 19:18:45.807  1559  2568 W ContextImpl: Calling a method in the system process without a qualified user: android.app.ContextImpl.sendBroadcast:1335 com.samsung.android.gesture.PocketModeEvent$1.handleMessage:465 android.os.Handler.dispatchMessage:110 android.os.Looper.loopOnce:273 android.os.Looper.loop:363 
01-22 19:18:45.807  1559  3019 D SemContext.CaeProvider.LocationCoreImpl: setAttribute() mode : 0 action : 23
01-22 19:18:45.807  1559  3019 W CAE     : setCAProperty(ContextAwareService.java:509) - [setProperty 01] Mutex is locked for SLOCATION_RUNNER
01-22 19:18:45.807  1559  3019 I CAE     : setPropertyValue(SLocationRunner.java:116) - SLocationRunner setProperty header : 34, len : 1
01-22 19:18:45.807  1559  2564 D SensorService: setSContextDataLocked ints length 2 , byte length 4
01-22 19:18:45.807  1559  2564 D SensorService: setSContextDataLocked 223717c1
01-22 19:18:45.808  1195  1195 I SensorsHub: SContextSensor::injecet_sensor_data
01-22 19:18:45.808  1195  1195 D SensorsHub: c1 17 37 22  
01-22 19:18:45.808  1195  1195 D SensorsHub: inject_scontext_data: New ssp_data_injection_fd(43)
01-22 19:18:45.808 30801 30810 I BLASTBufferQueue: [VRI[FP Iconview]@97f2e43#2](f:0,a:4,s:0) releaseBufferCallback bufferId:132289287684106 framenumber:79 layerId:497727
01-22 19:18:45.808 30801 30810 I BLASTBufferQueue: [VRI[FP Iconview]@97f2e43#2](f:0,a:3,s:0) released bufferId:132289287684106 framenumber:79 layerId:497727
01-22 19:18:45.808  1195  1195 D SensorsHub: SContext Data Injection return 64
01-22 19:18:45.808 30801 30810 I BLASTBufferQueue: [VRI[FP Iconview]@97f2e43#2](f:0,a:3,s:0) Can't acquire next buffer. No available frames
01-22 19:18:45.808 30801 30810 I BLASTBufferQueue: [VRI[FP Iconview]@97f2e43#2](f:0,a:3,s:0) transactionCallback
01-22 19:18:45.808 30801 30810 I BLASTBufferQueue: [VRI[FP Iconview]@97f2e43#2](f:0,a:3,s:0) updated mTransformHint=0
01-22 19:18:45.808  1559  1559 D SemContextManager:   .unregisterListener : listener = com.samsung.android.gesture.PocketMotionManager@8a817ce, service=Activity Tracker
01-22 19:18:45.808  1559  1559 E PocketMotionManager: unregister activity tracker
01-22 19:18:45.808  1195  1318 I SensorsHub: context 38 0 37 1,1,55,0,33,33,0,0,0,0,0,0,1,155,230,220,30,64,28,174,245,96,7,122,131,16,0,0,0,74,3,232,195,80,0,0,0,0, 2541830834074472
01-22 19:18:45.808  1195  1318 I SensorsHub: context 10 0 9 1,1,55,0,5,2,34,0,0,0, 2541830834163573
--------- beginning of crash
01-22 19:18:45.808  7505  7535 F libc    : FORTIFY: pthread_mutex_lock called on a destroyed mutex (0x705a821928)
01-22 19:18:45.808  7505  7534 F libc    : FORTIFY: pthread_mutex_lock called on a destroyed mutex (0x705a821928)
01-22 19:18:45.808  1559  2562 D CAE     : onGetSensorHubData(SensorHubParserProvider.java:92) - onGetSensorHubData Event [event buffer len :38], AP_WAKEUP
01-22 19:18:45.809  1559  2562 I CAE     : parse(SensorHubParserProvider.java:188) - buffer size = 38
01-22 19:18:45.809  1559  2562 I CAE     : parse(SensorHubParserProvider.java:199) - 1, 1, 55, 0, 33, 33, 0, 0, 0, 0, 0, 0, 1, -101, -26, -36, 30, 64, 28, -82, -11, 96, 7, 122, -125, 16, 0, 0, 0, 74, 3, -24, -61, 80, 0, 0, 0, 0,
01-22 19:18:45.809  1559  2562 I CAE     : parse(SLocationRunner.java:88) - SLocationRunner parse start : 3
01-22 19:18:45.809  1559  2562 D CAE     : display(ContextProvider.java:375) - ================= SLOCATION_RUNNER =================
01-22 19:18:45.809  1559  2562 I CAE     : display(ContextProvider.java:391) - ExtraDataArray=[1, 1, 55, 0, 33, 33, 0, 0, 0, 0, 0, 0, 1, -101, -26, -36, 30, 64, 28, -82, -11, 96, 7, 122, -125, 16, 0, 0, 0, 74, 3, -24, -61, 80, 0, 0, 0, 0]
01-22 19:18:45.809  7505  7535 F libc    : Fatal signal 6 (SIGABRT), code -1 (SI_QUEUE) in tid 7535 (hwuiTask1), pid 7505 (SDLActivity)
01-22 19:18:45.809  1559  2562 I CAE     : parse(SLocationRunner.java:96) - SLocationRunner parse end:38
01-22 19:18:45.809  1559  2562 D CAE     : onGetSensorHubData(SensorHubParserProvider.java:92) - onGetSensorHubData Event [event buffer len :10], AP_WAKEUP
01-22 19:18:45.809  1559  2562 I CAE     : parse(SensorHubParserProvider.java:188) - buffer size = 10
01-22 19:18:45.809  1559  2562 I CAE     : parse(SensorHubParserProvider.java:199) - 1, 1, 55, 0, 5, 2, 34, 0, 0, 0,
01-22 19:18:45.809  1559  2562 I CAE     : parse(SLocationRunner.java:88) - SLocationRunner parse start : 3
01-22 19:18:45.809  1559  2562 D CAE     : display(ContextProvider.java:375) - ================= SLOCATION_RUNNER =================
01-22 19:18:45.809  1559  2562 I CAE     : display(ContextProvider.java:391) - ExtraDataArray=[1, 1, 55, 0, 5, 2, 34, 0, 0, 0]
01-22 19:18:45.809  1559  2562 I CAE     : parse(SLocationRunner.java:96) - SLocationRunner parse end:10
01-22 19:18:45.809  1559  3019 W CAE     : setCAProperty(ContextAwareService.java:515) - [setProperty 02] Mutex is unlocked for SLOCATION_RUNNER
01-22 19:18:45.809  1559  3019 D SemContextService: unlock : changeParameters
01-22 19:18:45.809  1559  3019 D SemContextManager:   .changeParameters : listener = Z.i@c2e6141, service=SLocation Core
01-22 19:18:45.809  1559  3019 D SLocation: SingleReceiver - handleLocation network 100.0
01-22 19:18:45.809  1559  3019 D SLocation: SingleReceiver - handleLocation saved 50 / 100.0 / false
01-22 19:18:45.809  1559  3019 D SLocation: SLocationCoreSem - send to coreSem, packet length : 23 / [2, 28, 175, 5, 112, 7, 122, 151, 237, 0, 0, 0, 100, 2, 0, 0, 1, 155, 230, 238, 38, 160, 0]
01-22 19:18:45.809  1559  3019 D SemContextLocationCoreAttribute: setAttribute() mode : 0 action : 23
01-22 19:18:45.809  1559  3019 D SemContextService: lock : changeParameters
01-22 19:18:45.809  1559  3019 D SemContext.CaeProvider.LocationCoreImpl: setAttribute() mode : 0 action : 23
01-22 19:18:45.809  1559  3019 W CAE     : setCAProperty(ContextAwareService.java:509) - [setProperty 01] Mutex is locked for SLOCATION_RUNNER
01-22 19:18:45.809  1559  3019 I CAE     : setPropertyValue(SLocationRunner.java:116) - SLocationRunner setProperty header : 2, len : 23
01-22 19:18:45.810  1559  2564 D SensorService: setSContextDataLocked ints length 8 , byte length 26
01-22 19:18:45.810  1559  2564 D SensorService: setSContextDataLocked 23717c1
01-22 19:18:45.810  1195  1195 I SensorsHub: SContextSensor::injecet_sensor_data
01-22 19:18:45.810  1195  1195 D SensorsHub: c1 17 37 02 1c af 05 70 07 7a 97 ed 00 00 00 64  
01-22 19:18:45.810  1195  1195 D SensorsHub: 02 00 00 01 9b e6 ee 26 a0 00  
01-22 19:18:45.810  1195  1195 D SensorsHub: inject_scontext_data: New ssp_data_injection_fd(43)
01-22 19:18:45.810  1195  1195 D SensorsHub: SContext Data Injection return 64
01-22 19:18:45.810  1195  1318 I SensorsHub: context 10 0 9 1,1,55,0,5,2,2,0,0,0, 2541830836552480
01-22 19:18:45.811  1559  3019 W CAE     : setCAProperty(ContextAwareService.java:515) - [setProperty 02] Mutex is unlocked for SLOCATION_RUNNER
01-22 19:18:45.811  1559  3019 D SemContextService: unlock : changeParameters
01-22 19:18:45.811  1559  3019 D SemContextManager:   .changeParameters : listener = Z.i@c2e6141, service=SLocation Core
01-22 19:18:45.811  1559  2562 D CAE     : onGetSensorHubData(SensorHubParserProvider.java:92) - onGetSensorHubData Event [event buffer len :10], AP_WAKEUP
01-22 19:18:45.811  1559  2562 I CAE     : parse(SensorHubParserProvider.java:188) - buffer size = 10
01-22 19:18:45.811  1559  3019 D SLocation: DuplicateLocationChecker_GeofenceLocationFilter - network is duplicated last network location
01-22 19:18:45.811  1559  2562 I CAE     : parse(SensorHubParserProvider.java:199) - 1, 1, 55, 0, 5, 2, 2, 0, 0, 0,
01-22 19:18:45.811  1559  3019 D SLocation: DuplicateLocationChecker_BatchManager - network is duplicated last network location
01-22 19:18:45.811  1559  3019 D SLocation: DuplicateLocationChecker_FilteredLastLocation - network is duplicated last network location
01-22 19:18:45.811  1559  3019 D SLocation: SingleReceiver - handleLocation network 100.0
01-22 19:18:45.811  1559  2562 I CAE     : parse(SLocationRunner.java:88) - SLocationRunner parse start : 3
01-22 19:18:45.811  1559  3019 D SLocation: SingleReceiver - handleLocation saved 50 / 100.0 / false
01-22 19:18:45.811  1559  2562 D CAE     : display(ContextProvider.java:375) - ================= SLOCATION_RUNNER =================
01-22 19:18:45.811  1452  2423 D wrapperGPS: wrapperisConnected_RILD
01-22 19:18:45.811  1559  2562 I CAE     : display(ContextProvider.java:391) - ExtraDataArray=[1, 1, 55, 0, 5, 2, 2, 0, 0, 0]
01-22 19:18:45.811  1559  2562 I CAE     : parse(SLocationRunner.java:96) - SLocationRunner parse end:10
01-22 19:18:45.811  1559  2559 D SemContextService: Service.updateContext() : service = SLocation Core
01-22 19:18:45.812  1559  2559 D SemContextService: Service.updateContext() : service = SLocation Core
01-22 19:18:45.812  1559  1559 D SemContextManager: onSemContextChanged() : event = SLocation Core
01-22 19:18:45.812  1559  1559 D SLocation: SensorHubWrapper - SemContextChanged type = 47, packet received
01-22 19:18:45.812  1559  2559 D SemContextService: Service.updateContext() : service = SLocation Core
01-22 19:18:45.812  1559  1559 D SemContextManager: onSemContextChanged() : event = SLocation Core
01-22 19:18:45.812  1559  1559 D SLocation: SensorHubWrapper - SemContextChanged type = 47, packet received
01-22 19:18:45.812  1559  1559 D SemContextManager: onSemContextChanged() : event = SLocation Core
01-22 19:18:45.812  1559  1559 D SLocation: SensorHubWrapper - SemContextChanged type = 47, packet received
01-22 19:18:45.812  1559  3019 D SLocation: ReceiverPairWithAdaptive - id : 976, dir : 1
01-22 19:18:45.812  1559  3019 D SLocation: ReceiverPairWithAdaptive - id : 979, dir : 1
01-22 19:18:45.812  1452  2423 D wrapperGPS: wrapperInvokeOemRequestHookRaw
01-22 19:18:45.812  1452  2423 D wrapperGPS: SendOemGpsSuplLPPInfo, len(622)
01-22 19:18:45.812  1452  2423 D wrapperGPS: wrapperSendInvokeOemRequestHookRaw, totalLen 630, ipcLen 625
01-22 19:18:45.812  1559  3019 D SLocation: AlarmManagerWrapper - next alarm time : 2545430825 (WK)
01-22 19:18:45.813 17353  2917 I FusedLocation: (REDACTED) stationary throttling engaged @%s
01-22 19:18:45.813  1559  3019 D SLocation: GeopointLastLocation - last location still available 20 / 9223372036854775807
01-22 19:18:45.813  1559  3019 D SLocation: GeopointGeofenceObserver - location : [N, A : 100.00, T : 1769105925792, ET : 2541830818, h : 18/19], radius : 8027
01-22 19:18:45.813  1559  3019 D SLocation: LocationProviderStatus - try to update provider status (GPS/NLP)
01-22 19:18:45.813  1559  3019 D SLocation: LocationProviderStatus - set isGpsOn : true, isNlpOn : true
01-22 19:18:45.813  1559  3019 D SLocation: LocationProviderStatus - gps & nlp status not changed
01-22 19:18:45.813  1559  3019 D SLocation: ARDistanceGetARDistance - convertSensorHubTimeToElapsedTime 2540649025
01-22 19:18:45.813  1559  3019 D SLocation: GeofenceCoreManager - received Extra Data from core, len : 33
01-22 19:18:45.813  1559  3019 D SLocation: CommonCoreManager - received Extra Data from core, len : 33
01-22 19:18:45.813  1559  3019 D SLocation: ARDistanceLibManager - command callback received - CURRENT_LOCATION_REQUEST_DISTANCE ERROR CODE : ERROR_NONE
01-22 19:18:45.813  1559  3019 D SLocation: GeofenceCoreManager - received Extra Data from core, len : 5
01-22 19:18:45.813  1559  3019 D SLocation: GeofenceCoreManager - handleCommandCallback - UNKNOWN_CALLBACK 34 SUCCESS
01-22 19:18:45.813  1559  3019 D SLocation: CommonCoreManager - received Extra Data from core, len : 5
01-22 19:18:45.813  1559  3019 D SLocation: GeofenceCoreManager - received Extra Data from core, len : 5
01-22 19:18:45.813  1559  3019 D SLocation: GeofenceCoreManager - handleCommandCallback - UNKNOWN_CALLBACK 2 SUCCESS
01-22 19:18:45.813  1559  3019 D SLocation: CommonCoreManager - received Extra Data from core, len : 5
01-22 19:18:45.813  1559  3019 D SLocation: CommonCoreManager - handleCommandCallback - FUNC_TYPE : SET_LOCATION  ERROR_CODE : ERROR_NONE
01-22 19:18:45.813  1559  3019 D SLocation: GeofenceCoreManager - geofence core command pending size : 2
01-22 19:18:45.813  1559  3019 D SLocation: GeofenceCoreRecovery - removeGeofenceInfo id = 15000
01-22 19:18:45.813  1559  3019 D SLocation: SLocationCoreSem - send to coreSem, packet length : 3 / [17, 58, 152]
01-22 19:18:45.813  1559  3019 D SemContextLocationCoreAttribute: setAttribute() mode : 0 action : 23
01-22 19:18:45.813  1559  3019 D SemContextService: lock : changeParameters
01-22 19:18:45.813  1559  3019 D SemContext.CaeProvider.LocationCoreImpl: setAttribute() mode : 0 action : 23
01-22 19:18:45.813  1559  3019 W CAE     : setCAProperty(ContextAwareService.java:509) - [setProperty 01] Mutex is locked for SLOCATION_RUNNER
01-22 19:18:45.813  1559  3019 I CAE     : setPropertyValue(SLocationRunner.java:116) - SLocationRunner setProperty header : 17, len : 3
01-22 19:18:45.813  1452  2406 D wrapperGPS: wrapperisConnected_RILD
01-22 19:18:45.813  1452  2406 D wrapperGPS: wrapperInvokeOemRequestHookRaw
01-22 19:18:45.813  1452  2406 D wrapperGPS: SendOemGpsEnhancedNrCellInfo, len(6)
01-22 19:18:45.813  1452  2406 D wrapperGPS: packet.flag(2), responseTime(5)
01-22 19:18:45.813  1452  2406 D wrapperGPS: wrapperSendInvokeOemRequestHookRaw, totalLen 14, ipcLen 9
01-22 19:18:45.813  1559  2564 D SensorService: setSContextDataLocked ints length 3 , byte length 6
01-22 19:18:45.813  1452  2406 D wrapperGPS: wrapperisConnected_RILD
01-22 19:18:45.813  1559  2564 D SensorService: setSContextDataLocked 113717c1
01-22 19:18:45.813  1452  2406 D wrapperGPS: wrapperInvokeOemRequestHookRaw
01-22 19:18:45.814  1452  2406 D wrapperGPS: SendOemGpsEnhancedLteCellInfo, len(6)
01-22 19:18:45.814  1452  2406 D wrapperGPS: packet.flag(2), responseTime(5)
01-22 19:18:45.814  1452  2406 D wrapperGPS: wrapperSendInvokeOemRequestHookRaw, totalLen 14, ipcLen 9
01-22 19:18:45.814  1452  2406 D wrapperGPS: wrapperisConnected_RILD
01-22 19:18:45.814  1195  1195 I SensorsHub: SContextSensor::injecet_sensor_data
01-22 19:18:45.814  1452  2406 D wrapperGPS: wrapperInvokeOemRequestHookRaw
01-22 19:18:45.814  1452  2406 D wrapperGPS: SendOemGpsEnhancedWcdmaCellInfo, len(6)
01-22 19:18:45.814  1195  1195 D SensorsHub: c1 17 37 11 3a 98  
01-22 19:18:45.814  1452  2406 D wrapperGPS: packet.flag(2), responseTime(5)
01-22 19:18:45.814  1195  1195 D SensorsHub: inject_scontext_data: New ssp_data_injection_fd(43)
01-22 19:18:45.814  1452  2406 D wrapperGPS: wrapperSendInvokeOemRequestHookRaw, totalLen 14, ipcLen 9
01-22 19:18:45.814  1195  1195 D SensorsHub: SContext Data Injection return 64
01-22 19:18:45.814  1195  1318 I SensorsHub: context 10 0 9 1,1,55,0,5,2,17,0,58,152, 2541830840068690
01-22 19:18:45.814 30801 30819 I BLASTBufferQueue: [VRI[FP Iconview]@97f2e43#2](f:0,a:3,s:0) onFrameAvailable-start syncTransactionSet=false
01-22 19:18:45.814  1559  3019 W CAE     : setCAProperty(ContextAwareService.java:515) - [setProperty 02] Mutex is unlocked for SLOCATION_RUNNER
01-22 19:18:45.814  1559  3019 D SemContextService: unlock : changeParameters
01-22 19:18:45.814 30801 30819 I BLASTBufferQueue: [VRI[FP Iconview]@97f2e43#2](f:0,a:3,s:0) onFrameAvailable framenumber=83 syncTransactionSet=false
01-22 19:18:45.814 30801 30819 I BLASTBufferQueue: [VRI[FP Iconview]@97f2e43#2](f:1,a:3,s:0) onFrameAvailable framenumber=83 syncTransactionSet=false
01-22 19:18:45.814  1559  3019 D SemContextManager:   .changeParameters : listener = Z.i@c2e6141, service=SLocation Core
01-22 19:18:45.814 30801 30819 I BLASTBufferQueue: [VRI[FP Iconview]@97f2e43#2](f:0,a:4,s:0) mergePendingTransactions t: 132289287684321, frameNumber: 83
01-22 19:18:45.814 30801 30819 I BLASTBufferQueue: [VRI[FP Iconview]@97f2e43#2](f:0,a:4,s:0) acquireNextBufferLocked size=1454x3134 mFrameNumber=83 applyTransaction=true mTimestamp=1866884614597687(auto) mPendingTransactions.size=0 graphicBufferId=132289287684106 transform=0
01-22 19:18:45.814  1559  3019 D SLocation: GeofenceCoreManager - geofence core command pending size : 1
01-22 19:18:45.814  1559  3019 D SLocation: GeofenceCoreRecovery - storeGeofenceInfo 1 id = 15000, radius = 8027
01-22 19:18:45.814  1559  3019 D SLocation: SLocationCoreSem - send to coreSem, packet length : 16 / [16, 58, 152, 28, 175, 5, 112, 7, 122, 151, 237, 0, 0, 31, 91, 1]
01-22 19:18:45.815 30801 30810 I BLASTBufferQueue: [VRI[FP Iconview]@97f2e43#2](f:0,a:4,s:0) releaseBufferCallback bufferId:132289287684105 framenumber:80 layerId:497727
01-22 19:18:45.815  1559  3019 D SemContextLocationCoreAttribute: setAttribute() mode : 0 action : 23
01-22 19:18:45.815 30801 30810 I BLASTBufferQueue: [VRI[FP Iconview]@97f2e43#2](f:0,a:3,s:0) released bufferId:132289287684105 framenumber:80 layerId:497727
01-22 19:18:45.815 30801 30810 I BLASTBufferQueue: [VRI[FP Iconview]@97f2e43#2](f:0,a:3,s:0) Can't acquire next buffer. No available frames
01-22 19:18:45.815 30801 30810 I BLASTBufferQueue: [VRI[FP Iconview]@97f2e43#2](f:0,a:3,s:0) transactionCallback
01-22 19:18:45.815 30801 30810 I BLASTBufferQueue: [VRI[FP Iconview]@97f2e43#2](f:0,a:3,s:0) updated mTransformHint=0
01-22 19:18:45.815  1559  3019 D SemContextService: lock : changeParameters
01-22 19:18:45.815  1559  3019 D SemContext.CaeProvider.LocationCoreImpl: setAttribute() mode : 0 action : 23
01-22 19:18:45.815  1559  2562 D CAE     : onGetSensorHubData(SensorHubParserProvider.java:92) - onGetSensorHubData Event [event buffer len :10], AP_WAKEUP
01-22 19:18:45.815  1559  3019 W CAE     : setCAProperty(ContextAwareService.java:509) - [setProperty 01] Mutex is locked for SLOCATION_RUNNER
01-22 19:18:45.815  1559  3019 I CAE     : setPropertyValue(SLocationRunner.java:116) - SLocationRunner setProperty header : 16, len : 16
01-22 19:18:45.815  1559  2562 I CAE     : parse(SensorHubParserProvider.java:188) - buffer size = 10
01-22 19:18:45.815  1559  2562 I CAE     : parse(SensorHubParserProvider.java:199) - 1, 1, 55, 0, 5, 2, 17, 0, 58, -104,
01-22 19:18:45.815  1559  2562 I CAE     : parse(SLocationRunner.java:88) - SLocationRunner parse start : 3
01-22 19:18:45.815  1559  2562 D CAE     : display(ContextProvider.java:375) - ================= SLOCATION_RUNNER =================
01-22 19:18:45.815  1559  2562 I CAE     : display(ContextProvider.java:391) - ExtraDataArray=[1, 1, 55, 0, 5, 2, 17, 0, 58, -104]
01-22 19:18:45.815  1559  2562 I CAE     : parse(SLocationRunner.java:96) - SLocationRunner parse end:10
01-22 19:18:45.815  1559  2564 D SensorService: setSContextDataLocked ints length 6 , byte length 19
01-22 19:18:45.815  1559  2564 D SensorService: setSContextDataLocked 103717c1
01-22 19:18:45.815  1559  2559 D SemContextService: Service.updateContext() : service = SLocation Core
01-22 19:18:45.815  1559  1559 D SemContextManager: onSemContextChanged() : event = SLocation Core
01-22 19:18:45.815  1559  1559 D SLocation: SensorHubWrapper - SemContextChanged type = 47, packet received
01-22 19:18:45.816  1195  1195 I SensorsHub: SContextSensor::injecet_sensor_data
01-22 19:18:45.816  1195  1195 D SensorsHub: c1 17 37 10 3a 98 1c af 05 70 07 7a 97 ed 00 00  
01-22 19:18:45.816  1195  1195 D SensorsHub: 1f 5b 01  
01-22 19:18:45.816  1195  1195 D SensorsHub: inject_scontext_data: New ssp_data_injection_fd(43)
01-22 19:18:45.816  1195  1195 D SensorsHub: SContext Data Injection return 64
01-22 19:18:45.816  1195  1318 I SensorsHub: context 46 0 45 1,1,55,0,41,5,7,2,0,0,0,0,3,237,239,136,15,5,0,0,0,200,3,237,239,136,5,1,0,0,0,100,3,237,239,136,15,5,0,0,0,200,3,237,239,136, 2541830842002401
01-22 19:18:45.816  1559  3019 W CAE     : setCAProperty(ContextAwareService.java:515) - [setProperty 02] Mutex is unlocked for SLOCATION_RUNNER
01-22 19:18:45.816  1559  2562 D CAE     : onGetSensorHubData(SensorHubParserProvider.java:92) - onGetSensorHubData Event [event buffer len :46], AP_WAKEUP
01-22 19:18:45.816  1559  3019 D SemContextService: unlock : changeParameters
01-22 19:18:45.816  1559  3019 D SemContextManager:   .changeParameters : listener = Z.i@c2e6141, service=SLocation Core
01-22 19:18:45.816  1559  2562 I CAE     : parse(SensorHubParserProvider.java:188) - buffer size = 46
01-22 19:18:45.816  1559  2562 I CAE     : parse(SensorHubParserProvider.java:199) - 1, 1, 55, 0, 41, 5, 7, 2, 0, 0, 0, 0, 3, -19, -17, -120, 15, 5, 0, 0, 0, -56, 3, -19, -17, -120, 5, 1, 0, 0, 0, 100, 3, -19, -17, -120, 15, 5, 0, 0, 0, -56, 3, -19, -17, -120,
01-22 19:18:45.816  1559  2562 I CAE     : parse(SLocationRunner.java:88) - SLocationRunner parse start : 3
01-22 19:18:45.816  1559  3019 W Settings: Setting airplane_mode_on has moved from android.provider.Settings.System to android.provider.Settings.Global, returning read-only value.
01-22 19:18:45.816  1559  2562 D CAE     : display(ContextProvider.java:375) - ================= SLOCATION_RUNNER =================
01-22 19:18:45.817  1559  2562 I CAE     : display(ContextProvider.java:391) - ExtraDataArray=[1, 1, 55, 0, 41, 5, 7, 2, 0, 0, 0, 0, 3, -19, -17, -120, 15, 5, 0, 0, 0, -56, 3, -19, -17, -120, 5, 1, 0, 0, 0, 100, 3, -19, -17, -120, 15, 5, 0, 0, 0, -56, 3, -19, -17, -120]
01-22 19:18:45.817  1559  2562 I CAE     : parse(SLocationRunner.java:96) - SLocationRunner parse end:46
01-22 19:18:45.817  1559  2559 D SemContextService: Service.updateContext() : service = SLocation Core
01-22 19:18:45.817  1559  1559 D SemContextManager: onSemContextChanged() : event = SLocation Core
01-22 19:18:45.817  1559  1559 D SLocation: SensorHubWrapper - SemContextChanged type = 47, packet received
01-22 19:18:45.817  1195  1318 I SensorsHub: context 10 0 9 1,1,55,0,5,2,16,0,58,152, 2541830842951308
01-22 19:18:45.817 17353  2917 I FusedLocation: (REDACTED) stationary throttling engaged @%s
01-22 19:18:45.817  1559  2562 D CAE     : onGetSensorHubData(SensorHubParserProvider.java:92) - onGetSensorHubData Event [event buffer len :10], AP_WAKEUP
01-22 19:18:45.817  1559  2562 I CAE     : parse(SensorHubParserProvider.java:188) - buffer size = 10
01-22 19:18:45.817  1559  2562 I CAE     : parse(SensorHubParserProvider.java:199) - 1, 1, 55, 0, 5, 2, 16, 0, 58, -104,
01-22 19:18:45.817  1559  2562 I CAE     : parse(SLocationRunner.java:88) - SLocationRunner parse start : 3
01-22 19:18:45.817  1559  2562 D CAE     : display(ContextProvider.java:375) - ================= SLOCATION_RUNNER =================
01-22 19:18:45.817  1559  2562 I CAE     : display(ContextProvider.java:391) - ExtraDataArray=[1, 1, 55, 0, 5, 2, 16, 0, 58, -104]
01-22 19:18:45.817  1559  2562 I CAE     : parse(SLocationRunner.java:96) - SLocationRunner parse end:10
01-22 19:18:45.818  1559  2559 D SemContextService: Service.updateContext() : service = SLocation Core
01-22 19:18:45.818  1559  1559 D SemContextManager: onSemContextChanged() : event = SLocation Core
01-22 19:18:45.818  1559  1559 D SLocation: SensorHubWrapper - SemContextChanged type = 47, packet received
01-22 19:18:45.819  1452  2424 D wrapperGPS: onRawReqComplete, 
01-22 19:18:45.819  1452  2406 D wrapperGPS: wrapperisConnected_RILD
01-22 19:18:45.819  1452  2406 D wrapperGPS: wrapperInvokeOemRequestHookRaw
01-22 19:18:45.819  1452  2406 D wrapperGPS: SendOemGpsEnhancedNrCellInfo, len(6)
01-22 19:18:45.819  1452  2406 D wrapperGPS: packet.flag(2), responseTime(5)
01-22 19:18:45.819  1452  2406 D wrapperGPS: wrapperSendInvokeOemRequestHookRaw, totalLen 14, ipcLen 9
01-22 19:18:45.819  1452  2424 D wrapperGPS: onRawReqComplete, 
01-22 19:18:45.819  1452  2406 D wrapperGPS: wrapperisConnected_RILD
01-22 19:18:45.819  1452  2406 D wrapperGPS: wrapperInvokeOemRequestHookRaw
01-22 19:18:45.819  1452  2406 D wrapperGPS: SendOemGpsEnhancedLteCellInfo, len(6)
01-22 19:18:45.819  1452  2406 D wrapperGPS: packet.flag(2), responseTime(5)
01-22 19:18:45.819  1452  2406 D wrapperGPS: wrapperSendInvokeOemRequestHookRaw, totalLen 14, ipcLen 9
01-22 19:18:45.819  1452  2424 D wrapperGPS: onRawReqComplete, 
01-22 19:18:45.819  1452  2406 D wrapperGPS: wrapperisConnected_RILD
01-22 19:18:45.819  1452  2406 D wrapperGPS: wrapperInvokeOemRequestHookRaw
01-22 19:18:45.819  1452  2406 D wrapperGPS: SendOemGpsEnhancedWcdmaCellInfo, len(6)
01-22 19:18:45.819  1452  2406 D wrapperGPS: packet.flag(2), responseTime(5)
01-22 19:18:45.819  1452  2406 D wrapperGPS: wrapperSendInvokeOemRequestHookRaw, totalLen 14, ipcLen 9
01-22 19:18:45.820  1452  2424 D wrapperGPS: onRawReqComplete, 
01-22 19:18:45.820  1452  2424 D wrapperGPS: onRawReqComplete, 
01-22 19:18:45.820  1452  2424 D wrapperGPS: onRawReqComplete, 
01-22 19:18:45.821  1452  2424 D wrapperGPS: onRawReqComplete, 
01-22 19:18:45.823  1559  3019 W Settings: Setting airplane_mode_on has moved from android.provider.Settings.System to android.provider.Settings.Global, returning read-only value.
01-22 19:18:45.823 30801 30819 I BLASTBufferQueue: [VRI[FP Iconview]@97f2e43#2](f:0,a:3,s:0) onFrameAvailable-start syncTransactionSet=false
01-22 19:18:45.823 30801 30819 I BLASTBufferQueue: [VRI[FP Iconview]@97f2e43#2](f:0,a:3,s:0) onFrameAvailable framenumber=84 syncTransactionSet=false
01-22 19:18:45.823  1559  3019 D SLocation: FilteredLastLocation - notify all last locations, loc : 3
01-22 19:18:45.823 30801 30819 I BLASTBufferQueue: [VRI[FP Iconview]@97f2e43#2](f:1,a:3,s:0) onFrameAvailable framenumber=84 syncTransactionSet=false
01-22 19:18:45.823 30801 30819 I BLASTBufferQueue: [VRI[FP Iconview]@97f2e43#2](f:0,a:4,s:0) mergePendingTransactions t: 132289287684323, frameNumber: 84
01-22 19:18:45.823  1559  3019 D SLocation: GeofenceCoreManager - received Extra Data from core, len : 5
01-22 19:18:45.823  1559  3019 D SLocation: GeofenceCoreManager - handleCommandCallback - GEOFENCE_REMOVE SUCCESS
01-22 19:18:45.823  1559  3019 I SLocation: SHardwareManager - handleRemoveCallback : GEOFENCE_SUCCESS, id = 15000
01-22 19:18:45.823 30801 30819 I BLASTBufferQueue: [VRI[FP Iconview]@97f2e43#2](f:0,a:4,s:0) acquireNextBufferLocked size=1454x3134 mFrameNumber=84 applyTransaction=true mTimestamp=1866884623259406(auto) mPendingTransactions.size=0 graphicBufferId=132289287684105 transform=0
01-22 19:18:45.823  1559  3019 D SLocation: CommonCoreManager - received Extra Data from core, len : 5
01-22 19:18:45.823  1559  3019 D SLocation: GeofenceCoreManager - received Extra Data from core, len : 41
01-22 19:18:45.823  1559  3019 D SLocation: CommonCoreManager - received Extra Data from core, len : 41
01-22 19:18:45.823  1559  3019 D SLocation: GeofenceCoreManager - received Extra Data from core, len : 5
01-22 19:18:45.823  1559  3019 D SLocation: GeofenceCoreManager - handleCommandCallback - GEOFENCE_ADD SUCCESS
01-22 19:18:45.823  1559  3019 I SLocation: SHardwareManager - handleAddCallback : GEOFENCE_SUCCESS id = 15000
01-22 19:18:45.823  1559  3019 D SLocation: CommonCoreManager - received Extra Data from core, len : 5
01-22 19:18:45.824 30801 30810 I BLASTBufferQueue: [VRI[FP Iconview]@97f2e43#2](f:0,a:4,s:0) releaseBufferCallback bufferId:132289287684108 framenumber:81 layerId:497727
01-22 19:18:45.824 30801 30810 I BLASTBufferQueue: [VRI[FP Iconview]@97f2e43#2](f:0,a:3,s:0) released bufferId:132289287684108 framenumber:81 layerId:497727
01-22 19:18:45.824 30801 30810 I BLASTBufferQueue: [VRI[FP Iconview]@97f2e43#2](f:0,a:3,s:0) Can't acquire next buffer. No available frames
01-22 19:18:45.824 30801 30810 I BLASTBufferQueue: [VRI[FP Iconview]@97f2e43#2](f:0,a:3,s:0) transactionCallback
01-22 19:18:45.824 30801 30810 I BLASTBufferQueue: [VRI[FP Iconview]@97f2e43#2](f:0,a:3,s:0) updated mTransformHint=0
01-22 19:18:45.825  1559  5960 D SehGnssExtraCbJni: serviceAssertMessageCb.
01-22 19:18:45.825  1559  5960 D GnssManager: reportExtraMessage, message = GPS_START
01-22 19:18:45.825  1559  5960 D SehAGnssRilCbJni: requestRefLocationCb.
01-22 19:18:45.825  1559  5960 D GnssLocationProvider_ex: onRequestRefLocationSec
01-22 19:18:45.825  1559  5960 D GnssLocationProvider_ex: requestRefLocationSec
01-22 19:18:45.826  7567  7703 W t.lovoo.android: ClassLoaderContext classpath size mismatch. expected=1, found=0 (DLC[];PCL[base.apk*3083633597]{PCL[/system/framework/org.apache.http.legacy.jar*2001478317]#PCL[/system/framework/com.android.media.remotedisplay.jar*487574312]#PCL[/system/framework/com.android.location.provider.jar*1570284764]#PCL[/system/system_ext/framework/org.carconnectivity.android.digitalkey.rangingintent.jar*560278203]#PCL[/system/system_ext/framework/org.carconnectivity.android.digitalkey.secureelement.jar*3277496667]#PCL[/system_ext/framework/org.carconnectivity.android.digitalkey.timesync.jar*1887653037]#PCL[/system_ext/framework/androidx.window.extensions.jar*3210150721]#PCL[/system_ext/framework/androidx.window.sidecar.jar*3925677193]} | DLC[];PCL[])
01-22 19:18:45.826  1559  5960 D SehAGnssRilCbJni: requestRefLocationCb.
01-22 19:18:45.826  1559  5960 D GnssLocationProvider_ex: onRequestRefLocationSec
01-22 19:18:45.826  1559  5960 D GnssLocationProvider_ex: requestRefLocationSec
01-22 19:18:45.830  7567  7703 I DynamiteModule: Considering local module com.google.android.gms.measurement.dynamite:155 and remote module com.google.android.gms.measurement.dynamite:172
01-22 19:18:45.830  7567  7703 I DynamiteModule: Selected remote version of com.google.android.gms.measurement.dynamite, version >= 172
01-22 19:18:45.830  7567  7703 V DynamiteModule: Dynamite loader version >= 2, using loadModule2NoCrashUtils
01-22 19:18:45.830  1452  2424 D wrapperGPS: onUnsol: sub_id(01)
01-22 19:18:45.830  1452  2424 D wrapperGPS: onUnsol: Undefined IPC sub id: 01
01-22 19:18:45.830  1452  2424 D wrapperGPS: onUnsol: sub_id(01)
01-22 19:18:45.830  1452  2424 D wrapperGPS: onUnsol: Undefined IPC sub id: 01
01-22 19:18:45.831 30801 30819 I BLASTBufferQueue: [VRI[FP Iconview]@97f2e43#2](f:0,a:3,s:0) onFrameAvailable-start syncTransactionSet=false
01-22 19:18:45.831 30801 30819 I BLASTBufferQueue: [VRI[FP Iconview]@97f2e43#2](f:0,a:3,s:0) onFrameAvailable framenumber=85 syncTransactionSet=false
01-22 19:18:45.831 30801 30819 I BLASTBufferQueue: [VRI[FP Iconview]@97f2e43#2](f:1,a:3,s:0) onFrameAvailable framenumber=85 syncTransactionSet=false
01-22 19:18:45.831 30801 30819 I BLASTBufferQueue: [VRI[FP Iconview]@97f2e43#2](f:0,a:4,s:0) mergePendingTransactions t: 132289287684325, frameNumber: 85
01-22 19:18:45.831 30801 30819 I BLASTBufferQueue: [VRI[FP Iconview]@97f2e43#2](f:0,a:4,s:0) acquireNextBufferLocked size=1454x3134 mFrameNumber=85 applyTransaction=true mTimestamp=1866884631320226(auto) mPendingTransactions.size=0 graphicBufferId=132289287684108 transform=0
01-22 19:18:45.832 30801 30810 I BLASTBufferQueue: [VRI[FP Iconview]@97f2e43#2](f:0,a:4,s:0) releaseBufferCallback bufferId:132289287684107 framenumber:82 layerId:497727
01-22 19:18:45.832 30801 30810 I BLASTBufferQueue: [VRI[FP Iconview]@97f2e43#2](f:0,a:3,s:0) released bufferId:132289287684107 framenumber:82 layerId:497727
01-22 19:18:45.832 30801 30810 I BLASTBufferQueue: [VRI[FP Iconview]@97f2e43#2](f:0,a:3,s:0) Can't acquire next buffer. No available frames
01-22 19:18:45.832 30801 30810 I BLASTBufferQueue: [VRI[FP Iconview]@97f2e43#2](f:0,a:3,s:0) transactionCallback
01-22 19:18:45.832 30801 30810 I BLASTBufferQueue: [VRI[FP Iconview]@97f2e43#2](f:0,a:3,s:0) updated mTransformHint=0
01-22 19:18:45.832  1187 26480 E power   : Failed to get SystemSuspend service
01-22 19:18:45.832  1187 26480 E power   : Failed to get SystemSuspend service
01-22 19:18:45.832  1187 26480 E power   : Failed to get SystemSuspend service
01-22 19:18:45.832  1187 26480 E power   : Failed to get SystemSuspend service
01-22 19:18:45.832  1187 26480 E power   : Failed to get SystemSuspend service
01-22 19:18:45.832  1187 26480 E power   : Failed to get SystemSuspend service
01-22 19:18:45.832  1187 26480 E power   : Failed to get SystemSuspend service
01-22 19:18:45.832  1452  2424 D wrapperGPS: onUnsol: sub_id(70)
01-22 19:18:45.832  1452  2424 D wrapperGPS: oem_unsol_gps_enhanced_nr_cell_info
01-22 19:18:45.832  1452  2424 D wrapperGPS: GPS_onUnsolicitedResponse, sub_id(70)
01-22 19:18:45.833  1452  2424 D wrapperGPS: onUnsol: sub_id(01)
01-22 19:18:45.833  1452  2424 D wrapperGPS: onUnsol: Undefined IPC sub id: 01
01-22 19:18:45.834  1187 26480 E power   : Failed to get SystemSuspend service
01-22 19:18:45.834  1452  2424 D wrapperGPS: onUnsol: sub_id(63)
01-22 19:18:45.834  1452  2424 D wrapperGPS: oem_unsol_gps_enhanced_lte_cell_Info
01-22 19:18:45.834  1452  2424 D wrapperGPS: GPS_onUnsolicitedResponse, sub_id(63)
01-22 19:18:45.834  1187 26480 E power   : Failed to get SystemSuspend service
01-22 19:18:45.835  1187 26480 E power   : Failed to get SystemSuspend service
01-22 19:18:45.835  1187 26480 E power   : Failed to get SystemSuspend service
01-22 19:18:45.835  6627  6627 I InputMethodService: removeImeSurface
01-22 19:18:45.835  7567  7703 W System  : ClassLoader referenced unknown path: 
01-22 19:18:45.835  6627  6627 I InputMethodService: cancelImeSurfaceRemoval: removeCallbacks
01-22 19:18:45.835  7567  7703 D nativeloader: Configuring clns-10 for other apk . target_sdk_version=36, uses_libraries=, library_path=/data/app/~~-j6c3CCKLsHPKai9JYjoQg==/com.google.android.gms-ey5byHVd768HZeKeafSZNg==/lib/arm64:/data/app/~~-j6c3CCKLsHPKai9JYjoQg==/com.google.android.gms-ey5byHVd768HZeKeafSZNg==/base.apk!/lib/arm64-v8a, permitted_path=/data:/mnt/expand:/data/user/0/com.google.android.gms
01-22 19:18:45.835  1452  2424 D wrapperGPS: onUnsol: sub_id(01)
01-22 19:18:45.835  1452  2424 D wrapperGPS: onUnsol: Undefined IPC sub id: 01
01-22 19:18:45.836  1452  2424 D wrapperGPS: onUnsol: sub_id(01)
01-22 19:18:45.836  1452  2424 D wrapperGPS: onUnsol: Undefined IPC sub id: 01
01-22 19:18:45.836  1452  2424 D wrapperGPS: onUnsol: sub_id(70)
01-22 19:18:45.836  1452  2424 D wrapperGPS: oem_unsol_gps_enhanced_nr_cell_info
01-22 19:18:45.836  1452  2424 D wrapperGPS: GPS_onUnsolicitedResponse, sub_id(70)
01-22 19:18:45.837  1452  2424 D wrapperGPS: onUnsol: sub_id(01)
01-22 19:18:45.837  1452  2424 D wrapperGPS: onUnsol: Undefined IPC sub id: 01
01-22 19:18:45.837  1452  2424 D wrapperGPS: onUnsol: sub_id(63)
01-22 19:18:45.837  1452  2424 D wrapperGPS: oem_unsol_gps_enhanced_lte_cell_Info
01-22 19:18:45.837  1452  2424 D wrapperGPS: GPS_onUnsolicitedResponse, sub_id(63)
01-22 19:18:45.838  1452  2424 D wrapperGPS: onUnsol: sub_id(01)
01-22 19:18:45.838  1452  2424 D wrapperGPS: onUnsol: Undefined IPC sub id: 01
01-22 19:18:45.839 30801 30819 I BLASTBufferQueue: [VRI[FP Iconview]@97f2e43#2](f:0,a:3,s:0) onFrameAvailable-start syncTransactionSet=false
01-22 19:18:45.839 30801 30819 I BLASTBufferQueue: [VRI[FP Iconview]@97f2e43#2](f:0,a:3,s:0) onFrameAvailable framenumber=86 syncTransactionSet=false
01-22 19:18:45.839 30801 30819 I BLASTBufferQueue: [VRI[FP Iconview]@97f2e43#2](f:1,a:3,s:0) onFrameAvailable framenumber=86 syncTransactionSet=false
01-22 19:18:45.839 30801 30819 I BLASTBufferQueue: [VRI[FP Iconview]@97f2e43#2](f:0,a:4,s:0) mergePendingTransactions t: 132289287684327, frameNumber: 86
01-22 19:18:45.840 30801 30819 I BLASTBufferQueue: [VRI[FP Iconview]@97f2e43#2](f:0,a:4,s:0) acquireNextBufferLocked size=1454x3134 mFrameNumber=86 applyTransaction=true mTimestamp=1866884639697844(auto) mPendingTransactions.size=0 graphicBufferId=132289287684107 transform=0
01-22 19:18:45.840 30801 30810 I BLASTBufferQueue: [VRI[FP Iconview]@97f2e43#2](f:0,a:4,s:0) releaseBufferCallback bufferId:132289287684106 framenumber:83 layerId:497727
01-22 19:18:45.840 30801 30810 I BLASTBufferQueue: [VRI[FP Iconview]@97f2e43#2](f:0,a:3,s:0) released bufferId:132289287684106 framenumber:83 layerId:497727
01-22 19:18:45.840 30801 30810 I BLASTBufferQueue: [VRI[FP Iconview]@97f2e43#2](f:0,a:3,s:0) Can't acquire next buffer. No available frames
01-22 19:18:45.840 30801 30810 I BLASTBufferQueue: [VRI[FP Iconview]@97f2e43#2](f:0,a:3,s:0) transactionCallback
01-22 19:18:45.840 30801 30810 I BLASTBufferQueue: [VRI[FP Iconview]@97f2e43#2](f:0,a:3,s:0) updated mTransformHint=0
01-22 19:18:45.843  2814  2814 I NowBarUtils: sendBlockingTouchAreaToWallpaper Rect(297, 2793 - 1143, 3011) reason OnLayoutChangeListener cardState=0
01-22 19:18:45.843  1559  2665 D SemCellularStateManager: onCellInfoChanged: cellInfoList Number of cell: 5
01-22 19:18:45.843  1559  2665 D SemCellularStateManager: onCellInfoChanged: Registered = true, mCellularCellId = 44333327
01-22 19:18:45.843  3116  3116 I TelephonyCallbackForPdnController<0>: onCellInfoChanged: xxxxx
01-22 19:18:45.843  3116  3116 I ImsCallSessionManager: onCellInfoChanged, phoneId: 0
01-22 19:18:45.843  3116  3359 I RegiMgr-Handler: handleMessage: EVENT_CELL_INFO_CHANGED
01-22 19:18:45.844  3116  3359 I RegiMgr<0>: updatePani RegisterTask[0][mProfile=Open TMobile Germany IMS, mRegistrationRat=13, mPdnType=11, mState=REGISTERED, mObject=UserAgent - :
01-22 19:18:45.844  3116  3359 I RegiMgr<0>:  total records=1435
01-22 19:18:45.844  3116  3359 I RegiMgr<0>:  rec[0]: time=01-22 18:53:19.858 processed=ReadyState org=RegisteredState dest=<null> what=34(0x22)
01-22 19:18:45.844  3116  3359 I RegiMgr<0>:  rec[1]: time=01-22 18:53:19.859 processed=RegisteredState org=RegisteredState dest=<null> what=2000(0x7d0)
01-22 19:18:45.844  3116  3359 I RegiMgr<0>:  rec[2]: time=01-22 18:53:21.861 processed=ReadyState org=RegisteredState dest=<null> what=34(0x22)
01-22 19:18:45.844  3116  3359 I RegiMgr<0>:  rec[3]: time=01-22 18:53:21.863 processed=RegisteredState org=RegisteredState dest=<null> what=2000(0x7d0)
01-22 19:18:45.844  3116  3359 I RegiMgr<0>:  rec[4]: time=01-22 18:53:23.965 processed=ReadyState org=RegisteredState dest=<null> what=34(0x22)
01-22 19:18:45.844  3116  3359 I RegiMgr<0>:  rec[5]: time=01-22 18:53:23.966 processed=RegisteredState org=RegisteredState dest=<null> what=2000(0x7d0)
01-22 19:18:45.844  3116  3359 I RegiMgr<0>:  rec[6]: time=01-22 18:53:26.017 processed=ReadyState org=RegisteredState dest=<null> what=34(0x22)
01-22 19:18:45.844  3116  3359 I RegiMgr<0>:  rec[7]: time=01-22 18:53:26.018 processed=RegisteredState org=RegisteredState dest=<null> what=2000(0x7d0)
01-22 19:18:45.844  3116  3359 I RegiMgr<0>:  rec[8]: time=01-22 18:53:28.541 processed=ReadyState org=RegisteredState dest=<null> what=34(0x22)
01-22 19:18:45.844  3116  3359 I RegiMgr<0>:  rec[9]: time=01-22 18:53:28.548 processed=RegisteredState org=RegisteredState dest=<null> what=2000(0x7d0)
01-22 19:18:45.844  3116  3359 I RegiMgr<0>:  rec[10]: time=01-22 18:53:35.832 processed=ReadyState org=RegisteredState dest=<null> what=34(0x22)
01-22 19:18:45.844  3116  3359 I RegiMgr<0>:  rec[11]: time=01-22 18:53:35.833 processed=RegisteredState org=RegisteredState dest=<null> what=2000(0x7d0)
01-22 19:18:45.844  3116  3359 I RegiMgr<0>:  rec[12]: time=01-22 18:53:42.164 processed=ReadyState org=RegisteredState dest=<null> what=34(0x22)
01-22 19:18:45.844  3116  3359 I RegiMgr<0>:  rec[13]: time=01-22 18:53:42.165 processed=RegisteredState org=RegisteredState dest=<null> what=2000(0x7d0)
01-22 19:18:45.844  3116  3359 I RegiMgr<0>:  rec[14]: time=01-22 18:53:44.268 processed=ReadyState org=RegisteredState dest=<null> what=34(0x22)
01-22 19:18:45.844  3116  3359 I RegiMgr<0>:  rec[15]: time=01-22 18:53:44.270 processed=RegisteredState org=RegisteredState dest=<null> what=2000(0x7d0)
01-22 19:18:45.844  3116  3359 I RegiMgr<0>:  rec[16]: time=01-22 19:03:44.224 processed=ReadyState org=RegisteredState dest=<null> what=34(0x22)
01-22 19:18:45.844  3116  3359 I RegiMgr<0>:  rec[17]: time=01-22 19:03:44.250 processed=RegisteredState org=RegisteredState dest=<null> what=2000(0x7d0)
01-22 19:18:45.844  3116  3359 I RegiMgr<0>:  rec[18]: time=01-22 19:13:43.298 processed=RegisteredState org=RegisteredState dest=<null> what=8(0x8)
01-22 19:18:45.844  3116  3359 I RegiMgr<0>:  rec[19]: time=01-22 19:13:43.370 processed=RegisteredState org=RegisteredState dest=<null> what=1000(0x3e8)
01-22 19:18:45.844  3116  3359 I RegiMgr<0>: curState=RegisteredState
01-22 19:18:45.844  3116  3359 I RegiMgr<0>: , mReason=, mPcscfHostname=null, mDeregiReason=41]
01-22 19:18:45.844  7567  7698 D FBAudienceNetwork: SDK dex loading time: 60
01-22 19:18:45.844  3116  3359 I PaniGenerator<0>: generate: subId=3, network=13, pdn=11
01-22 19:18:45.844  3116  3359 I PaniGenerator<0>: generate: network=13, fallbackPlmn=26201
01-22 19:18:45.844  3116  3359 I PdnController<0>: getAllCellInfo mNeedCellLocationUpdate : false
01-22 19:18:45.844  3116  3359 I PaniGenerator: generate: change to NW PLMN(26201)
01-22 19:18:45.844  7567  7703 W t.lovoo.android: ClassLoaderContext classpath element checksum mismatch. expected=3083633597, found=131854944 (DLC[];PCL[base.apk*3083633597]{PCL[/system/framework/org.apache.http.legacy.jar*2001478317]#PCL[/system/framework/com.android.media.remotedisplay.jar*487574312]#PCL[/system/framework/com.android.location.provider.jar*1570284764]#PCL[/system/system_ext/framework/org.carconnectivity.android.digitalkey.rangingintent.jar*560278203]#PCL[/system/system_ext/framework/org.carconnectivity.android.digitalkey.secureelement.jar*3277496667]#PCL[/system_ext/framework/org.carconnectivity.android.digitalkey.timesync.jar*1887653037]#PCL[/system_ext/framework/androidx.window.extensions.jar*3210150721]#PCL[/system_ext/framework/androidx.window.sidecar.jar*3925677193]} | DLC[];PCL[/data/app/~~76JX9zDocqCXd7XZMGOazg==/net.lovoo.android-GCemTeLq8fxTVxbvAR2rOw==/base.apk*131854944]{PCL[/system/framework/org.apache.http.legacy.jar*2001478317]#PCL[/system_ext/framework/androidx.window.extensions.jar*3210150721]#PCL[/system_ext/framework/androidx.window.sidecar.jar*3925677193]})
01-22 19:18:45.845  1559  1559 D GnssLocationProvider_ex: CellInfo updated. cellInfo size = 5
01-22 19:18:45.846  1559  1559 D GnssLocationProvider_ex: registered cell found
01-22 19:18:45.846  1559  1559 D GnssLocationProvider_ex: setAgpsReferenceLocationCellId
01-22 19:18:45.846  1559  1559 E SehAGnssRilJni: setRefLocation: SehGnss Hal Using AIDL: 179
01-22 19:18:45.846  3116  3359 I UserAgent<0>: updatePani
01-22 19:18:45.847  1559  1559 D GnssLocationProvider_ex: CellInfo updated. cellInfo size = 5
01-22 19:18:45.847  3116  3629 I SECIMSJ : [1195]> 140
01-22 19:18:45.847  3116  3639 I [IMS6.0]: IMS_onResponse()
01-22 19:18:45.847  3116  3639 I StackIF : processMessage 2
01-22 19:18:45.847  3116  3639 I StackIF : Processing Response
01-22 19:18:45.847  3116  3639 I SECIMSJ : [1195]< 600
01-22 19:18:45.847  3116  3639 I StackIF : processResponse: reqId 600
01-22 19:18:45.847  3116  3639 I StackIF : processResponse: handle 33270 result 0 reason 0
01-22 19:18:45.848 30801 30819 I BLASTBufferQueue: [VRI[FP Iconview]@97f2e43#2](f:0,a:3,s:0) onFrameAvailable-start syncTransactionSet=false
01-22 19:18:45.848 30801 30819 I BLASTBufferQueue: [VRI[FP Iconview]@97f2e43#2](f:0,a:3,s:0) onFrameAvailable framenumber=87 syncTransactionSet=false
01-22 19:18:45.848 30801 30819 I BLASTBufferQueue: [VRI[FP Iconview]@97f2e43#2](f:1,a:3,s:0) onFrameAvailable framenumber=87 syncTransactionSet=false
01-22 19:18:45.848 30801 30819 I BLASTBufferQueue: [VRI[FP Iconview]@97f2e43#2](f:0,a:4,s:0) mergePendingTransactions t: 132289287684329, frameNumber: 87
01-22 19:18:45.848 30801 30819 I BLASTBufferQueue: [VRI[FP Iconview]@97f2e43#2](f:0,a:4,s:0) acquireNextBufferLocked size=1454x3134 mFrameNumber=87 applyTransaction=true mTimestamp=1866884648002023(auto) mPendingTransactions.size=0 graphicBufferId=132289287684106 transform=0
01-22 19:18:45.848  3116  3359 I RegiMgr<0>: updatePani RegisterTask[0][mProfile=Open TMobile Germany Internet, mRegistrationRat=13, mPdnType=0, mState=REGISTERED, mObject=UserAgent - :
01-22 19:18:45.848  3116  3359 I RegiMgr<0>:  total records=351
01-22 19:18:45.848  3116  3359 I RegiMgr<0>:  rec[0]: time=01-22 18:53:16.746 processed=RegisteredState org=RegisteredState dest=<null> what=2000(0x7d0)
01-22 19:18:45.848  3116  3359 I RegiMgr<0>:  rec[1]: time=01-22 18:53:19.864 processed=ReadyState org=RegisteredState dest=<null> what=34(0x22)
01-22 19:18:45.848  3116  3359 I RegiMgr<0>:  rec[2]: time=01-22 18:53:19.865 processed=RegisteredState org=RegisteredState dest=<null> what=2000(0x7d0)
01-22 19:18:45.848  3116  3359 I RegiMgr<0>:  rec[3]: time=01-22 18:53:21.865 processed=ReadyState org=RegisteredState dest=<null> what=34(0x22)
01-22 19:18:45.848  3116  3359 I RegiMgr<0>:  rec[4]: time=01-22 18:53:21.865 processed=RegisteredState org=RegisteredState dest=<null> what=2000(0x7d0)
01-22 19:18:45.848  3116  3359 I RegiMgr<0>:  rec[5]: time=01-22 18:53:23.969 processed=ReadyState org=RegisteredState dest=<null> what=34(0x22)
01-22 19:18:45.848  3116  3359 I RegiMgr<0>:  rec[6]: time=01-22 18:53:23.970 processed=RegisteredState org=RegisteredState dest=<null> what=2000(0x7d0)
01-22 19:18:45.848  3116  3359 I RegiMgr<0>:  rec[7]: time=01-22 18:53:26.019 processed=ReadyState org=RegisteredState dest=<null> what=34(0x22)
01-22 19:18:45.848  3116  3359 I RegiMgr<0>:  rec[8]: time=01-22 18:53:26.020 processed=RegisteredState org=RegisteredState dest=<null> what=2000(0x7d0)
01-22 19:18:45.848  3116  3359 I RegiMgr<0>:  rec[9]: time=01-22 18:53:28.548 processed=ReadyState org=RegisteredState dest=<null> what=34(0x22)
01-22 19:18:45.848  3116  3359 I RegiMgr<0>:  rec[10]: time=01-22 18:53:28.550 processed=RegisteredState org=RegisteredState dest=<null> what=2000(0x7d0)
01-22 19:18:45.848  3116  3359 I RegiMgr<0>:  rec[11]: time=01-22 18:53:35.834 processed=ReadyState org=RegisteredState dest=<null> what=34(0x22)
01-22 19:18:45.848  3116  3359 I RegiMgr<0>:  rec[12]: time=01-22 18:53:35.836 processed=RegisteredState org=RegisteredState dest=<null> what=2000(0x7d0)
01-22 19:18:45.848  3116  3359 I RegiMgr<0>:  rec[13]: time=01-22 18:53:42.165 processed=ReadyState org=RegisteredState dest=<null> what=34(0x22)
01-22 19:18:45.848  3116  3359 I RegiMgr<0>:  rec[14]: time=01-22 18:53:42.165 processed=RegisteredState org=RegisteredState dest=<null> what=2000(0x7d0)
01-22 19:18:45.848  3116  3359 I RegiMgr<0>:  rec[15]: time=01-22 18:53:44.269 processed=ReadyState org=RegisteredState dest=<null> what=34(0x22)
01-22 19:18:45.848  3116  3359 I RegiMgr<0>:  rec[16]: time=01-22 18:53:44.270 processed=RegisteredState org=RegisteredState dest=<null> what=2000(0x7d0)
01-22 19:18:45.848  3116  3359 I RegiMgr<0>:  rec[17]: time=01-22 19:03:44.225 processed=ReadyState org=RegisteredState dest=<null> what=34(0x22)
01-22 19:18:45.848  3116  3359 I RegiMgr<0>:  rec[18]: time=01-22 19:03:44.251 processed=RegisteredState org=RegisteredState dest=<null> what=2000(0x7d0)
01-22 19:18:45.848  3116  3359 I RegiMgr<0>:  rec[19]: time=01-22 19:16:16.749 processed=RegisteredState org=RegisteredState dest=<null> what=8(0x8)
01-22 19:18:45.848  3116  3359 I RegiMgr<0>: curState=RegisteredState
01-22 19:18:45.848  3116  3359 I RegiMgr<0>: , mReason=, mPcscfHostname=de.dt.rcs.telephony.goog, mDeregiReason=41]
01-22 19:18:45.848  1559  1559 D GnssLocationProvider_ex: registered cell found
01-22 19:18:45.848  1559  1559 D GnssLocationProvider_ex: setAgpsReferenceLocationCellId
01-22 19:18:45.848  1559  1559 E SehAGnssRilJni: setRefLocation: SehGnss Hal Using AIDL: 179
01-22 19:18:45.849 30801 30810 I BLASTBufferQueue: [VRI[FP Iconview]@97f2e43#2](f:0,a:4,s:0) releaseBufferCallback bufferId:132289287684105 framenumber:84 layerId:497727
01-22 19:18:45.849 30801 30810 I BLASTBufferQueue: [VRI[FP Iconview]@97f2e43#2](f:0,a:3,s:0) released bufferId:132289287684105 framenumber:84 layerId:497727
01-22 19:18:45.849 30801 30810 I BLASTBufferQueue: [VRI[FP Iconview]@97f2e43#2](f:0,a:3,s:0) Can't acquire next buffer. No available frames
01-22 19:18:45.849 30801 30810 I BLASTBufferQueue: [VRI[FP Iconview]@97f2e43#2](f:0,a:3,s:0) transactionCallback
01-22 19:18:45.849 30801 30810 I BLASTBufferQueue: [VRI[FP Iconview]@97f2e43#2](f:0,a:3,s:0) updated mTransformHint=0
01-22 19:18:45.849  3116  3359 I PaniGenerator<0>: generate: subId=3, network=13, pdn=0
01-22 19:18:45.849  3116  3359 I PaniGenerator<0>: generate: network=13, fallbackPlmn=26201
01-22 19:18:45.849  3116  3359 I PdnController<0>: getAllCellInfo mNeedCellLocationUpdate : false
01-22 19:18:45.849  3116  3359 I PaniGenerator: generate: change to NW PLMN(26201)
01-22 19:18:45.849  3116  3359 I PaniGenerator: setLkcForLastPani: No Last PANI header for Open TMobile Germany Internet
01-22 19:18:45.849  3116  3359 I UserAgent<0>: updatePani
01-22 19:18:45.849  3116  3359 I PdnController<0>: getAllCellInfo mNeedCellLocationUpdate : false
01-22 19:18:45.849  3116  3359 I RegiMgr<0>: tryRegister:
01-22 19:18:45.849  3116  3359 I RegiMgr<0>: RegisterTask(s): Open TMobile Germany IMS (REGISTERED, rat = 13, service = [smsip, mmtel]), Open TMobile Germany Internet (REGISTERED, rat = 13, service = [ft_http, chatbot-communication, euc, im, options, gls])
01-22 19:18:45.849  3116  3359 I RcsPolicyMgr<0>: pendingRcsRegister: mActiveDataPhoneId = 0
01-22 19:18:45.849  3116  3359 I RcsPolicyMgr<0>: pendingRcsRegister: mActiveDataPhoneId = 0
01-22 19:18:45.849  3116  3359 I RcsUtils: isDualRcsReg: false
01-22 19:18:45.850  3116  3629 I SECIMSJ : [1196]> 140
01-22 19:18:45.850  3116  3639 I [IMS6.0]: IMS_onResponse()
01-22 19:18:45.850  3116  3639 I StackIF : processMessage 2
01-22 19:18:45.850  3116  3639 I StackIF : Processing Response
01-22 19:18:45.850  3116  3639 I SECIMSJ : [1196]< 600
01-22 19:18:45.850  3116  3639 I StackIF : processResponse: reqId 600
01-22 19:18:45.850  3116  3639 I StackIF : processResponse: handle 6975 result 0 reason 0
01-22 19:18:45.851 30801 30801 I BSS_VisualEffectContainer: stop()
01-22 19:18:45.851 30801 30801 I BSS_VisualEffectContainer: stop()
01-22 19:18:45.851 30801 30801 I BSS_UdfpsSensorWindow: setVisibility: [8]
01-22 19:18:45.858 30801 30810 I BLASTBufferQueue: [VRI[FP Iconview]@97f2e43#2](f:0,a:3,s:0) releaseBufferCallback bufferId:132289287684108 framenumber:85 layerId:497727
01-22 19:18:45.858  1559  5960 I WindowManager: Relayout Window{62f3863 u0 FP Iconview}: viewVisibility=8 req=1440x3120 ty=2619 d0
01-22 19:18:45.858 30801 30810 I BLASTBufferQueue: [VRI[FP Iconview]@97f2e43#2](f:0,a:2,s:0) released bufferId:132289287684108 framenumber:85 layerId:497727
01-22 19:18:45.858  1559  5960 E WindowManager: win=Window{62f3863 u0 FP Iconview} destroySurfaces: appStopped=true cleanupOnResume=false win.mWindowRemovalAllowed=false win.mRemoveOnExit=false win.mViewVisibility=8 caller=com.android.server.wm.WindowManagerService.tryStartExitingAnimation:134 com.android.server.wm.WindowManagerService.relayoutWindow:1138 com.android.server.wm.Session.relayout:27 android.view.IWindowSession$Stub.onTransact:829 com.android.server.wm.Session.onTransact:1 android.os.Binder.execTransactInternal:1457 android.os.Binder.execTransact:1401 
01-22 19:18:45.858 30801 30810 I BLASTBufferQueue: [VRI[FP Iconview]@97f2e43#2](f:0,a:2,s:0) Can't acquire next buffer. No available frames
01-22 19:18:45.858 30801 30810 I BLASTBufferQueue: [VRI[FP Iconview]@97f2e43#2](f:0,a:2,s:0) transactionCallback
01-22 19:18:45.858 30801 30810 I BLASTBufferQueue: [VRI[FP Iconview]@97f2e43#2](f:0,a:2,s:0) updated mTransformHint=0
01-22 19:18:45.859  1559  5960 D SurfaceComposerClient: setCornerRadius ## d37c539 org.tkideneb2.zeiterfassung/org.kivy.android.PythonActivity#497725 cornerRadius=0.000000
01-22 19:18:45.859  1559  5960 W PhoneWindowManager: lockNow pending, ignore updating lockscreen timeout
01-22 19:18:45.859  1559  5960 D SurfaceComposerClient: setCornerRadius ## d37c539 org.tkideneb2.zeiterfassung/org.kivy.android.PythonActivity#497725 cornerRadius=0.000000
01-22 19:18:45.859  1559  5960 I WindowManager: Relayout hash=62f3863, pid=30801, syncId=-1: mAttrs={(0,0)(1440x3120) sim={adjust=pan} layoutInDisplayCutoutMode=always ty=2619 fmt=TRANSLUCENT surfaceInsets=Rect(7, 7 - 7, 7)
01-22 19:18:45.859  1559  5960 I WindowManager:   fl=1000018
01-22 19:18:45.859  1559  5960 I WindowManager:   pfl=30102050
01-22 19:18:45.859  1559  5960 I WindowManager:   bhv=1
01-22 19:18:45.859  1559  5960 I WindowManager:   frameRateBoostOnTouch=true
01-22 19:18:45.859  1559  5960 I WindowManager:   dvrrWindowFrameRateHint=true naviIconColor=0
01-22 19:18:45.859  1559  5960 I WindowManager:   sfl=60008
01-22 19:18:45.859  1559  5960 I WindowManager:   surfaceType=FP_ICON_VIEW}
01-22 19:18:45.860  1195  1318 I SensorsHub: context 15 0 14 1,1,61,255,0,2,1,0,0,0,1,0,0,0,0, 2541830885774003
01-22 19:18:45.860 30801 30801 I VRI[FP Iconview]@97f2e43: Relayout returned: old=(0,0,1440,3120) new=(0,0,1440,3120) relayoutAsync=false req=(1440,3120)8 dur=2 res=0x2 s={false 0x0} ch=true seqId=0
01-22 19:18:45.861  1559  2562 D CAE     : onGetSensorHubData(SensorHubParserProvider.java:92) - onGetSensorHubData Event [event buffer len :15], AP_WAKEUP
01-22 19:18:45.861  1559  2562 I CAE     : parse(SensorHubParserProvider.java:188) - buffer size = 15
01-22 19:18:45.861  1559  2562 I CAE     : parse(SensorHubParserProvider.java:199) - 1, 1, 61, -1, 0, 2, 1, 0, 0, 0, 1, 0, 0, 0, 0,
01-22 19:18:45.861  1559  2562 D CAE     : display(ContextProvider.java:375) - ================= CH_LOC_TRIGGER =================
01-22 19:18:45.861  1559  2562 I CAE     : display(ContextProvider.java:391) - duration=[1], property=[1], result=[2], reserved=[0]
01-22 19:18:45.861  1559  2559 D SemContextService: Service.updateContext() : service = Location Change Trigger
01-22 19:18:45.861  1559  2605 D SemContextManager: onSemContextChanged() : event = Location Change Trigger
01-22 19:18:45.861  1559  2605 D NSLocationMonitor: onSemContextChanged, activity : 1 result : 2 movement : 1
01-22 19:18:45.862 17353  7641 I PhenotypeResourceReader: unable to find any Phenotype resource metadata for net.lovoo.android
01-22 19:18:45.864  1248  1248 I SurfaceFlinger: [LayerHierarchy{RequestedLayerState{FP Iconview$_30801#497727} no children}] reparent to OffscreenRoot
01-22 19:18:45.864  1248  1248 I SurfaceFlinger: [LayerHierarchy{RequestedLayerState{FP Iconview$_30801#497727} no children}] RelativeParent to null
01-22 19:18:45.864 16056 16056 I GWT:GlobalSnapshotManager: [daemonapp] GlobalSnapshotMonitor observes MutableState(value=M.e@23f0502)@208908663
01-22 19:18:45.866  1248  1248 D SurfaceFlinger: Display 4633128672291736003 HWC layers:
01-22 19:18:45.866  1248  1248 D SurfaceFlinger:   SOLID_COLOR |                        0 | 00000002 | N/A          |    0.0    0.0    0.0    0.0 |    0  113 1440 2952 | Background for 16ba6b8 SurfaceView[o[...]ivy.android.PythonActivity]@0#497742 (0)
01-22 19:18:45.866  1248  1248 D SurfaceFlinger:        DEVICE |           32233729556487 | 00002100 | RGBA_8888    |    0.0    0.0 1440.0 3120.0 |    0    0 1440 3120 | org.tkideneb2.zeiterfassung/org.kivy.android.PythonActivity$_7505#497729 (34)
01-22 19:18:45.866  1248  1248 D SurfaceFlinger:        DEVICE |           12086038195119 | 00002100 | RGBA_8888    |    0.0    0.0 1440.0  113.0 |    0    0 1440  113 | StatusBar$_2814#110 (1790742)
01-22 19:18:45.866  1248  1248 D SurfaceFlinger:        DEVICE |           13932874057998 | 00002100 | RGBA_8888    |    0.0    0.0   67.0  675.0 | 1373 1846 1440 2521 | com.sec.android.app.launcher/com.sam[...].app.CocktailBarService$_3244#497738 (1)
01-22 19:18:45.866  1248  1248 D SurfaceFlinger:        DEVICE |           12086038195122 | 00002100 | RGBA_8888    |    0.0    0.0 1440.0  168.0 |    0 2952 1440 3120 | NavigationBar0$_2814#108 (960204)
01-22 19:18:45.866  1248  1248 D SurfaceFlinger: 
01-22 19:18:45.866 30801 30810 I BLASTBufferQueue: [VRI[FP Iconview]@97f2e43#2](f:0,a:2,s:0) releaseBufferCallback bufferId:132289287684107 framenumber:86 layerId:497727
01-22 19:18:45.866 30801 30810 I BLASTBufferQueue: [VRI[FP Iconview]@97f2e43#2](f:0,a:1,s:0) released bufferId:132289287684107 framenumber:86 layerId:497727
01-22 19:18:45.866 30801 30810 I BLASTBufferQueue: [VRI[FP Iconview]@97f2e43#2](f:0,a:1,s:0) Can't acquire next buffer. No available frames
01-22 19:18:45.866 30801 30810 I BLASTBufferQueue: [VRI[FP Iconview]@97f2e43#2](f:0,a:1,s:0) transactionCallback
01-22 19:18:45.866 30801 30810 I BLASTBufferQueue: [VRI[FP Iconview]@97f2e43#2](f:0,a:1,s:0) updated mTransformHint=0
01-22 19:18:45.866 30801 30810 I BLASTBufferQueue: [VRI[FP Iconview]@97f2e43#2](f:0,a:1,s:0) ~BLASTBufferQueue()
01-22 19:18:45.867  1453  1482 I GNSS_MEMS: TGT_MEMS TargetMemsStart: mems_started0 diff:60000
01-22 19:18:45.867 30870 30870 I adbd    : Remote process closed the socket (on MSG_PEEK)
01-22 19:18:45.868  1453  1482 I GNSS_MEMS: TGT_MEMS SCSCMemsProvisioning: ASP=8000 MSP=8000 GSP=8000 PSP=80000 SSP=1000000
01-22 19:18:45.868  1453  1482 I GNSS_MEMS: TGT_MEMS GNSSSensorWDStartRequest
01-22 19:18:45.869  1453  1482 W vendor.samsung.hardware.gnss-service: Binder 0xb40000732804a668 destroyed after setMinSchedulerPolicy before being parceled.
01-22 19:18:45.869  1453  1482 W vendor.samsung.hardware.gnss-service: Binder 0xb40000732804a668 destroyed after setMinSchedulerPolicy before being parceled.
01-22 19:18:45.872  1248  1248 I SurfaceFlinger: id=497727 Removed FP Iconview$_30801#497727 (190)
01-22 19:18:45.873  7567  7708 E t.lovoo.android: No package ID 6a found for resource ID 0x6a0b0013.
01-22 19:18:45.873  1195  1195 I SensorsHub: queueBatch: handle=43 period=8000000 timeout=0
01-22 19:18:45.874  7567  7708 I FA      : App measurement initialized, version: 148008
01-22 19:18:45.874  7567  7708 I FA      : To enable debug logging run: adb shell setprop log.tag.FA VERBOSE
01-22 19:18:45.874  7567  7708 I FA      : To enable faster debug mode event logging run:
01-22 19:18:45.874  7567  7708 I FA      :   adb shell setprop debug.firebase.analytics.app net.lovoo.android
01-22 19:18:45.874  1195  1195 I SensorsHub: queueActivate: handle 43 enable 1
01-22 19:18:45.874  1195  1195 I SensorsHub: type : 43, enable : 1
01-22 19:18:45.875  1195  1195 I SensorsHub: queueBatch: handle=2 period=8000000 timeout=0
01-22 19:18:45.875  1195  1195 I SensorsHub: queueActivate: handle 2 enable 1
01-22 19:18:45.875  1195  1195 I SensorsHub: type : 2, enable : 1
01-22 19:18:45.875  1195  1195 I SensorsHub: queueBatch: handle=14 period=8000000 timeout=0
01-22 19:18:45.876  1195  1195 I SensorsHub: queueActivate: handle 14 enable 1
01-22 19:18:45.876  1195  1195 I SensorsHub: type : 14, enable : 1
01-22 19:18:45.876  1195  1195 I SensorsHub: queueBatch: handle=16 period=8000000 timeout=0
01-22 19:18:45.876  1195  1195 I SensorsHub: queueActivate: handle 16 enable 1
01-22 19:18:45.876  1195  1195 I SensorsHub: type : 16, enable : 1
01-22 19:18:45.877  1453  1482 I GNSS_MEMS: TGT_MEMS GNSSSensorWDStopRequest
01-22 19:18:45.877  1453  1482 I GNSS_MEMS: TGT_MEMS TargetMemsStart: Exit. mems_started:1
01-22 19:18:45.877  1453  3000 I GNSS_MEMS: TGT_MEMS GNSSSensorWDThread: ret=0
01-22 19:18:45.879  7567  7708 W FA      : Failed to retrieve Firebase Instance Id
01-22 19:18:45.880  1248  1248 I SurfaceFlinger: destroyed FP Iconview$_30801#497727
01-22 19:18:45.881  1248  1248 I Layer   : id=497727 Destroyed FP Iconview$_30801#497727
01-22 19:18:45.882  7567  7708 E ashmem  : Pinning is deprecated since Android Q. Please use trim or other methods.
01-22 19:18:45.891  7567  7708 W FA      : Failed to retrieve Firebase Instance Id
01-22 19:18:45.892  7567  7708 W FA      : Failed to retrieve Firebase Instance Id
01-22 19:18:45.899 30870 30877 I adbd    : jdwp connection from 7505
01-22 19:18:45.899  7709  7709 I crash_dump64: obtaining output fd from tombstoned, type: kDebuggerdTombstoneProto
01-22 19:18:45.900   695   695 I tombstoned: received crash request for pid 7535
01-22 19:18:45.901  7709  7709 I crash_dump64: performing dump of process 7505 (target tid = 7535)
01-22 19:18:45.906  1559  5960 D ConnectivityService: Returning BLOCKED NetworkInfo to uid=10463
01-22 19:18:45.923  1559  2200 W InputDispatcher: channel 'd37c539 org.tkideneb2.zeiterfassung/org.kivy.android.PythonActivity' ~ Consumer closed input channel or an error occurred.  events=0x9
01-22 19:18:45.923  1559  2200 E InputDispatcher: channel 'd37c539 org.tkideneb2.zeiterfassung/org.kivy.android.PythonActivity' ~ Channel is unrecoverably broken and will be disposed!
01-22 19:18:45.923  1559  2200 I WindowManager: WINDOW DIED Window{d37c539 u0 org.tkideneb2.zeiterfassung/org.kivy.android.PythonActivity}
01-22 19:18:45.923  1559  3897 I ActivityManager: Process org.tkideneb2.zeiterfassung (pid 7505) has died: fg  TOP (195,2924)
01-22 19:18:45.923  1559  6342 D InputTransport: Input channel destroyed: 'ClientS', fd=1289
01-22 19:18:45.924  1559  6342 D InputMethodManagerService: onClientRemovedInternalLocked
01-22 19:18:45.924  1559  6342 I ImeTracker: org.tkideneb2.zeiterfassung:d97f0fe1: onRequestHide at ORIGIN_SERVER reason HIDE_REMOVE_CLIENT fromUser false
01-22 19:18:45.924  1559  6342 V InputMethodManagerService: setWindowStateInner, windowToken=android.os.BinderProxy@9b4c900, state=ImeTargetWindowState{ imeToken android.os.Binder@d6aee75 imeFocusChanged false hasEditorFocused false requestedImeVisible false imeDisplayId 0 softInputModeState STATE_UNSPECIFIED|ADJUST_PAN isStartInputByGainFocus false}
01-22 19:18:45.924  1559  6342 I ImeTracker: org.tkideneb2.zeiterfassung:d97f0fe1: onCancelled at PHASE_SERVER_SHOULD_HIDE
01-22 19:18:45.924  1559  6342 V InputMethodManagerService: hideCurrentInputLocked : canceled, shouldHideSoftInput=false, mInputShown=false, mImeWindowVis=0
01-22 19:18:45.924  1559  2200 V WindowManager: Remove Window{d37c539 u0 org.tkideneb2.zeiterfassung/org.kivy.android.PythonActivity}: mSurfaceControl=Surface(name=org.tkideneb2.zeiterfassung/org.kivy.android.PythonActivity$_7505)/@0xdfbd35f mAnimatingExit=false mRemoveOnExit=false mHasSurface=true surfaceShowing=true animating=false app-animation=false callers=com.android.server.input.InputManagerService.notifyInputChannelBroken:72 <bottom of call stack> <bottom of call stack> <bottom of call stack> <bottom of call stack> <bottom of call stack> 
01-22 19:18:45.924  1248  1549 I SurfaceFlinger: id=497741 Removed 16ba6b8 SurfaceView[org.tkideneb2.zeiterfassung/org.kivy.android.PythonActivity]@0(BLAST)#497741 (189)
01-22 19:18:45.924  1248  1549 I SurfaceFlinger: id=497742 Removed Background for 16ba6b8 SurfaceView[org.tkideneb2.zeiterfassung/org.kivy.android.PythonActivity]@0#497742 (189)
01-22 19:18:45.924  1195  1195 I SensorsHub: queueBatch: handle=1 period=20000000 timeout=0
01-22 19:18:45.924  1559  2200 D RestrictionPolicy: isScreenCaptureEnabled : ret=true userId=0
01-22 19:18:45.925  1248  2404 I SurfaceFlinger: id=497739 Removed Bounds for - org.tkideneb2.zeiterfassung/org.kivy.android.PythonActivity@0#497739 (189)
01-22 19:18:45.925  1205  1256 I HYPER-HAL: [RequestManager.cpp]acquire(): Acquired ID : 123617037  [1213 / 184815]    HINT :      list : [TID_LOW_LATENCY / 0] [TID / 7534] [TID / 7535] [TID / 7505] [TID / 7526] 
01-22 19:18:45.925  1248  2404 I SurfaceFlinger: id=497740 Removed 16ba6b8 SurfaceView[org.tkideneb2.zeiterfassung/org.kivy.android.PythonActivity]@0#497740 (189)
01-22 19:18:45.925  1205  1256 I HYPER-HAL: [RequestManager.cpp]acquire(): Acquired ID : 123803067  [1213 / 184816]    HINT :      list : [UCLAMP_MIN_BOOST / 0] [TID / 7534] [TID / 7535] [TID / 7505] [TID / 7526] 
01-22 19:18:45.926  1559  2200 I WindowManager: Cancelling animation restarting=true, leash=Surface(name=Surface(name=589b7ad InputMethod)/@0xcf7a0af - animation-leash of insets_animation)/@0x217688c
01-22 19:18:45.926  1205  1256 E HYPER-HAL: [HandlerUClamp.cpp]set_uclamp_min(): sched_setattr failed for thread 7534, err = -1
01-22 19:18:45.926  1205  1256 E HYPER-HAL: [HandlerUClamp.cpp]set_uclamp_min(): sched_setattr failed for thread 7535, err = -1
01-22 19:18:45.926  1559  2200 I WindowManager: Reparenting to original parent: Surface(name=WindowToken{b4073a9 type=2011 android.os.Binder@a326b30})/@0x3934ae1, destroy=false, surface=Surface(name=589b7ad InputMethod)/@0xcf7a0af
01-22 19:18:45.926  1205  1256 E HYPER-HAL: [HandlerUClamp.cpp]set_uclamp_min(): sched_setattr failed for thread 7526, err = -1
01-22 19:18:45.926  1559  2200 I WindowManager: Reparenting to leash, surface=Surface(name=589b7ad InputMethod)/@0xcf7a0af, leashParent=Surface(name=WindowToken{b4073a9 type=2011 android.os.Binder@a326b30})/@0x3934ae1
01-22 19:18:45.926  1205  1256 I HYPER-HAL: [RequestManager.cpp]releaseLocked(): Released ID : 123617037
01-22 19:18:45.926  1205  1256 E HYPER-HAL: [HandlerUClamp.cpp]set_uclamp_min(): sched_setattr failed for thread 7534, err = -1
01-22 19:18:45.926  1205  1256 E HYPER-HAL: [HandlerUClamp.cpp]set_uclamp_min(): sched_setattr failed for thread 7535, err = -1
01-22 19:18:45.926  1205  1256 E HYPER-HAL: [HandlerUClamp.cpp]set_uclamp_min(): sched_setattr failed for thread 7526, err = -1
01-22 19:18:45.926  1248  2394 I SurfaceFlinger: id=497743 createSurf, flag=24004, Surface(name=589b7ad InputMethod)/@0xcf7a0af - animation-leash of insets_animation#497743
01-22 19:18:45.926  1205  1256 I HYPER-HAL: [RequestManager.cpp]releaseLocked(): Released ID : 123803067
01-22 19:18:45.926  1559  2200 D WindowManager: makeSurface duration=0 leash=Surface(name=Surface(name=589b7ad InputMethod)/@0xcf7a0af - animation-leash of insets_animation)/@0x834467b
01-22 19:18:45.926  1559  2200 D InsetsSourceProvider: updateControlForTarget: control=InsetsSourceControl: {3 mType=ime mSurfacePosition=Point(0, 113) mInsetsHint=Insets{left=0, top=0, right=0, bottom=1326}}, target=RemoteInsetsControlTarget{Display #0 ab326c7}, from=com.android.server.wm.ImeInsetsSourceProvider.updateControlForTarget:17 com.android.server.wm.InsetsStateController.onControlTargetChanged:83 com.android.server.wm.DisplayContent.updateImeControlTarget:21 com.android.server.wm.DisplayContent.updateImeInputAndControlTarget:156 com.android.server.wm.WindowState.removeImmediately:152 
01-22 19:18:45.926  1559  2200 I ImeTracker: system_server:d62f8fec: onRequestHide at ORIGIN_SERVER reason IME_REQUESTED_CHANGED_LISTENER fromUser false
01-22 19:18:45.926   695   695 W tombstoned: crash socket received short read of length 0 (expected 12)
01-22 19:18:45.926 30870 30870 I adbd    : Remote process closed the socket (on MSG_PEEK)
01-22 19:18:45.927  1559  2200 D WindowManager: updateSystemBarAttributes: displayId=0, focusedCanBeNavColorWin=false, win=Window{d37c539 u0 org.tkideneb2.zeiterfassung/org.kivy.android.PythonActivity}, navColorWin=null, caller=com.android.server.wm.DisplayPolicy.finishPostLayoutPolicyLw:17 com.android.server.wm.RootWindowContainer.applySurfaceChangesTransaction$1:195 com.android.server.wm.RootWindowContainer.performSurfacePlacementNoTrace:59 
01-22 19:18:45.927  1559  2200 D WindowManager: updateSystemBarAttributes, bhv=1, apr=0, statusBarAprRegions=[], requestedVisibilities=-9
01-22 19:18:45.927  1559  2200 W PhoneWindowManager: lockNow pending, ignore updating lockscreen timeout
01-22 19:18:45.927  1559  2200 D WindowManager: Changing focus from Window{d37c539 u0 org.tkideneb2.zeiterfassung/org.kivy.android.PythonActivity} to null displayId=0 Callers=com.android.server.wm.WindowState.removeIfPossible:647 com.android.server.input.InputManagerService.notifyInputChannelBroken:72 <bottom of call stack> <bottom of call stack> 
01-22 19:18:45.927  1559  2200 V SystemKeyManager: updateFocusedWindow() is called, 
01-22 19:18:45.927  1559  2200 I SystemKeyManager: isSystemKeyEventRequested() : focusedWindow is empty.
01-22 19:18:45.927  1559  2200 I SystemKeyManager: isSystemKeyEventRequested() : focusedWindow is empty.
01-22 19:18:45.927  1559  2200 D InputTransport: Input channel destroyed: 'd37c539', fd=1311
01-22 19:18:45.927  1174  1174 I Zygote  : Process 7505 exited cleanly (1)
01-22 19:18:45.927  2814  2814 D SamsungLightBarControlHelper: onStatusBarAppearanceChanged() -  sbModeChanged:false, statusBarMode:0, barState:MODE_TRANSPARENT, isKeyguardShowing:false, navbarColorManagedByIme:false, ()
01-22 19:18:45.928  1559  1598 V InputMethodManagerService: Client requesting input be hidden
01-22 19:18:45.928  1559  1598 V InputMethodManagerService: setWindowStateInner, windowToken=null, state=ImeTargetWindowState{ imeToken android.os.Binder@388fcf1 imeFocusChanged false hasEditorFocused false requestedImeVisible false imeDisplayId 0 softInputModeState STATE_UNSPECIFIED|ADJUST_UNSPECIFIED isStartInputByGainFocus false}
01-22 19:18:45.928  1559  1598 I ImeTracker: system_server:d62f8fec: onCancelled at PHASE_SERVER_SHOULD_HIDE
01-22 19:18:45.928  1559  1598 V InputMethodManagerService: hideCurrentInputLocked : canceled, shouldHideSoftInput=false, mInputShown=false, mImeWindowVis=0
01-22 19:18:45.928  1559  1599 W PhoneWindowManager: lockNow pending, ignore updating lockscreen timeout
01-22 19:18:45.928  1559  3897 W ActivityTaskManager: Force removing ActivityRecord{254619014 u0 org.tkideneb2.zeiterfassung/org.kivy.android.PythonActivity t4624}: app died, no saved state
01-22 19:18:45.929  1559  3897 D WindowManager: Transition is created, t=TransitionRecord{1cb50d6 id=-1 type=CLOSE flags=0x0}, caller=com.android.server.wm.Transition.<init>:182 com.android.server.wm.TransitionController.createTransition:17 com.android.server.wm.TransitionController.requestCloseTransitionIfNeeded:73 com.android.server.wm.WindowProcessController.handleAppDied$1:441 com.android.server.am.ActivityManagerService.handleAppDiedLocked:248 
01-22 19:18:45.929  1559  3897 D BLASTSyncEngine: SyncGroup is created, id=37574, name=Transition-CLOSE, caller=com.android.server.wm.BLASTSyncEngine$SyncGroup.<init>:52 com.android.server.wm.TransitionController.moveToCollecting:79 com.android.server.wm.TransitionController.createTransition:46 com.android.server.wm.TransitionController.requestCloseTransitionIfNeeded:73 com.android.server.wm.WindowProcessController.handleAppDied$1:441 com.android.server.am.ActivityManagerService.handleAppDiedLocked:248 com.android.server.am.ActivityManagerService.appDiedLocked:570 
01-22 19:18:45.929  1559  3897 W BLASTSyncEngine: setSyncMethod, id=37574, method=0, caller=com.android.server.wm.TransitionController.moveToCollecting:91 com.android.server.wm.TransitionController.createTransition:46 com.android.server.wm.TransitionController.requestCloseTransitionIfNeeded:73 
01-22 19:18:45.929  1559  3897 V WindowManager: Start collecting in Transition: TransitionRecord{1cb50d6 id=37574 type=CLOSE flags=0x0}, caller=com.android.server.wm.TransitionController.createTransition:46 com.android.server.wm.TransitionController.requestCloseTransitionIfNeeded:73 com.android.server.wm.WindowProcessController.handleAppDied$1:441 com.android.server.am.ActivityManagerService.handleAppDiedLocked:248 com.android.server.am.ActivityManagerService.appDiedLocked:570 
01-22 19:18:45.929  1559  3897 V WindowManager: Requesting StartTransition: TransitionRecord{1cb50d6 id=37574 type=CLOSE flags=0x0}, caller=com.android.server.wm.TransitionController.requestCloseTransitionIfNeeded:81 com.android.server.wm.WindowProcessController.handleAppDied$1:441 com.android.server.am.ActivityManagerService.handleAppDiedLocked:248 com.android.server.am.ActivityManagerService.appDiedLocked:570 com.android.server.am.ActivityManagerService$AppDeathRecipient.binderDied:17 
01-22 19:18:45.929  1559  3897 V WindowManager: Collecting in transition 37574: Task{5bf6647 #4624 type=standard A=10544:org.tkideneb2.zeiterfassung}, caller=com.android.server.wm.Transition.collectExistenceChange:40 com.android.server.wm.Transition.collectClose:7 com.android.server.wm.WindowProcessController.handleAppDied$1:447 com.android.server.am.ActivityManagerService.handleAppDiedLocked:248 com.android.server.am.ActivityManagerService.appDiedLocked:570 
01-22 19:18:45.929  1559  3897 V WindowManager: Collecting in transition 37574: ActivityRecord{254619014 u0 org.tkideneb2.zeiterfassung/org.kivy.android.PythonActivity t4624 f}}, caller=com.android.server.wm.TransitionController.collect:7 com.android.server.wm.ActivityRecord.onRemovedFromDisplay:258 com.android.server.wm.ActivityRecord.removeFromHistory:173 com.android.server.wm.WindowProcessController.handleAppDied$1:507 com.android.server.am.ActivityManagerService.handleAppDiedLocked:248 
01-22 19:18:45.929  2814  2870 V WindowManagerShell: Transition requested (#37574): android.os.BinderProxy@eee2465 TransitionRequestInfo { type = CLOSE, triggerTask = TaskInfo{userId=0 taskId=4624 effectiveUid=10544 displayId=0 isRunning=true baseIntent=Intent { flg=0x10000000 cmp=org.tkideneb2.zeiterfassung/org.kivy.android.PythonActivity } baseActivity=ComponentInfo{org.tkideneb2.zeiterfassung/org.kivy.android.PythonActivity} topActivity=ComponentInfo{org.tkideneb2.zeiterfassung/org.kivy.android.PythonActivity} origActivity=null realActivity=ComponentInfo{org.tkideneb2.zeiterfassung/org.kivy.android.PythonActivity} numActivities=1 lastActiveTime=2541830003 supportsMultiWindow=true resizeMode=1 isResizeable=true minWidth=-1 minHeight=-1 maxWidth=-1 maxHeight=-1 defaultMinSize=220 desktopDefaultMinSize=304 token=WCT{android.window.IWindowContainerToken$Stub$Proxy@59a753a} topActivityType=1 pictureInPictureParams=null shouldDockBigOverlays=false launchIntoPipHostTaskId=-1 lastParentTaskIdBeforePip=-1 displayCutoutSafeInsets=Rect(0, 112 - 0, 0) topActivityInfo=ActivityInfo{757c5eb org.kivy.android.PythonActivity} launchCookies=[] positionInParent=Point(0, 0) parentTaskId=-1 isFocused=true isVisible=true isVisibleRequested=true isTopActivityNoDisplay=false isSleeping=false locusId=null displayAreaFeatureId=1 isTopActivityTransparent=false isActivityStackTransparent=false lastNonFullscreenBounds=Rect(108, 752 - 1332, 2312) capturedLink=null capturedLinkTimestamp=0 requestedVisibleTypes=-9 topActivityRequestOpenInBrowserEducationTimestamp=0 appCompatTaskInfo=AppCompatTaskInfo { topActivityInSizeCompat=false eligibleForLetterboxEducation= false isLetterboxEducationEnabled= false isLetterboxDoubleTapEnabled= false eligibleForUserAspectRatioButton= false topActivityBoundsLetterboxed= false isFromLetterboxDoubleTap= false topActivityLetterboxVerticalPosition= -1 topActivityLetterboxHorizontalPosition= -1 topActivityLetterboxWidth=-1 topActivityLetterboxHeight=-1 topActivityAppBounds=Rect(0, 112 - 1440, 2952) isUserFullscreenOverrideEnabled=false isSystemFullscreenOverrideEnabled=false hasMinAspectRatioOverride=false topActivityLetterboxBounds=null cameraCompatTaskInfo=CameraCompatTaskInfo { freeformCameraCompatMode=inactive} topActivityBounds=null topActivityInDisplayCompat=false singleTapFromLetterbox=false} topActivityMainWindowFrame=null originallySupportedMultiWindow=true hasWallpaper=false rootAffinity=10544:org.tkideneb2.zeiterfassung isTopTaskInStage=false CoverLauncherWidgetTask=false LaunchedFromAppsCoverLauncherTask=false LaunchedFromMultistarCoverLauncherTask=false isAllowedSeamlessRotation=false isTopTransparentActivity=false isAliasManaged=false hasConfigChanged=false snappingGuideBounds=null isAiKeyRemoveAppTask=false lastDesktopWindowingBounds=null lastExternalDesktopWindowingBounds=null safeCutoutInsets=null}, pipChange = null, remoteTransition = null, displayChange = null, flags = 0, debugId = 37574 }
01-22 19:18:45.929  2814  2870 V ShellDesktopMode: DesktopTasksController: isDesktopModeShowing: hasVisibleTasks=false hasTopTransparentFullscreenTask=false
01-22 19:18:45.930  2814  2870 V ShellDesktopMode: DesktopTasksController: isDesktopModeShowing: hasVisibleTasks=false hasTopTransparentFullscreenTask=false
01-22 19:18:45.930  2814  2870 D ShellDesktopMode: handleRequest: TransitionRequestInfo {type=2, tid=4624, debugId=37574}
01-22 19:18:45.930  2814  2870 V ShellDesktopMode: DesktopTasksController: skipping handleRequest reason=transition type not handled (2)
01-22 19:18:45.930  1248  2404 I SurfaceFlinger: id=497744 createSurf, flag=24004, Task=4624#497744
01-22 19:18:45.930  1248  2404 I SurfaceFlinger: id=497734 Removed 1842dc8 ActivityRecordInputSink org.tkideneb2.zeiterfassung/org.kivy.android.PythonActivity#497734 (191)
01-22 19:18:45.930  1248  1248 I SurfaceFlinger: [Surface(name=589b7ad InputMethod)/@0xcf7a0af - animation-leash of insets_animation#497743] attach to parent LayerHierarchy{RequestedLayerState{WindowToken{b4073a9 type=2011 android.os.Binder@a326b30}#144 parentId=15} 2 children}
01-22 19:18:45.930  1248  1248 I SurfaceFlinger: [Task=4624#497744] attach to parent Root
01-22 19:18:45.931  6422  6437 D InputTransport: Input channel destroyed: 'ClientS', fd=240
01-22 19:18:45.932  1559  2316 D InputDispatcher: Focus left window (0): d37c539 org.tkideneb2.zeiterfassung/org.kivy.android.PythonActivity
01-22 19:18:45.934  1559  3897 V WindowManager: Collecting in transition 37574: ActivityRecord{48152262 u0 com.google.android.youtube/.app.honeycomb.Shell$HomeActivity t4565}, caller=com.android.server.wm.TransitionController.collect:7 com.android.server.wm.ActivityRecord.setVisibility:132 com.android.server.wm.TaskFragment.resumeTopActivity:1662 com.android.server.wm.Task.resumeTopActivityInnerLocked:119 com.android.server.wm.Task.resumeTopActivityUncheckedLocked:23 
01-22 19:18:45.934  1559  3897 D WindowManager: prepareSync <SYNC_STATE_WAITING_FOR_DRAW>, mPrepareSyncSeqId=0, win=Window{f394204 u0 com.google.android.youtube/com.google.android.youtube.app.honeycomb.Shell$HomeActivity}
01-22 19:18:45.934  1559  3897 V WindowManager: Setting visibility of Window{f394204 u0 com.google.android.youtube/com.google.android.youtube.app.honeycomb.Shell$HomeActivity}: true, caller=com.android.server.wm.WindowContainer.sendAppVisibilityToClients:19 com.android.server.wm.WindowToken.setClientVisible:48 com.android.server.wm.ActivityRecord.setVisibility:486 com.android.server.wm.TaskFragment.resumeTopActivity:1662 com.android.server.wm.Task.resumeTopActivityInnerLocked:119 
01-22 19:18:45.934  1559  3897 D SGM:FgCheckThread: TaskStackListener.onTaskFocusChanged(), taskId=4565, focused=true
01-22 19:18:45.935  1559  3897 D SGM:FgCheckThread:   sendRunningComponentFocus(), pkgName: com.google.android.youtube, userId: 0
01-22 19:18:45.935  1559  3897 D InputDispatcher: Focused application(0): ActivityRecord{48152262 u0 com.google.android.youtube/.app.honeycomb.Shell$HomeActivity t4565}
01-22 19:18:45.935  1559  2618 D AS.MultiSoundManager: mForegroundUid = 10280
01-22 19:18:45.935  1559  2233 D SGM:FgCheckThread: onLooperPrepared(), msg: MSG_TASK_FOCUSED, pkgName: com.google.android.youtube, userId: 0
01-22 19:18:45.935  1559  2233 D SGM:FgCheckThread: handleTaskFocused().
01-22 19:18:45.935  1559  2233 D SGM:FgCheckThread: sendFocusOutConditionally() - mPrevNotiPkg: KILL_YOURSELF, userId: 0
01-22 19:18:45.935  1559  2233 D SGM:FgCheckThread:   handleTaskFocused(), pkgName: com.google.android.youtube, userID:0 mResumedPkgMap does not containsKey.
01-22 19:18:45.935  1559  3897 D ActivityTaskManager: scheduleTopResumedActivityChanged, onTop=true, r=ActivityRecord{48152262 u0 com.google.android.youtube/.app.honeycomb.Shell$HomeActivity t4565}, caller=com.android.server.wm.ActivityTaskSupervisor.scheduleTopResumedActivityStateIfNeeded:18 com.android.server.wm.ActivityTaskSupervisor.updateTopResumedActivityIfNeeded:54 com.android.server.wm.TaskFragment.setResumedActivity:30 com.android.server.wm.ActivityRecord.setState:100 com.android.server.wm.TaskFragment.resumeTopActivity:1705 com.android.server.wm.Task.resumeTopActivityInnerLocked:119 
01-22 19:18:45.935  7567  7708 W FA      : Failed to retrieve Firebase Instance Id
01-22 19:18:45.935  1559  3897 V WindowManager: rotationForOrientation(orient=SCREEN_ORIENTATION_UNSPECIFIED (-1), last=ROTATION_0 (0)); user=ROTATION_0 (0) 
01-22 19:18:45.935  1559  3897 D WindowManager: rotationForOrientation, orientationSource=ActivityRecord{48152262 u0 com.google.android.youtube/.app.honeycomb.Shell$HomeActivity t4565}
01-22 19:18:45.936  1559  3897 V WindowManager: Computed rotation=ROTATION_0 (0) for display id=0 based on lastOrientation=SCREEN_ORIENTATION_UNSPECIFIED (-1) and oldRotation=ROTATION_0 (0), caller=com.android.server.wm.DisplayRotation.updateOrientation:79 com.android.server.wm.DisplayContent.updateOrientation:41 com.android.server.wm.DisplayContent.updateOrientationAndComputeConfig:48 com.android.server.wm.RootWindowContainer.ensureVisibilityAndConfig:7 com.android.server.wm.TaskFragment.resumeTopActivity:1724 com.android.server.wm.Task.resumeTopActivityInnerLocked:119 
01-22 19:18:45.936  1559  3897 D WindowManagerServiceExt: updateTaskbarTargetIfNeeded: cn=ComponentInfo{com.google.android.youtube/com.google.android.youtube.app.honeycomb.Shell$HomeActivity} occludesParent=true isInSplitScreenMode=false
01-22 19:18:45.936  1559  3897 W PhoneWindowManager: lockNow pending, ignore updating lockscreen timeout
01-22 19:18:45.936  1559  3897 D SurfaceComposerClient: setCornerRadius ## f394204 com.google.android.youtube/com.google.android.youtube.app.honeycomb.Shell$HomeActivity#493447 cornerRadius=0.000000
01-22 19:18:45.936  6422  6422 I VRI[Shell$HomeActivity]@f7863a5: handleAppVisibility mAppVisible = false visible = true
01-22 19:18:45.937  1559  1598 W ActivityManager: setHasOverlayUi called on unknown pid: 7505
01-22 19:18:45.938  1559  1598 D SGM:FgCheckThread: getForegroundApp(), foregroundPkgName=com.google.android.youtube
01-22 19:18:45.938  1559  1598 D SGM:FgCheckThread: pkgName: org.tkideneb2.zeiterfassung is not in foreground
01-22 19:18:45.938  1559  1598 D SGM:FgCheckThread: noteStopComponent(), received pkgName: org.tkideneb2.zeiterfassung, focusedPkgName: com.google.android.youtube, userId: 0
01-22 19:18:45.938  6422  6422 I VRI[Shell$HomeActivity]@f7863a5: stopped(false) old = true
01-22 19:18:45.938  6422  6422 D VRI[Shell$HomeActivity]@f7863a5: WindowStopped on com.google.android.youtube/com.google.android.youtube.app.honeycomb.Shell$HomeActivity set to false
01-22 19:18:45.938  7567  7708 W FA      : Failed to retrieve Firebase Instance Id
01-22 19:18:45.939  1559  2706 V WindowManager: Starting Transition 37574, caller=com.android.server.wm.WindowOrganizerController.startTransition:47 com.android.server.wm.WindowOrganizerController.startTransition:1 android.window.IWindowOrganizerController$Stub.onTransact:259 
01-22 19:18:45.939  1559  2706 D BLASTSyncEngine: SyncGroup 37574: Set ready true, caller=com.android.server.wm.BLASTSyncEngine.setReady:32 com.android.server.wm.Transition.applyReady:54 com.android.server.wm.Transition.start:105 com.android.server.wm.WindowOrganizerController.startTransition:47 com.android.server.wm.WindowOrganizerController.startTransition:1 android.window.IWindowOrganizerController$Stub.onTransact:259 
01-22 19:18:45.939  3244  3244 I HoneySpace.TaskStackChangeRepositoryImpl: onTaskRemoved : 4624
01-22 19:18:45.939  2814  2870 V ShellDesktopMode: Task Vanished: #4624 closed=true
01-22 19:18:45.939  3244  3244 I HoneySpace.TaskListViewModel[99297297]: taskRemoveId, 4624
01-22 19:18:45.939  3244  3244 W HoneySpace.TaskListViewModel[99297297]: task is already removed: 4624
01-22 19:18:45.939  3244  3326 I HoneySpace.TopTaskSource: onTaskRemoved: 4624
01-22 19:18:45.940  3244  5232 I HoneySpace.RecentTasks: onRunningTaskVanished
01-22 19:18:45.940  3244  5232 I HoneySpace.RecentTasks: onRecentTasksChanged
01-22 19:18:45.941  1559  1599 I SurfaceControl: apply, lowDebugName=reparent_to_imeParent, caller=android.view.SurfaceControl$Transaction.apply:3447 android.view.SurfaceControl$Transaction.apply:3397 com.android.server.wm.WindowAnimator.animate:307 com.android.server.wm.WindowAnimator$$ExternalSyntheticLambda1.doFrame:14 android.view.Choreographer$CallbackRecord.run:1899 android.view.Choreographer$CallbackRecord.run:1910 
01-22 19:18:45.941  1559  2656 D BackgroundInstallControlService: Package event received: 0
01-22 19:18:45.941  7567  7708 W FA      : Failed to retrieve Firebase Instance Id
01-22 19:18:45.942  6422  6439 W System  : A resource failed to call destroy. 
01-22 19:18:45.942  6422  6439 W System  : A resource failed to call destroy. 
01-22 19:18:45.943  1559  1598 V WindowManager: Unknown focus tokens, dropping reportFocusChanged
01-22 19:18:45.944  6422  6439 W System  : A resource failed to call destroy. 
01-22 19:18:45.944  1559  1599 W PhoneWindowManager: lockNow pending, ignore updating lockscreen timeout
01-22 19:18:45.944  1559  1599 D SurfaceComposerClient: setCornerRadius ## f394204 com.google.android.youtube/com.google.android.youtube.app.honeycomb.Shell$HomeActivity#493447 cornerRadius=0.000000
01-22 19:18:45.944  6422  6439 W System  : A resource failed to call destroy. 
01-22 19:18:45.944  1559  1599 D BLASTSyncEngine: SyncGroup 37574:  Unfinished container: ActivityRecord{48152262 u0 com.google.android.youtube/.app.honeycomb.Shell$HomeActivity t4565} mSyncState=2
01-22 19:18:45.944  6422 12687 V XGL     : ----------------------------------------------------------------------
01-22 19:18:45.944  6422 12687 V XGL     : SUMD version compiled date     = 2025-06-11 14:47 - KST
01-22 19:18:45.944  6422 12687 V XGL     : SUMD version revision number   = 1fc295b0d2
01-22 19:18:45.944  6422 12687 V XGL     : SUMD version info              = Driver version: 24.0.545, git hash: 1fc295b0d2
01-22 19:18:45.944  6422 12687 V XGL     : ----------------------------------------------------------------------
01-22 19:18:45.944  6422 12687 V XGL     : Entering: Create
01-22 19:18:45.944  3244  3244 I HoneySpace.TaskStackChangeRepositoryImpl: onTaskRemoved : 4624
01-22 19:18:45.944  7567  7708 W FA      : Failed to retrieve Firebase Instance Id
01-22 19:18:45.945  3244 26542 I HoneySpace.RecentTasks: onRecentTasksChanged
01-22 19:18:45.945  3244  3244 I HoneySpace.TaskListViewModel[99297297]: taskRemoveId, 4624
01-22 19:18:45.945  3244  3244 W HoneySpace.TaskListViewModel[99297297]: task is already removed: 4624
01-22 19:18:45.945  1559  2643 I CocktailBarManagerServiceContainer: handleMessage: entry what = 5
01-22 19:18:45.945  3244  3326 I HoneySpace.TopTaskSource: onTaskRemoved: 4624
01-22 19:18:45.945  3244  3244 I HoneySpace.EdgePanel.CocktailHostRepositoryImpl: onNoteResume
01-22 19:18:45.945  3244  3244 I HoneySpace.EdgePanel.EdgePanelContainerViewModel: cocktailHostRepository.edgePanelOperation NoteResumeComponent(componentName=ComponentInfo{com.google.android.youtube/com.google.android.apps.youtube.app.watchwhile.MainActivity})
01-22 19:18:45.945  3244  3244 I HoneySpace.EdgePanel.ActivityUtils: HomePackage : com.sec.android.app.launcher, resumePackageName : com.google.android.youtube, className : com.google.android.apps.youtube.app.watchwhile.MainActivity
01-22 19:18:45.946  3244  3328 I HoneySpace.TopTaskUseCase: topTasks 4565 ComponentInfo{com.google.android.youtube/com.google.android.apps.youtube.app.watchwhile.MainActivity}[displayId=0]
01-22 19:18:45.946  2814  2814 I {OngoingActivityController}: onTaskFocusChanged but OA data is empty
01-22 19:18:45.946  6422  6439 W System  : A resource failed to call destroy. 
01-22 19:18:45.947  6422  6439 W System  : A resource failed to call destroy. 
01-22 19:18:45.947  1248  1248 I SurfaceFlinger: [Display 0 name="Integrierter Bildschirm"#49] setFrameRateCategory: High
01-22 19:18:45.947  1248  1248 I SurfaceFlinger: RequestedLayer [Surface(name=589b7ad InputMethod)/@0[...]ion-leash of insets_animation#497743] hidden!! flag  from(1) --> to(0)
01-22 19:18:45.947  1248  1248 E SurfaceFlinger: alpha changed 1.000 -> 0.000 - Surface(name=589b7ad InputMethod)/@0xcf7a0af - animation-leash of insets_animation#497743
01-22 19:18:45.947  1248  1248 I SurfaceFlinger: [LayerHierarchy{RequestedLayerState{ImeContainer#15 parentId=14 relativeParentId=14 z=1} 1 children}] reparent to LayerHierarchy{RequestedLayerState{ImePlaceholder:13:14#14 parentId=9 z=2} 1 children}
01-22 19:18:45.947  1248  1248 I SurfaceFlinger: [LayerHierarchy{RequestedLayerState{ImeContainer#15 parentId=14 relativeParentId=14 z=1} 1 children}] RelativeParent to null
01-22 19:18:45.947  1248  1248 I SurfaceFlinger: [LayerHierarchy{RequestedLayerState{589b7ad InputMethod#161 parentId=497743} no children}] reparent to LayerHierarchy{RequestedLayerState{Surface(name=589b7ad InputMethod)/@0xcf7a0af - animation-leash of insets_animation#497743 parentId=144} 1 children}
01-22 19:18:45.947  1248  1248 I SurfaceFlinger: [LayerHierarchy{RequestedLayerState{Surface(name=589b7ad InputMethod)/@0xcf7a0af - animation-leash of insets_animation#497737} no children}] reparent to OffscreenRoot
01-22 19:18:45.947  1248  1248 I SurfaceFlinger: [LayerHierarchy{RequestedLayerState{Surface(name=589b7ad InputMethod)/@0xcf7a0af - animation-leash of insets_animation#497737} no children}] RelativeParent to null
01-22 19:18:45.947  1248  1248 I SurfaceFlinger: [LayerHierarchy{RequestedLayerState{org.tkideneb2.zeiterfassung/org.kivy.android.PythonActivity$_7505#497729} 3 children}] reparent to OffscreenRoot
01-22 19:18:45.947  1248  1248 I SurfaceFlinger: [LayerHierarchy{RequestedLayerState{org.tkideneb2.zeiterfassung/org.kivy.android.PythonActivity$_7505#497729} 3 children}] RelativeParent to null
01-22 19:18:45.947  1248  1248 I SurfaceFlinger: [LayerHierarchy{RequestedLayerState{d37c539 org.tkideneb2.zeiterfassung/org.kivy.android.PythonActivity#497725} no children}] reparent to OffscreenRoot
01-22 19:18:45.947  1248  1248 I SurfaceFlinger: [LayerHierarchy{RequestedLayerState{d37c539 org.tkideneb2.zeiterfassung/org.kivy.android.PythonActivity#497725} no children}] RelativeParent to null
01-22 19:18:45.947  7567  7708 W FA      : Failed to retrieve Firebase Instance Id
01-22 19:18:45.948  1248  1248 I BpBinder: onLastStrongRef automatically unlinking death recipients: 
01-22 19:18:45.949  1248  1248 D SurfaceFlinger: Display 4633128672291736003 HWC layers:
01-22 19:18:45.949  1248  1248 D SurfaceFlinger:        DEVICE |           12086038195123 | 00002100 | RGBA_8888    |    0.0    0.0 1440.0  113.0 |    0    0 1440  113 | StatusBar$_2814#110 (1790752)
01-22 19:18:45.949  1248  1248 D SurfaceFlinger:        DEVICE |           13932874057998 | 00002100 | RGBA_8888    |    0.0    0.0   67.0  675.0 | 1373 1846 1440 2521 | com.sec.android.app.launcher/com.sam[...].app.CocktailBarService$_3244#497738 (1)
01-22 19:18:45.949  1248  1248 D SurfaceFlinger:        DEVICE |           12086038195122 | 00002100 | RGBA_8888    |    0.0    0.0 1440.0  168.0 |    0 2952 1440 3120 | NavigationBar0$_2814#108 (960204)
01-22 19:18:45.949  1248  1248 D SurfaceFlinger: 
01-22 19:18:45.950  1248  1426 D SurfaceFlinger: [input] setFocusedWindow: <null>
01-22 19:18:45.950  7567  7708 W FA      : Failed to retrieve Firebase Instance Id
01-22 19:18:45.950  1559  1786 I libprocessgroup: Removed cgroup /sys/fs/cgroup/apps/uid_10544/pid_7505
01-22 19:18:45.950  1559  2706 D InputDispatcher: Once focus requested (0): <null>
01-22 19:18:45.950  1248  1314 I SurfaceFlinger: id=497725 Removed d37c539 org.tkideneb2.zeiterfassung/org.kivy.android.PythonActivity#497725 (191)
01-22 19:18:45.951  1248  1314 I SurfaceFlinger: id=497737 Removed Surface(name=589b7ad InputMethod)/@0xcf7a0af - animation-leash of insets_animation#497737 (191)
01-22 19:18:45.951  1248  1314 I SurfaceFlinger: id=497729 Removed org.tkideneb2.zeiterfassung/org.kivy.android.PythonActivity$_7505#497729 (191)
01-22 19:18:45.951  1559  2158 D AppTimeLimitController: Posting time out for 10001 for 614110ms ,mTimeLimitMs : 47820000 ,mUsageTimeMs : 47205890 ,currentTimeMs : 2541830977 ,startTimeMs : 2541830977
01-22 19:18:45.951  1559  2158 D AppTimeLimitController: Posting time out for 1 for 38837903ms ,mTimeLimitMs : 48600000 ,mUsageTimeMs : 9762097 ,currentTimeMs : 2541830977 ,startTimeMs : 2541830977
01-22 19:18:45.951  1559  2158 D AppTimeLimitController: Posting time out for 10001 for 38237903ms ,mTimeLimitMs : 48000000 ,mUsageTimeMs : 9762097 ,currentTimeMs : 2541830977 ,startTimeMs : 2541830977
01-22 19:18:45.952  1559  2656 D BackgroundInstallControlService: Package event received: 0
01-22 19:18:45.952  3244  3326 I HoneySpace.TopTaskSource: onTaskFocusChanged(): taskId = 4565
01-22 19:18:45.954  1559  1598 D SGM:FgCheckThread: noteResumeComponent(), received pkgName: com.google.android.youtube, userId: 0
01-22 19:18:45.954  1559  2233 D SGM:FgCheckThread: onLooperPrepared(), msg: MSG_APP_RESUME, pkgName: com.google.android.youtube, userid: 0
01-22 19:18:45.954  1559  2233 D SGM:FgCheckThread: handleResume().
01-22 19:18:45.955  1559  2233 D SGM:FgCheckThread: sendFocusOutConditionally() - mPrevNotiPkg: KILL_YOURSELF, userId: 0
01-22 19:18:45.955  1559  2233 D SGM:FgCheckThread:   handleResume(). pkgName: com.google.android.youtube, userId: 0, category: non-game
01-22 19:18:45.955  1559  2233 D SGM:FgCheckThread: notifyFocusInOut(). of pkg: com.google.android.youtube, type: 4, isSecGameFamily: false, userId: 0
01-22 19:18:45.955  1559  2233 D SGM:FgCheckThread:   notifyFocusInOut(). do nothing
01-22 19:18:45.955  1559  2233 D SGM:SystemHelper: callReleaseBlock needReleaseBlock:false
01-22 19:18:45.955  1248  1248 I SurfaceFlinger: destroyed Surface(name=589b7ad InputMethod)/@0xcf7a0af - animation-leash of insets_animation#497737
01-22 19:18:45.955  1248  1248 I SurfaceFlinger: destroyed Background for 16ba6b8 SurfaceView[org.tkideneb2.zeiterfassung/org.kivy.android.PythonActivity]@0#497742
01-22 19:18:45.955  1248  1248 I SurfaceFlinger: destroyed org.tkideneb2.zeiterfassung/org.kivy.android.PythonActivity$_7505#497729
01-22 19:18:45.955  1248  1248 I SurfaceFlinger: destroyed 16ba6b8 SurfaceView[org.tkideneb2.zeiterfassung/org.kivy.android.PythonActivity]@0(BLAST)#497741
01-22 19:18:45.955  1248  1248 I SurfaceFlinger: destroyed 16ba6b8 SurfaceView[org.tkideneb2.zeiterfassung/org.kivy.android.PythonActivity]@0#497740
01-22 19:18:45.955  1248  1248 I SurfaceFlinger: destroyed Bounds for - org.tkideneb2.zeiterfassung/org.kivy.android.PythonActivity@0#497739
01-22 19:18:45.955  1248  1248 I SurfaceFlinger: destroyed d37c539 org.tkideneb2.zeiterfassung/org.kivy.android.PythonActivity#497725
01-22 19:18:45.956  1248  1248 I Layer   : id=497737 Destroyed Surface(name=589b7ad InputMethod)/@0xcf7a0af - animation-leash of insets_animation#497737
01-22 19:18:45.956  1248  1248 I Layer   : id=497742 Destroyed Background for 16ba6b8 SurfaceView[org.tkideneb2.zeiterfassung/org.kivy.android.PythonActivity]@0#497742
01-22 19:18:45.956  1248  1248 E BpTransactionCompletedListener: Failed to transact (-32)
01-22 19:18:45.956  1248  1248 I Layer   : id=497729 Destroyed org.tkideneb2.zeiterfassung/org.kivy.android.PythonActivity$_7505#497729
01-22 19:18:45.956  1559  2592 D InetDiagMessage: Destroyed 0 sockets, proto=IPPROTO_TCP, family=AF_INET, states=14
01-22 19:18:45.956  1248  1248 I Layer   : id=497741 Destroyed 16ba6b8 SurfaceView[org.tkideneb2.zeiterfassung/org.kivy.android.PythonActivity]@0(BLAST)#497741
01-22 19:18:45.956  1248  1248 I Layer   : id=497740 Destroyed 16ba6b8 SurfaceView[org.tkideneb2.zeiterfassung/org.kivy.android.PythonActivity]@0#497740
01-22 19:18:45.956  1248  1248 I Layer   : id=497739 Destroyed Bounds for - org.tkideneb2.zeiterfassung/org.kivy.android.PythonActivity@0#497739
01-22 19:18:45.956  1248  1248 I Layer   : id=497725 Destroyed d37c539 org.tkideneb2.zeiterfassung/org.kivy.android.PythonActivity#497725
01-22 19:18:45.956  5859  5859 I SDHMS:LOAD: type: LoadsFreqs, value: 0:0:0:0:0:0:0:0:0:0:0:0
01-22 19:18:45.957  1559  2592 D InetDiagMessage: Destroyed 0 sockets, proto=IPPROTO_TCP, family=AF_INET6, states=14
01-22 19:18:45.957  1559  2592 D InetDiagMessage: Destroyed live tcp sockets for uids={10544} in 2ms
01-22 19:18:45.957  5859 21028 I SDHMS:k : handleResumeComponent : put = com.google.android.youtube, userid = 0 instanceid =88568244
01-22 19:18:45.957  1559  2592 D InetDiagMessage: Destroyed 0 sockets, proto=IPPROTO_TCP, family=AF_INET, states=14
01-22 19:18:45.958  1559  6211 D GnssLocationProvider: requestLocation. independentFromGnss: true, isUserEmergency: false
01-22 19:18:45.958  1559  2592 D InetDiagMessage: Destroyed 0 sockets, proto=IPPROTO_TCP, family=AF_INET6, states=14
01-22 19:18:45.958  1559  2592 D InetDiagMessage: Destroyed live tcp sockets for uids={20544} in 2ms
01-22 19:18:45.959  1559  2604 I GnssLocationProvider: GNSS HAL Requesting location updates from network provider for 10000 millis.
01-22 19:18:45.959  1559  2604 D LocationManagerService: network provider added registration from 1000/android[GnssService]/26B2FAD7 -> Request[@+1s0ms LOW_POWER, duration=+10s0ms, maxUpdates=1, WorkSource{1000 android}]
01-22 19:18:45.965  1559  2656 D BackgroundInstallControlService: Package event received: 0
01-22 19:18:45.968  1559  1598 I ActivityManager: Changes in 10299 17 to 3, 0 to 184
01-22 19:18:45.968  1559  2656 D BackgroundInstallControlService: Package event received: 0
01-22 19:18:45.968  1559  1598 I ActivityManager: Changes in 10280 16 to 2, 0 to 255
01-22 19:18:45.969  1559  2656 D BackgroundInstallControlService: Package event received: 0
01-22 19:18:45.969  1559  1598 I DisplayDeviceRepository: Display device changed render timings: "Integrierter Bildschirm", renderFrameRate=120.00001, presentationDeadlineNanos=9333333, appVsyncOffsetNanos=8333333, frameRateOverrides=[{uid=10056 frameRateHz=120.00001}, {uid=10159 frameRateHz=120.00001}]
01-22 19:18:45.969  1559  1596 D PkgPredictorService-SecIpmManagerServiceImpl: onForegroundActivitiesChanged pid:6422 uid:10280
01-22 19:18:45.969  1559  1596 D SGM:GameManager: identifyForegroundApp. com.google.android.youtube, mCurrentUserId: 0, callerUserId: 0
01-22 19:18:45.969  1559  1596 D SGM:SemGameManager: isForegroundGame(), ret=false
01-22 19:18:45.969  1559  1596 D NetworkPolicy: already checked 10280
01-22 19:18:45.970  1559  1596 D SGM:GameManager: identifyForegroundApp. com.google.android.youtube, mCurrentUserId: 0, callerUserId: 0
01-22 19:18:45.970  1559  1596 D SGM:SemGameManager: isForegroundGame(), ret=false
01-22 19:18:45.970  1559  1596 D NetworkPolicy: already checked 10280
01-22 19:18:45.971  1205  7552 I HYPER-HAL: [RequestManager.cpp]releaseLocked(): Released ID : 3960705
01-22 19:18:45.972  1559  2604 I NSLocationProviderHelper: updateRequestInfo, uid=1000
01-22 19:18:45.972 19136 19164 I Rubin   : [4178] A8.b.A(Unknown Source) : Notify com.samsung.android.rubin.inferenceengine.contextanalytics.engine.loggers.AppUsageLogger's database is updated.
01-22 19:18:45.972  1388  2139 I CameraService: onUidStateChanged: uid=10260, procState is changed. (5 -> 3)
01-22 19:18:45.973  1559  1599 W PhoneWindowManager: lockNow pending, ignore updating lockscreen timeout
01-22 19:18:45.973  1559  1599 D SurfaceComposerClient: setCornerRadius ## f394204 com.google.android.youtube/com.google.android.youtube.app.honeycomb.Shell$HomeActivity#493447 cornerRadius=0.000000
01-22 19:18:45.973  1559  1599 D BLASTSyncEngine: SyncGroup 37574:  Unfinished container: ActivityRecord{48152262 u0 com.google.android.youtube/.app.honeycomb.Shell$HomeActivity t4565} mSyncState=2
01-22 19:18:45.977  1559  2921 D SGM:GameManager: identifyForegroundApp. com.google.android.youtube, mCurrentUserId: 0, callerUserId: 0
01-22 19:18:45.977 28652 28920 I bt_shim_scanner: system/main/shim/le_scanning_manager.cc:151 Scan: in shim layer stopped
01-22 19:18:45.977 28652 28686 W bluetooth: system/gd/hci/le_scanning_manager.cc:716 scan: address_manager_registered_
01-22 19:18:45.977 28652 28686 W bluetooth: system/gd/hci/le_scanning_manager.cc:768 stop_scan: stop_scan
01-22 19:18:45.977 28652 28920 I bt_shim_scanner: system/main/shim/le_scanning_manager.cc:335 SetScanParameters: in shim layer, scannerId1m=3, scannerIdCoded=0
01-22 19:18:45.977 28652 28686 I bluetooth: system/gd/hci/le_address_manager.cc:278 unregister_client: Client unregistered
01-22 19:18:45.977 28652 28920 W bt_shim_scanner: system/main/shim/le_scanning_manager.cc:365 SetScanParameters: Set scan params scan_int_1m : 1860.625, scan_win_1m : 202.5, Duty : 10.88% | scan_int_coded : 0, scan_win_coded : 0, Duty : nan%
01-22 19:18:45.977 28652 28920 I bt_shim_scanner: system/main/shim/le_scanning_manager.cc:151 Scan: in shim layer started
01-22 19:18:45.977  1205  1256 I HYPER-HAL: [RequestManager.cpp]acquire(): Acquired ID : 68596113  [1213 / 184519]    HINT :      list : [TID_LOW_LATENCY / 1] [TID / 12962] [TID / 12963] [TID / 6422] [TID / 12687] 
01-22 19:18:45.977 28652 28686 I bluetooth: system/gd/hci/le_scanning_manager.cc:765 stop_scan: Scanning already stopped, return!
01-22 19:18:45.977 28652 28686 W bluetooth: system/gd/hci/le_scanning_manager.cc:732 start_scan: start_scan
01-22 19:18:45.977 28652 28686 W bluetooth: system/gd/hci/le_scanning_manager.cc:735 start_scan: Register address manager
01-22 19:18:45.977 28652 28686 I bluetooth: system/gd/hci/le_address_manager.cc:263 register_client: Client registered
01-22 19:18:45.979  1559  6812 D ConnectivityService: Returning UNBLOCKED NetworkInfo to uid=10280
01-22 19:18:45.980  1559  2604 D LocationManagerService: network provider request changed to ProviderRequest[@+1s0ms, LOW_POWER, WorkSource{1000 android}]
01-22 19:18:45.981  1559  1578 D SehGnssExtraCbJni: serviceAssertMessageCb.
01-22 19:18:45.981  1559  1578 D GnssManager: reportExtraMessage, message = $PSECSUPL,2541831004,281,agpsSETbased,,,suplStartSentEvent,msSUPLSTART*4C

01-22 19:18:45.982  3466  3548 I RequestManager_FLP: request from system, change packageName by tag from system to system(GnssService)
01-22 19:18:45.982  3466  3548 E RequestManager_FLP: [LocationManager] Location request 26B2FAD7(Listener) network interval=1000ms (min=166ms) from system(GnssService) (1000_FINE_unknown_false_foreground)
01-22 19:18:45.984  2814  2927 D StackScroller: onDisplayChanged for predraw skip to 2
01-22 19:18:45.985  1559  2315 D WifiDisplayAdapter: isFitToActiveDisplayLocked : false
01-22 19:18:45.985  2814  2814 D DisplayLifecycle: updateDisplay id = 0
01-22 19:18:45.986  1559  4286 D SGM:GameManager: identifyGamePackage. com.google.android.youtube, mCurrentUserId: 0, callingMethodInfo: com.samsung.android.game.IGameManagerService$Stub.onTransact(IGameManagerService.java:247)
01-22 19:18:45.989  3244  5239 I HoneySpace.Memory-Monitor: current state = 2, didTrim = false
01-22 19:18:45.990 19136 19164 I Rubin   : [4178] com.samsung.android.rubin.inferenceengine.contextanalytics.engine.monitors.moment.exercise.ExercisingWithCmhMonitor.isSatisfiedByCmh(Unknown Source) : isSatisfiedByCmh is false
01-22 19:18:45.991  6422 12687 I XGL     : ShaderCache::PopulateIndexMap : 1150/1150 passed, result: 1
01-22 19:18:45.991  6422 12687 V XGL     : Exiting: Create
01-22 19:18:46.005  1559  2737 D NetdEventListenerService: DNS Requested by 865, 1021(), SUCCESS, 36ms
01-22 19:18:46.008  1248  1402 D Scheduler: displayPowerTimerCallback ExpiredDisplayPowerTimer: 1
01-22 19:18:46.009  1559  2737 D NetdEventListenerService: DNS Requested by 865, 1021(), SUCCESS, 24ms
01-22 19:18:46.009  1559  2737 D NetdEventListenerService: DNS Requested by 865, 1021(), SUCCESS, 33ms
01-22 19:18:46.009  1559  2737 D NetdEventListenerService: DNS Requested by 865, 1021(), SUCCESS, 36ms
01-22 19:18:46.009  1559  2737 D NetdEventListenerService: DNS Requested by 865, 1021(), SUCCESS, 40ms
01-22 19:18:46.031  6422  6422 E abgn    : No overlay to dismiss.
01-22 19:18:46.045 30801 30801 I BSS_SysUiManager: handleMessage = 9, 0, 0
01-22 19:18:46.047  7567  7567 D FirebaseSessions: Dependency to CRASHLYTICS added.
01-22 19:18:46.048  7567  7567 I FirebaseApp: Device unlocked: initializing all Firebase APIs for app [DEFAULT]
01-22 19:18:46.049  7567  7567 I FirebaseCrashlytics: Initializing Firebase Crashlytics 20.0.1 for net.lovoo.android
01-22 19:18:46.057  7567  7567 D nativeloader: Load /data/app/~~76JX9zDocqCXd7XZMGOazg==/net.lovoo.android-GCemTeLq8fxTVxbvAR2rOw==/lib/arm64/libcrashlytics.so using class loader ns clns-9 (caller=/data/app/~~76JX9zDocqCXd7XZMGOazg==/net.lovoo.android-GCemTeLq8fxTVxbvAR2rOw==/base.apk!classes13.dex): ok
01-22 19:18:46.058  7567  7567 D FirebaseSessions: Subscriber CRASHLYTICS registered.
01-22 19:18:46.063 16056 16056 I GWT:AppWidgetSession: [daemonapp] widget-AppWidgetId(appWidgetId=2) collectAsState M.e@23f0502
01-22 19:18:46.063 16056 16056 I GWT:AppWidgetUtils: [daemonapp] [common-1.1.16] 2-widget size dp: w=358.2857 h=76.85714, px: w=1254.0.px h=269.0.px
01-22 19:18:46.063 16056 16056 I GWT:AppWidgetUtils: [daemonapp] mode=widesmall from options
01-22 19:18:46.063 16056 16056 I GWT:TemplateAppWidget: [daemonapp] [template-1.1.17] provideContent: widgetId=AppWidgetId(appWidgetId=2), dpsize=358.2857.dp x 76.85714.dp, size=widesmall, style=colorful, host=Home, iconLabelOn=true, widgetLabelOn=false, deviceType=phone
01-22 19:18:46.064 16056 16056 I [WEATHER]SourceFile: {[91D98E1F0F4C8BD0991F91764D72F5189A5B43E69DE9BC1E416A8A13619FBFAF2BA4FB4CB61929A078BADDEB85E8A765]}
01-22 19:18:46.064 16056 16056 I [WEATHER]SourceFile: {[2F4E79CE7129871FD2174F0286A05820554739F52F7ABBD9A75F0F5083CEB3E0A865A723B2268BC81B3835A8F5630B5309CA4E26F340515F9B21DF0C3F03D5DD4232EF769DC3FBA5B7B4E9B24E0B4CBA68C12E0E12BD20A2648DE34584FA0E61]}
01-22 19:18:46.066 16056 16056 I GlanceTemplate: [daemonapp] appWidgetDescription=true, appWidgetBackground=gradient, shape=none, appWidgetLabel=false, colors=ColorProviders(primary=[day=ff387aff night=ff387aff], onPrimary=[day=fffafaff night=fffafaff], primaryContainer=[day=19000000 night=19ffffff], onPrimaryContainer=[day=ff010102 night=fffafaff], background=[day=99fcfcff night=99010102], onBackground=[day=ff010102 night=fffafaff], surface=[day=80f2f2f2 night=80262626], onSurface=[day=cc000000 night=ccffffff], surfaceVariant=[day=ffff00ff night=ffff00ff], onSurfaceVariant=[day=99000000 night=99ffffff], inverseOnSurface=[day=fffafaff night=ff010102], inverseSurface=[day=99010102 night=99fafaff]
01-22 19:18:46.068  6422  6422 E YT.mlplayer: MedialibPlayer.setMediaView(131745931(0,0,1440,810))
01-22 19:18:46.070  7567  7752 D CompatChangeReporter: Compat change id reported: 312399441; UID 10463; state: ENABLED
01-22 19:18:46.071  7567  7766 D libcrashlytics: Initializing libcrashlytics version 3.2.0
01-22 19:18:46.072 16056 16056 I GWT:TemplateAppWidget: [daemonapp] provideGlance AppWidgetId(appWidgetId=2) elapsed : 9 ms
01-22 19:18:46.072 16056 16056 I GWT:AppWidgetSession: [daemonapp] processEmittableTree / AppWidgetId(appWidgetId=2) / main
01-22 19:18:46.072 16056 16056 I GWT:GlanceStateDefinition: [daemonapp] getDataStore: appWidgetLayout-2, file exist: true, PreferenceStateDefinition type: false
01-22 19:18:46.073  1559  2656 D BackgroundInstallControlService: Package event received: 0
01-22 19:18:46.073  1559  2315 I AppWidgetServiceImpl: getAppWidgetInfo() 2, from 0
01-22 19:18:46.075  1559  2706 D MediaSessionService: onSessionPlaybackStateChanged: record=com.google.android.youtube/YouTube playerlib/643 (userId=0) playbackState=PlaybackState {state=STOPPED(1), position=1899253, buffered position=0, speed=1.0, updated=2541831099, actions=8615, custom actions=[], active item id=-1, error=null}
01-22 19:18:46.076  7567  7766 D libcrashlytics: Initializing native crash handling successful.
01-22 19:18:46.077  7567  7567 D nativeloader: Load /data/app/~~76JX9zDocqCXd7XZMGOazg==/net.lovoo.android-GCemTeLq8fxTVxbvAR2rOw==/lib/arm64/libdatastore_shared_counter.so using class loader ns clns-9 (caller=/data/app/~~76JX9zDocqCXd7XZMGOazg==/net.lovoo.android-GCemTeLq8fxTVxbvAR2rOw==/base.apk!classes13.dex): ok
01-22 19:18:46.077 24239 24239 I smedia  : SMediaControllerCallback.OnPlaybackStateChanged(com.google.android.youtube)
01-22 19:18:46.077  7567  7567 D FirebaseSessions: Initializing Firebase Sessions 3.0.1.
01-22 19:18:46.077  5998  5998 I [MCFDs]_MediaStateObserver: updateFinalState - (session) *.y*ut* IS STATE_STOPPED (FINAL_STATE:1)
01-22 19:18:46.077 16056 16056 I GWT:AppWidgetSession: [daemonapp] UpdateAppWidget / 2, android.widget.RemoteViews@d54325a / lastViewId : 18
01-22 19:18:46.077 16056 16056 I AppWidgetManager: updateAppWidget() appWidgetIds = [2]
01-22 19:18:46.077  7567  7747 D RenderScript HIDL Adaptation: IRenderScriptDevice::getService()
01-22 19:18:46.078  1559  5960 I AppWidgetServiceImpl: Null RemoteViews on updateAppWidgetIds
01-22 19:18:46.078 16056 16056 I GWT:GlanceStateDefinition: [daemonapp] getDataStore: appWidgetLayout-2, file exist: true, PreferenceStateDefinition type: false
01-22 19:18:46.078 28652 28652 I MediaPlayerWrapper: onPlaybackStateChanged(): com.google.android.youtube : PlaybackState {state=STOPPED(1), position=1899253, buffered position=0, speed=1.0, updated=2541831099, actions=8615, custom actions=[], active item id=-1, error=null}
01-22 19:18:46.079 24239 24239 I smedia  : SMediaSessionUtils.findActivePosition(): [0]
01-22 19:18:46.079 24239 24239 I smedia  : SMediaSessionHelper.releaseActiveController(false): 'com.google.android.youtube'
01-22 19:18:46.079 24043 24043 I PlatformContrRepo: Rejecting sessions from packages: 
01-22 19:18:46.079 24239 24239 I smedia  : SMediaSessionHelper.setActiveController(false): 'com.google.android.youtube' -> 'com.google.android.youtube' [0]
01-22 19:18:46.079 24043 24043 I PlatformContrRepo: Accepting sessions from packages: com.google.android.youtube
01-22 19:18:46.079 24239 24239 I smedia  : SMediaController.onActiveControllerSet(com.google.android.youtube, false)
01-22 19:18:46.079 24239 24239 I smedia  : SMediaSessionHelper.findActive(): [false]
01-22 19:18:46.079 24239 24239 I smedia  : SMediaNodeHelper.activeNode(52dbaea2): false
01-22 19:18:46.079 24239 24239 I smedia  : SMediaNodeHelper.aliveConnection(): false
01-22 19:18:46.079 28652 28652 I MediaPlayerWrapper: onPlaybackStateChanged(): com.google.android.youtube : PlaybackState {state=STOPPED(1), position=1899253, buffered position=0, speed=1.0, updated=2541831099, actions=8615, custom actions=[], active item id=-1, error=null}
01-22 19:18:46.079 28652 28652 I MediaPlayerWrapper: onPlaybackStateChanged(): com.google.android.youtube : PlaybackState {state=STOPPED(1), position=1899253, buffered position=0, speed=1.0, updated=2541831099, actions=8615, custom actions=[], active item id=-1, error=null}
01-22 19:18:46.080  7567  7750 D WM-PackageManagerHelper: Skipping component enablement for androidx.work.impl.background.systemjob.SystemJobService
01-22 19:18:46.081  7567  7750 D WM-Schedulers: Created SystemJobScheduler and enabled SystemJobService
01-22 19:18:46.081  7567  7778 D WM-ForceStopRunnable: The default process name was not specified.
01-22 19:18:46.081  7567  7778 D WM-ForceStopRunnable: Performing cleanup operations.
01-22 19:18:46.082  7567  7750 D MapsInitializer: preferredRenderer: LATEST
01-22 19:18:46.082  7567  7750 D zzcc    : preferredRenderer: LATEST
01-22 19:18:46.082  7567  7750 I zzcc    : Making Creator dynamically
01-22 19:18:46.083 16056 16056 I GWT:GlanceSession: [daemonapp] receiveEvents : capacity=2147483647,data=[]
01-22 19:18:46.084  7567  7750 I DynamiteModule: Considering local module com.google.android.gms.maps_core_dynamite:0 and remote module com.google.android.gms.maps_core_dynamite:254515602
01-22 19:18:46.084  7567  7750 I DynamiteModule: Selected remote version of com.google.android.gms.maps_core_dynamite, version >= 254515602
01-22 19:18:46.084  7567  7750 V DynamiteModule: Dynamite loader version >= 2, using loadModule2NoCrashUtils
01-22 19:18:46.089  7567  7765 I FirebaseCrashlytics: Saved version control info
01-22 19:18:46.095  7567  7784 D WM-PackageManagerHelper: Skipping component enablement for androidx.work.impl.background.systemalarm.RescheduleReceiver
01-22 19:18:46.095  2814  2814 I KeyguardUnlock: Disable panel detector
01-22 19:18:46.095  2814  2814 D KeyguardSurface: restoreKeyguardSurfaceIfVisible viewRootImpl.view.visibility=4, keyguardVisibilityMonitor.isVisible()=false
01-22 19:18:46.095  2814  2814 D KeyguardSurface: internalRestoreKeyguardSurfaceIfVisible false
01-22 19:18:46.096  7567  7747 D RenderScript HIDL Adaptation: IRenderScriptDevice::getService() returned 0xb400006fa7033b80
01-22 19:18:46.096  7567  7747 D RenderScript HIDL Adaptation: HIDL successfully loaded.
01-22 19:18:46.097 17353 18241 I FontLog : (REDACTED) Received query %s, URI %s
01-22 19:18:46.097 17353 18241 I FontLog : (REDACTED) Query [%s] resolved to %s
01-22 19:18:46.098  7567  7785 E RenderScript: Failed to find hal setup entry points: undefined symbol: rsdHalAbort
01-22 19:18:46.098  7567  7785 E RenderScript: Failed to load runtime , loading default
01-22 19:18:46.099 17353 18241 I FontLog : (REDACTED) Fetch %s end status %s
01-22 19:18:46.099 17353 18241 I FontLog : (REDACTED) Pulling font file for id = %d, cache size = %d
01-22 19:18:46.100  1559  2606 D MdnieScenarioControlService:  packageName : com.google.android.youtube    className : com.google.android.apps.youtube.app.watchwhile.MainActivity
01-22 19:18:46.101 17353 18241 I FontLog : (REDACTED) Pulling font file for id = %d, cache size = %d
01-22 19:18:46.109  7567  7750 D nativeloader: Configuring clns-11 for other apk . target_sdk_version=35, uses_libraries=ALL, library_path=/data/user_de/0/com.google.android.gms/app_chimera/m/000005b4/dl-MapsCoreDynamite.integ_254515602100400.apk!/lib/arm64-v8a, permitted_path=/data:/mnt/expand
01-22 19:18:46.109  7567  7750 D nativeloader: Extending system_exposed_libraries: libhumantracking.arcsoft.so:libface_recognition.arcsoft.so:libpic_best.arcsoft.so:libPortraitDistortionCorrection.arcsoft.so:libPortraitDistortionCorrectionCali.arcsoft.so:libface_landmark.arcsoft.so:libFacialStickerEngine.arcsoft.so:libfrtracking_engine.arcsoft.so:libFaceRecognition.arcsoft.so:libveengine.arcsoft.so:lib_pet_detection.arcsoft.so:libae_bracket_hdr.arcsoft.so:libdigital_tele_scope.arcsoft.so:libdigital_tele_scope_rawsr.arcsoft.so:libsf_tetra_enhance.arcsoft.so:libmf_bayer_enhance.arcsoft.so:libhybrid_high_dynamic_range.arcsoft.so:libimage_enhancement.arcsoft.so:libFacialAttributeDetection.arcsoft.so:libobjectcapture_jni.arcsoft.so:libobjectcapture.arcsoft.so:libmultisourceseparator.audio.samsung.so:libaudiomirroring_jni.audiomirroring.samsung.so:libBeauty_v4.camera.samsung.so:libexifa.camera.samsung.so:libjpega.camera.samsung.so:libOpenCv.camera.samsung.so:libaifrcInterface.camera.samsung.so:libBestPhoto.camera.samsung.so:libC2paDps.camera.samsung.so:libVide
01-22 19:18:46.111   661   661 W keymint_tee: [WRN]begin req PARAMS: A32, BM32, PD1, 
01-22 19:18:46.112   661   661 D android.hardware.security.keymint-service: begin: ret 0
01-22 19:18:46.112  1559  2656 D BackgroundInstallControlService: Package event received: 0
01-22 19:18:46.112  1195  1195 I SensorsHub: flush: handle=1
01-22 19:18:46.112   660 32060 I keystore2: system/security/keystore2/src/security_level.rs:466 - In create_operation. Success to create IKeystoreOperation. 10463, None
01-22 19:18:46.113  1195  1318 E SensorsHub: AccSensor : Meta event
01-22 19:18:46.113  7567  7750 D nativeloader: Load /data/user_de/0/com.google.android.gms/app_chimera/m/000005b4/dl-MapsCoreDynamite.integ_254515602100400.apk!/lib/arm64-v8a/libgmm-jni.so using isolated ns clns-11 (caller=/data/user_de/0/com.google.android.gms/app_chimera/m/000005b4/dl-MapsCoreDynamite.integ_254515602100400.apk): ok
01-22 19:18:46.113   661   661 D android.hardware.security.keymint-service: update: ret 0
01-22 19:18:46.113  1559  2706 D CoreBackPreview: Window{f394204 u0 com.google.android.youtube/com.google.android.youtube.app.honeycomb.Shell$HomeActivity}: Setting back callback OnBackInvokedCallbackInfo{mCallback=android.window.IOnBackInvokedCallback$Stub$Proxy@2ddb64, mPriority=0, mIsAnimationCallback=true, mOverrideBehavior=0}
01-22 19:18:46.113  6422  6509 D SensorManager: registerListener :: 1, LSM6DSVTR Accelerometer, 200000, 0, 
01-22 19:18:46.113   661   661 D android.hardware.security.keymint-service: finish: ret 0
01-22 19:18:46.113  7567  7747 D t.lovoo.android: Successfully queried cache dir: /data/user_de/0/net.lovoo.android/code_cache
01-22 19:18:46.113  7567  7747 D RenderScript: Setting cache dir: /data/user_de/0/net.lovoo.android/code_cache
01-22 19:18:46.113  7567  7750 I native  : I0000 00:00:1769105926.113788    7750 jni_init.cc:30] Initializing JNI...
01-22 19:18:46.114  7567  7750 I Google Android Maps SDK: Google Play services client version: 18020000
01-22 19:18:46.114   661   661 W keymint_tee: [WRN]begin req PARAMS: A32, BM32, PD1, 
01-22 19:18:46.115   661   661 D android.hardware.security.keymint-service: begin: ret 0
01-22 19:18:46.115   660 32060 I keystore2: system/security/keystore2/src/security_level.rs:466 - In create_operation. Success to create IKeystoreOperation. 10463, None
01-22 19:18:46.115   661   661 D android.hardware.security.keymint-service: update: ret 0
01-22 19:18:46.116  6422  6422 E YT.mlplayer: MedialibPlayer.setForegroundMode(true)
01-22 19:18:46.116   661   661 D android.hardware.security.keymint-service: finish: ret 0
01-22 19:18:46.117   661   661 W keymint_tee: [WRN]begin req PARAMS: A32, BM32, PD1, 
01-22 19:18:46.117  7567  7750 D bo      : SDK type: 1, version: 254515602
01-22 19:18:46.118   661   661 D android.hardware.security.keymint-service: begin: ret 0
01-22 19:18:46.118   660 32060 I keystore2: system/security/keystore2/src/security_level.rs:466 - In create_operation. Success to create IKeystoreOperation. 10463, None
01-22 19:18:46.119   661   661 D android.hardware.security.keymint-service: update: ret 0
01-22 19:18:46.119   661   661 D android.hardware.security.keymint-service: finish: ret 0
01-22 19:18:46.121  7567  7750 D hp      : maps_core_dynamite module version in use (0 represents standalone library): 254515602
01-22 19:18:46.122  7567  7567 D FirebaseAuth: Notifying id token listeners about user ( 637012c47ecac10ef6044573 ).
01-22 19:18:46.123 17353  7641 I PhenotypeResourceReader: unable to find any Phenotype resource metadata for net.lovoo.android
01-22 19:18:46.127  1559  6211 D SehGnssExtraCbJni: serviceAssertMessageCb.
01-22 19:18:46.127  1559  6211 D GnssManager: reportExtraMessage, message = $PSECSUPL,2541831147,281,agpsSETbased,,,suplRespReceivedEvent,msSUPLRESPONSE*7E

01-22 19:18:46.128  1559  6211 D SehGnssExtraCbJni: serviceAssertMessageCb.
01-22 19:18:46.128  1559  6211 D GnssManager: reportExtraMessage, message = $PSECSUPL,2541831151,281,agpsSETbased,,,suplPosinitSentEvent,msSUPLPOSINIT*4D

01-22 19:18:46.152  7567  7750 D hp      : Added event: 110
01-22 19:18:46.152  7567  7750 D hp      : Added event: 112
01-22 19:18:46.152  7567  7750 D MapsInitializer: loadedRenderer: LATEST
01-22 19:18:46.152  7567  7747 D ConnectivityManager: StackLog: [android.net.ConnectivityManager.sendRequestForNetwork(ConnectivityManager.java:4736)] [android.net.ConnectivityManager.registerDefaultNetworkCallbackForUid(ConnectivityManager.java:5461)] [android.net.ConnectivityManager.registerDefaultNetworkCallback(ConnectivityManager.java:5428)] [android.net.ConnectivityManager.registerDefaultNetworkCallback(ConnectivityManager.java:5402)] [com.lovoo.data.commons.network.DefaultNetworkConnectivityObserver$observe$1.invokeSuspend(Unknown Source:45)] [com.lovoo.data.commons.network.DefaultNetworkConnectivityObserver$observe$1.invoke(SourceFile:2)] [com.lovoo.data.commons.network.DefaultNetworkConnectivityObserver$observe$1.invoke(SourceFile:1)] [kotlinx.coroutines.flow.ChannelFlowBuilder.n(Unknown Source:2)] [kotlinx.coroutines.flow.ChannelFlowBuilder.h(Unknown Source:0)] [kotlinx.coroutines.flow.CallbackFlowBuilder.h(Unknown Source:60)] [kotlinx.coroutines.flow.internal.ChannelFlow$collectToFun$1.invokeSuspend(Unknown Source:34)] [kotlin.coroutines.jvm.internal.BaseContinuationImpl.resumeWith(Unknown Source:11)] [kotlinx.coroutines.DispatchedTask.run(Unknown Source:128)] [kotlinx.coroutines.internal.LimitedDispatcher$Worker.run(Unknown Source:3)] [kotlinx.coroutines.scheduling.TaskImpl.run(Unknown Source:2)] [kotlinx.coroutines.scheduling.CoroutineScheduler.B0(Unknown Source:0)] [kotlinx.coroutines.scheduling.CoroutineScheduler$Worker.b(Unknown Source:33)] [kotlinx.coroutines.scheduling.CoroutineScheduler$Worker.m(Unknown Source:28)] [kotlinx.coroutines.scheduling.CoroutineScheduler$Worker.run(Unknown Source:0)]
01-22 19:18:46.153  1559  6211 D ConnectivityService: requestNetwork for uid/pid:10463/7567 activeRequest: null callbackRequest: 254230 [NetworkRequest [ REQUEST id=254231, [ Capabilities: INTERNET&NOT_RESTRICTED&TRUSTED&NOT_VCN_MANAGED&NOT_BANDWIDTH_CONSTRAINED Uid: 10463 RequestorUid: 10463 RequestorPkg: net.lovoo.android UnderlyingNetworks: Null] ]] callback flags: 0 order: 2147483647 isUidTracked: false declaredMethods: AVAIL|LOSING|LOST|UNAVAIL
01-22 19:18:46.153  1559  2592 D ConnectivityService:    accepting network in place of null for NetworkRequest [ REQUEST id=254231, [ Capabilities: INTERNET&NOT_RESTRICTED&TRUSTED&NOT_VCN_MANAGED&NOT_BANDWIDTH_CONSTRAINED Uid: 10463 RequestorUid: 10463 RequestorPkg: net.lovoo.android UnderlyingNetworks: Null] ]
01-22 19:18:46.154  7567  7762 W System  : Ignoring header X-Firebase-Locale because its value was null.
01-22 19:18:46.155  1559  2592 D ConnectivityService: Rematched networks [computed 0ms] [applied 0ms] [issued 1]
01-22 19:18:46.155  1559  2592 D ConnectivityService: NetworkReassignment :
01-22 19:18:46.155  1559  2592 D ConnectivityService:   254231 : null ÔåÆ 865
01-22 19:18:46.155  1559  2574 D OemPaidWifiNetworkFactory: got request NetworkRequest [ REQUEST id=254231, [ Capabilities: INTERNET&NOT_RESTRICTED&TRUSTED&NOT_VCN_MANAGED&NOT_BANDWIDTH_CONSTRAINED Uid: 10463 RequestorUid: 10463 RequestorPkg: net.lovoo.android UnderlyingNetworks: Null] ]
01-22 19:18:46.155  1559  2574 D MultiInternetWifiNetworkFactory: got request NetworkRequest [ REQUEST id=254231, [ Capabilities: INTERNET&NOT_RESTRICTED&TRUSTED&NOT_VCN_MANAGED&NOT_BANDWIDTH_CONSTRAINED Uid: 10463 RequestorUid: 10463 RequestorPkg: net.lovoo.android UnderlyingNetworks: Null] ]
01-22 19:18:46.155  1559  2574 D WifiNetworkFactory: got request NetworkRequest [ REQUEST id=254231, [ Capabilities: INTERNET&NOT_RESTRICTED&TRUSTED&NOT_VCN_MANAGED&NOT_BANDWIDTH_CONSTRAINED Uid: 10463 RequestorUid: 10463 RequestorPkg: net.lovoo.android UnderlyingNetworks: Null] ]
01-22 19:18:46.155  1559  2574 D UntrustedWifiNetworkFactory: got request NetworkRequest [ REQUEST id=254231, [ Capabilities: INTERNET&NOT_RESTRICTED&TRUSTED&NOT_VCN_MANAGED&NOT_BANDWIDTH_CONSTRAINED Uid: 10463 RequestorUid: 10463 RequestorPkg: net.lovoo.android UnderlyingNetworks: Null] ]
01-22 19:18:46.161  1559  2315 D SehGnssExtraCbJni: serviceAssertMessageCb.
01-22 19:18:46.161  1559  2315 D GnssManager: reportExtraMessage, message = $PSECSUPL,2541831185,281,agpsSETbased,,,suplPosReceivedEvent,msSUPLPOS*47

01-22 19:18:46.163  3466  3548 I RequestManager_FLP: onOpChanged, op=0 / packageName=com.samsung.android.oneconnect
01-22 19:18:46.166  1559  2315 I ActivityManager: Changes in 10463 19 to 8, 0 to 128
01-22 19:18:46.167  7567  7567 I Choreographer: Skipped 52 frames!  The application may be doing too much work on its main thread.
01-22 19:18:46.168  7567  7689 D AdvertisingIdClient: AdvertisingIdClient is bounded
01-22 19:18:46.168  3466  3548 I RequestManager_FLP: onOpChanged, op=0 / packageName=net.lovoo.android
01-22 19:18:46.169  1559  4286 D ConnectivityService: Returning UNBLOCKED NetworkInfo to uid=10463
01-22 19:18:46.169  7567  7691 W t.lovoo.android: Long monitor contention with owner Thread-2 (7689) at void com.google.android.gms.ads.identifier.AdvertisingIdClient.zzc(boolean)(SourceFile:-1) waiters=0 in com.google.android.gms.ads.identifier.AdvertisingIdClient$Info com.google.android.gms.ads.identifier.AdvertisingIdClient.zzf(int) for 462ms
01-22 19:18:46.169  7567  7689 I AdvertisingIdClient: shouldSendLog -1
01-22 19:18:46.169  7567  7689 I AdvertisingIdClient: GetInfoInternal elapse 488ms
01-22 19:18:46.173  7567  7691 I AdvertisingIdClient: shouldSendLog -1
01-22 19:18:46.173  7567  7691 I AdvertisingIdClient: GetInfoInternal elapse 466ms
01-22 19:18:46.173  7567  7691 D AdvertisingIdClient: AdvertisingIdClient already created.
01-22 19:18:46.174 27821 11801 I Finsky  : [4937] net.lovoo.android: Account determined from installer data - [V7tGzNzYFytbida8GXd_wr6W9Ev_2DAThfEOAjhgMnU]
01-22 19:18:46.174 27821 11801 I Finsky  : [4937] Billing preferred account via installer for net.lovoo.android: [V7tGzNzYFytbida8GXd_wr6W9Ev_2DAThfEOAjhgMnU]
01-22 19:18:46.175  7567  7766 D FirebaseSessions: Notified CRASHLYTICS of new session 177e3fd36508482ab6efa0ec33e2e808
01-22 19:18:46.175 27821 11801 I Finsky  : [4937] net.lovoo.android: Account determined from installer data - [V7tGzNzYFytbida8GXd_wr6W9Ev_2DAThfEOAjhgMnU]
01-22 19:18:46.175 27821 11801 I Finsky  : [4937] Billing preferred account via installer for net.lovoo.android: [V7tGzNzYFytbida8GXd_wr6W9Ev_2DAThfEOAjhgMnU]
01-22 19:18:46.176  7567  7691 I AdvertisingIdClient: shouldSendLog -1
01-22 19:18:46.176  7567  7691 I AdvertisingIdClient: GetInfoInternal elapse 3ms
01-22 19:18:46.181  6422  6422 I SV[65951337 Shell$HomeActivity]: onWindowVisibilityChanged(0) false android.view.SurfaceView{3ee5669 V.E...... ........ 0,0-1440,810} of VRI[Shell$HomeActivity]@f7863a5
01-22 19:18:46.181  6422  6422 D SV[65951337 Shell$HomeActivity]: updateSurface: surface is not valid
01-22 19:18:46.181  6422  6422 I SV[65951337 Shell$HomeActivity]: releaseSurfaces: viewRoot = VRI[Shell$HomeActivity]@f7863a5
01-22 19:18:46.181  6422  6422 D VRI[Shell$HomeActivity]@f7863a5: applyTransactionOnDraw applyImmediately
01-22 19:18:46.183  1559  4286 I WindowManager: Relayout Window{f394204 u0 com.google.android.youtube/com.google.android.youtube.app.honeycomb.Shell$HomeActivity}: viewVisibility=0 req=1440x3120 ty=1 d0
01-22 19:18:46.183  1248  1314 I SurfaceFlinger: id=497745 createSurf, flag=44004, com.google.android.youtube/com.google.android.youtube.app.honeycomb.Shell$HomeActivity$_6422#497745
01-22 19:18:46.183  1559  4286 D WindowManager: makeSurface duration=0 name=com.google.android.youtube/com.google.android.youtube.app.honeycomb.Shell$HomeActivity$_6422
01-22 19:18:46.183  1559  4286 D SurfaceComposerClient: setCornerRadius ## f394204 com.google.android.youtube/com.google.android.youtube.app.honeycomb.Shell$HomeActivity#493447 cornerRadius=0.000000
01-22 19:18:46.183  1559  4286 W PhoneWindowManager: lockNow pending, ignore updating lockscreen timeout
01-22 19:18:46.183  1559  4286 D SurfaceComposerClient: setCornerRadius ## f394204 com.google.android.youtube/com.google.android.youtube.app.honeycomb.Shell$HomeActivity#493447 cornerRadius=0.000000
01-22 19:18:46.184  1559  4286 D BLASTSyncEngine: SyncGroup 37574:  Unfinished container: ActivityRecord{48152262 u0 com.google.android.youtube/.app.honeycomb.Shell$HomeActivity t4565} mSyncState=2
01-22 19:18:46.184  1559  4286 D WindowManager: Changing focus from null to Window{f394204 u0 com.google.android.youtube/com.google.android.youtube.app.honeycomb.Shell$HomeActivity} displayId=0 Callers=com.android.server.wm.WindowManagerService.relayoutWindow:1350 com.android.server.wm.Session.relayout:27 android.view.IWindowSession$Stub.onTransact:829 com.android.server.wm.Session.onTransact:1 
01-22 19:18:46.184  1559  4286 I WindowManager: Cancelling animation restarting=true, leash=Surface(name=Surface(name=79f2e38 StatusBar)/@0x90f9c0d - animation-leash of insets_animation)/@0xdd46a1d
01-22 19:18:46.184  1559  4286 I WindowManager: Reparenting to original parent: Surface(name=WindowToken{3dd2a8f type=2000 android.os.BinderProxy@684d2bb})/@0xc3f97c2, destroy=false, surface=Surface(name=79f2e38 StatusBar)/@0x90f9c0d
01-22 19:18:46.184  1559  4286 I WindowManager: Reparenting to leash, surface=Surface(name=79f2e38 StatusBar)/@0x90f9c0d, leashParent=Surface(name=WindowToken{3dd2a8f type=2000 android.os.BinderProxy@684d2bb})/@0xc3f97c2
01-22 19:18:46.184  1248  2394 I SurfaceFlinger: id=497746 createSurf, flag=24000, Surface(name=79f2e38 StatusBar)/@0x90f9c0d - animation-leash of insets_animation#497746
01-22 19:18:46.184  1559  4286 D WindowManager: makeSurface duration=0 leash=Surface(name=Surface(name=79f2e38 StatusBar)/@0x90f9c0d - animation-leash of insets_animation)/@0xd4c14a9
01-22 19:18:46.184  1559  4286 D InsetsSourceProvider: updateControlForTarget: control=InsetsSourceControl: {4bc40000 mType=statusBars initiallyVisible mSurfacePosition=Point(0, 0) mInsetsHint=Insets{left=0, top=113, right=0, bottom=0}}, target=Window{f394204 u0 com.google.android.youtube/com.google.android.youtube.app.honeycomb.Shell$HomeActivity}, from=com.android.server.wm.InsetsStateController.onControlTargetChanged:83 com.android.server.wm.InsetsPolicy.updateBarControlTarget:212 com.android.server.wm.DisplayPolicy.updateSystemBarAttributes:262 com.android.server.wm.WindowManagerService.updateFocusedWindowLocked:372 com.android.server.wm.WindowManagerService.relayoutWindow:1350 
01-22 19:18:46.184  1559  4286 I WindowManager: Cancelling animation restarting=true, leash=Surface(name=Surface(name=bb05b8a NavigationBar0)/@0xea5f934 - animation-leash of insets_animation)/@0x82b0e63
01-22 19:18:46.185  1559  4286 I WindowManager: Reparenting to original parent: Surface(name=WindowToken{fcd71f5 type=2019 android.os.BinderProxy@b75f832})/@0xd1235d, destroy=false, surface=Surface(name=bb05b8a NavigationBar0)/@0xea5f934
01-22 19:18:46.185  1559  4286 I WindowManager: Reparenting to leash, surface=Surface(name=bb05b8a NavigationBar0)/@0xea5f934, leashParent=Surface(name=WindowToken{fcd71f5 type=2019 android.os.BinderProxy@b75f832})/@0xd1235d
01-22 19:18:46.185  1248  1314 I SurfaceFlinger: id=497747 createSurf, flag=24000, Surface(name=bb05b8a NavigationBar0)/@0xea5f934 - animation-leash of insets_animation#497747
01-22 19:18:46.185  1559  4286 D WindowManager: makeSurface duration=1 leash=Surface(name=Surface(name=bb05b8a NavigationBar0)/@0xea5f934 - animation-leash of insets_animation)/@0x17039cf
01-22 19:18:46.185  7567  7712 D CompatChangeReporter: Compat change id reported: 311402873; UID 10463; state: ENABLED
01-22 19:18:46.185  1559  4286 D InsetsSourceProvider: updateControlForTarget: control=InsetsSourceControl: {f7410001 mType=navigationBars initiallyVisible mSurfacePosition=Point(0, 2952) mInsetsHint=Insets{left=0, top=0, right=0, bottom=168}}, target=Window{f394204 u0 com.google.android.youtube/com.google.android.youtube.app.honeycomb.Shell$HomeActivity}, from=com.android.server.wm.InsetsStateController.onControlTargetChanged:83 com.android.server.wm.InsetsPolicy.updateBarControlTarget:225 com.android.server.wm.DisplayPolicy.updateSystemBarAttributes:262 com.android.server.wm.WindowManagerService.updateFocusedWindowLocked:372 com.android.server.wm.WindowManagerService.relayoutWindow:1350 
01-22 19:18:46.185  7567  7712 D CompatChangeReporter: Compat change id reported: 323349338; UID 10463; state: ENABLED
01-22 19:18:46.185  1559  4286 D WindowManager: updateSystemBarAttributes: displayId=0, focusedCanBeNavColorWin=false, win=Window{f394204 u0 com.google.android.youtube/com.google.android.youtube.app.honeycomb.Shell$HomeActivity}, navColorWin=null, caller=com.android.server.wm.WindowManagerService.updateFocusedWindowLocked:372 com.android.server.wm.WindowManagerService.relayoutWindow:1350 com.android.server.wm.Session.relayout:27 
01-22 19:18:46.185  1559  4286 D WindowManager: updateSystemBarAttributes, bhv=2, apr=0, statusBarAprRegions=[], requestedVisibilities=-9
01-22 19:18:46.185  1559  4286 V SystemKeyManager: updateFocusedWindow() is called, com.google.android.youtube/com.google.android.youtube.app.honeycomb.Shell$HomeActivity
01-22 19:18:46.185  1559  4286 I SystemKeyManager: requested systemKeyInfo size=1 focusedWindow=com.google.android.youtube/com.google.android.youtube.app.honeycomb.Shell$HomeActivity
01-22 19:18:46.185  1559  4286 I SystemKeyManager: requested systemKeyInfo size=1 focusedWindow=com.google.android.youtube/com.google.android.youtube.app.honeycomb.Shell$HomeActivity
01-22 19:18:46.185  1559  4286 I WindowManager: Relayout hash=f394204, pid=6422, syncId=-1: mAttrs={(0,0)(fillxfill) sim={adjust=resize} layoutInDisplayCutoutMode=always ty=BASE_APPLICATION fmt=TRANSLUCENT wanim=0x1030317 sysuil=true
01-22 19:18:46.185  1559  4286 I WindowManager:   fl=81810100
01-22 19:18:46.185  1559  4286 I WindowManager:   pfl=100088c0
01-22 19:18:46.185  1559  4286 I WindowManager:   vsysui=1700
01-22 19:18:46.185  1559  4286 I WindowManager:   bhv=2
01-22 19:18:46.185  1559  4286 I WindowManager:   fitSides=0
01-22 19:18:46.185  1559  4286 I WindowManager:   frameRateBoostOnTouch=true
01-22 19:18:46.185  1559  4286 I WindowManager:   dvrrWindowFrameRateHint=true naviIconColor=0}
01-22 19:18:46.185  3244  5232 I HoneySpace.SystemUiRepository: systemUiFlags: awake
01-22 19:18:46.186  1559  2315 D CompatChangeReporter: Compat change id reported: 311402873; UID 10463; state: ENABLED
01-22 19:18:46.186  1559  2315 D CompatChangeReporter: Compat change id reported: 323349338; UID 10463; state: ENABLED
01-22 19:18:46.186  3244  3325 I HoneySpace.TaskbarEventTracker: invokeEvent() called with: event = SystemUiStateChanged(stateFlags=268435456)
01-22 19:18:46.186  6422  6422 I BLASTBufferQueue_Java: new BLASTBufferQueue, mName= VRI[Shell$HomeActivity]@f7863a5 mNativeObject= 0xb400006e370f4e10 caller= android.view.ViewRootImpl.updateBlastSurfaceIfNeeded:3585 android.view.ViewRootImpl.relayoutWindow:11685 android.view.ViewRootImpl.performTraversals:4804 android.view.ViewRootImpl.doTraversal:3924 android.view.ViewRootImpl$TraversalRunnable.run:12903 android.view.Choreographer$CallbackRecord.run:1901 android.view.Choreographer$CallbackRecord.run:1910 android.view.Choreographer.doCallbacks:1367 android.view.Choreographer.doFrame:1292 android.view.Choreographer$FrameDisplayEventReceiver.run:1870 
01-22 19:18:46.186  6422  6422 I BLASTBufferQueue_Java: update, w= 1440 h= 3120 mName = VRI[Shell$HomeActivity]@f7863a5 mNativeObject= 0xb400006e370f4e10 sc.mNativeObject= 0xb400006db70b4e10 format= -3 caller= android.view.ViewRootImpl.updateBlastSurfaceIfNeeded:3590 android.view.ViewRootImpl.relayoutWindow:11685 android.view.ViewRootImpl.performTraversals:4804 android.view.ViewRootImpl.doTraversal:3924 android.view.ViewRootImpl$TraversalRunnable.run:12903 android.view.Choreographer$CallbackRecord.run:1901 
01-22 19:18:46.186  6422  6422 I VRI[Shell$HomeActivity]@f7863a5: Relayout returned: old=(0,0,1440,3120) new=(0,0,1440,3120) relayoutAsync=false req=(1440,3120)0 dur=3 res=0x3 s={true 0xb400006d471f9320} ch=true seqId=0
01-22 19:18:46.187  6422  6422 D VRI[Shell$HomeActivity]@f7863a5: mThreadedRenderer.initialize() mSurface={isValid=true 0xb400006d471f9320} hwInitialized=true
01-22 19:18:46.187  6422  6422 W View    : requestLayout() improperly called by com.google.android.apps.youtube.app.watch.nextgenwatch.ui.NextGenWatchContainerLayout{62ae288 V.E...... ......ID 0,0-1440,2784 #7f0b0cd5 app:id/next_gen_watch_container_layout} during layout: running second layout pass
01-22 19:18:46.189  1248  1248 I SurfaceFlinger: [com.google.android.youtube/com.google.android.youtube.app.honeycomb.Shell$HomeActivity$_6422#497745] attach to parent LayerHierarchy{RequestedLayerState{f394204 com.google.android.youtube/com.google.android.youtube.app.honeycomb.Shell$HomeActivity#493447 parentId=490974} 1 children}
01-22 19:18:46.189  1248  1248 I SurfaceFlinger: [Surface(name=79f2e38 StatusBar)/@0x90f9c0d - animation-leash of insets_animation#497746] attach to parent LayerHierarchy{RequestedLayerState{WindowToken{3dd2a8f type=2000 android.os.BinderProxy@684d2bb}#101 parentId=17} 2 children}
01-22 19:18:46.189  1248  1248 I SurfaceFlinger: [Surface(name=bb05b8a NavigationBar0)/@0xea5f934 - animation-leash of insets_animation#497747] attach to parent LayerHierarchy{RequestedLayerState{WindowToken{fcd71f5 type=2019 android.os.BinderProxy@b75f832}#97 parentId=34} 2 children}
01-22 19:18:46.189  6422  6422 I SV[65951337 Shell$HomeActivity]: windowStopped(false) true android.view.SurfaceView{3ee5669 V.E...... ........ 0,0-1440,810} of VRI[Shell$HomeActivity]@f7863a5
01-22 19:18:46.189  6422  6422 I SurfaceView: 65951337 Changes: creating=true format=false size=false visible=true alpha=false hint=false left=false top=false z=false attached=true lifecycleStrategy=false
01-22 19:18:46.190  1248  2394 I SurfaceFlinger: id=497748 createSurf, flag=20004, Bounds for - com.google.android.youtube/com.google.android.youtube.app.honeycomb.Shell$HomeActivity@23#497748
01-22 19:18:46.190  1248  1549 I SurfaceFlinger: id=497749 createSurf, flag=84004, 3ee5669 SurfaceView[com.google.android.youtube/com.google.android.youtube.app.honeycomb.Shell$HomeActivity]@0#497749
01-22 19:18:46.190  1248  1314 I SurfaceFlinger: id=497750 createSurf, flag=44400, 3ee5669 SurfaceView[com.google.android.youtube/com.google.android.youtube.app.honeycomb.Shell$HomeActivity]@0(BLAST)#497750
01-22 19:18:46.190  1248  2404 I SurfaceFlinger: id=497751 createSurf, flag=20404, Background for 3ee5669 SurfaceView[com.google.android.youtube/com.google.android.youtube.app.honeycomb.Shell$HomeActivity]@0#497751
01-22 19:18:46.190  6422  6422 I BLASTBufferQueue_Java: new BLASTBufferQueue, mName= 3ee5669 SurfaceView[com.google.android.youtube/com.google.android.youtube.app.honeycomb.Shell$HomeActivity]@0 mNativeObject= 0xb400006e371f6e20 caller= android.view.SurfaceView.createBlastSurfaceControls:1781 android.view.SurfaceView.updateSurface:1450 android.view.SurfaceView.setWindowStopped:539 android.view.SurfaceView.surfaceCreated:2327 android.view.ViewRootImpl.notifySurfaceCreated:3502 android.view.ViewRootImpl.performTraversals:5286 android.view.ViewRootImpl.doTraversal:3924 android.view.ViewRootImpl$TraversalRunnable.run:12903 android.view.Choreographer$CallbackRecord.run:1901 android.view.Choreographer$CallbackRecord.run:1910 
01-22 19:18:46.191  6422  6422 I BLASTBufferQueue_Java: update, w= 1920 h= 1080 mName = 3ee5669 SurfaceView[com.google.android.youtube/com.google.android.youtube.app.honeycomb.Shell$HomeActivity]@0 mNativeObject= 0xb400006e371f6e20 sc.mNativeObject= 0xb400006db710f710 format= 4 caller= android.view.SurfaceView.createBlastSurfaceControls:1782 android.view.SurfaceView.updateSurface:1450 android.view.SurfaceView.setWindowStopped:539 android.view.SurfaceView.surfaceCreated:2327 android.view.ViewRootImpl.notifySurfaceCreated:3502 android.view.ViewRootImpl.performTraversals:5286 
01-22 19:18:46.191  6422  6422 I SurfaceView: 65951337 Cur surface: Surface(name=null mNativeObject=0)/@0xeb4ffa0
01-22 19:18:46.191  6422  6422 D SurfaceComposerClient: setCornerRadius ## 3ee5669 SurfaceView[com.google.android.youtube/com.google.android.youtube.app.honeycomb.Shell$HomeActivity]@0#497749 cornerRadius=0.000000
01-22 19:18:46.191  6422  6422 I SV[65951337 Shell$HomeActivity]: pST: sr = Rect(0, 113 - 1440, 923) sw = 1920 sh = 1080
01-22 19:18:46.191  6422  6422 D SurfaceView: 65951337 performSurfaceTransaction RenderWorker position = [0, 113, 1440, 923] surfaceSize = 1920x1080
01-22 19:18:46.191  6422  6422 I SV[65951337 Shell$HomeActivity]: updateSurface: mVisible = true mSurface.isValid() = true
01-22 19:18:46.191  6422  6422 I SV[65951337 Shell$HomeActivity]: updateSurface: mSurfaceCreated = false surfaceChanged = true visibleChanged = true
01-22 19:18:46.191  6422  6422 I SurfaceView: 65951337 visibleChanged -- surfaceCreated
01-22 19:18:46.191  6422  6422 I SV[65951337 Shell$HomeActivity]: surfaceCreated 1 #1 android.view.SurfaceView{3ee5669 V.E...... ........ 0,0-1440,810}
01-22 19:18:46.191  7567  7567 I AdvertisingIdClient: getting error as 17: API: ClientTelemetry.API is not available on this device. Connection failed with: ConnectionResult{statusCode=API_DISABLED_FOR_CONNECTION, resolution=null, message=null}
01-22 19:18:46.192  7567  7567 D WM-SystemJobService: onStartJob for WorkGenerationalId(workSpecId=fd8a5efd-8f01-44fc-9a85-67c5b07e466e, generation=376)
01-22 19:18:46.192  6422  6422 D SurfaceView: 167917668 setFixedSize 1920x1080 -> 0x0
01-22 19:18:46.192  6422  6422 I SurfaceView: 65951337 surfaceChanged -- format=4 w=1920 h=1080
01-22 19:18:46.192  6422  6422 I SV[65951337 Shell$HomeActivity]: surfaceChanged (1920,1080) 1 #1 android.view.SurfaceView{3ee5669 V.E...... ......I. 0,0-1440,810}
01-22 19:18:46.192  6422  6422 I SurfaceView: 65951337 surfaceRedrawNeeded
01-22 19:18:46.193  6422  6422 I SurfaceView: 65951337 finishedDrawing
01-22 19:18:46.193  6422  6422 V SurfaceView: Layout: x=0 y=113 w=1440 h=810, frame=Rect(0, 0 - 1920, 1080)
01-22 19:18:46.193  6422  6422 D VRI[Shell$HomeActivity]@f7863a5: reportNextDraw android.view.ViewRootImpl.performTraversals:5443 android.view.ViewRootImpl.doTraversal:3924 android.view.ViewRootImpl$TraversalRunnable.run:12903 android.view.Choreographer$CallbackRecord.run:1901 android.view.Choreographer$CallbackRecord.run:1910 
01-22 19:18:46.193  6422  6422 I SurfaceView: 65951337 Changes: creating=false format=false size=true visible=false alpha=false hint=false left=false top=false z=false attached=true lifecycleStrategy=false
01-22 19:18:46.193  6422  6422 I SurfaceView: 65951337 Cur surface: Surface(name=null mNativeObject=-5476376677537824720)/@0xeb4ffa0
01-22 19:18:46.193  6422  6422 D SurfaceComposerClient: setCornerRadius ## 3ee5669 SurfaceView[com.google.android.youtube/com.google.android.youtube.app.honeycomb.Shell$HomeActivity]@0#497749 cornerRadius=0.000000
01-22 19:18:46.193  6422  6422 I BLASTBufferQueue_Java: update, w= 1440 h= 810 mName = 3ee5669 SurfaceView[com.google.android.youtube/com.google.android.youtube.app.honeycomb.Shell$HomeActivity]@0 mNativeObject= 0xb400006e371f6e20 sc.mNativeObject= 0xb400006db710f710 format= 4 caller= android.view.SurfaceView.setBufferSize:1703 android.view.SurfaceView.performSurfaceTransaction:1238 android.view.SurfaceView.updateSurface:1467 android.view.SurfaceView.lambda$new$0:280 android.view.SurfaceView.$r8$lambda$NfZyM_TG8F8lqzaOVZ7noREFjzU:0 android.view.SurfaceView$$ExternalSyntheticLambda1.onPreDraw:0 
01-22 19:18:46.193  6422  6422 I SV[65951337 Shell$HomeActivity]: pST: sr = Rect(0, 113 - 1440, 923) sw = 1440 sh = 810
01-22 19:18:46.193  6422  6422 D SurfaceView: 65951337 performSurfaceTransaction RenderWorker position = [0, 113, 1440, 923] surfaceSize = 1440x810
01-22 19:18:46.193  6422  6422 I SV[65951337 Shell$HomeActivity]: updateSurface: mVisible = true mSurface.isValid() = true
01-22 19:18:46.193  6422  6422 I SV[65951337 Shell$HomeActivity]: updateSurface: mSurfaceCreated = true surfaceChanged = false visibleChanged = false
01-22 19:18:46.193  6422  6422 I SurfaceView: 65951337 surfaceChanged -- format=4 w=1440 h=810
01-22 19:18:46.193  6422  6422 I SV[65951337 Shell$HomeActivity]: surfaceChanged (1440,810) 1 #8 android.view.SurfaceView{3ee5669 V.E...... ......ID 0,0-1440,810}
01-22 19:18:46.193  7567  7567 I AdvertisingIdClient: getting error as 17: API: ClientTelemetry.API is not available on this device. Connection failed with: ConnectionResult{statusCode=API_DISABLED_FOR_CONNECTION, resolution=null, message=null}
01-22 19:18:46.193  6422  6422 I SurfaceView: 65951337 surfaceRedrawNeeded
01-22 19:18:46.193  7567  7567 I AdvertisingIdClient: getting error as 17: API: ClientTelemetry.API is not available on this device. Connection failed with: ConnectionResult{statusCode=API_DISABLED_FOR_CONNECTION, resolution=null, message=null}
01-22 19:18:46.193  6422  6422 I SurfaceView: 65951337 finishedDrawing
01-22 19:18:46.193  6422  6422 V SurfaceView: Layout: x=0 y=113 w=1440 h=810, frame=Rect(0, 0 - 1440, 810)
01-22 19:18:46.193  6422  6422 D VRI[Shell$HomeActivity]@f7863a5: Setup new sync=wmsSync-VRI[Shell$HomeActivity]@f7863a5#17
01-22 19:18:46.193  6422  6422 I VRI[Shell$HomeActivity]@f7863a5: Creating new active sync group VRI[Shell$HomeActivity]@f7863a5#18
01-22 19:18:46.193  6422  6422 D VRI[Shell$HomeActivity]@f7863a5: Start draw after previous draw not visible
01-22 19:18:46.193 21384  7825 D AdvertisingIdClient: AdvertisingIdClient already created.
01-22 19:18:46.193 21384  7825 D AdvertisingIdClient: AdvertisingIdClient is not bounded. Starting to bind it...
01-22 19:18:46.193  6422  6422 D VRI[Shell$HomeActivity]@f7863a5: registerCallbacksForSync syncBuffer=false
01-22 19:18:46.194 21384  7825 D AdvertisingIdClient: AdvertisingIdClient is bounded
01-22 19:18:46.195 21384  7825 I AdvertisingIdClient: shouldSendLog 2540634297
01-22 19:18:46.195 21384  7825 I AdvertisingIdClient: GetInfoInternal elapse 2ms
01-22 19:18:46.197  1559  2737 D NetdEventListenerService: DNS Requested by 865, 10463(net.lovoo.android), SUCCESS, 23ms
01-22 19:18:46.197  1248  1248 I SurfaceFlinger: [3ee5669 SurfaceView[com.google.android.youtube/com.google.android.youtube.app.honeycomb.Shell$HomeActivity]@0(BLAST)#497750] setFrameRate: 0.000000, Default, OnlySeamless
01-22 19:18:46.197  1248  1248 I SurfaceFlinger: [3ee5669 SurfaceView[com.google.android.youtube/com.google.android.youtube.app.honeycomb.Shell$HomeActivity]@0(BLAST)#497750] setFrameRate: 0.000000, Default, OnlySeamless
01-22 19:18:46.197  1248  1248 I SurfaceFlinger: [LayerHierarchy{RequestedLayerState{79f2e38 StatusBar#102 parentId=497746} 1 children}] reparent to LayerHierarchy{RequestedLayerState{Surface(name=79f2e38 StatusBar)/@0x90f9c0d - animation-leash of insets_animation#497746 parentId=101} 1 children}
01-22 19:18:46.197  1248  1248 I SurfaceFlinger: [LayerHierarchy{RequestedLayerState{bb05b8a NavigationBar0#98 parentId=497747} 1 children}] reparent to LayerHierarchy{RequestedLayerState{Surface(name=bb05b8a NavigationBar0)/@0xea5f934 - animation-leash of insets_animation#497747 parentId=97} 1 children}
01-22 19:18:46.197  1248  1248 I SurfaceFlinger: [LayerHierarchy{RequestedLayerState{Surface(name=bb05b8a NavigationBar0)/@0xea5f934 - animation-leash of insets_animation#497736} no children}] reparent to OffscreenRoot
01-22 19:18:46.197  1248  1248 I SurfaceFlinger: [LayerHierarchy{RequestedLayerState{Surface(name=bb05b8a NavigationBar0)/@0xea5f934 - animation-leash of insets_animation#497736} no children}] RelativeParent to null
01-22 19:18:46.197  1248  1248 I SurfaceFlinger: [LayerHierarchy{RequestedLayerState{Surface(name=79f2e38 StatusBar)/@0x90f9c0d - animation-leash of insets_animation#497735} no children}] reparent to OffscreenRoot
01-22 19:18:46.197  1248  1248 I SurfaceFlinger: [LayerHierarchy{RequestedLayerState{Surface(name=79f2e38 StatusBar)/@0x90f9c0d - animation-leash of insets_animation#497735} no children}] RelativeParent to null
01-22 19:18:46.197  1248  1248 I SurfaceFlinger: [Bounds for - com.google.android.youtube/com.google.android.youtube.app.honeycomb.Shell$HomeActivity@23#497748] attach to parent LayerHierarchy{RequestedLayerState{com.google.android.youtube/com.google.android.youtube.app.honeycomb.Shell$HomeActivity$_6422#497745 parentId=493447} 1 children}
01-22 19:18:46.197  1248  1248 I SurfaceFlinger: [3ee5669 SurfaceView[com.google.android.youtube/com.google.android.youtube.app.honeycomb.Shell$HomeActivity]@0#497749] attach to parent LayerHierarchy{RequestedLayerState{Bounds for - com.google.android.youtube/com.google.android.youtube.app.honeycomb.Shell$HomeActivity@23#497748 parentId=497745} 1 children}
01-22 19:18:46.197  1248  1248 I SurfaceFlinger: [3ee5669 SurfaceView[com.google.android.youtube/com.google.android.youtube.app.honeycomb.Shell$HomeActivity]@0(BLAST)#497750] attach to parent LayerHierarchy{RequestedLayerState{3ee5669 SurfaceView[com.google.android.youtube/com.google.android.youtube.app.honeycomb.Shell$HomeActivity]@0#497749 parentId=497748} 1 children}
01-22 19:18:46.197  1248  1248 I SurfaceFlinger: [Background for 3ee5669 SurfaceView[com.google.android.youtube/com.google.android.youtube.app.honeycomb.Shell$HomeActivity]@0#497751] attach to parent LayerHierarchy{RequestedLayerState{3ee5669 SurfaceView[com.google.android.youtube/com.google.android.youtube.app.honeycomb.Shell$HomeActivity]@0#497749 parentId=497748} 2 children}
01-22 19:18:46.198  1248  2394 I SurfaceFlinger: id=497735 Removed Surface(name=79f2e38 StatusBar)/@0x90f9c0d - animation-leash of insets_animation#497735 (191)
01-22 19:18:46.198  1248  2394 I SurfaceFlinger: id=497736 Removed Surface(name=bb05b8a NavigationBar0)/@0xea5f934 - animation-leash of insets_animation#497736 (191)
01-22 19:18:46.199  1248  1426 D SurfaceFlinger: [input] setFocusedWindow: f394204 com.google.android.youtube/com.google.android.youtube.app.honeycomb.Shell$HomeActivity
01-22 19:18:46.199  1559  2315 D InputDispatcher: Once focus requested (0): f394204 com.google.android.youtube/com.google.android.youtube.app.honeycomb.Shell$HomeActivity
01-22 19:18:46.199  1559  2315 D InputDispatcher: Focus request (0): f394204 com.google.android.youtube/com.google.android.youtube.app.honeycomb.Shell$HomeActivity but waiting because NO_WINDOW
01-22 19:18:46.199  7567  7778 D WM-Processor: f: processing WorkGenerationalId(workSpecId=fd8a5efd-8f01-44fc-9a85-67c5b07e466e, generation=376)
01-22 19:18:46.201  6422 12687 D SurfaceView: 65951337 updateSurfacePosition RenderWorker, frameNr = 1, position = [0, 113, 1440, 923] surfaceSize = 1440x810
01-22 19:18:46.201  6422 12687 I SV[65951337 Shell$HomeActivity]: uSP: rtp = Rect(0, 113 - 1440, 923) rtsw = 1440 rtsh = 810
01-22 19:18:46.201  6422 12687 I SV[65951337 Shell$HomeActivity]: onSSPAndSRT: pl = 0 pt = 113 sx = 1.0 sy = 1.0
01-22 19:18:46.201  6422 12687 I SV[65951337 Shell$HomeActivity]: aOrMT: VRI[Shell$HomeActivity]@f7863a5 t = android.view.SurfaceControl$Transaction@fe655 fN = 1 android.view.SurfaceView.-$$Nest$mapplyOrMergeTransaction:0 android.view.SurfaceView$SurfaceViewPositionUpdateListener.positionChanged:1932 android.graphics.RenderNode$CompositePositionUpdateListener.positionChanged:401 
01-22 19:18:46.202  6422 12687 I VRI[Shell$HomeActivity]@f7863a5: mWNT: t=0xb400006ec72c4e90 mBlastBufferQueue=0xb400006e370f4e10 fn= 1 HdrRenderState mRenderHdrSdrRatio=1.0 caller= android.view.SurfaceView.applyOrMergeTransaction:1863 android.view.SurfaceView.-$$Nest$mapplyOrMergeTransaction:0 android.view.SurfaceView$SurfaceViewPositionUpdateListener.positionChanged:1932 
01-22 19:18:46.203  7567  7567 D WM-WorkerWrapper: Starting work for sns.stories.share.StoriesCleanupWorker
01-22 19:18:46.204  6422 12963 D VRI[Shell$HomeActivity]@f7863a5: Received frameDrawingCallback syncResult=0 frameNum=1.
01-22 19:18:46.204  6422 12963 I VRI[Shell$HomeActivity]@f7863a5: mWNT: t=0xb400006ec7203350 mBlastBufferQueue=0xb400006e370f4e10 fn= 1 HdrRenderState mRenderHdrSdrRatio=1.0 caller= android.view.ViewRootImpl$12.onFrameDraw:15441 android.view.ThreadedRenderer$1.onFrameDraw:718 <bottom of call stack> 
01-22 19:18:46.204  6422 12963 I VRI[Shell$HomeActivity]@f7863a5: Setting up sync and frameCommitCallback
01-22 19:18:46.205  1248  1248 I SurfaceFlinger: destroyed Surface(name=bb05b8a NavigationBar0)/@0xea5f934 - animation-leash of insets_animation#497736
01-22 19:18:46.205  1248  1248 I SurfaceFlinger: destroyed Surface(name=79f2e38 StatusBar)/@0x90f9c0d - animation-leash of insets_animation#497735
01-22 19:18:46.206  1248  1248 I Layer   : id=497736 Destroyed Surface(name=bb05b8a NavigationBar0)/@0xea5f934 - animation-leash of insets_animation#497736
01-22 19:18:46.206  1248  1248 I Layer   : id=497735 Destroyed Surface(name=79f2e38 StatusBar)/@0x90f9c0d - animation-leash of insets_animation#497735
01-22 19:18:46.222  6422 12687 I BLASTBufferQueue: [VRI[Shell$HomeActivity]@f7863a5#53](f:0,a:0,s:0) onFrameAvailable the first frame is available
01-22 19:18:46.222  6422 12687 I VRI[Shell$HomeActivity]@f7863a5: Received frameCommittedCallback lastAttemptedDrawFrameNum=1 didProduceBuffer=true
01-22 19:18:46.222  1248  2394 I SurfaceFlinger: [com.google.android.youtube/com.google.android.youtube.app.honeycomb.Shell$HomeActivity$_6422#497745] setTransactionState with the first frame. bufferData(ID: 27582280334916, frameNumber: 1)
01-22 19:18:46.222  6422  6422 D VRI[Shell$HomeActivity]@f7863a5: reportDrawFinished seqId=0
01-22 19:18:46.223  1559  6211 D WindowManager: finishDrawingWindow: Window{f394204 u0 com.google.android.youtube/com.google.android.youtube.app.honeycomb.Shell$HomeActivity} mDrawState=DRAW_PENDING seqId=0
01-22 19:18:46.223  1559  1599 D SurfaceComposerClient: setCornerRadius ## f394204 com.google.android.youtube/com.google.android.youtube.app.honeycomb.Shell$HomeActivity#493447 cornerRadius=0.000000
01-22 19:18:46.223  1559  1599 W PhoneWindowManager: lockNow pending, ignore updating lockscreen timeout
01-22 19:18:46.223  1559  1599 D SurfaceComposerClient: setCornerRadius ## f394204 com.google.android.youtube/com.google.android.youtube.app.honeycomb.Shell$HomeActivity#493447 cornerRadius=0.000000
01-22 19:18:46.224  1559  1599 V WindowManager: SyncGroup 37574: Finished!
01-22 19:18:46.224  1559  1599 V WindowManager: performShowLocked: mDrawState=HAS_DRAWN in Window{f394204 u0 com.google.android.youtube/com.google.android.youtube.app.honeycomb.Shell$HomeActivity}
01-22 19:18:46.224  1559  1599 D ChangeTransitionController: onTransactionReady: TransitionRecord{1cb50d6 id=37574 type=CLOSE flags=0x0 c=[
01-22 19:18:46.224  1559  1599 D ChangeTransitionController:    ChangeInfo{5d99548 container=ActivityRecord{48152262 u0 com.google.android.youtube/.app.honeycomb.Shell$HomeActivity t4565} flags=0x0}
01-22 19:18:46.224  1559  1599 D ChangeTransitionController:    ChangeInfo{6d0afe1 container=DefaultTaskDisplayArea_d0@51744758 flags=0x0}
01-22 19:18:46.224  1559  1599 D ChangeTransitionController:    ChangeInfo{577a106 container=Task{5bf6647 #4624 type=standard A=10544:org.tkideneb2.zeiterfassung} flags=0x0}
01-22 19:18:46.224  1559  1599 D ChangeTransitionController:    ChangeInfo{7a393c7 container=Task{a1bbe87 #4565 type=standard A=10280:com.google.android.youtube} flags=0x0}
01-22 19:18:46.224  1559  1599 D ChangeTransitionController:    ChangeInfo{a96bdf4 container=Display{#0 state=ON size=1440x3120 ROTATION_0} flags=0x0}
01-22 19:18:46.224  1559  1599 D ChangeTransitionController:    ChangeInfo{ec7691d container=ActivityRecord{254619014 u0 org.tkideneb2.zeiterfassung/org.kivy.android.PythonActivity t-1 f}} flags=0x0}
01-22 19:18:46.224  1559  1599 D ChangeTransitionController: ]
01-22 19:18:46.224  1559  1599 D ChangeTransitionController: }
01-22 19:18:46.224  1559  1599 V WindowManager: Start calculating TransitionInfo based on participants: {ActivityRecord{48152262 u0 com.google.android.youtube/.app.honeycomb.Shell$HomeActivity t4565}, Task{5bf6647 #4624 type=standard A=10544:org.tkideneb2.zeiterfassung}, Task{a1bbe87 #4565 type=standard A=10280:com.google.android.youtube}, ActivityRecord{254619014 u0 org.tkideneb2.zeiterfassung/org.kivy.android.PythonActivity t-1 f}}}
01-22 19:18:46.224  1559  1599 V WindowManager:   Final targets: [ChangeInfo{7a393c7 container=Task{a1bbe87 #4565 type=standard A=10280:com.google.android.youtube} flags=0x30}]
01-22 19:18:46.224  6422  6422 I VRI[Shell$HomeActivity]@f7863a5: onDisplayChanged oldDisplayState=2 newDisplayState=2
01-22 19:18:46.224  1248  1314 I SurfaceFlinger: id=497752 createSurf, flag=84004, Transition Root: Task=4565#497752
01-22 19:18:46.225  1559  1599 I SurfaceControlRegistry: show, t=StartTransaction_SyncId<37574> sc=ActivityRecord{48152262 u0 com.google.android.youtube/.app.honeycomb.Shell$HomeActivity t4565}, caller=android.view.SurfaceControl$Transaction.show:3557 com.android.server.wm.Transition.onTransactionReady:2048 com.android.server.wm.BLASTSyncEngine$SyncGroup.finishNow:240 com.android.server.wm.BLASTSyncEngine.onSurfacePlacement:263 com.android.server.wm.RootWindowContainer.performSurfacePlacementNoTrace:1083 com.android.server.wm.WindowSurfacePlacer.performSurfacePlacement:166 
01-22 19:18:46.225  1559  1599 D SurfaceComposerClient: setCornerRadius ## Task=4565#490973 cornerRadius=0.000000
01-22 19:18:46.225  1559  1599 V WindowManager: Calling onTransitionReady: {id=37574 t=CLOSE f=0x0 trk=0 r=[0@Point(0, 0)] c=[
01-22 19:18:46.225  1559  1599 V WindowManager:         {WCT{RemoteToken{57fbe6f Task{a1bbe87 #4565 type=standard A=10280:com.google.android.youtube}}} m=TO_FRONT f=MOVE_TO_TOP|EDGE_EXTENSION_RESTRICTION leash=Surface(name=Task=4565)/@0xa24a049 sb=Rect(0, 0 - 1440, 3120) eb=Rect(0, 0 - 1440, 3120) epz=Point(1440, 3120) d=0 taskParent=-1 inset=Rect(0, 113 - 0, 168) allowAppBgLayer=true}
01-22 19:18:46.225  1559  1599 V WindowManager:     ]}
01-22 19:18:46.226  1559  1599 D SurfaceComposerClient: setCornerRadius ## f394204 com.google.android.youtube/com.google.android.youtube.app.honeycomb.Shell$HomeActivity#493447 cornerRadius=0.000000
01-22 19:18:46.226  1559  1595 V WindowManager: Sent Transition (#37574) createdAt=01-22 19:18:45.928 via request=TransitionRequestInfo { type = CLOSE, triggerTask = TaskInfo{userId=0 taskId=4624 effectiveUid=10544 displayId=0 isRunning=true baseIntent=Intent { flg=0x10000000 cmp=org.tkideneb2.zeiterfassung/org.kivy.android.PythonActivity } baseActivity=ComponentInfo{org.tkideneb2.zeiterfassung/org.kivy.android.PythonActivity} topActivity=ComponentInfo{org.tkideneb2.zeiterfassung/org.kivy.android.PythonActivity} origActivity=null realActivity=ComponentInfo{org.tkideneb2.zeiterfassung/org.kivy.android.PythonActivity} numActivities=1 lastActiveTime=2541830003 supportsMultiWindow=true resizeMode=1 isResizeable=true minWidth=-1 minHeight=-1 maxWidth=-1 maxHeight=-1 defaultMinSize=220 desktopDefaultMinSize=304 token=WCT{RemoteToken{9e83207 Task{5bf6647 #4624 type=standard A=10544:org.tkideneb2.zeiterfassung}}} topActivityType=1 pictureInPictureParams=null shouldDockBigOverlays=false launchIntoPipHostTaskId=-1 lastParentTaskIdBeforePip=-1 displayCutoutSafeInsets=Rect(0, 112 - 0, 0) topActivityInfo=ActivityInfo{f859f34 org.kivy.android.PythonActivity} launchCookies=[] positionInParent=Point(0, 0) parentTaskId=-1 isFocused=true isVisible=true isVisibleRequested=true isTopActivityNoDisplay=false isSleeping=false locusId=null displayAreaFeatureId=1 isTopActivityTransparent=false isActivityStackTransparent=false lastNonFullscreenBounds=Rect(108, 752 - 1332, 2312) capturedLink=null capturedLinkTimestamp=0 requestedVisibleTypes=-9 topActivityRequestOpenInBrowserEducationTimestamp=0 appCompatTaskInfo=AppCompatTaskInfo { topActivityInSizeCompat=false eligibleForLetterboxEducation= false isLetterboxEducationEnabled= false isLetterboxDoubleTapEnabled= false eligibleForUserAspectRatioButton= false topActivityBoundsLetterboxed= false isFromLetterboxDoubleTap= false topActivityLetterboxVerticalPosition= -1 topActivityLetterboxHorizontalPosition= -1 topActivityLetterboxWidth=-1 topActivityLetterboxHeight=-1 topActivityAppBounds=Rect(0, 112 - 1440, 2952) isUserFullscreenOverrideEnabled=false isSystemFullscreenOverrideEnabled=false hasMinAspectRatioOverride=false topActivityLetterboxBounds=null cameraCompatTaskInfo=CameraCompatTaskInfo { freeformCameraCompatMode=inactive} topActivityBounds=null topActivityInDisplayCompat=false singleTapFromLetterbox=false} topActivityMainWindowFrame=null originallySupportedMultiWindow=true hasWallpaper=false rootAffinity=10544:org.tkideneb2.zeiterfassung isTopTaskInStage=false CoverLauncherWidgetTask=false LaunchedFromAppsCoverLauncherTask=false LaunchedFromMultistarCoverLauncherTask=false isAllowedSeamlessRotation=false isTopTransparentActivity=false isAliasManaged=false hasConfigChanged=false snappingGuideBounds=null isAiKeyRemoveAppTask=false lastDesktopWindowingBounds=null lastExternalDesktopWindowingBounds=null safeCutoutInsets=null}, pipChange = null, remoteTransition = null, displayChange = null, flags = 0, debugId = 37574 }
01-22 19:18:46.226  1559  1595 V WindowManager:     startWCT=WindowContainerTransaction { changes= {} hops= [] errorCallbackToken=null taskFragmentOrganizer=null }
01-22 19:18:46.226  1559  1595 V WindowManager:     info={id=37574 t=CLOSE f=0x0 trk=0 r=[0@Point(0, 0)] c=[
01-22 19:18:46.226  1559  1595 V WindowManager:         {WCT{RemoteToken{57fbe6f Task{a1bbe87 #4565 type=standard A=10280:com.google.android.youtube}}} m=TO_FRONT f=MOVE_TO_TOP|EDGE_EXTENSION_RESTRICTION leash=Surface(name=Task=4565)/@0xa24a049 sb=Rect(0, 0 - 1440, 3120) eb=Rect(0, 0 - 1440, 3120) epz=Point(1440, 3120) d=0 taskParent=-1 inset=Rect(0, 113 - 0, 168) allowAppBgLayer=true}
01-22 19:18:46.226  1559  1595 V WindowManager:     ]}
01-22 19:18:46.226  2814  5466 V WindowManagerShell: onTransitionReady(transaction=6695857118267)
01-22 19:18:46.226  1559  1599 D WindowManager: updateSystemBarAttributes: displayId=0, focusedCanBeNavColorWin=false, win=Window{f394204 u0 com.google.android.youtube/com.google.android.youtube.app.honeycomb.Shell$HomeActivity}, navColorWin=Window{f394204 u0 com.google.android.youtube/com.google.android.youtube.app.honeycomb.Shell$HomeActivity}, caller=com.android.server.wm.DisplayPolicy.finishPostLayoutPolicyLw:17 com.android.server.wm.RootWindowContainer.applySurfaceChangesTransaction$1:195 com.android.server.wm.RootWindowContainer.performSurfacePlacementNoTrace:59 
01-22 19:18:46.226  1559  1599 D WindowManager: updateSystemBarAttributes, bhv=2, apr=0, statusBarAprRegions=[AppearanceRegion{ bounds=[0,0][1440,3120]}], requestedVisibilities=-9
01-22 19:18:46.226  2814  2870 V WindowManagerShell: onTransitionReady (#37574) android.os.BinderProxy@eee2465: {id=37574 t=CLOSE f=0x0 trk=0 r=[0@Point(0, 0)] c=[
01-22 19:18:46.226  2814  2870 V WindowManagerShell:         {m=TO_FRONT f=MOVE_TO_TOP|EDGE_EXTENSION_RESTRICTION leash=Surface(name=Task=4565)/@0xd6f0f48 sb=Rect(0, 0 - 1440, 3120) eb=Rect(0, 0 - 1440, 3120) epz=Point(1440, 3120) d=0 taskParent=-1 inset=Rect(0, 113 - 0, 168) allowAppBgLayer=true}
01-22 19:18:46.226  2814  2870 V WindowManagerShell:     ]}
01-22 19:18:46.226  1559  1599 W PhoneWindowManager: lockNow pending, ignore updating lockscreen timeout
01-22 19:18:46.226  1559  1599 D SurfaceComposerClient: setCornerRadius ## f394204 com.google.android.youtube/com.google.android.youtube.app.honeycomb.Shell$HomeActivity#493447 cornerRadius=0.000000
01-22 19:18:46.226  2814  2814 D SamsungLightBarControlHelper: onStatusBarAppearanceChanged() -  sbModeChanged:false, statusBarMode:0, barState:MODE_TRANSPARENT, isKeyguardShowing:false, navbarColorManagedByIme:false, (AppearanceRegion{ bounds=[0,0][1440,3120]}, )
01-22 19:18:46.226  2814  2870 V ShellDesktopMode: DesktopModeLogger: taskInfo map after processing changes 0
01-22 19:18:46.226  2814  2870 D ShellDesktopMode: DesktopTaskChangeListener: onTaskMovingToFront for taskId=4565, displayId=0
01-22 19:18:46.226  2814  2870 I SurfaceControlRegistry: show, t=StartTransaction_SyncId<37574> sc=Task=4565, caller=android.view.SurfaceControl$Transaction.show:3557 com.android.wm.shell.transition.Transitions.dispatchReady:1279 com.android.wm.shell.transition.Transitions.onTransitionReady:251 com.android.wm.shell.transition.Transitions$TransitionPlayerImpl$$ExternalSyntheticLambda0.run:13 android.os.Handler.handleCallback:995 android.os.Handler.dispatchMessage:103 
01-22 19:18:46.226  2814  2870 I SurfaceControlRegistry: show, t=FinishTransaction_SyncId<37574> sc=Task=4565, caller=android.view.SurfaceControl$Transaction.show:3557 com.android.wm.shell.transition.Transitions.dispatchReady:1330 com.android.wm.shell.transition.Transitions.onTransitionReady:251 com.android.wm.shell.transition.Transitions$TransitionPlayerImpl$$ExternalSyntheticLambda0.run:13 android.os.Handler.handleCallback:995 android.os.Handler.dispatchMessage:103 
01-22 19:18:46.226  2814  2870 V WindowManagerShell: Playing animation for (#37574) android.os.BinderProxy@eee2465@0
01-22 19:18:46.226  2814  2870 I SurfaceControlRegistry: show, t=StartTransaction_SyncId<37574> sc=Transition Root: Task=4565, caller=android.view.SurfaceControl$Transaction.show:3557 com.android.wm.shell.transition.Transitions.playTransition:79 com.android.wm.shell.transition.Transitions.processReadyQueue:239 com.android.wm.shell.transition.Transitions.dispatchReady:1352 com.android.wm.shell.transition.Transitions.onTransitionReady:251 com.android.wm.shell.transition.Transitions$TransitionPlayerImpl$$ExternalSyntheticLambda0.run:13 
01-22 19:18:46.227  2814  2870 V ShellRecents: RecentsTransitionHandler.startAnimation: no controller found
01-22 19:18:46.227  2814  2870 V ShellDesktopMode: DesktopMixedTransitionHandler: No pending desktop transition
01-22 19:18:46.227  2814  2870 V WindowManagerShell: Transition doesn't have explicit remote, search filters for match for {id=37574 t=CLOSE f=0x0 trk=0 r=[0@Point(0, 0)] c=[{m=TO_FRONT f=MOVE_TO_TOP|EDGE_EXTENSION_RESTRICTION leash=Surface(name=Task=4565)/@0xd6f0f48 sb=Rect(0, 0 - 1440, 3120) eb=Rect(0, 0 - 1440, 3120) epz=Point(1440, 3120) d=0 taskParent=-1 inset=Rect(0, 113 - 0, 168) allowAppBgLayer=true}]}
01-22 19:18:46.227  2814  2870 V WindowManagerShell:  Checking filter Pair{{types=[] flags=0x0] notFlags=0x100 checks=[{atype=home independent=true modes=[OPEN,TO_FRONT] flags=NONE mustBeTask=false order=TOP topActivity=ComponentInfo{com.sec.android.app.launcher/com.sec.android.app.launcher.Launcher} launchCookie=null windowingMode=undefined},{atype=recents independent=true modes=[CLOSE,TO_BACK] flags=NONE mustBeTask=false order=ANY topActivity=null launchCookie=null windowingMode=undefined}]} RemoteTransition { remoteTransition = android.window.IRemoteTransition$Stub$Proxy@f654cfb, appThread = android.app.IApplicationThread$Stub$Proxy@b87118, debugName = QuickstepLaunchHomeFromRecentsflags =NONE }}
01-22 19:18:46.227  1559  5960 D MediaRouterService: Client com.google.android.youtube (pid 6422): Set discovery request, routeTypes=0x800001, activeScan=false
01-22 19:18:46.227  2814  2870 V WindowManagerShell:  Checking filter Pair{{types=[] flags=0x0] notFlags=0x100 checks=[{atype=home independent=true modes=[OPEN,TO_FRONT] flags=NONE mustBeTask=false order=TOP topActivity=ComponentInfo{com.sec.android.app.launcher/com.sec.android.app.launcher.Launcher} launchCookie=null windowingMode=undefined},{atype=standard independent=true modes=[CLOSE,TO_BACK] flags=NONE mustBeTask=false order=ANY topActivity=null launchCookie=null windowingMode=undefined}]} RemoteTransition { remoteTransition = android.window.IRemoteTransition$Stub$Proxy@18da771, appThread = android.app.IApplicationThread$Stub$Proxy@4bae956, debugName = QuickstepLaunchHomeflags =NONE }}
01-22 19:18:46.227  2814  2870 V WindowManagerShell:  Delegate animation for (#37574) to null
01-22 19:18:46.227  2814  2870 V WindowManagerShell: start default transition animation, info = {id=37574 t=CLOSE f=0x0 trk=0 r=[0@Point(0, 0)] c=[{m=TO_FRONT f=MOVE_TO_TOP|EDGE_EXTENSION_RESTRICTION leash=Surface(name=Task=4565)/@0xd6f0f48 sb=Rect(0, 0 - 1440, 3120) eb=Rect(0, 0 - 1440, 3120) epz=Point(1440, 3120) d=0 taskParent=-1 inset=Rect(0, 113 - 0, 168) allowAppBgLayer=true}]}
01-22 19:18:46.228  1559  2656 D BackgroundInstallControlService: Package event received: 0
01-22 19:18:46.228  2814  2870 V WindowManagerShell: loadAnimation: anim=android.view.animation.AnimationSet@1b57b1d animAttr=0xa type=CLOSE isEntrance=true
01-22 19:18:46.228  2814  2870 V WindowManagerShell:    wallpaperTransit=WALLPAPER_NONE translucent=false
01-22 19:18:46.228  2814  2870 V WindowManagerShell:    change={m=TO_FRONT f=MOVE_TO_TOP|EDGE_EXTENSION_RESTRICTION leash=Surface(name=Task=4565)/@0xd6f0f48 sb=Rect(0, 0 - 1440, 3120) eb=Rect(0, 0 - 1440, 3120) epz=Point(1440, 3120) d=0 taskParent=-1 inset=Rect(0, 113 - 0, 168) allowAppBgLayer=true}
01-22 19:18:46.229  2814  2870 I SurfaceControlRegistry: apply, t=StartTransaction_SyncId<37574>, caller=android.view.SurfaceControl$Transaction.apply:3459 android.view.SurfaceControl$Transaction.apply:3447 android.view.SurfaceControl$Transaction.apply:3397 com.android.wm.shell.transition.DefaultTransitionHandler.startAnimation:3387 com.android.wm.shell.transition.Transitions.dispatchTransition:90 com.android.wm.shell.transition.Transitions.playTransition:774 
01-22 19:18:46.230  2814  2870 V WindowManagerShell:  animated by com.android.wm.shell.transition.DefaultTransitionHandler@332c35c
01-22 19:18:46.230  6422  6560 D ConnectivityManager: StackLog: [android.net.ConnectivityManager.sendRequestForNetwork(ConnectivityManager.java:4736)] [android.net.ConnectivityManager.sendRequestForNetwork(ConnectivityManager.java:4904)] [android.net.ConnectivityManager.registerNetworkCallback(ConnectivityManager.java:5321)] [android.net.ConnectivityManager.registerNetworkCallback(ConnectivityManager.java:5291)] [akkv.b(PG:34)] [ajdk.u(PG:193)] [aitu.m(PG:19)] [agfk.call(PG:445)] [atjr.call(PG:17)] [atmh.a(PG:3)] [atll.run(PG:19)] [atmi.run(PG:5)] [atep.run(PG:44)] [stn.run(PG:677)] [ezw.run(PG:975)] [java.lang.Thread.run(Thread.java:1119)] [stl.run(PG:61)]
01-22 19:18:46.230  1248  1248 I SurfaceFlinger: RequestedLayer [3ee5669 SurfaceView[com.google.andro[...]neycomb.Shell$HomeActivity]@0#497749] hidden!! flag  from(1) --> to(0)
01-22 19:18:46.230  1248  1248 I SurfaceFlinger: RequestedLayer [Bounds for - com.google.android.yout[...]neycomb.Shell$HomeActivity@23#497748] hidden!! flag  from(1) --> to(0)
01-22 19:18:46.230  1248  1248 I SurfaceFlinger: RequestedLayer [Background for 3ee5669 SurfaceView[c[...]neycomb.Shell$HomeActivity]@0#497751] hidden!! flag  from(1) --> to(0)
01-22 19:18:46.230  1248  1248 I SurfaceFlinger: RequestedLayer [com.google.android.youtube/com.googl[...]comb.Shell$HomeActivity$_6422#497745] hidden!! flag  from(1) --> to(0)
01-22 19:18:46.230  1248  1248 I SurfaceFlinger: RequestedLayer [Transition Root: Task=4565#497752] hidden!! flag  from(1) --> to(0)
01-22 19:18:46.230  1248  1248 I SurfaceFlinger: RequestedLayer [ActivityRecord{48152262 u0 com.googl[...]omb.Shell$HomeActivity t4565}#490974] hidden!! flag  from(1) --> to(0)
01-22 19:18:46.230  1248  1248 I SurfaceFlinger: RequestedLayer [Task=4565#490973] hidden!! flag  from(1) --> to(0)
01-22 19:18:46.230  1248  1248 I SurfaceFlinger: [LayerHierarchy{RequestedLayerState{Task=4624#497744 z=18} no children}] reparent to OffscreenRoot
01-22 19:18:46.230  1248  1248 I SurfaceFlinger: [LayerHierarchy{RequestedLayerState{Task=4624#497744 z=18} no children}] RelativeParent to null
01-22 19:18:46.230  1248  1248 I SurfaceFlinger: [LayerHierarchy{RequestedLayerState{Background for 3ee5669 SurfaceView[com.google.android.youtube/com.google.android.youtube.app.honeycomb.Shell$HomeActivity]@0#497751 parentId=497749 relativeParentId=497745 z=-2147483648} no children}] RelativeParent to LayerHierarchy{RequestedLayerState{com.google.android.youtube/com.google.android.youtube.app.honeycomb.Shell$HomeActivity$_6422#497745 parentId=493447} 2 children}
01-22 19:18:46.230  1248  1248 I SurfaceFlinger: [LayerHierarchy{RequestedLayerState{Task=4565#490973 parentId=497752 z=2} 1 children}] reparent to LayerHierarchy{RequestedLayerState{Transition Root: Task=4565#497752 parentId=10 z=17} 1 children}
01-22 19:18:46.230  1248  1248 I SurfaceFlinger: [LayerHierarchy{RequestedLayerState{ActivityRecord{254619014 u0 org.tkideneb2.zeiterfassung/org.kivy.android.PythonActivity t4624}#497722} 1 children}] reparent to OffscreenRoot
01-22 19:18:46.230  1248  1248 I SurfaceFlinger: [LayerHierarchy{RequestedLayerState{ActivityRecord{254619014 u0 org.tkideneb2.zeiterfassung/org.kivy.android.PythonActivity t4624}#497722} 1 children}] RelativeParent to null
01-22 19:18:46.230  1248  1248 I SurfaceFlinger: [LayerHierarchy{RequestedLayerState{Task=4624#497721 z=18} no children}] reparent to OffscreenRoot
01-22 19:18:46.230  1248  1248 I SurfaceFlinger: [LayerHierarchy{RequestedLayerState{Task=4624#497721 z=18} no children}] RelativeParent to null
01-22 19:18:46.230  1248  1248 I SurfaceFlinger: [LayerHierarchy{RequestedLayerState{3ee5669 SurfaceView[com.google.android.youtube/com.google.android.youtube.app.honeycomb.Shell$HomeActivity]@0#497749 parentId=497748 relativeParentId=497745 z=-2} 2 children}] RelativeParent to LayerHierarchy{RequestedLayerState{com.google.android.youtube/com.google.android.youtube.app.honeycomb.Shell$HomeActivity$_6422#497745 parentId=493447} 3 children}
01-22 19:18:46.230  1248  1248 I SurfaceFlinger: [Transition Root: Task=4565#497752] attach to parent LayerHierarchy{RequestedLayerState{DefaultTaskDisplayArea_d0#10 parentId=9} 22 children}
01-22 19:18:46.232  1559  1598 I DisplayDeviceRepository: Display device changed render timings: "Integrierter Bildschirm", renderFrameRate=120.00001, presentationDeadlineNanos=9333333, appVsyncOffsetNanos=8333333, frameRateOverrides=[{uid=10056 frameRateHz=120.00001}, {uid=10159 frameRateHz=120.00001}, {uid=10280 frameRateHz=120.00001}]
01-22 19:18:46.232  1559  2592 D ConnectivityService: Rematched networks [computed 0ms] [applied 0ms] [issued 0]
01-22 19:18:46.232  1559  2592 D ConnectivityService: NetworkReassignment : no changes
01-22 19:18:46.232  1559  1599 W PhoneWindowManager: lockNow pending, ignore updating lockscreen timeout
01-22 19:18:46.232  1559  1599 D SurfaceComposerClient: setCornerRadius ## f394204 com.google.android.youtube/com.google.android.youtube.app.honeycomb.Shell$HomeActivity#493447 cornerRadius=0.000000
01-22 19:18:46.233  1248  1248 D SurfaceFlinger: Display 4633128672291736003 HWC layers:
01-22 19:18:46.233  1248  1248 D SurfaceFlinger:   SOLID_COLOR |                        0 | 00000002 | N/A          |    0.0    0.0    0.0    0.0 |    0  113 1020  923 | Background for 3ee5669 SurfaceView[c[...]neycomb.Shell$HomeActivity]@0#497751 (0)
01-22 19:18:46.233  1248  1248 D SurfaceFlinger:        DEVICE |           27582280334916 | 00002100 | RGBA_8888    |  420.0    0.0 1440.0 3120.0 |    0    0 1020 3120 | com.google.android.youtube/com.googl[...]comb.Shell$HomeActivity$_6422#497745 (1)
01-22 19:18:46.233  1248  1248 D SurfaceFlinger:        DEVICE |           12086038195121 | 00002100 | RGBA_8888    |    0.0    0.0 1440.0  113.0 |    0    0 1440  113 | StatusBar$_2814#110 (1790765)
01-22 19:18:46.233  1248  1248 D SurfaceFlinger:        DEVICE |           13932874057998 | 00002100 | RGBA_8888    |    0.0    0.0   67.0  675.0 | 1373 1846 1440 2521 | com.sec.android.app.launcher/com.sam[...].app.CocktailBarService$_3244#497738 (1)
01-22 19:18:46.233  1248  1248 D SurfaceFlinger:        DEVICE |           12086038195122 | 00002100 | RGBA_8888    |    0.0    0.0 1440.0  168.0 |    0 2952 1440 3120 | NavigationBar0$_2814#108 (960204)
01-22 19:18:46.233  1248  1248 D SurfaceFlinger: 
01-22 19:18:46.233  1559  6211 D InputDispatcher: Focus entered window (0): f394204 com.google.android.youtube/com.google.android.youtube.app.honeycomb.Shell$HomeActivity
01-22 19:18:46.246  3244  3244 I HoneySpace.EdgePanel.EdgeVisibilityRepository: getComputedTrayVisible : keyguardState = 1
01-22 19:18:46.246  3244  3244 I HoneySpace.EdgePanel.EdgeVisibilityRepository: updateTrayVisible: State = 0x1, visible = true, current containerState = 0, specificMode = 0
01-22 19:18:46.246  3244  3244 I HoneySpace.EdgePanel.EdgeVisibilityRepository: Same container state 0
01-22 19:18:46.250  1559  2606 D MdnieScenarioControlService: Use Current User
01-22 19:18:46.252  1559  2606 V MdnieScenarioControlService: hdr_effect_enable : false , app_setting_value : true
01-22 19:18:46.252  1559  2606 V MdnieScenarioControlService: mAclOffEnabled : false mHighDynamicRangeEnabled : false
01-22 19:18:46.254  1559  2606 I SemMdnieManagerService: DDI setContentMode : 1
01-22 19:18:46.254  1559  2606 V MdnieScenarioControlService: Calling MdnieManager API(setContentMode(1))
01-22 19:18:46.254  1559  2606 D SemDisplaySolutionManagerService: uid : 1000 , pid : 1559 , name : brightness_scale_off
01-22 19:18:46.254  1559  2606 D SemDisplaySolutionManagerService: where : application what : DEFAULT setScreenBrightnessScaleFactor(1.0) , mBrightnessCompensation : 1.0 , PMS value : 1.0
01-22 19:18:46.254  1559  2606 D PowerManagerService: [api] setScreenBrightnessScaleFactor: scaleFactor: 1.0 (uid: 1000 pid: 1559)
01-22 19:18:46.254  1559  2606 D SemDisplaySolutionManagerService: Normal Mode setMultipleScreenBrightness , application, DEFAULT, 1.0
01-22 19:18:46.254  1559  2606 V MdnieScenarioControlService: Calling SemDisplaySolutionManager API(setMultipleScreenBrightness(0)
01-22 19:18:46.255  1239 26816 D AudioFlinger: setParameters: filtered dev setParameters keyvalue audioHDR=0
01-22 19:18:46.255  1187  1187 D audio_hw_primary: device-adev_set_parameters: enter
01-22 19:18:46.255  1187  1187 D audio_hw_primary: device-adev_set_parameters: param (audioHDR=0)
01-22 19:18:46.255  1559  2606 V MdnieScenarioControlService: setVideoMode from Video function
01-22 19:18:46.256  1559  2656 D BackgroundInstallControlService: Package event received: 0
01-22 19:18:46.261  1559  2656 D BackgroundInstallControlService: Package event received: 0
01-22 19:18:46.264  6422  6422 I View    : setRequestedFrameRate frameRate=-1.0, this=com.google.android.apps.youtube.app.common.ui.cinematics.CinematicImageView{134eeef V.ED..... ......ID 0,0-1440,113 #7f0b03dd app:id/cinematic_image_background}, caller=pea.b:555 pcb.a:953 bndk.ps:9 bmhx.ps:3 bmhv.ps:24 
01-22 19:18:46.265  6422  6422 I View    : setRequestedFrameRate frameRate=-1.0, this=com.google.android.apps.youtube.app.common.ui.cinematics.CinematicImageView{30bdfc G.ED..... ......ID 0,0-1440,0 #7f0b03de app:id/cinematic_scrim}, caller=pea.b:558 pcb.a:953 bndk.ps:9 bmhx.ps:3 bmhv.ps:24 
01-22 19:18:46.270  6422  6422 I InsetsSourceConsumer: applyRequestedVisibilityToControl: visible=true, type=statusBars, host=com.google.android.youtube/com.google.android.youtube.app.honeycomb.Shell$HomeActivity
01-22 19:18:46.271  6422  6422 I InsetsSourceConsumer: applyRequestedVisibilityToControl: visible=true, type=navigationBars, host=com.google.android.youtube/com.google.android.youtube.app.honeycomb.Shell$HomeActivity
01-22 19:18:46.272  6422  6422 D VRI[Shell$HomeActivity]@f7863a5: mThreadedRenderer.initializeIfNeeded()#2 mSurface={isValid=true 0xb400006d471f9320}
01-22 19:18:46.273  6422  6422 D InputMethodManagerUtils: startInputInner - Id : 0
01-22 19:18:46.273  6422  6422 I InputMethodManager: startInputInner - IInputMethodManagerGlobalInvoker.startInputOrWindowGainedFocus
01-22 19:18:46.274  1559  2226 V InputMethodManagerService: startInputOrWindowGainedFocusInternalLocked: reason=WINDOW_FOCUS_GAIN client=android.os.BinderProxy@a2f53ca inputContext=null editorInfo=android.view.inputmethod.EditorInfo@310ad53 startInputFlags=VIEW_HAS_FOCUS|INITIAL_CONNECTION softInputMode=STATE_UNSPECIFIED|ADJUST_RESIZE windowFlags=#81810100 unverifiedTargetSdkVersion=36 bindingController=com.android.server.inputmethod.InputMethodBindingController@905be2c imeDispatcher=android.window.ImeOnBackInvokedDispatcher@41b4690 cs=ClientState{73b9c48 mUid=10280 mPid=6422 mSelfReportedDisplayId=0} imeRequestedVisible=false
01-22 19:18:46.274  1559  2226 V InputMethodManagerService: setWindowStateInner, windowToken=android.os.BinderProxy@a8c5e17, state=ImeTargetWindowState{ imeToken null imeFocusChanged true hasEditorFocused false requestedImeVisible false imeDisplayId 0 softInputModeState STATE_UNSPECIFIED|ADJUST_RESIZE isStartInputByGainFocus true}
01-22 19:18:46.274  1559  2226 V InputMethodManagerService: Unspecified window will hide input
01-22 19:18:46.274  1559  2226 I ImeTracker: com.google.android.youtube:1258c6eb: onRequestHide at ORIGIN_SERVER reason HIDE_UNSPECIFIED_WINDOW fromUser false
01-22 19:18:46.274  1559  2226 V InputMethodManagerService: applyImeVisibility state=6
01-22 19:18:46.275  1559  2226 D SemInputMethodManagerServiceUtil: restorePreviousUsedInputMethod : failed to return the previous ime becuase the stored info is null or do not need restore
01-22 19:18:46.275  1559  2226 V InputMethodManagerService: semComputeImeDisplayIdForTarget: displayToShowIme=0
01-22 19:18:46.275  1559  2226 V InputMethodManagerService: Creating new accessibility sessions for client ClientState{73b9c48 mUid=10280 mPid=6422 mSelfReportedDisplayId=0}
01-22 19:18:46.275  1559  2226 D InputMethodManagerService: isImeSwitcherDisabledPackage : false
01-22 19:18:46.275  1559  2226 D InputMethodManagerService: shouldShowImeSwitcherLocked : checking vis : 3
01-22 19:18:46.275  1559  2226 V InputMethodManagerService: Enabling: SessionState{uid=10280 pid=6422 method=e708de4 session=96ac863 channel=ClientState{73b9c48 mUid=10280 mPid=6422 mSelfReportedDisplayId=0} userId=0}
01-22 19:18:46.275  1559  2226 D InputMethodManagerService: checkDisplayOfStartInputAndUpdateKeyboard: displayId=0, mFocusedDisplayId=0
01-22 19:18:46.275  1559  2226 D InputTransport: Input channel constructed: 'ClientS', fd=1285
01-22 19:18:46.275  1559  2226 D InputTransport: Input channel destroyed: 'ClientS', fd=1285
01-22 19:18:46.275  6422 32240 D InputTransport: Input channel constructed: 'ClientS', fd=204
01-22 19:18:46.275  6627  6627 I HBD     : HoneyBoardService onFinishInput 
01-22 19:18:46.275  1559  5960 D RestrictionPolicy: isScreenCaptureEnabled : ret=true userId=0
01-22 19:18:46.275  6627  6627 I HBD     : a IC have been unbinding,  RemoteInputConnection{idHash=#9fd351}
01-22 19:18:46.275  6627  6627 I HBD     : HoneyBoardService [PF_CL][onFinishInput]  0 ms 
01-22 19:18:46.276  6627  6627 I HBD     : HoneyBoardService [IMI] onStartInput - caller pid : 6422 , caller uid : 10280 
01-22 19:18:46.276  6627  6627 I HBD     : r updateConfigs 
01-22 19:18:46.276  6627  6627 I HBD     : r isEnabledNightMode : true 
01-22 19:18:46.276  1559  5960 I WindowManager: Cancelling animation restarting=true, leash=Surface(name=Surface(name=589b7ad InputMethod)/@0xcf7a0af - animation-leash of insets_animation)/@0x834467b
01-22 19:18:46.276  1559  5960 I WindowManager: Reparenting to original parent: Surface(name=WindowToken{b4073a9 type=2011 android.os.Binder@a326b30})/@0x3934ae1, destroy=false, surface=Surface(name=589b7ad InputMethod)/@0xcf7a0af
01-22 19:18:46.276  6627  6627 I HBD     : a IC have been binding, RemoteInputConnection{idHash=#1066745} 
01-22 19:18:46.276  6627  6627 I HBD     : h [EditorInputType]setPrivateImeOptionsToTable privateImeOptions ( null )
01-22 19:18:46.276  6627  6627 I HBD     : b incognitoMode : false 
01-22 19:18:46.276  1559  5960 I WindowManager: Reparenting to leash, surface=Surface(name=589b7ad InputMethod)/@0xcf7a0af, leashParent=Surface(name=WindowToken{b4073a9 type=2011 android.os.Binder@a326b30})/@0x3934ae1
01-22 19:18:46.276  6627  6627 I HBD     : f needOff = true , isForceOff = false, isNullInputClass : true 
01-22 19:18:46.276  6627  6627 I HBD     : h getDefaultInputRange : UNKNOWN 
01-22 19:18:46.276  6627  6627 I HBD     : h getDefaultInputRange : UNKNOWN 
01-22 19:18:46.276  6627  6627 I HBD     : h getDefaultInputRange : UNKNOWN 
01-22 19:18:46.276  1248  1549 I SurfaceFlinger: id=497753 createSurf, flag=24004, Surface(name=589b7ad InputMethod)/@0xcf7a0af - animation-leash of insets_animation#497753
01-22 19:18:46.276  1559  5960 D WindowManager: makeSurface duration=0 leash=Surface(name=Surface(name=589b7ad InputMethod)/@0xcf7a0af - animation-leash of insets_animation)/@0xb963bbc
01-22 19:18:46.276  6627  6627 I HBD     : i [AiWriter] isChildBlockCase:
01-22 19:18:46.276  1559  5960 D InsetsSourceProvider: updateControlForTarget: control=InsetsSourceControl: {3 mType=ime mSurfacePosition=Point(0, 113) mInsetsHint=Insets{left=0, top=0, right=0, bottom=1326}}, target=Window{f394204 u0 com.google.android.youtube/com.google.android.youtube.app.honeycomb.Shell$HomeActivity}, from=com.android.server.wm.ImeInsetsSourceProvider.updateControlForTarget:17 com.android.server.wm.InsetsStateController.onControlTargetChanged:83 com.android.server.wm.DisplayContent.updateImeControlTarget:21 com.android.server.wm.DisplayContent.updateImeInputAndControlTarget:156 com.android.server.wm.WindowManagerService$LocalService.updateInputMethodTargetWindow:64 
01-22 19:18:46.276  1559  5960 I ImeTracker: system_server:f4d6d4db: onRequestHide at ORIGIN_SERVER reason IME_REQUESTED_CHANGED_LISTENER fromUser false
01-22 19:18:46.277  4428  4476 I SamsungAccount: [AccountManagerProvider] isChildAccount
01-22 19:18:46.277  4428  4476 I SamsungAccount: [AccountManagerProvider] Calling package : android.honeyboard.
01-22 19:18:46.278  1559  1599 W PhoneWindowManager: lockNow pending, ignore updating lockscreen timeout
01-22 19:18:46.278  1205  1256 I HYPER-HAL: [RequestManager.cpp]acquire(): Acquired ID : 68781847  [1213 / 184520]    HINT :      list : [UCLAMP_MIN_BOOST / 50] [TID / 12962] [TID / 12963] [TID / 6422] [TID / 12687] 
01-22 19:18:46.278  1559  1599 D SurfaceComposerClient: setCornerRadius ## f394204 com.google.android.youtube/com.google.android.youtube.app.honeycomb.Shell$HomeActivity#493447 cornerRadius=0.000000
01-22 19:18:46.279  1205  1256 I HYPER-HAL: [RequestManager.cpp]acquire(): Acquired ID : 68781847  [1213 / 184520]    HINT :      list : [UCLAMP_MIN_BOOST / 100] [TID / 12962] [TID / 12963] [TID / 6422] [TID / 12687] 
01-22 19:18:46.279  4428  4476 I SamsungAccount: [SignatureInfoDbHelper] searchOnUser(fromDb) - [10/lfgff][android.honeyboard.][64/3291d] => matched
01-22 19:18:46.279  4428  4476 I SamsungAccount: [AccountManagerProvider] This is the access of the allowed application
01-22 19:18:46.279  4428  4476 I SamsungAccount: [AccountManagerUtil] isSamsungAccountSignedIn : true
01-22 19:18:46.279  1205  1256 I HYPER-HAL: [RequestManager.cpp]acquire(): Acquired ID : 68781847  [1213 / 184520]    HINT :      list : [UCLAMP_MIN_BOOST / 150] [TID / 12962] [TID / 12963] [TID / 6422] [TID / 12687] 
01-22 19:18:46.279  1559  1598 V InputMethodManagerService: Client requesting input be hidden
01-22 19:18:46.279  1559  1598 V InputMethodManagerService: setWindowStateInner, windowToken=android.os.BinderProxy@a8c5e17, state=ImeTargetWindowState{ imeToken android.os.Binder@961ae9a imeFocusChanged true hasEditorFocused false requestedImeVisible false imeDisplayId 0 softInputModeState STATE_UNSPECIFIED|ADJUST_RESIZE isStartInputByGainFocus true}
01-22 19:18:46.279  1559  1598 I ImeTracker: system_server:f4d6d4db: onCancelled at PHASE_SERVER_SHOULD_HIDE
01-22 19:18:46.279  1559  1598 V InputMethodManagerService: hideCurrentInputLocked : canceled, shouldHideSoftInput=false, mInputShown=false, mImeWindowVis=0
01-22 19:18:46.279  4428  4476 I SamsungAccount: [TPMU]  SIMState     :SIM_STATE_READY
01-22 19:18:46.280  4428  4476 I SamsungAccount: [CountryCodeUtil] isChinaCountryCode : false
01-22 19:18:46.280  6422  6560 W HWUI    : Warning: Reusing an immutable bitmap as an image decoder target.
01-22 19:18:46.280  1248  1248 I SurfaceFlinger: [Surface(name=589b7ad InputMethod)/@0xcf7a0af - animation-leash of insets_animation#497753] attach to parent LayerHierarchy{RequestedLayerState{WindowToken{b4073a9 type=2011 android.os.Binder@a326b30}#144 parentId=15} 2 children}
01-22 19:18:46.280  6422  6422 I View    : setRequestedFrameRate frameRate=-1.0, this=com.google.android.apps.youtube.app.common.ui.cinematics.CinematicImageView{640228d V.ED..... ......ID 0,0-1440,1693 #7f0b03dd app:id/cinematic_image_background}, caller=pck.a:303 bndk.ps:9 bmkm.a:40 bmkk.run:18 bnck.run:11 
01-22 19:18:46.280  4428  4476 I SamsungAccount: [TPMU] getMccFromUsim
01-22 19:18:46.281  4428  4476 I SamsungAccount: [MccManager] saveMccToPreference Start
01-22 19:18:46.281  6422  6422 I View    : setRequestedFrameRate frameRate=-1.0, this=com.google.android.apps.youtube.app.common.ui.cinematics.CinematicImageView{9e3dc42 V.ED..... ......ID 0,0-1440,810 #7f0b03de app:id/cinematic_scrim}, caller=pck.a:308 bndk.ps:9 bmkm.a:40 bmkk.run:18 bnck.run:11 
01-22 19:18:46.281  4428  4476 I SamsungAccount: [MccManager] saveMccToPreference, mcc is same with previous mcc
01-22 19:18:46.281  4428  4476 I SamsungAccount: [ChildAccountSupportedListManager] getSupportedListFromPreference from cache
01-22 19:18:46.281  4428  4476 I SamsungAccount: [TPMU]  SIMState     :SIM_STATE_READY
01-22 19:18:46.281  4428  4476 I SamsungAccount: [CountryCodeUtil] isChinaCountryCode : false
01-22 19:18:46.282  4428  4476 I SamsungAccount: [TPMU] getMccFromUsim
01-22 19:18:46.282  4428  4476 I SamsungAccount: [MccManager] saveMccToPreference Start
01-22 19:18:46.282  4428  4476 I SamsungAccount: [MccManager] saveMccToPreference, mcc is same with previous mcc
01-22 19:18:46.282  4428  4476 I SamsungAccount: [FamilyGroupUtil] meetKoreaCountryCondition(beforeSignUp=false): false
01-22 19:18:46.282  4428  4476 I SamsungAccount: [ChildAccountSupportedListManager] getSupportedListFromPreference from cache
01-22 19:18:46.282  4428  4476 I SamsungAccount: [TPMU]  SIMState     :SIM_STATE_READY
01-22 19:18:46.282  4428  4476 I SamsungAccount: [CountryCodeUtil] isChinaCountryCode : false
01-22 19:18:46.283  4428  4476 I SamsungAccount: [TPMU] getMccFromUsim
01-22 19:18:46.283  4428  4476 I SamsungAccount: [MccManager] saveMccToPreference Start
01-22 19:18:46.283  4428  4476 I SamsungAccount: [MccManager] saveMccToPreference, mcc is same with previous mcc
01-22 19:18:46.283  4428  4476 I SamsungAccount: [FamilyGroupUtil] meetServerCountryCondition(beforeSignUp=false): true
01-22 19:18:46.283  4428  4476 I SamsungAccount: [TPMU]  SIMState     :SIM_STATE_READY
01-22 19:18:46.283  4428  4476 I SamsungAccount: [CountryCodeUtil] isChinaCountryCode : false
01-22 19:18:46.284  4428  4476 I SamsungAccount: [TPMU] getMccFromUsim
01-22 19:18:46.284  4428  4476 I SamsungAccount: [MccManager] saveMccToPreference Start
01-22 19:18:46.284  4428  4476 I SamsungAccount: [MccManager] saveMccToPreference, mcc is same with previous mcc
01-22 19:18:46.284  4428  4476 I SamsungAccount: [FamilyGroupUtil] meetKoreaOneUiCondition: false
01-22 19:18:46.284  4428  4476 I SamsungAccount: [ChildAccountSupportedListManager] getSupportedListFromPreference from cache
01-22 19:18:46.284  4428  4476 I SamsungAccount: [FamilyGroupUtil] meetServerOneUiCondition: true
01-22 19:18:46.284  4428  4476 I SamsungAccount: [FamilyGroupUtil] isSupportFamilyService: true
01-22 19:18:46.284  4428  4476 I SamsungAccount: [ChildAccount] isChildAccount : false
01-22 19:18:46.284  4428  4476 I SamsungAccount: [AccountManagerProvider] makeResultBundle - resultCode : 0
01-22 19:18:46.284  1559  1849 D PackageManager: Don't send PACKAGE_CHANGED for com.samsung.android.heartplugin by WorkManager
01-22 19:18:46.284  6627  6627 I HBD     : i [AiWriter] isChildAccount:false
01-22 19:18:46.285  6627  6627 I HBD     : f needOff = true , isForceOff = false, isNullInputClass : true 
01-22 19:18:46.285  6627  6627 I HBD     : f update cached prediction status : false 
01-22 19:18:46.285  6627  6627 I HBD     : h getDefaultInputRange : UNKNOWN 
01-22 19:18:46.285  6627  6627 I HBD     : a currentState : 0 
01-22 19:18:46.285  6627  6627 I HBD     : a [UpdatePolicy] [post] a: 0 cl: 1048576 kit: [0/6] vt: 0 ir: 1 
01-22 19:18:46.286  6422  6422 I InputMethodManager: handleMessage: setImeVisibility visible=false
01-22 19:18:46.286  6422  6422 D InsetsController: hide(ime(), fromIme=false)
01-22 19:18:46.286  6422  6422 I ImeTracker: com.google.android.youtube:1258c6eb: onCancelled at PHASE_CLIENT_ALREADY_HIDDEN
01-22 19:18:46.287  1248  1248 D SurfaceFlinger: GPIS:: requestGpisForSFSluggish
01-22 19:18:46.288 17353  7449 I DiscoveryManager: Discovery state (DiscoveryState{filterCriteria=[233637DE], categoryToCriteria={com.google.android.gms.cast.CATEGORY_CAST/233637DE///ALLOW_IPV6=[233637DE]}, activeScan=false, activeScanWithScreenOff=false, discoveryRequestSupportsDynamicSession=false})
01-22 19:18:46.289  1248  1248 I SurfaceFlinger: RequestedLayer [Surface(name=589b7ad InputMethod)/@0[...]ion-leash of insets_animation#497753] hidden!! flag  from(1) --> to(0)
01-22 19:18:46.289  1248  1248 E SurfaceFlinger: alpha changed 1.000 -> 0.000 - Surface(name=589b7ad InputMethod)/@0xcf7a0af - animation-leash of insets_animation#497753
01-22 19:18:46.289  1248  1248 I SurfaceFlinger: [LayerHierarchy{RequestedLayerState{ImeContainer#15 parentId=490974 relativeParentId=493447 z=1} 1 children}] reparent to LayerHierarchy{RequestedLayerState{ActivityRecord{48152262 u0 com.google.android.youtube/.app.honeycomb.Shell$HomeActivity t4565}#490974 parentId=490973} 3 children}
01-22 19:18:46.289  1248  1248 I SurfaceFlinger: [LayerHierarchy{RequestedLayerState{ImeContainer#15 parentId=490974 relativeParentId=493447 z=1} 1 children}] RelativeParent to LayerHierarchy{RequestedLayerState{f394204 com.google.android.youtube/com.google.android.youtube.app.honeycomb.Shell$HomeActivity#493447 parentId=490974} 2 children}
01-22 19:18:46.289  1248  1248 I SurfaceFlinger: [LayerHierarchy{RequestedLayerState{589b7ad InputMethod#161 parentId=497753} no children}] reparent to LayerHierarchy{RequestedLayerState{Surface(name=589b7ad InputMethod)/@0xcf7a0af - animation-leash of insets_animation#497753 parentId=144} 1 children}
01-22 19:18:46.289  1248  1248 I SurfaceFlinger: [LayerHierarchy{RequestedLayerState{Surface(name=589b7ad InputMethod)/@0xcf7a0af - animation-leash of insets_animation#497743} no children}] reparent to OffscreenRoot
01-22 19:18:46.289  1248  1248 I SurfaceFlinger: [LayerHierarchy{RequestedLayerState{Surface(name=589b7ad InputMethod)/@0xcf7a0af - animation-leash of insets_animation#497743} no children}] RelativeParent to null
01-22 19:18:46.289 17353  7449 W DatabaseProcessor: processLocalDevices: failed to get the network info with non-null networkId.
01-22 19:18:46.290  1248  1549 I SurfaceFlinger: id=497743 Removed Surface(name=589b7ad InputMethod)/@0xcf7a0af - animation-leash of insets_animation#497743 (191)
01-22 19:18:46.290 17353 17353 I CastMediaRouteProvider: Published 0 routes
01-22 19:18:46.290  6627  6627 I HBD     : a [NRIC] resetNoResponseState 
01-22 19:18:46.290  6627  6627 I HBD     : f needOff = true , isForceOff = false, isNullInputClass : true 
01-22 19:18:46.290  6627  6627 I HBD     : f update cached prediction status : false 
01-22 19:18:46.290  6627  6627 I HBD     : b [AiWriter] setContact : com.google.android.youtube
01-22 19:18:46.290  6627  6627 I HBD     : a [AiWriter] setContact : com.google.android.youtube
01-22 19:18:46.291  6627  6627 I HBD     : F EBD si S 0 
01-22 19:18:46.291  6627  6627 I HBD     : m updateContactDBLanguage : 1048576 
01-22 19:18:46.291  6627  6627 I HBD     : g isCoverDisplay : false, cached selected json info : SelectedLanguageInfo(languageVersion=4.2, currentLanguageOrder=0, selectedLanguageList=[SelectedLanguage(id=1048576, isUsed=true, engName=Germany, inputType=german_qwertz, activeOptionList=[auto_replace, auto_spacing, prediction], bilingualId=-1)]) 
01-22 19:18:46.291  6627  6627 I HBD     : g updateSelectedLanguageCache is succeeded. Germany 
01-22 19:18:46.291  6627  6627 I HBD     : h writeToFile path : /data/user/0/com.samsung.android.honeyboard/files/selected.json 
01-22 19:18:46.291  6627  6627 I HBD     : h writeToFile json : {"version":"4.2","currentLanguageOrder":0,"selected":[{"activeOptionList":["auto_replace","auto_spacing","prediction"],"bilingualId":-1,"engName":"Germany","id":1048576,"inputType":"german_qwertz","isUsed":true}]} 
01-22 19:18:46.292  6627  6627 I HBD     : h writeToFile complete 
01-22 19:18:46.292  6627  6627 I HBD     : g isCoverDisplay : false, cached selected json info : SelectedLanguageInfo(languageVersion=4.2, currentLanguageOrder=0, selectedLanguageList=[SelectedLanguage(id=1048576, isUsed=true, engName=Germany, inputType=german_qwertz, activeOptionList=[auto_replace, auto_spacing, prediction], bilingualId=-1)]) 
01-22 19:18:46.292  6627  6627 I HBD     : o updateActionOptionFromPreference isCover = false 
01-22 19:18:46.292  6627  6627 I HBD     : o before lang.activeOptionList =  [auto_replace, auto_spacing, prediction] 
01-22 19:18:46.292  6627  7833 I HBD     : h Write selected lang for DE  
01-22 19:18:46.292  6627  7833 I HBD     : h writeToFile path : /data/user_de/0/com.samsung.android.honeyboard/files/selected.json 
01-22 19:18:46.292  6627  7833 I HBD     : h writeToFile json : {"version":"4.2","currentLanguageOrder":0,"selected":[{"activeOptionList":["auto_replace","auto_spacing","prediction"],"bilingualId":-1,"engName":"Germany","id":1048576,"inputType":"german_qwertz","isUsed":true}]} 
01-22 19:18:46.292  6627  6627 I HBD     : o after lang.activeOptionList = [auto_replace, auto_spacing, prediction] 
01-22 19:18:46.293  6627  6627 I HBD     : h writeToFile path : /data/user/0/com.samsung.android.honeyboard/files/selected.json 
01-22 19:18:46.293  6627  6627 I HBD     : h writeToFile json : {"version":"4.2","currentLanguageOrder":0,"selected":[{"activeOptionList":["auto_replace","auto_spacing","prediction"],"bilingualId":-1,"engName":"Germany","id":1048576,"inputType":"german_qwertz","isUsed":true}]} 
01-22 19:18:46.293  6627  7833 I HBD     : h writeToFile complete 
01-22 19:18:46.293  6627  6627 I HBD     : h writeToFile complete 
01-22 19:18:46.294  6627  6627 I HBD     : m normal : updateLanguage : Germany 
01-22 19:18:46.294  6627  7834 I HBD     : h Write selected lang for DE  
01-22 19:18:46.294  6627  6627 I HBD     : g isCoverDisplay : false, cached selected json info : SelectedLanguageInfo(languageVersion=4.2, currentLanguageOrder=0, selectedLanguageList=[SelectedLanguage(id=1048576, isUsed=true, engName=Germany, inputType=german_qwertz, activeOptionList=[auto_replace, auto_spacing, prediction], bilingualId=-1)]) 
01-22 19:18:46.294  6627  7834 I HBD     : h writeToFile path : /data/user_de/0/com.samsung.android.honeyboard/files/selected.json 
01-22 19:18:46.294  6627  7834 I HBD     : h writeToFile json : {"version":"4.2","currentLanguageOrder":0,"selected":[{"activeOptionList":["auto_replace","auto_spacing","prediction"],"bilingualId":-1,"engName":"Germany","id":1048576,"inputType":"german_qwertz","isUsed":true}]} 
01-22 19:18:46.294  6627  6627 I HBD     : g isCoverDisplay : false, cached selected json info : SelectedLanguageInfo(languageVersion=4.2, currentLanguageOrder=0, selectedLanguageList=[SelectedLanguage(id=1048576, isUsed=true, engName=Germany, inputType=german_qwertz, activeOptionList=[auto_replace, auto_spacing, prediction], bilingualId=-1)]) 
01-22 19:18:46.294  6627  6627 I HBD     : o updateActionOptionFromPreference isCover = false 
01-22 19:18:46.294  6627  6627 I HBD     : o before lang.activeOptionList =  [auto_replace, auto_spacing, prediction] 
01-22 19:18:46.294  6627  6627 I HBD     : o after lang.activeOptionList = [auto_replace, auto_spacing, prediction] 
01-22 19:18:46.294  6627  7834 I HBD     : h writeToFile complete 
01-22 19:18:46.294  6627  6627 I HBD     : h writeToFile path : /data/user/0/com.samsung.android.honeyboard/files/selected.json 
01-22 19:18:46.294  6627  6627 I HBD     : h writeToFile json : {"version":"4.2","currentLanguageOrder":0,"selected":[{"activeOptionList":["auto_replace","auto_spacing","prediction"],"bilingualId":-1,"engName":"Germany","id":1048576,"inputType":"german_qwertz","isUsed":true}]} 
01-22 19:18:46.295  6627  6627 I HBD     : h writeToFile complete 
01-22 19:18:46.295  6627  6627 I HBD     : m normal : updateLanguage : Germany 
01-22 19:18:46.295  6627  7835 I HBD     : h Write selected lang for DE  
01-22 19:18:46.295  6627  6627 I HBD     : g isCoverDisplay : false, cached selected json info : SelectedLanguageInfo(languageVersion=4.2, currentLanguageOrder=0, selectedLanguageList=[SelectedLanguage(id=1048576, isUsed=true, engName=Germany, inputType=german_qwertz, activeOptionList=[auto_replace, auto_spacing, prediction], bilingualId=-1)]) 
01-22 19:18:46.295  6627  7835 I HBD     : h writeToFile path : /data/user_de/0/com.samsung.android.honeyboard/files/selected.json 
01-22 19:18:46.295  6627  7835 I HBD     : h writeToFile json : {"version":"4.2","currentLanguageOrder":0,"selected":[{"activeOptionList":["auto_replace","auto_spacing","prediction"],"bilingualId":-1,"engName":"Germany","id":1048576,"inputType":"german_qwertz","isUsed":true}]} 
01-22 19:18:46.295  6627  6627 I HBD     : g isCoverDisplay : false, cached selected json info : SelectedLanguageInfo(languageVersion=4.2, currentLanguageOrder=0, selectedLanguageList=[SelectedLanguage(id=1048576, isUsed=true, engName=Germany, inputType=german_qwertz, activeOptionList=[auto_replace, auto_spacing, prediction], bilingualId=-1)]) 
01-22 19:18:46.295  6627  6627 I HBD     : g updateSelectedLanguageCache is succeeded. Germany 
01-22 19:18:46.296  6627  6627 I HBD     : h writeToFile path : /data/user/0/com.samsung.android.honeyboard/files/selected.json 
01-22 19:18:46.296  6627  6627 I HBD     : h writeToFile json : {"version":"4.2","currentLanguageOrder":0,"selected":[{"activeOptionList":["auto_replace","auto_spacing","prediction"],"bilingualId":-1,"engName":"Germany","id":1048576,"inputType":"german_qwertz","isUsed":true}]} 
01-22 19:18:46.296  6627  7835 I HBD     : h writeToFile complete 
01-22 19:18:46.296  6627  6627 I HBD     : h writeToFile complete 
01-22 19:18:46.296  6627  6627 I HBD     : g isCoverDisplay : false, cached selected json info : SelectedLanguageInfo(languageVersion=4.2, currentLanguageOrder=0, selectedLanguageList=[SelectedLanguage(id=1048576, isUsed=true, engName=Germany, inputType=german_qwertz, activeOptionList=[auto_replace, auto_spacing, prediction], bilingualId=-1)]) 
01-22 19:18:46.297  6627  6627 I HBD     : g updateSelectedLanguageCache is succeeded. Germany 
01-22 19:18:46.297  1559  5877 D KNOX_MDM_SettingsProvider: isChangeAllowed() : name = enabled_input_methods
01-22 19:18:46.297  6627  6627 I HBD     : h writeToFile path : /data/user/0/com.samsung.android.honeyboard/files/selected.json 
01-22 19:18:46.297  1559  5877 D KNOX_MDM_SettingsProvider: edmUri: content://com.sec.knox.provider/RestrictionPolicy3
01-22 19:18:46.297  1559  5877 D KNOX_MDM_SettingsProvider: projectionArgs: isSettingsChangesAllowed
01-22 19:18:46.297  6627  6627 I HBD     : h writeToFile json : {"version":"4.2","currentLanguageOrder":0,"selected":[{"activeOptionList":["auto_replace","auto_spacing","prediction"],"bilingualId":-1,"engName":"Germany","id":1048576,"inputType":"german_qwertz","isUsed":true}]} 
01-22 19:18:46.297  1559  5877 D KNOX_MDM_SettingsProvider: selectionArgs: false
01-22 19:18:46.297  1559  5877 D KNOX_MDM_SettingsProvider: selectionArgs: 10199
01-22 19:18:46.297  1559  5877 D SecContentProvider: query(), uri = 17 selection = isSettingsChangesAllowed
01-22 19:18:46.297  1559  5877 D SecContentProvider: called from android.uid.honeyboard:10199
01-22 19:18:46.297  1559  5877 D RestrictionPolicy: isSettingsChangesAllowedAsUser, userId 0 : true
01-22 19:18:46.297  1559  5877 D KNOX_MDM_SettingsProvider: ret = 1
01-22 19:18:46.297  1248  1248 I SurfaceFlinger: destroyed Surface(name=589b7ad InputMethod)/@0xcf7a0af - animation-leash of insets_animation#497743
01-22 19:18:46.297  6627  6627 I HBD     : h writeToFile complete 
01-22 19:18:46.297  6627  7836 I HBD     : h Write selected lang for DE  
01-22 19:18:46.297  6627  7836 I HBD     : h writeToFile path : /data/user_de/0/com.samsung.android.honeyboard/files/selected.json 
01-22 19:18:46.297  6627  7836 I HBD     : h writeToFile json : {"version":"4.2","currentLanguageOrder":0,"selected":[{"activeOptionList":["auto_replace","auto_spacing","prediction"],"bilingualId":-1,"engName":"Germany","id":1048576,"inputType":"german_qwertz","isUsed":true}]} 
01-22 19:18:46.298  1248  1248 I Layer   : id=497743 Destroyed Surface(name=589b7ad InputMethod)/@0xcf7a0af - animation-leash of insets_animation#497743
01-22 19:18:46.298  6627  6627 I HBD     : a [UpdatePolicy] [post] a: 31 cl: 1048576 kit: [0/6] vt: 0 ir: 1 
01-22 19:18:46.298  1559  5877 D KNOX_MDM_SettingsProvider: isChangeAllowed() : name = enabled_input_methods
01-22 19:18:46.298  1559  5877 D KNOX_MDM_SettingsProvider: edmUri: content://com.sec.knox.provider/RestrictionPolicy3
01-22 19:18:46.298  1559  5877 D KNOX_MDM_SettingsProvider: projectionArgs: isSettingsChangesAllowed
01-22 19:18:46.298  1559  5877 D KNOX_MDM_SettingsProvider: selectionArgs: false
01-22 19:18:46.298  1559  5877 D KNOX_MDM_SettingsProvider: selectionArgs: 10199
01-22 19:18:46.298  6627  6627 I HBD     : HoneyBoardService [PF_OP][onStartInput]  22 ms 
01-22 19:18:46.298  1559  5877 D SecContentProvider: query(), uri = 17 selection = isSettingsChangesAllowed
01-22 19:18:46.298  1559  5877 D SecContentProvider: called from android.uid.honeyboard:10199
01-22 19:18:46.298  1559  5877 D RestrictionPolicy: isSettingsChangesAllowedAsUser, userId 0 : true
01-22 19:18:46.298  1559  5877 D KNOX_MDM_SettingsProvider: ret = 1
01-22 19:18:46.298  6627  7836 I HBD     : h writeToFile complete 
01-22 19:18:46.298  1559  5877 D KNOX_MDM_SettingsProvider: isChangeAllowed() : name = default_input_method
01-22 19:18:46.298  1559  5877 D KNOX_MDM_SettingsProvider: edmUri: content://com.sec.knox.provider/RestrictionPolicy3
01-22 19:18:46.298  1559  5877 D KNOX_MDM_SettingsProvider: projectionArgs: isSettingsChangesAllowed
01-22 19:18:46.298  1559  5877 D KNOX_MDM_SettingsProvider: selectionArgs: false
01-22 19:18:46.298  1559  5877 D KNOX_MDM_SettingsProvider: selectionArgs: 10199
01-22 19:18:46.298  1559  5877 D SecContentProvider: query(), uri = 17 selection = isSettingsChangesAllowed
01-22 19:18:46.298  1559  5877 D SecContentProvider: called from android.uid.honeyboard:10199
01-22 19:18:46.298  1559  5877 D RestrictionPolicy: isSettingsChangesAllowedAsUser, userId 0 : true
01-22 19:18:46.299  1559  5877 D KNOX_MDM_SettingsProvider: ret = 1
01-22 19:18:46.299  6627  7837 I HBD     : h Write selected lang for DE  
01-22 19:18:46.299  6627  7837 I HBD     : h writeToFile path : /data/user_de/0/com.samsung.android.honeyboard/files/selected.json 
01-22 19:18:46.299  6627  7837 I HBD     : h writeToFile json : {"version":"4.2","currentLanguageOrder":0,"selected":[{"activeOptionList":["auto_replace","auto_spacing","prediction"],"bilingualId":-1,"engName":"Germany","id":1048576,"inputType":"german_qwertz","isUsed":true}]} 
01-22 19:18:46.299  6627  6627 I InputMethodService: scheduleImeSurfaceRemoval: removeImeSurface is posted.
01-22 19:18:46.299  6627 32345 I HBD     : p updated Sub Types. Germany 
01-22 19:18:46.300  6627  7837 I HBD     : h writeToFile complete 
01-22 19:18:46.300  6627  7839 I HBD     : a InputMethodSubtype is set as local:de 
01-22 19:18:46.300  1559  3019 D SLocation: WifiBssidMonitor - requestRefresh
01-22 19:18:46.301  1559  3897 D KNOX_MDM_SettingsProvider: isChangeAllowed() : name = default_input_method
01-22 19:18:46.301  1559  3897 D KNOX_MDM_SettingsProvider: edmUri: content://com.sec.knox.provider/RestrictionPolicy3
01-22 19:18:46.301  1559  3897 D KNOX_MDM_SettingsProvider: projectionArgs: isSettingsChangesAllowed
01-22 19:18:46.301  1559  3897 D KNOX_MDM_SettingsProvider: selectionArgs: false
01-22 19:18:46.301  1559  3897 D KNOX_MDM_SettingsProvider: selectionArgs: 10199
01-22 19:18:46.301  1559  3897 D SecContentProvider: query(), uri = 17 selection = isSettingsChangesAllowed
01-22 19:18:46.301  1559  3897 D SecContentProvider: called from android.uid.honeyboard:10199
01-22 19:18:46.301  1559  3897 D RestrictionPolicy: isSettingsChangesAllowedAsUser, userId 0 : true
01-22 19:18:46.301  1559  3897 D KNOX_MDM_SettingsProvider: ret = 1
01-22 19:18:46.301  1559  1559 I InputMethodManagerService: subtype state: oldSubtype = android.view.inputmethod.InputMethodSubtype@100000 newSubtype = android.view.inputmethod.InputMethodSubtype@100000 force = false, intent received : false
01-22 19:18:46.301  6627 20942 I HBD     : p updated Sub Types. Germany 
01-22 19:18:46.302  6627  7840 I HBD     : a InputMethodSubtype is set as local:de 
01-22 19:18:46.302  1559  1559 I InputMethodManagerService: subtype state: oldSubtype = android.view.inputmethod.InputMethodSubtype@100000 newSubtype = android.view.inputmethod.InputMethodSubtype@100000 force = false, intent received : false
01-22 19:18:46.303  1559  5877 I WifiService: acquireMulticastLock uid=10260 lockTag=MdnsServiceBrowserImpl
01-22 19:18:46.303 17353 17383 I MdnsServiceBrowser: (REDACTED) registering %s
01-22 19:18:46.303  1559  2595 V serviceDiscovery: [MdnsSocketProvider] VERBOSE Already monitoring sockets.
01-22 19:18:46.304  1559  2595 I serviceDiscovery: [MdnsDiscoveryManager] Registering listener for serviceType: _googlecast._tcp.local
01-22 19:18:46.310  1559  2595 I serviceDiscovery: [MdnsDiscoveryManager] Registering listener for serviceType: _googlecast._tcp.local
01-22 19:18:46.316  6422  6560 W YouTube : Empty persistent device token received from InnerTube.
01-22 19:18:46.316  6422  6560 E YT.Handoff.ResponseCont: No Command found in handoff response.
01-22 19:18:46.318  6422  6548 W YouTube : Empty persistent device token received from InnerTube.
01-22 19:18:46.333  6627  9451 I HBD     : j [SKE_SPECIFIC] specific model[com.google.android.youtube] loaded, 34465781 ns
01-22 19:18:46.383  1559  3611 D WifiProfileShare: nearby scanning settings run
01-22 19:18:46.385  1559  3611 V WifiProfileShare.Caster: checkAndGetShareData(pwd sta) - config is null
01-22 19:18:46.385  1559  3611 V WifiProfileShare.Caster: checkAndGetShareData - there is no data
01-22 19:18:46.429  1205  1256 I HYPER-HAL: [RequestManager.cpp]acquire(): Acquired ID : 68781847  [1213 / 184520]    HINT :      list : [UCLAMP_MIN_BOOST / 0] [TID / 12962] [TID / 12963] [TID / 6422] [TID / 12687] 
01-22 19:18:46.454  7567  7762 D FirebaseAuth: Notifying id token listeners about user ( 637012c47ecac10ef6044573 ).
01-22 19:18:46.558  3059  3736 D SatelliteController: isInCarrierRoamingNbIotNtn: satellite is disabled
01-22 19:18:46.559  2814  2946 D MobileSignalTransitionManager: updateSignalTransition
01-22 19:18:46.560  3244  3325 I HoneySpace.StatusIconTracker: invokeEvent() called with: event = Mobile(bundle=Bundle[mParcelledData.dataSize=256])
01-22 19:18:46.560  3059  3736 D SatelliteController: isInCarrierRoamingNbIotNtn: satellite is disabled
01-22 19:18:46.631  2814  2870 V WindowManagerShell: Transition animation finished (aborted=false), notifying core (#37574) android.os.BinderProxy@eee2465@0
01-22 19:18:46.632  2814  2870 I SurfaceControlRegistry: apply, t=FinishTransaction_SyncId<37574>, caller=android.view.SurfaceControl$Transaction.apply:3459 android.view.SurfaceControl$Transaction.apply:3447 android.view.SurfaceControl$Transaction.apply:3397 com.android.wm.shell.transition.Transitions.onFinish:315 com.android.wm.shell.transition.Transitions$$ExternalSyntheticLambda7.onTransitionFinished:12 com.android.wm.shell.transition.DefaultTransitionHandler$$ExternalSyntheticLambda2.run:36 
01-22 19:18:46.632  1559  3897 V WindowManager: Finish Transition: TransitionRecord{1cb50d6 id=37574 type=CLOSE flags=0x0 c=[
01-22 19:18:46.632  1559  3897 V WindowManager:    ChangeInfo{5d99548 container=ActivityRecord{48152262 u0 com.google.android.youtube/.app.honeycomb.Shell$HomeActivity t4565} flags=0x0}
01-22 19:18:46.632  1559  3897 V WindowManager:    ChangeInfo{6d0afe1 container=DefaultTaskDisplayArea_d0@51744758 flags=0x0}
01-22 19:18:46.632  1559  3897 V WindowManager:    ChangeInfo{577a106 container=Task{5bf6647 #4624 type=standard A=10544:org.tkideneb2.zeiterfassung} flags=0x0}
01-22 19:18:46.632  1559  3897 V WindowManager:    ChangeInfo{7a393c7 container=Task{a1bbe87 #4565 type=standard A=10280:com.google.android.youtube} flags=0x30}
01-22 19:18:46.632  1559  3897 V WindowManager:    ChangeInfo{a96bdf4 container=Display{#0 state=ON size=1440x3120 ROTATION_0} flags=0x0}
01-22 19:18:46.632  1559  3897 V WindowManager:    ChangeInfo{ec7691d container=ActivityRecord{254619014 u0 org.tkideneb2.zeiterfassung/org.kivy.android.PythonActivity t-1 f}} flags=0x0}
01-22 19:18:46.632  1559  3897 V WindowManager: ]
01-22 19:18:46.632  1559  3897 V WindowManager: }, caller=com.android.server.wm.WindowOrganizerController.finishTransitionInner:31 com.android.server.wm.WindowOrganizerController.finishAllTransitions:60 android.window.IWindowOrganizerController$Stub.onTransact:283 
01-22 19:18:46.633  1248  1314 I SurfaceFlinger: id=497744 Removed Task=4624#497744 (190)
01-22 19:18:46.633  1248  1314 I SurfaceFlinger: id=497722 Removed ActivityRecord{254619014 u0 org.tkideneb2.zeiterfassung/org.kivy.android.PythonActivity t4624}#497722 (190)
01-22 19:18:46.633  1559  3897 D ChangeTransitionController: onTransitionFinished: TransitionRecord{1cb50d6 id=37574 type=CLOSE flags=0x0 c=[
01-22 19:18:46.633  1559  3897 D ChangeTransitionController:    ChangeInfo{5d99548 container=ActivityRecord{48152262 u0 com.google.android.youtube/.app.honeycomb.Shell$HomeActivity t4565} flags=0x0}
01-22 19:18:46.633  1559  3897 D ChangeTransitionController:    ChangeInfo{6d0afe1 container=DefaultTaskDisplayArea_d0@51744758 flags=0x0}
01-22 19:18:46.633  1559  3897 D ChangeTransitionController:    ChangeInfo{577a106 container=Task{5bf6647 #4624 type=standard A=10544:org.tkideneb2.zeiterfassung} flags=0x0}
01-22 19:18:46.633  1559  3897 D ChangeTransitionController:    ChangeInfo{7a393c7 container=Task{a1bbe87 #4565 type=standard A=10280:com.google.android.youtube} flags=0x30}
01-22 19:18:46.633  1559  3897 D ChangeTransitionController:    ChangeInfo{a96bdf4 container=Display{#0 state=ON size=1440x3120 ROTATION_0} flags=0x0}
01-22 19:18:46.633  1559  3897 D ChangeTransitionController:    ChangeInfo{ec7691d container=ActivityRecord{254619014 u0 org.tkideneb2.zeiterfassung/org.kivy.android.PythonActivity t-1 f}} flags=0x0}
01-22 19:18:46.633  1559  3897 D ChangeTransitionController: ]
01-22 19:18:46.633  1559  3897 D ChangeTransitionController: }
01-22 19:18:46.634  2814  2870 V WindowManagerShell: Track 0 became idle
01-22 19:18:46.634  2814  2870 V WindowManagerShell: All active transition animations finished
01-22 19:18:46.634  1559  1595 V WindowManager: Finish Transition (#37574): created at 01-22 19:18:45.928 collect-started=0.257ms request-sent=0.462ms started=10.534ms ready=10.529ms sent=296.527ms commit=6.435ms finished=704.016ms
01-22 19:18:46.639  1248  1248 I SurfaceFlinger: [Display 0 name="Integrierter Bildschirm"#49] setFrameRateCategory: Default
01-22 19:18:46.639  1248  1248 I SurfaceFlinger: destroyed Task=4624#497744
01-22 19:18:46.639  1248  1248 I SurfaceFlinger: destroyed ActivityRecord{254619014 u0 org.tkideneb2.zeiterfassung/org.kivy.android.PythonActivity t4624}#497722
01-22 19:18:46.639  1248  1248 I SurfaceFlinger: destroyed 1842dc8 ActivityRecordInputSink org.tkideneb2.zeiterfassung/org.kivy.android.PythonActivity#497734
01-22 19:18:46.639  1248  1248 I SurfaceFlinger: [LayerHierarchy{RequestedLayerState{Transition Root: Task=4565#497752 z=17} 1 children}] reparent to OffscreenRoot
01-22 19:18:46.639  1248  1248 I SurfaceFlinger: [LayerHierarchy{RequestedLayerState{Transition Root: Task=4565#497752 z=17} 1 children}] RelativeParent to null
01-22 19:18:46.639  1248  1248 I SurfaceFlinger: [LayerHierarchy{RequestedLayerState{Task=4565#490973 parentId=10 z=17} 1 children}] reparent to LayerHierarchy{RequestedLayerState{DefaultTaskDisplayArea_d0#10 parentId=9} 22 children}
01-22 19:18:46.640  1248  1248 I Layer   : id=497744 Destroyed Task=4624#497744
01-22 19:18:46.640  1248  1248 I Layer   : id=497722 Destroyed ActivityRecord{254619014 u0 org.tkideneb2.zeiterfassung/org.kivy.android.PythonActivity t4624}#497722
01-22 19:18:46.640  1248  1248 I Layer   : id=497734 Destroyed 1842dc8 ActivityRecordInputSink org.tkideneb2.zeiterfassung/org.kivy.android.PythonActivity#497734
01-22 19:18:46.640  1248  1248 I SurfaceFlinger: id=497752 Removed Transition Root: Task=4565#497752 (187)
01-22 19:18:46.641  1559  1598 I DisplayDeviceRepository: Display device changed render timings: "Integrierter Bildschirm", renderFrameRate=120.00001, presentationDeadlineNanos=9333333, appVsyncOffsetNanos=8333333, frameRateOverrides=[]
01-22 19:18:46.642  1559  1599 W PhoneWindowManager: lockNow pending, ignore updating lockscreen timeout
01-22 19:18:46.642  1559  1599 D SurfaceComposerClient: setCornerRadius ## f394204 com.google.android.youtube/com.google.android.youtube.app.honeycomb.Shell$HomeActivity#493447 cornerRadius=0.000000
01-22 19:18:46.642  3244 26542 I HoneySpace.Memory-Monitor: current state = 2, didTrim = false
01-22 19:18:46.642  2814  2814 D DisplayLifecycle: updateDisplay id = 0
01-22 19:18:46.642  2814  2927 D StackScroller: onDisplayChanged for predraw skip to 2
01-22 19:18:46.643  1559  5877 D WifiDisplayAdapter: isFitToActiveDisplayLocked : false
01-22 19:18:46.647  1248  1248 I SurfaceFlinger: destroyed Transition Root: Task=4565#497752
01-22 19:18:46.648  1248  1248 I Layer   : id=497752 Destroyed Transition Root: Task=4565#497752
01-22 19:18:46.656  1242  1269 E HeatmapThread: ECT Thread time in milliseconds: 1769105926
01-22 19:18:46.658  1242  1269 D HeatmapThread: !@ batteryplugType : 2
01-22 19:18:46.658  1242  1269 D HeatmapThread: !@ batteryLevel : 98  batteryTemperature : 307 
01-22 19:18:46.658  1242  1269 D HeatmapThread: !@ Heatmap currtime: 29485098
01-22 19:18:46.658  1242  1269 D HeatmapThread: !@ Heatmap prevtime: 29485090
01-22 19:18:46.658  1242  1269 D HeatmapThread: !@ Heatmap plugstarttime: 29485075
01-22 19:18:46.658  1242  1269 D HeatmapThread: !@ Heatmap prevv_dsoh_update_time: 29485018
01-22 19:18:46.658  1242  1269 E HeatmapThread: !@ CAM New BSOH: 100
01-22 19:18:46.670  1205  7596 I HYPER-HAL: [RequestManager.cpp]releaseLocked(): Released ID : 17337245
01-22 19:18:46.776  1559  1598 D SGM:GameManager: identifyForegroundApp. com.google.android.youtube, mCurrentUserId: 0, callerUserId: 0
01-22 19:18:46.776  1559  1598 D SGM:SemGameManager: isForegroundGame(), ret=false
01-22 19:18:46.777  1559  7842 D SemInputDeviceManager: setProperty: (0) CMD,GRIP_DATA,1,60,10,20,936
01-22 19:18:46.777  1559  7842 D TspStateManager: wrote command: cmd=1,60,10,20,936, type=1
01-22 19:18:46.777  1559  2646 D SemInputDevice:TSP: SetPropertyTask: CMD,set_grip_data,1,60,10,20,936 [01-22 19:18:46.777]
01-22 19:18:46.782  1230  1249 I sysinput:aidl: onReportInformation:91, 1, cmd@set_grip_data,1,60,10,20,9
01-22 19:18:46.782  1559  2646 D SysinputHAL_AIDL: setProperty(TSP(1)): CMD, set_grip_data,1,60,10,20,936 ret=0
01-22 19:18:46.782  1230  1249 I sysinput:Touch1: operator():237, OK
01-22 19:18:46.792  1559  2778 I Pageboost: Launcher App Execution
01-22 19:18:46.792  1559  2778 E Pageboost: ioinfo read failed
01-22 19:18:46.794  1453  1453 I AIDL    : Gnss::injectLocation: Called
01-22 19:18:46.794  1453  1453 I AIDL    : GNSSInjectLocation: Called
01-22 19:18:46.794  1453  1453 I AIDL    : GNSSInjectLocation: Exit
01-22 19:18:46.794  1453  1453 I AIDL    : Gnss::injectLocation: Exit
01-22 19:18:46.796  1559  2604 D LocationManagerService: network provider registration 1000/android[GnssService]/26B2FAD7 finished after 1 updates
01-22 19:18:46.796  1559  2604 I NSLocationProviderHelper: updateRemoveInfo, uid=1000
01-22 19:18:46.796  1559  2604 D LocationManagerService: network provider removed registration from 1000/android[GnssService]/26B2FAD7
01-22 19:18:46.796  1559  2604 D LocationManagerService: network provider request changed to ProviderRequest[@+6h0m0s0ms, LOW_POWER, WorkSource{10251 com.google.android.as}]
01-22 19:18:46.796  3466  3548 E RequestManager_FLP: [LocationManager] Location remove 26B2FAD7 from system
01-22 19:18:46.796  1559  3019 D SLocation: PositionManager - Passive handleLocationChanged [N, A : 100.00, T : 1769105926793, ET : 2541831819, h : 18/19]
01-22 19:18:46.796  3466  3548 I LocationRequestData_FLP: Remove in requestInfoList, 26B2FAD7 / ListSize[network]=1
01-22 19:18:46.796  1559  3019 D SLocation: GeofenceLocationFilter - location sent before 997, need to filter / provider : network, accuracy : 100.0
01-22 19:18:46.796  1559  3019 I SLocation: GeofenceLocationFilter - alarm set, next time to send location : 2541836825, E.Q@52c1c6d
01-22 19:18:46.797  1559  3019 D SLocation: LocationBuffer - receivedLocation - op[interval(min 60000, max 300000), waitTime 36000000, numOfUpdates 20, minDistance 200.0]dist : 0.0 diffTime : 1000 filtered Location
01-22 19:18:46.797  1559  3019 D SLocation: BatchManager - received batch location buffered = false
01-22 19:18:46.797  1559  3019 D SLocation: LastLocations - update latest location [N, A : 100.00, T : 1769105926793, ET : 2541831819, h : 18/19]
01-22 19:18:46.797  1559  3019 D SLocation: FilteredLastLocation - notify all last locations, loc : 3
01-22 19:18:46.797  1559  3019 D SLocation: SingleReceiver - handleLocation network 100.0
01-22 19:18:46.797  1559  3019 D SLocation: SingleReceiver - handleLocation saved 50 / 100.0 / false
01-22 19:18:46.800  6627  6627 I InputMethodService: removeImeSurface
01-22 19:18:46.800  6627  6627 I InputMethodService: cancelImeSurfaceRemoval: removeCallbacks
01-22 19:18:46.802  1559  5877 D SemContextService: lock : requestToUpdate
01-22 19:18:46.802  1559  5877 W CAE     : setCAProperty(ContextAwareService.java:509) - [setProperty 01] Mutex is locked for CH_LOC_TRIGGER
01-22 19:18:46.803  1559  2564 D SensorService: setSContextDataLocked ints length 2 , byte length 4
01-22 19:18:46.803  1559  2564 D SensorService: setSContextDataLocked 3db8
01-22 19:18:46.803  1195  1195 I SensorsHub: SContextSensor::injecet_sensor_data
01-22 19:18:46.803  1195  1195 D SensorsHub: b8 3d 00 00  
01-22 19:18:46.803  1195  1195 D SensorsHub: inject_scontext_data: New ssp_data_injection_fd(43)
01-22 19:18:46.803  1195  1195 D SensorsHub: SContext Data Injection return 64
01-22 19:18:46.803  1559  5877 W CAE     : setCAProperty(ContextAwareService.java:515) - [setProperty 02] Mutex is unlocked for CH_LOC_TRIGGER
01-22 19:18:46.803  1559  5877 D SemContextService:     .requestToUpdate() : service = Location Change Trigger
01-22 19:18:46.803  1559  5877 D SemContextService: unlock : requestToUpdate
01-22 19:18:46.803  1559  5877 D SemContextManager:   .requestToUpdate : listener = com.android.server.location.nsflp.NSLocationMonitor$5@e94e9f1, service=Location Change Trigger
01-22 19:18:46.803  3466 13699 I NewStopController_FLP: StateChecker, check stationary message
01-22 19:18:46.828  1195  1318 I SensorsHub: context 15 0 14 1,1,61,255,0,2,1,0,0,0,1,0,0,0,0, 2541831854213105
01-22 19:18:46.829  1559  2562 D CAE     : onGetSensorHubData(SensorHubParserProvider.java:92) - onGetSensorHubData Event [event buffer len :15], AP_WAKEUP
01-22 19:18:46.829  1559  2562 I CAE     : parse(SensorHubParserProvider.java:188) - buffer size = 15
01-22 19:18:46.829  1559  2562 I CAE     : parse(SensorHubParserProvider.java:199) - 1, 1, 61, -1, 0, 2, 1, 0, 0, 0, 1, 0, 0, 0, 0,
01-22 19:18:46.829  1559  2562 D CAE     : display(ContextProvider.java:375) - ================= CH_LOC_TRIGGER =================
01-22 19:18:46.829  1559  2562 I CAE     : display(ContextProvider.java:391) - duration=[1], property=[1], result=[2], reserved=[0]
01-22 19:18:46.829  1559  2559 D SemContextService: Service.updateContext() : service = Location Change Trigger
01-22 19:18:46.829  1559  2605 D SemContextManager: onSemContextChanged() : event = Location Change Trigger
01-22 19:18:46.829  1559  2605 D NSLocationMonitor: onSemContextChanged, activity : 1 result : 2 movement : 1
01-22 19:18:46.851  1559  1559 I BiometricsBoosting: com.samsung.android.intent.action.BIOMETRIC_AUTHENTICATION_STOP
01-22 19:18:46.851  1205  1256 I HYPER-HAL: [RequestManager.cpp]releaseLocked(): Released ID : 3184990
01-22 19:18:46.879  1195  1195 I SensorsHub: queueBatch: handle=19 period=200000000 timeout=0
01-22 19:18:46.881  1559  5877 D GnssLocationProvider: requestLocation. independentFromGnss: true, isUserEmergency: false
01-22 19:18:46.885  1559  2604 I GnssLocationProvider: GNSS HAL Requesting location updates from network provider for 10000 millis.
01-22 19:18:46.887  1559  2604 D LocationManagerService: network provider added registration from 1000/android[GnssService]/BA69D902 -> Request[@+1s0ms LOW_POWER, duration=+10s0ms, maxUpdates=1, WorkSource{1000 android}]
01-22 19:18:46.889  1559  2604 I NSLocationProviderHelper: updateRequestInfo, uid=1000
01-22 19:18:46.889  1559  2604 D LocationManagerService: network provider request changed to ProviderRequest[@+1s0ms, LOW_POWER, WorkSource{1000 android}]
01-22 19:18:46.890  3466  3548 I RequestManager_FLP: request from system, change packageName by tag from system to system(GnssService)
01-22 19:18:46.890  3466  3548 E RequestManager_FLP: [LocationManager] Location request BA69D902(Listener) network interval=1000ms (min=166ms) from system(GnssService) (1000_FINE_unknown_false_foreground)
01-22 19:18:46.894  1452  2410 D GNSS    : GNSS_START_MODE: desired:HOT actual:HOT Loc:1 Time:1 Eph:1
01-22 19:18:46.894  1452  2410 D GNSS    : GNSS_DYNAMIC_L5: 1
01-22 19:18:46.957  2814  2814 D SystemUIService: SYSUI_RAM_OPTIMIZATION onTrimMemory=20
01-22 19:18:46.957  2814  2814 D CentralSurfaces: SYSUI_RAM_OPTIMIZATION onTrimMemory=20
01-22 19:18:46.957  2814  2952 D HWUI    : CacheManager::trimMemory(20)
01-22 19:18:46.977  1559  2201 D InputReader: Btn_touch(2): value=1 when=1866885.776813
01-22 19:18:46.977  1559  2201 I InputReader: Touch event's action is 0x0 (id=6, t=0) [pCnt=1, s=0.8367 ] when=1866885.776813
01-22 19:18:46.979  1559  7555 D LsLogger: Saving...
01-22 19:18:46.979  1559  7555 D LsLogFile: Saving file:EVENTS... [Queue : 1]
01-22 19:18:46.979  1559  2200 I InputDispatcher: Delivering touch to (2814): action: 0x4, f=0x0, d=0, 'bb05b8a', t=1 
01-22 19:18:46.979  1559  2200 I InputDispatcher: Delivering touch to (2814): action: 0x0, f=0x0, d=0, '79f2e38', t=1 
01-22 19:18:46.979  1559  2200 D PowerManagerService: [api] userActivityFromNative : touch displayId=0 eventTime=1866885776
01-22 19:18:46.981  1559  1596 I GestureDetector: obtain mCurrentDownEvent. id: 479753127 caller: com.android.server.wm.SystemGesturesPointerEventListener.onPointerEvent:17 com.android.server.wm.PointerEventDispatcher.onInputEvent:51 android.view.InputEventReceiver.dispatchInputEvent:392 
01-22 19:18:46.981  1559  1596 I GestureDetector: obtain mCurrentDownEvent. id: 479753127 caller: com.android.server.wm.SystemPerformancePointerEventListener.onPointerEvent:13 com.android.server.wm.PointerEventDispatcher.onInputEvent:51 android.view.InputEventReceiver.dispatchInputEvent:392 
01-22 19:18:46.982  5859  5859 I SemDvfsHyPerManager: acquire hyper - TATouchBoost/5859@29, type = -999
01-22 19:18:46.982  2814  2814 I VRI[StatusBar]@2962aad: ViewPostIme pointer 0
01-22 19:18:46.983  1205  1256 I HYPER-HAL: [RequestManager.cpp]acquire(): Acquired ID : 17337245  [5859 / 29]    HINT :      list : [TABoost / 1] [TIMEOUT / 1500] 
01-22 19:18:46.983  2814  2814 D QuickPanelLog: SBWV | dispatchTouchEvent | MotionEvent { action=ACTION_DOWN, actionButton=0, id[0]=0, x[0]=704.1797, y[0]=9.902344, toolType[0]=TOOL_TYPE_FINGER, buttonState=0, classification=NONE, metaState=0, flags=0x0, edgeFlags=0x0, pointerCount=1, historySize=0, eventTime=1866885776, downTime=1866885776, deviceId=6, source=0x1002, displayId=0, eventId=479753127 } |  | SHADE
01-22 19:18:46.983  2814  2814 D QuickPanelLog: PSBV | onInterceptTouchEvent | ACTION_DOWN | x:704.1797, y:9.902344 |  | SHADE
01-22 19:18:46.983  2814  2814 D QuickPanelLog: PSBVC | onInterceptTouchEvent | ACTION_DOWN | x:704.1797, y:9.902344 |  | SHADE
01-22 19:18:46.983  2814  2814 D QuickPanelLog: PSBV | onTouchEvent | ACTION_DOWN |  | SHADE
01-22 19:18:46.983  2814  2814 D QuickPanelLog: PSBVC | onTouchEvent | ACTION_DOWN |  | SHADE
01-22 19:18:46.984  2814  2814 D QuickPanelLog: NPVC | onTouchEvent | ACTION_DOWN |  | SHADE
01-22 19:18:46.984  2814  2814 D QuickPanelLog: QSCI | handleTouch | ACTION_DOWN | isFullyCollapsed: true, isShadeOrQsHeightAnimationRunning: false | SHADE
01-22 19:18:46.984  2814  2814 D QuickPanelLog: QSCI | setTracking: false -> false
01-22 19:18:46.984  2814  2814 D QuickPanelLog:  - com.android.systemui.shade.QuickSettingsControllerImpl.setTracking:47
01-22 19:18:46.984  2814  2814 D QuickPanelLog:  - com.android.systemui.shade.QuickSettingsControllerImpl.handleTouch:263
01-22 19:18:46.984  2814  2814 D QuickPanelLog:  - com.android.systemui.shade.NotificationPanelViewController$TouchHandler.onTouchEvent:2053
01-22 19:18:46.984  2814  2814 D QuickPanelLog:  - com.android.systemui.shade.NotificationPanelViewController.handleExternalTouch:7
01-22 19:18:46.984  2814  2814 D QuickPanelLog:  - com.android.systemui.statusbar.phone.PhoneStatusBarView.onTouchEvent:178
01-22 19:18:46.984  2814  2814 D QuickPanelLog:  - android.view.View.performOnTouchCallback:17234
01-22 19:18:46.984  2814  2814 D QuickPanelLog:  - android.view.View.dispatchTouchEvent:17187
01-22 19:18:46.984  2814  2814 D QuickPanelLog:  - android.view.ViewGroup.dispatchTransformedTouchEvent:3365
01-22 19:18:46.984  2814  2814 D QuickPanelLog:  - android.view.ViewGroup.dispatchTouchEvent:3032
01-22 19:18:46.984  2814  2814 D QuickPanelLog:  - android.view.ViewGroup.dispatchTransformedTouchEvent:3371
01-22 19:18:46.984  2814  2814 D SecPanelSplitHelper: shouldQSDown statusBarState = 0, state = 1 displayWidthOfDivider = 1008 x = 704.1797 y = 9.902344 statusBarHeight = 113
01-22 19:18:46.985  2814  2814 D SecPanelSplitHelper: slide ( SHADE_STATE )
01-22 19:18:46.985  2814  2814 D SecPanelSplitHelper:  - com.android.systemui.shade.SecPanelSplitHelper.shouldQSDown:267
01-22 19:18:46.985  2814  2814 D SecPanelSplitHelper:  - com.android.systemui.shade.QuickSettingsControllerImpl.isOpenQsEvent:88
01-22 19:18:46.985  2814  2814 D SecPanelSplitHelper:  - com.android.systemui.shade.QuickSettingsControllerImpl.handleTouch:722
01-22 19:18:46.985  2814  2814 D SecPanelSplitHelper:  - com.android.systemui.shade.NotificationPanelViewController$TouchHandler.onTouchEvent:2053
01-22 19:18:46.985  2814  2814 D SecPanelSplitHelper:  - com.android.systemui.shade.NotificationPanelViewController.handleExternalTouch:7
01-22 19:18:46.985  2814  2814 D SecPanelSplitHelper:  - com.android.systemui.statusbar.phone.PhoneStatusBarView.onTouchEvent:178
01-22 19:18:46.985  2814  2814 D SecPanelSplitHelper:  - android.view.View.performOnTouchCallback:17234
01-22 19:18:46.985  2814  2814 D SecPanelSplitHelper:  - android.view.View.dispatchTouchEvent:17187
01-22 19:18:46.985  2814  2814 D SecPanelSplitHelper:  - android.view.ViewGroup.dispatchTransformedTouchEvent:3365
01-22 19:18:46.985  2814  2814 D SecPanelSplitHelper:  - android.view.ViewGroup.dispatchTouchEvent:3032
01-22 19:18:46.985  2814  2814 D PanelTransitionAnimator: fraction = 1.0 direction = DOWN stateToChange = SHADE_STATE StatusBar = SHADE panelTransitionState = SHADE_STATE
01-22 19:18:46.985  2814  2814 D PanelTransitionAnimator: SHADE_STATE
01-22 19:18:46.985  2814  2814 D PanelTransitionAnimator: clearAnimationState SHADE_STATE
01-22 19:18:46.985  1559  1596 I GestureDetector: obtain mCurrentMotionEventRaw. action: 2 id: 1030220367
01-22 19:18:46.985  1559  1596 I GestureDetector: obtain mCurrentMotionEventRaw. action: 2 id: 1030220367
01-22 19:18:46.987  2814  2814 D SecPanelSAStatusLogInteractor: QPNE0040 => SK: 6 : SS: 160
01-22 19:18:46.987  2814  2814 D SecPanelSAStatusLogInteractor: QPNE0040 => SDK: 0 : SDS: 0
01-22 19:18:46.987  2814  2814 D SecPanelSAStatusLogInteractor: QPNE0040 => SRK: 0 : SRS: 1
01-22 19:18:46.987  2814  2814 D SecPanelSplitHelper: shouldQSDown else, isReversed? false, SHADE_STATE return false
01-22 19:18:46.988  1559  7555 D LsLogFile: File Check : Passed!
01-22 19:18:46.990  2814  2814 D SecPanelSplitHelper: initiateSlide (704.1797, 9.902344) displayWidthOfDivider = 1008
01-22 19:18:46.990  2814  2814 D SecPanelSplitHelper: onIntercept: ACTION_DOWN: FINAL: return false
01-22 19:18:46.990  2814  2814 D QuickPanelLog: NPVC | handleTouch | ACTION_DOWN |  | SHADE
01-22 19:18:46.990  2814  2814 D PanelSplitOpenAnimator: onPanelExpansionChanged : 0.0 state : 0
01-22 19:18:46.990  2814  2814 D PanelSplitOpenAnimator: setPosition : 0.0 // true false false 0.0
01-22 19:18:46.994  1559  7555 D LsLogFile: Saving success! [FP : 2495, FS : 10238]
01-22 19:18:46.994  1559  7555 D LsLogger: Save Finished!
01-22 19:18:46.995  2814  2814 D ImmersiveScrollAnimator: clearAnimators
01-22 19:18:46.995  2814  2814 I NowBarCardViewModel: setVisibility visible = 4 / nowBarRootVisibility = 4
01-22 19:18:46.996  2814  2814 D QuickPanelLog: NPVC | handleTouch | ACTION_DOWN | FINAL: !mGestureWaitForTouchSlop: false || isTracking(): false | SHADE
01-22 19:18:46.996  2814  2814 D QuickPanelLog: NPVC | onTouchEvent | ACTION_DOWN | FINAL: !mDozing: true || handled: true | SHADE
01-22 19:18:46.996  2814  2814 I VRI[StatusBar]@2962aad: call setFrameRateCategory for touch hint category=high hint, reason=touch, vri=VRI[StatusBar]@2962aad
01-22 19:18:46.997  2814  2814 D QuickPanelLog: SBWV | dispatchTouchEvent | MotionEvent { action=ACTION_MOVE, actionButton=0, id[0]=0, x[0]=700.9346, y[0]=9.902344, toolType[0]=TOOL_TYPE_FINGER, buttonState=0, classification=NONE, metaState=0, flags=0x0, edgeFlags=0x0, pointerCount=1, historySize=1, eventTime=1866885785, downTime=1866885776, deviceId=6, source=0x1002, displayId=0, eventId=1030220367 } |  | SHADE
01-22 19:18:46.997  2814  2814 D QuickPanelLog: PSBV | onTouchEvent | ACTION_MOVE |  | SHADE
01-22 19:18:46.997  2814  2814 D QuickPanelLog: PSBVC | onTouchEvent | ACTION_MOVE |  | SHADE
01-22 19:18:46.997  2814  2814 D QuickPanelLog: NPVC | onTouchEvent | ACTION_MOVE |  | SHADE
01-22 19:18:46.997  2814  2814 D QuickPanelLog: QSCI | handleTouch | ACTION_MOVE | isFullyCollapsed: true, isShadeOrQsHeightAnimationRunning: false | SHADE
01-22 19:18:46.997  2814  2814 D QuickPanelLog: NPVC | handleTouch | ACTION_MOVE |  | SHADE
01-22 19:18:46.998  1248  1248 I SurfaceFlinger: [StatusBar$_2814#110] setFrameRateCategory: HighHint
01-22 19:18:47.057  2814  2814 D QuickPanelLog: NPVC | onTrackingStarted: isTracking(): false -> true
01-22 19:18:47.057  2814  2814 D QuickPanelLog:  - com.android.systemui.shade.NotificationPanelViewController.onTrackingStarted:31
01-22 19:18:47.057  2814  2814 D QuickPanelLog:  - com.android.systemui.shade.NotificationPanelViewController$TouchHandler.handleTouch$1:592
01-22 19:18:47.057  2814  2814 D QuickPanelLog:  - com.android.systemui.shade.NotificationPanelViewController$TouchHandler.onTouchEvent:2659
01-22 19:18:47.057  2814  2814 D QuickPanelLog:  - com.android.systemui.shade.NotificationPanelViewController.handleExternalTouch:7
01-22 19:18:47.057  2814  2814 D QuickPanelLog:  - com.android.systemui.statusbar.phone.PhoneStatusBarView.onTouchEvent:178
01-22 19:18:47.057  2814  2814 D QuickPanelLog:  - android.view.View.performOnTouchCallback:17234
01-22 19:18:47.057  2814  2814 D QuickPanelLog:  - android.view.View.dispatchTouchEvent:17187
01-22 19:18:47.057  2814  2814 D QuickPanelLog:  - android.view.ViewGroup.dispatchTransformedTouchEvent:3365
01-22 19:18:47.057  2814  2814 D QuickPanelLog:  - android.view.ViewGroup.dispatchTouchEvent:3032
01-22 19:18:47.057  2814  2814 D QuickPanelLog:  - android.view.ViewGroup.dispatchTransformedTouchEvent:3371
01-22 19:18:47.059  2814  2814 D ShadeExpansionStateManager: updateStateInternal: CLOSED -> OPENING
01-22 19:18:47.059  2814  2814 D QuickPanelLog: SC | makeExpandedVisible: force: false
01-22 19:18:47.059  2814  2814 D QuickPanelLog:  - com.android.systemui.shade.ShadeControllerImpl.makeExpandedVisible:80
01-22 19:18:47.059  2814  2814 D QuickPanelLog:  - com.android.systemui.shade.NotificationPanelViewController$$ExternalSyntheticLambda6.onPanelStateChanged$2:121
01-22 19:18:47.059  2814  2814 D QuickPanelLog:  - com.android.systemui.shade.ShadeExpansionStateManager.updateStateInternal:51
01-22 19:18:47.059  2814  2814 D QuickPanelLog:  - com.android.systemui.shade.NotificationPanelViewController.updateExpansionAndVisibility:40
01-22 19:18:47.059  2814  2814 D QuickPanelLog:  - com.android.systemui.shade.NotificationPanelViewController.onTrackingStarted:61
01-22 19:18:47.059  2814  2814 D QuickPanelLog:  - com.android.systemui.shade.NotificationPanelViewController$TouchHandler.handleTouch$1:592
01-22 19:18:47.059  2814  2814 D QuickPanelLog:  - com.android.systemui.shade.NotificationPanelViewController$TouchHandler.onTouchEvent:2659
01-22 19:18:47.059  2814  2814 D QuickPanelLog:  - com.android.systemui.shade.NotificationPanelViewController.handleExternalTouch:7
01-22 19:18:47.059  2814  2814 D QuickPanelLog:  - com.android.systemui.statusbar.phone.PhoneStatusBarView.onTouchEvent:178
01-22 19:18:47.059  2814  2814 D QuickPanelLog:  - android.view.View.performOnTouchCallback:17234
01-22 19:18:47.059  2814  2814 D KeyguardVisible: isExpanded=true
01-22 19:18:47.059  2814  2814 D KeyguardVisible: !forceCollapsed=1, keyguard=0, panel=1, fadingAway=0, bouncer=0, headsUp=0, scrim=0, blur=0, launchingActivity=0, dozing=0, forceInvisible=0, forceVisibleForUnlockAnimation=0, coverClosed=0, coverApp=0, coverType=0
01-22 19:18:47.061  2814  2814 D BackActionInteractor: registerBackCallback
01-22 19:18:47.061  1559  5877 D CoreBackPreview: Window{35e5496 u0 NotificationShade}: Setting back callback OnBackInvokedCallbackInfo{mCallback=android.window.IOnBackInvokedCallback$Stub$Proxy@e8ae8f3, mPriority=0, mIsAnimationCallback=false, mOverrideBehavior=0}
01-22 19:18:47.062  2814  2814 D KeyguardVisible: go panelState: CLOSED -> OPENING tracking=false, expanded=false, fraction=0.0
01-22 19:18:47.062  2814  2814 D ShadeExpansionStateManager: onPanelExpansionChanged: CLOSED -> OPENING
01-22 19:18:47.062  2814  2814 D KeyguardVisible: go panelState: OPENING -> OPENING tracking=true, expanded=true, fraction=0.0
01-22 19:18:47.062  2814  2814 D PanelSplitOpenAnimator: onPanelExpansionChanged : 0.0 state : 0
01-22 19:18:47.062  2814  2814 D PanelSplitOpenAnimator: setPosition : 0.0 // true false false 0.0
01-22 19:18:47.063  2814  2814 D ImmersiveScrollAnimator: clearAnimators
01-22 19:18:47.064  2814  2814 D KeyguardVisible: shouldPanelBeVisible true / headUpVisible=false, why=-1
01-22 19:18:47.065  1388  2139 I CameraService: onUidStateChanged: uid=10056, procState is changed. (0 -> 1)
01-22 19:18:47.065  2814  2814 I NowBarCardViewModel: setVisibility visible = 4 / nowBarRootVisibility = 4
01-22 19:18:47.066  2814  2814 D QuickPanelLog: NPVC | updateExpansionAndVisibility: mExpandedFraction: 0.0, mInstantExpanding: false, isPanelVisibleBecauseOfHeadsUp: false, isTracking(): true, mIsSpringBackAnimation: false, isExpanded: true, isFullyExpanded: false, isFullyCollapsed: true, mHeightAnimator is null: true
01-22 19:18:47.066  2814  2814 D QuickPanelLog:  - com.android.systemui.shade.NotificationPanelViewController.updateExpansionAndVisibility:350
01-22 19:18:47.066  2814  2814 D QuickPanelLog:  - com.android.systemui.shade.NotificationPanelViewController.onTrackingStarted:61
01-22 19:18:47.066  2814  2814 D QuickPanelLog:  - com.android.systemui.shade.NotificationPanelViewController$TouchHandler.handleTouch$1:592
01-22 19:18:47.066  2814  2814 D QuickPanelLog:  - com.android.systemui.shade.NotificationPanelViewController$TouchHandler.onTouchEvent:2659
01-22 19:18:47.066  2814  2814 D QuickPanelLog:  - com.android.systemui.shade.NotificationPanelViewController.handleExternalTouch:7
01-22 19:18:47.066  2814  2814 D QuickPanelLog:  - com.android.systemui.statusbar.phone.PhoneStatusBarView.onTouchEvent:178
01-22 19:18:47.066  2814  2814 D QuickPanelLog:  - android.view.View.performOnTouchCallback:17234
01-22 19:18:47.066  2814  2814 D QuickPanelLog:  - android.view.View.dispatchTouchEvent:17187
01-22 19:18:47.066  2814  2814 D QuickPanelLog:  - android.view.ViewGroup.dispatchTransformedTouchEvent:3365
01-22 19:18:47.066  2814  2814 D QuickPanelLog:  - android.view.ViewGroup.dispatchTouchEvent:3032
01-22 19:18:47.066  2814  2814 D KeyguardVisible: cancelPendingPanelCollapse false
01-22 19:18:47.066  2814  2814 D QSScrimViewSwitch: 0 => 8: sb: SHADE | cks: GONE | ts: FINISHED | sps: SCREEN_ON | lsse: 0.0 | lse: 0.025076032 | qe: 0.0 | sba: 0.0
01-22 19:18:47.066  2814  2814 D QSScrimViewSwitch: set visibility[0 => 8] vis: 8 | pbs: false
01-22 19:18:47.066  2814  2814 D ScrimController: updateScrimColor main=0xff121318 front=0x0|0.000000|0 noti=0xff121318|0.000000|8 behind=0xff000000|0.000000|8 vis=0
01-22 19:18:47.067  2814  2814 D ScrimController: updateScrimColor main=0xff121318 front=0x0|0.000000|8 noti=0xff121318|0.000000|8 behind=0xff000000|0.000000|8 vis=0
01-22 19:18:47.067  2814  2814 I {ChipAnimationController}: animateChipHide() view:ongoing_call_chip state:8 animate:false visibility:8
01-22 19:18:47.067  2814  2814 D {ChipAnimationController}: cancelAnimation() v:ongoing_call_chip
01-22 19:18:47.067  2814  2814 D {ChipAnimationController}: hideView() id:ongoing_call_chip state:8
01-22 19:18:47.067  2814  2814 I {ChipAnimationController}: animateChipHide() view:ongoing_activity_capsule state:8 animate:false visibility:8
01-22 19:18:47.067  2814  2814 D {ChipAnimationController}: cancelAnimation() v:ongoing_activity_capsule
01-22 19:18:47.067  2814  2814 D {ChipAnimationController}: hideView() id:ongoing_activity_capsule state:8
01-22 19:18:47.067  2814  2814 D CollapsedStatusBarFragmentExt: prv:StatusBarVisibilityModel(showClock=true, showNotificationIcons=true, showOngoingCallChip=false, showPrimaryOngoingActivityChip=false, showSecondaryOngoingActivityChip=false, showSystemInfo=true)
01-22 19:18:47.068  2814  2814 D CollapsedStatusBarFragmentExt: new:StatusBarVisibilityModel(showClock=false, showNotificationIcons=false, showOngoingCallChip=false, showPrimaryOngoingActivityChip=false, showSecondaryOngoingActivityChip=false, showSystemInfo=false)
01-22 19:18:47.068  2814  2814 D CollapsedStatusBarFragmentExt: com.android.systemui.statusbar.phone.fragment.CollapsedStatusBarFragment.disable:71 com.android.systemui.statusbar.CommandQueue$H.handleMessage:2997 com.android.systemui.statusbar.CommandQueue.disable:12 com.android.systemui.statusbar.CommandQueue.recomputeDisableFlags:77 com.android.systemui.shade.NotificationPanelViewController.updateExpandedHeight:194 com.android.systemui.shade.NotificationPanelViewController$$ExternalSyntheticLambda48.run:536 
01-22 19:18:47.068  2814  2814 I StackScroller: requestLayout media frame ENR
01-22 19:18:47.068  2814  2814 I StackScroller: setQsExpansionFraction call setListening:true
01-22 19:18:47.068  2814  2814 I ComplicationWidgetPluginController: onShadeExpandedChanged true false
01-22 19:18:47.068  2814  2814 D KeyguardUpdateMonitor: isUserUnlocked userId:0, unlocked:true
01-22 19:18:47.068  2814  2814 I ComplicationWidgetPluginController: requestAppWidgetListening false , true false true
01-22 19:18:47.068  2814  2814 I SharedAppWidgetFacade:  startAppWidgetListening
01-22 19:18:47.068  2814  2814 I LockWidgetHostManagerImpl: startListening aod.o90@40b4c10  , host aod.EH0@e5c7309
01-22 19:18:47.069  1559  2706 I AppWidgetServiceImpl: startListening() 
01-22 19:18:47.069  1559  2706 I AppWidgetServiceImpl: lookupOrAddHostLocked = HostId{user:0, app:10056, hostId:2304, pkg:com.android.systemui}
01-22 19:18:47.069  1559  2706 I AppWidgetServiceImpl: startListening callbacks : com.android.internal.appwidget.IAppWidgetHost$Stub$Proxy@31169b0 intervalEnsure:2541832094 intervalHostLock:2541832094 LhostId:HostId{user:0, app:10056, hostId:2304, pkg:com.android.systemui}
01-22 19:18:47.069  1559  2706 I AppWidgetServiceImpl: startListening() finish
01-22 19:18:47.069  1559  3897 I EasyMuteController: UnRegister failed. no registered
01-22 19:18:47.069  1559  3897 D VibratorManagerService: Canceling vibration
01-22 19:18:47.069  2814  5466 D RingtonePlayer: stopAsync()
01-22 19:18:47.069  2814  5466 D RingtonePlayer: stop
01-22 19:18:47.069  2814  2814 D {OngoingActivityController}: onExpandedChanged : shade is open
01-22 19:18:47.070  2814  2814 D ShadeExpansionStateManager: onPanelExpansionChanged: ShadeExpansionChangeEvent(fraction=0.025076032, expanded=true, tracking=true)
01-22 19:18:47.070  2814  2814 D PanelSplitOpenAnimator: onPanelExpansionChanged : 0.025076032 state : 0
01-22 19:18:47.070  2814  2814 D PanelSplitOpenAnimator: setPosition : 0.025076032 // true false false 0.0
01-22 19:18:47.070  1559  1596 D WindowManager: requestTransientBars: swipeTarget=Window{79f2e38 u0 StatusBar}, controlTarget=Window{f394204 u0 com.google.android.youtube/com.google.android.youtube.app.honeycomb.Shell$HomeActivity}, canShowTransient=true, restorePositionTypes=0x3, from=com.android.server.wm.DisplayPolicy$1.onSwipeFromTop:51 com.android.server.wm.SystemGesturesPointerEventListener.onPointerEvent:537 
01-22 19:18:47.070  3244 26542 I HoneySpace.SystemUiRepository: systemUiFlags: awake|notif_visible
01-22 19:18:47.070  3244  3325 I HoneySpace.TaskbarEventTracker: invokeEvent() called with: event = SystemUiStateChanged(stateFlags=1342177280)
01-22 19:18:47.071  2814  2814 D SecPanelExpansionStateRepository: NOTIFY !!! CLOSED -> OPENING
01-22 19:18:47.071  2814  2814 D QSMumButton: onPanelExpansionStateChanged isPanelExpanding = false > true
01-22 19:18:47.071  2814  2814 D QSMumButton: isMumDeactivated: !result[false] isLduBranding[false] isShopDemo[false]
01-22 19:18:47.071  2814  2814 D QSMumButton: needToBeVisible() result: false [MumSetting: false = (TwoPhoneSetting: false || (somethingInDetail(1): true && Pref: false && Settings: false)), !DEX-(DeviceState: true, !DesktopManager: true, !mIsDexEnablingOrEnabled: true) Panel-mExpanded: false, !isEmergencyMode: true, isUserEnabled: true, !isKioskModeEnabled: true, !isDisallowUserSwitch = true
01-22 19:18:47.071  2814  2814 D SecQSDetailController: onPanelExpansionStateChanged isPanelExpanding = true
01-22 19:18:47.072  2814  2814 D SecQpBlurController: onPanelExpansionChanged : 0.025076032
01-22 19:18:47.072  2814  2814 D SecPanelWindowBlurInteractor: Window Blur:  3  shouldBlockBlur: false isBlurReduced: false  isBackgroundVisible: false
01-22 19:18:47.072  2814  2814 D SecPanelWindowBlurBinder: setBlurInfo 3
01-22 19:18:47.072  2814  2814 D View    : semSetBlurInfo, blurInfo : android.view.SemBlurInfo@cc614de {BLUR_MODE_WINDOW, mBlurRadius = 3, mBackgroundBlurColor = 0, mCornerRadiusTL = 0.0, mCornerRadiusTR = 0.0, mCornerRadiusBL = 0.0, mCornerRadiusBR = 0.0, mClipRectLeft = 0, mClipRectTop = 0, mClipRectRight = 2147483647, mClipRectBottom = 2147483647, mColorCurve = android.view.SemBlurInfo$ColorCurve@c66b6bf {minX = 0.22295952, minY = 0.51132053, maxX = 255.0, maxY = 253.80643, curveBias = 0.14863968, saturation = 0.003715992}}, com.android.systemui.shade.NotificationShadeWindowView{4504390 V.E...... ......ID 0,0-1440,3120 #7f0a06a4 app:id/legacy_window_root aid=2406}
01-22 19:18:47.072  2814  2814 D View    : semSetBlurInfo, blurInfo : null, com.android.systemui.blur.SecQSNewBlurView{b7822cf G.E...... ......I. 0,0-0,0 #7f0a0a27 app:id/qs_new_blur}
01-22 19:18:47.072  2814  2814 I NowBarCardViewModel: setVisibility visible = 4 / nowBarRootVisibility = 4
01-22 19:18:47.072  2814  2814 D KeyguardVisible: visibilityChanged 4 -> 0
01-22 19:18:47.075  3244  3244 I HoneySpace.EdgePanel.EdgeVisibilityObserver: TrayVisibilityReceiver action : com.samsung.systemui.statusbar.ANIMATING
01-22 19:18:47.075  3244  3244 I HoneySpace.EdgePanel.EdgeVisibilityRepository: updateStateAction: 0x200 true true
01-22 19:18:47.075  3244  3244 I HoneySpace.EdgePanel.EdgeVisibilityRepository: updateState: 0x201
01-22 19:18:47.076  2814  2814 D MULTISIM-BIND: Bind [VOICE, SMS, DATA]
01-22 19:18:47.078  2814  2814 E MULTISIM-PROD-REPO: isDataBlocked : mSimCardManagerService is null.
01-22 19:18:47.079  1559  2921 I WindowManager: Relayout Window{35e5496 u0 NotificationShade}: viewVisibility=0 req=1440x3120 ty=2040 d0
01-22 19:18:47.079  1248  1549 I SurfaceFlinger: id=497754 createSurf, flag=44004, NotificationShade$_2814#497754
01-22 19:18:47.079  1559  2921 D WindowManager: makeSurface duration=0 name=NotificationShade$_2814
01-22 19:18:47.079  1559  2921 D SurfaceComposerClient: setCornerRadius ## f394204 com.google.android.youtube/com.google.android.youtube.app.honeycomb.Shell$HomeActivity#493447 cornerRadius=0.000000
01-22 19:18:47.080  1559  2921 W PhoneWindowManager: lockNow pending, ignore updating lockscreen timeout
01-22 19:18:47.080  1559  2921 D SurfaceComposerClient: setCornerRadius ## f394204 com.google.android.youtube/com.google.android.youtube.app.honeycomb.Shell$HomeActivity#493447 cornerRadius=0.000000
01-22 19:18:47.081  1559  2921 I WindowManager: Relayout hash=35e5496, pid=2814, syncId=-1: mAttrs={(0,0)(fillxfill) gr=TOP CENTER_VERTICAL sim={adjust=pan} layoutInDisplayCutoutMode=always ty=NOTIFICATION_SHADE fmt=TRANSLUCENT
01-22 19:18:47.081  1559  2921 I WindowManager:   fl=81040048
01-22 19:18:47.081  1559  2921 I WindowManager:   pfl=10000200
01-22 19:18:47.081  1559  2921 I WindowManager:   bhv=2
01-22 19:18:47.081  1559  2921 I WindowManager:   frameRateBoostOnTouch=true
01-22 19:18:47.081  1559  2921 I WindowManager:   dvrrWindowFrameRateHint=true naviIconColor=0
01-22 19:18:47.081  1559  2921 I WindowManager:   sfl=40000}
01-22 19:18:47.081  1248  1248 I SurfaceFlinger: [NotificationShade$_2814#497754] attach to parent LayerHierarchy{RequestedLayerState{35e5496 NotificationShade#100 parentId=99} 1 children}
01-22 19:18:47.081  2814  2814 I BLASTBufferQueue_Java: new BLASTBufferQueue, mName= VRI[NotificationShade]@aa1a57e mNativeObject= 0xb400006e371a5910 caller= android.view.ViewRootImpl.updateBlastSurfaceIfNeeded:3585 android.view.ViewRootImpl.relayoutWindow:11685 android.view.ViewRootImpl.performTraversals:4804 android.view.ViewRootImpl.doTraversal:3924 android.view.ViewRootImpl$TraversalRunnable.run:12903 android.view.Choreographer$CallbackRecord.run:1901 android.view.Choreographer$CallbackRecord.run:1910 android.view.Choreographer.doCallbacks:1367 android.view.Choreographer.doFrame:1292 android.view.Choreographer$FrameDisplayEventReceiver.run:1870 
01-22 19:18:47.081  2814  2814 I BLASTBufferQueue_Java: update, w= 1440 h= 3120 mName = VRI[NotificationShade]@aa1a57e mNativeObject= 0xb400006e371a5910 sc.mNativeObject= 0xb400006db709c690 format= -3 caller= android.view.ViewRootImpl.updateBlastSurfaceIfNeeded:3590 android.view.ViewRootImpl.relayoutWindow:11685 android.view.ViewRootImpl.performTraversals:4804 android.view.ViewRootImpl.doTraversal:3924 android.view.ViewRootImpl$TraversalRunnable.run:12903 android.view.Choreographer$CallbackRecord.run:1901 
01-22 19:18:47.082  2814  2814 I VRI[NotificationShade]@aa1a57e: Relayout returned: old=(0,0,1440,3120) new=(0,0,1440,3120) relayoutAsync=false req=(1440,3120)0 dur=2 res=0x3 s={true 0xb400006d47071b70} ch=true seqId=2959
01-22 19:18:47.082  2814  2814 D VRI[NotificationShade]@aa1a57e: mThreadedRenderer.initialize() mSurface={isValid=true 0xb400006d47071b70} hwInitialized=true
01-22 19:18:47.086  5859  5859 I SemDvfsHyPerManager: acquire hyper - TATouchBoost/5859@29, type = -999
01-22 19:18:47.086  2814  2927 D Tile.CustomTile: handleSetListening  true  initialized=true  isTileReady=true  getTileSpec() = custom(com.samsung.android.lool/com.samsung.android.sm.battery.ui.mode.BatteryModeTile)
01-22 19:18:47.086  1205  1256 I HYPER-HAL: [RequestManager.cpp]acquire(): Acquired ID : 17337245  [5859 / 29]    HINT :      list : [TABoost / 1] [TIMEOUT / 1500] 
01-22 19:18:47.087  2814  2927 D Tile.CustomTile: handleSetListening  true  initialized=true  isTileReady=true  getTileSpec() = custom(com.samsung.android.lool/com.samsung.android.sm.powershare.PowerShareTileService)
01-22 19:18:47.087  2814  2814 D MultiSIMPreferredSlotBar: setExpanded : true mShowing : false
01-22 19:18:47.087  2814  2814 D SecSTQuickControlRequestReceiver: updateRemoteView newRemoteView = null, currentRemoteView = null, this = @57a86e6
01-22 19:18:47.087  2814  2814 D QuickPanelLog: QSCI | setExpanded: expanded: true, getMinExpansionHeight(): 399, getMaxExpansionHeight(): 2952, mStackScrollerOverscrolling: false, mAnimatorExpand: false, mAnimating: false
01-22 19:18:47.087  2814  2814 D QuickPanelLog:  - com.android.systemui.shade.QuickSettingsControllerImpl.setExpanded:188
01-22 19:18:47.087  2814  2814 D QuickPanelLog:  - com.android.systemui.shade.QuickSettingsControllerImpl.setExpansionHeight:177
01-22 19:18:47.087  2814  2814 D QuickPanelLog:  - com.android.systemui.shade.NotificationPanelViewController$ShadeLayoutChangeListener.onLayoutChange:251
01-22 19:18:47.087  2814  2814 D QuickPanelLog:  - android.view.View.layout:26958
01-22 19:18:47.087  2814  2814 D QuickPanelLog:  - android.view.ViewGroup.layout:6847
01-22 19:18:47.087  2814  2814 D QuickPanelLog:  - android.widget.FrameLayout.layoutChildren:345
01-22 19:18:47.087  2814  2814 D QuickPanelLog:  - android.widget.FrameLayout.onLayout:283
01-22 19:18:47.087  2814  2814 D QuickPanelLog:  - android.view.View.layout:26937
01-22 19:18:47.087  2814  2814 D QuickPanelLog:  - android.view.ViewGroup.layout:6847
01-22 19:18:47.087  2814  2814 D QuickPanelLog:  - android.view.ViewRootImpl.performLayout:6160
01-22 19:18:47.087  2814  2814 D KeyguardUpdateMonitor: setPanelExpandingStarted() mIsPanelExpandingStarted = false -> true
01-22 19:18:47.087  2814  2814 D KeyguardFingerprint: shouldListenForFingerprint ( isFingerprintEnabled = false , mKeyguardIsVisible = false , mDeviceInteractive = true , mPrimaryBouncerIsOrWillBeShowing = false , mPrimaryBouncerFullyShown = false , mGoingToSleep = false , mSwitchingUser = false , mIsDreamingForBiometrics = false , mKeyguardUnlocking = false , mKeyguardGoingAway = true , mKeyguardShowing = false , mKeyguardOccluded = false , mSystemReady = true , mHasFocus = false
01-22 19:18:47.087  2814  2814 D KeyguardFingerprint: updateFingerprintListeningState#mFingerprintRunningState=0 shouldListenForFingerprint=false isUdfpsEnrolled=false bioType : 1
01-22 19:18:47.087  2814  2814 D ScrimController: setQsExpandedOnNightMode(false -> true)
01-22 19:18:47.087  2814  2814 D ScrimController: setScrimAlphaForKeyguard isWhiteWallpaper() = false bouncerScrimAlpha = 0.75 mScrimBouncerColor = #ff000000 callers = com.android.systemui.statusbar.phone.SecLsScrimControlHelper.setQsExpandedOnNightMode:50 
01-22 19:18:47.088  2814  2814 D SecQSExpansionStateRepository: pte: true | pts: 1 | lsse: 0.0 | qe: 1.0
01-22 19:18:47.088  2814  2814 W View    : requestLayout() improperly called by com.android.systemui.qs.SecQSGradationDrawableView{eced6f3 V.E...... ......ID 0,0-1440,413 #7f0a0a16 app:id/qs_gradation_view} during layout: running second layout pass
01-22 19:18:47.088  2814  2814 W View    : requestLayout() improperly called by android.widget.FrameLayout{681bfb0 V.E...... ......I. 0,0-1440,3120 #2} during layout: running second layout pass
01-22 19:18:47.088  2814  2814 W View    : requestLayout() improperly called by android.widget.FrameLayout{fc66e29 V.E...... ......ID 0,196-1440,2952 #7f0a0a14 app:id/qs_frame} during layout: running second layout pass
01-22 19:18:47.089  2814  2814 D VRI[NotificationShade]@aa1a57e: reportNextDraw android.view.ViewRootImpl.performTraversals:5443 android.view.ViewRootImpl.doTraversal:3924 android.view.ViewRootImpl$TraversalRunnable.run:12903 android.view.Choreographer$CallbackRecord.run:1901 android.view.Choreographer$CallbackRecord.run:1910 
01-22 19:18:47.089  1559  2921 D SurfaceComposerClient: setCornerRadius ## f394204 com.google.android.youtube/com.google.android.youtube.app.honeycomb.Shell$HomeActivity#493447 cornerRadius=0.000000
01-22 19:18:47.089  2814  2814 W RefactorFlag: New code path expects SceneContainerFlag to be enabled.
01-22 19:18:47.089  2814  2814 W RefactorFlag: New code path expects SceneContainerFlag to be enabled.
01-22 19:18:47.089  2814  2927 D Tile.CustomTile: handleSetListening  true  initialized=true  isTileReady=true  getTileSpec() = custom(com.samsung.android.mdx/.windowslink.tileservice.SeYourPhoneTileService)
01-22 19:18:47.089  2814  2814 D VRI[NotificationShade]@aa1a57e: Setup new sync=wmsSync-VRI[NotificationShade]@aa1a57e#79
01-22 19:18:47.089  1559  2921 W PhoneWindowManager: lockNow pending, ignore updating lockscreen timeout
01-22 19:18:47.089  2814  2814 I VRI[NotificationShade]@aa1a57e: Creating new active sync group VRI[NotificationShade]@aa1a57e#80
01-22 19:18:47.089  2814  2814 D VRI[NotificationShade]@aa1a57e: Start draw after previous draw not visible
01-22 19:18:47.089  1559  2921 D SurfaceComposerClient: setCornerRadius ## f394204 com.google.android.youtube/com.google.android.youtube.app.honeycomb.Shell$HomeActivity#493447 cornerRadius=0.000000
01-22 19:18:47.090  2814  2814 D VRI[NotificationShade]@aa1a57e: registerCallbacksForSync syncBuffer=false
01-22 19:18:47.090  2814  2927 D Tile.CustomTile: handleSetListening  true  initialized=true  isTileReady=true  getTileSpec() = custom(com.sec.android.app.camera/.service.QrTileService)
01-22 19:18:47.092  2814  2951 D SurfaceComposerClient: [SEC_SF_EFFECTS] setBlurRegions NotificationShade$_2814#497754 ## {radius=3, cornerRadii=[0.000, 0.000, 0.000, 0.000], alpha=1.000, rect=[0, 0, 1440, 3120], clipRect=[0, 0, 2147483647, 2147483647], colorCurve=[0.222960, 0.511321, 255.000000, 253.806427], curveBias=0.148640, saturation=0.003716, vibrance=[0.000000, (0.000000, 1.000000)], pathData size=0, BlurTint=[(0.000000 0.000000 0.000000) 0.000000, DISABLED]
01-22 19:18:47.092  2814  2951 D VRI[NotificationShade]@aa1a57e: Received frameDrawingCallback syncResult=0 frameNum=1.
01-22 19:18:47.092  2814  2951 I VRI[NotificationShade]@aa1a57e: mWNT: t=0xb400006ec7198ad0 mBlastBufferQueue=0xb400006e371a5910 fn= 1 HdrRenderState mRenderHdrSdrRatio=1.0 caller= android.view.ViewRootImpl$12.onFrameDraw:15441 android.view.ThreadedRenderer$1.onFrameDraw:718 <bottom of call stack> 
01-22 19:18:47.092  2814  2951 I VRI[NotificationShade]@aa1a57e: Setting up sync and frameCommitCallback
01-22 19:18:47.094  2814  2927 D Tile.CustomTile: handleSetListening  true  initialized=true  isTileReady=true  getTileSpec() = custom(com.sec.android.app.launcher/com.honeyspace.dexservice.DesktopModeTile)
01-22 19:18:47.095  2814  2927 D Tile.CustomTile: handleSetListening  true  initialized=true  isTileReady=true  getTileSpec() = custom(com.samsung.knox.securefolder/.switcher.SecureFolderTile)
01-22 19:18:47.096  2814  2927 D Tile.CustomTile: handleSetListening  true  initialized=true  isTileReady=true  getTileSpec() = custom(com.samsung.android.nfc/.quicktile.NfcTile)
01-22 19:18:47.096  2814  2927 D TileLifecycleManager: onStartListening ComponentInfo{com.samsung.android.nfc/com.samsung.android.nfc.quicktile.NfcTile}
01-22 19:18:47.097  2814  2927 D Tile.CustomTile: handleSetListening  true  initialized=true  isTileReady=true  getTileSpec() = custom(com.samsung.android.inputshare/.settings.MCTileService)
01-22 19:18:47.097  2814  2927 D Tile.CustomTile: handleSetListening  true  initialized=true  isTileReady=true  getTileSpec() = custom(com.samsung.android.app.aodservice/.settings.AODTileService)
01-22 19:18:47.098  2814  2927 D Tile.CustomTile: handleSetListening  true  initialized=true  isTileReady=true  getTileSpec() = custom(com.sec.unifiedwfc/.ux.quicksettings.WFCQSTileService)
01-22 19:18:47.098  2814  2927 D Tile.CustomTile: handleSetListening  true  initialized=true  isTileReady=true  getTileSpec() = custom(com.samsung.android.app.smartcapture/com.samsung.android.app.screenrecorder.view.RecordScreenTile)
01-22 19:18:47.099  2814  2927 D Tile.CustomTile: handleSetListening  true  initialized=true  isTileReady=true  getTileSpec() = custom(com.samsung.android.app.sharelive/.presentation.quickpanel.DeviceVisibilityTileService)
01-22 19:18:47.100  2814  2927 D Tile.CustomTile: handleSetListening  true  initialized=true  isTileReady=true  getTileSpec() = custom(com.android.settings/com.samsung.android.settings.bluetooth.BluetoothCastTile)
01-22 19:18:47.101  2814  2927 D Tile.CustomTile: handleSetListening  true  initialized=true  isTileReady=true  getTileSpec() = custom(com.sec.android.app.soundalive/.DolbyTile)
01-22 19:18:47.102  2814  2927 D Tile.CustomTile: handleSetListening  true  initialized=true  isTileReady=true  getTileSpec() = custom(com.samsung.android.kidsinstaller/.quickpanel.service.KidsTileService)
01-22 19:18:47.103  2814  2927 D Tile.CustomTile: handleSetListening  true  initialized=true  isTileReady=true  getTileSpec() = custom(com.samsung.android.mdecservice/com.samsung.android.cmcsettings.UI.qstiles.MdecServiceTiles)
01-22 19:18:47.103  2814  2927 D Tile.CustomTile: handleSetListening  true  initialized=true  isTileReady=true  getTileSpec() = custom(com.shazam.android/.service.tagging.AutoTaggingTileService)
01-22 19:18:47.104  2814  2927 D TileLifecycleManager: onStartListening ComponentInfo{com.shazam.android/com.shazam.android.service.tagging.AutoTaggingTileService}
01-22 19:18:47.104  2814  2927 D Tile.CustomTile: handleSetListening  true  initialized=true  isTileReady=true  getTileSpec() = custom(com.samsung.android.fast/.quicksetting.SecureWifiTile)
01-22 19:18:47.105  2814  2927 D Tile.CustomTile: handleSetListening  true  initialized=true  isTileReady=true  getTileSpec() = custom(com.google.android.as/com.google.android.apps.miphone.aiai.captions.quicksetting.CaptionsTileService)
01-22 19:18:47.106  2814  2927 D Tile.CustomTile: handleSetListening  true  initialized=true  isTileReady=true  getTileSpec() = custom(com.samsung.android.lool/com.samsung.android.sm.battery.ui.setting.tile.BatteryProtectionTile)
01-22 19:18:47.106  2814  2952 I BLASTBufferQueue: [VRI[NotificationShade]@aa1a57e#22070](f:0,a:0,s:0) onFrameAvailable the first frame is available
01-22 19:18:47.106  2814  2952 I VRI[NotificationShade]@aa1a57e: Received frameCommittedCallback lastAttemptedDrawFrameNum=1 didProduceBuffer=true
01-22 19:18:47.106  1248  2394 I SurfaceFlinger: [NotificationShade$_2814#497754] setTransactionState with the first frame. bufferData(ID: 12086038195128, frameNumber: 1)
01-22 19:18:47.107  2814  2814 D VRI[NotificationShade]@aa1a57e: reportDrawFinished seqId=2959
01-22 19:18:47.107  2814  2927 D Tile.CustomTile: handleSetListening  true  initialized=true  isTileReady=true  getTileSpec() = custom(com.samsung.android.app.interpreter/.interpretation.view.InterpreterQuickTileService)
01-22 19:18:47.107  1559  2921 D WindowManager: finishDrawingWindow: Window{35e5496 u0 NotificationShade} mDrawState=DRAW_PENDING seqId=2959
01-22 19:18:47.108  1559  1599 D SurfaceComposerClient: setCornerRadius ## f394204 com.google.android.youtube/com.google.android.youtube.app.honeycomb.Shell$HomeActivity#493447 cornerRadius=0.000000
01-22 19:18:47.108  2814  2814 D ShadeExpansionStateManager: onPanelExpansionChanged: ShadeExpansionChangeEvent(fraction=0.23444813, expanded=true, tracking=true)
01-22 19:18:47.108  2814  2814 D PanelSplitOpenAnimator: onPanelExpansionChanged : 0.23444813 state : 0
01-22 19:18:47.108  2814  2814 D PanelSplitOpenAnimator: setPosition : 0.23444813 // true false false 0.0
01-22 19:18:47.108  1559  1599 W PhoneWindowManager: lockNow pending, ignore updating lockscreen timeout
01-22 19:18:47.108  1559  1599 V WindowManager: performShowLocked: mDrawState=HAS_DRAWN in Window{35e5496 u0 NotificationShade}
01-22 19:18:47.109  1559  1599 D SurfaceComposerClient: setCornerRadius ## f394204 com.google.android.youtube/com.google.android.youtube.app.honeycomb.Shell$HomeActivity#493447 cornerRadius=0.000000
01-22 19:18:47.109  2814  2814 D SecQpBlurController: onPanelExpansionChanged : 0.23444813
01-22 19:18:47.109  2814  2814 D SecPanelWindowBlurInteractor: Window Blur:  71  shouldBlockBlur: false isBlurReduced: false  isBackgroundVisible: false
01-22 19:18:47.109  2814  2814 D SecPanelWindowBlurBinder: setBlurInfo 71
01-22 19:18:47.109  2814  2814 D View    : semSetBlurInfo, blurInfo : android.view.SemBlurInfo@baa1974 {BLUR_MODE_WINDOW, mBlurRadius = 71, mBackgroundBlurColor = 0, mCornerRadiusTL = 0.0, mCornerRadiusTR = 0.0, mCornerRadiusBL = 0.0, mCornerRadiusBR = 0.0, mClipRectLeft = 0, mClipRectTop = 0, mClipRectRight = 2147483647, mClipRectBottom = 2147483647, mColorCurve = android.view.SemBlurInfo$ColorCurve@ee65e9d {minX = 4.3020306, minY = 9.86599, maxX = 255.0, maxY = 231.9698, curveBias = 2.8680203, saturation = 0.071700506}}, com.android.systemui.shade.NotificationShadeWindowView{4504390 V.E...... .......D 0,0-1440,3120 #7f0a06a4 app:id/legacy_window_root aid=2406}
01-22 19:18:47.109  2814  2814 D View    : semSetBlurInfo, blurInfo : null, com.android.systemui.blur.SecQSNewBlurView{b7822cf G.E...... ......I. 0,0-0,0 #7f0a0a27 app:id/qs_new_blur}
01-22 19:18:47.109  2814  2814 I NowBarCardViewModel: setVisibility visible = 4 / nowBarRootVisibility = 4
01-22 19:18:47.110  2814  2814 W RefactorFlag: New code path expects SceneContainerFlag to be enabled.
01-22 19:18:47.110  2814  2814 W RefactorFlag: New code path expects SceneContainerFlag to be enabled.
01-22 19:18:47.111  2814  2950 D SurfaceComposerClient: [SEC_SF_EFFECTS] setBlurRegions NotificationShade$_2814#497754 ## {radius=71, cornerRadii=[0.000, 0.000, 0.000, 0.000], alpha=1.000, rect=[0, 0, 1440, 3120], clipRect=[0, 0, 2147483647, 2147483647], colorCurve=[4.302031, 9.865990, 255.000000, 231.969803], curveBias=2.868020, saturation=0.071701, vibrance=[0.000000, (0.000000, 1.000000)], pathData size=0, BlurTint=[(0.000000 0.000000 0.000000) 0.000000, DISABLED]
01-22 19:18:47.111  2814  2927 D Tile.SecDeviceControlsTile: handleUpdateState appName = SmartThings
01-22 19:18:47.114  2814  2814 D View    : semSetBlurInfo, blurInfo : android.view.SemBlurInfo@8eaae6a {BLUR_MODE_WINDOW, mBlurRadius = 300, mBackgroundBlurColor = 0, mCornerRadiusTL = 79.5, mCornerRadiusTR = 79.5, mCornerRadiusBL = 79.5, mCornerRadiusBR = 79.5, mClipRectLeft = 0, mClipRectTop = 0, mClipRectRight = 2147483647, mClipRectBottom = 2147483647, mColorCurve = android.view.SemBlurInfo$ColorCurve@d0cbf5b {minX = 0.0, minY = 13.3, maxX = 255.0, maxY = 235.1, curveBias = -15.0, saturation = 0.1}}, com.android.systemui.statusbar.KeyguardSecAffordanceView{94b6665 V.ED..... ......ID 0,0-159,159 #7f0a0469 app:id/end_button}
01-22 19:18:47.114  2814  2814 D View    : semSetBlurInfo, blurInfo : android.view.SemBlurInfo@6c950d1 {BLUR_MODE_WINDOW, mBlurRadius = 300, mBackgroundBlurColor = 0, mCornerRadiusTL = 79.5, mCornerRadiusTR = 79.5, mCornerRadiusBL = 79.5, mCornerRadiusBR = 79.5, mClipRectLeft = 0, mClipRectTop = 0, mClipRectRight = 2147483647, mClipRectBottom = 2147483647, mColorCurve = android.view.SemBlurInfo$ColorCurve@cfd4736 {minX = 0.0, minY = 13.3, maxX = 255.0, maxY = 235.1, curveBias = -15.0, saturation = 0.1}}, com.android.systemui.statusbar.KeyguardSecAffordanceView{7d6b948 V.ED..... ......ID 0,0-159,159 #7f0a0cad app:id/start_button}
01-22 19:18:47.115  2814  2927 D Tile.MobileDataTile: handleUpdateState : state true
01-22 19:18:47.115  2814  2814 I HotspotTile: onDataSaverChanged: false
01-22 19:18:47.115  1248  1248 D SurfaceFlinger: GPIS:: requestGpisForBlur
01-22 19:18:47.115  2814  2814 D ZenModeController: Added callback class com.android.systemui.qs.tiles.DndTile$5
01-22 19:18:47.115  2814  2814 D KeyguardUpdateMonitor: handleStatusBarState( prev:false-> next:true )
01-22 19:18:47.115  2814  2814 D KeyguardFingerprint: shouldListenForFingerprint ( isFingerprintEnabled = false , mKeyguardIsVisible = false , mDeviceInteractive = true , mPrimaryBouncerIsOrWillBeShowing = false , mPrimaryBouncerFullyShown = false , mGoingToSleep = false , mSwitchingUser = false , mIsDreamingForBiometrics = false , mKeyguardUnlocking = false , mKeyguardGoingAway = true , mKeyguardShowing = false , mKeyguardOccluded = false , mSystemReady = true , mHasFocus = false
01-22 19:18:47.115  2814  2814 D KeyguardFingerprint: updateFingerprintListeningState#mFingerprintRunningState=0 shouldListenForFingerprint=false isUdfpsEnrolled=false bioType : 1
01-22 19:18:47.116  1248  2420 D NativeSemDvfsManager: acquire:: timeout = 2000 mIsAcquired = 1  mTagName : SurfaceFlinger 
01-22 19:18:47.116  1248  2420 E NativeCustomFrequencyManager: [NativeCFMS] BpCustomFrequencyManager::acquire()
01-22 19:18:47.116  2814  2814 D SecQSCommonTileView: handleStateChanged state.spec = custom(com.samsung.android.smartmirroring/.tile.SmartMirroringTile), parent = LargeTileView{@ac8c0d4, #7f0a0df0, app:id/tile_label V, label = @ac8c0d4, #7f0a0df0, app:id/tile_label V, iconFrame = @a32e27d V, icon = @25ab572 V, common = @c142dc3}, labelContainer = @da5c0e1, #7f0a0661, app:id/label_group V, label = @ac8c0d4, #7f0a0df0, app:id/tile_label V, iconFrame = @a32e27d V, icon = @25ab572 V, common = @c142dc3
01-22 19:18:47.116  2814  2927 I HotspotTile: handleUpdateState
01-22 19:18:47.116  1205  1256 I HYPER-HAL: [RequestManager.cpp]acquire(): Acquired ID : 2528876  [1248 / 1000]    HINT : SF_GPU_MINLOCK    list : [TIMEOUT / 2000] 
01-22 19:18:47.116  2814  2814 D SecQSCommonTileView: handleStateChanged state.spec = custom(com.samsung.android.app.routines/.LifestyleModeTile), parent = LargeTileView{@25b1640, #7f0a0df0, app:id/tile_label V, label = @25b1640, #7f0a0df0, app:id/tile_label V, iconFrame = @7102979 V, icon = @b1ab6be V, common = @301e31f}, labelContainer = @f5dde06, #7f0a0661, app:id/label_group V, label = @25b1640, #7f0a0df0, app:id/tile_label V, iconFrame = @7102979 V, icon = @b1ab6be V, common = @301e31f
01-22 19:18:47.116  2814  2814 D SecQSCommonTileView: handleStateChanged state.spec = custom(com.samsung.android.mydevice/.quicksettings.MyDeviceTileService), parent = LargeTileView{@3fa7acc, #7f0a0df0, app:id/tile_label V, label = @3fa7acc, #7f0a0df0, app:id/tile_label V, iconFrame = @8d8a115 V, icon = @8f2c2a V, common = @ee6ca1b}, labelContainer = @4b7c2f4, #7f0a0661, app:id/label_group V, label = @3fa7acc, #7f0a0df0, app:id/tile_label V, iconFrame = @8d8a115 V, icon = @8f2c2a V, common = @ee6ca1b
01-22 19:18:47.116  2814  2814 D SecQSCommonTileView: handleStateChanged state.spec = custom(com.samsung.android.lool/com.samsung.android.sm.battery.ui.mode.BatteryModeTile), parent = LabelTileView{@ed9348d, #7f0a0df0, app:id/tile_label V, label = @ed9348d, #7f0a0df0, app:id/tile_label V, iconFrame = @28c8642 V, icon = @fc97653 V, common = @206db90}, labelContainer = @b4bd124, #7f0a0661, app:id/label_group V, label = @ed9348d, #7f0a0df0, app:id/tile_label V, iconFrame = @28c8642 V, icon = @fc97653 V, common = @206db90
01-22 19:18:47.117  2814  2814 D SecQSCommonTileView: handleStateChanged state.spec = custom(com.samsung.android.lool/com.samsung.android.sm.powershare.PowerShareTileService), parent = LabelTileView{@9e0c48e, #7f0a0df0, app:id/tile_label V, label = @9e0c48e, #7f0a0df0, app:id/tile_label V, iconFrame = @46b24af V, icon = @52620bc V, common = @c9d6845}, labelContainer = @5318c89, #7f0a0661, app:id/label_group V, label = @9e0c48e, #7f0a0df0, app:id/tile_label V, iconFrame = @46b24af V, icon = @52620bc V, common = @c9d6845
01-22 19:18:47.117  2814  2814 D KnoxStatusBarControlViewModel: updateHiddenState(hidden:false
01-22 19:18:47.117  2814  2814 D KnoxStatusBarControlViewModel: updateCustomText(text:null
01-22 19:18:47.117  2814  2814 D KnoxStatusBarControlViewModel: updateSystemIconEnabledState(enabled:true
01-22 19:18:47.117  2814  2814 D KeyguardUpdateMonitor: isUserUnlocked userId:0, unlocked:true
01-22 19:18:47.117  2814  2814 D KeyguardUpdateMonitor: isUserUnlocked userId:0, unlocked:true
01-22 19:18:47.117  2814  2814 D KeyguardUpdateMonitor: isUserUnlocked userId:0, unlocked:true
01-22 19:18:47.118  2814  2814 D KeyguardSecBottomAreaViewController: updateCameraVisibility isCameraDisabled:false visible:true
01-22 19:18:47.118  2814  2814 D KeyguardSecBottomAreaView: mIndicationArea margin start : 97, end : 97, bottom : 380
01-22 19:18:47.119  2814  2814 D ShadeExpansionStateManager: onPanelExpansionChanged: ShadeExpansionChangeEvent(fraction=0.28140068, expanded=true, tracking=true)
01-22 19:18:47.119  2814  2814 D PanelSplitOpenAnimator: onPanelExpansionChanged : 0.28140068 state : 0
01-22 19:18:47.119  2814  2814 D PanelSplitOpenAnimator: setPosition : 0.28140068 // true false false 0.0
01-22 19:18:47.119  2814  2927 D Tile.DndTile: handleUpdateState zen 0  state = QSTile$BooleanState[spec=Dnd,icon=ResourceIcon[resId=0x7f080f7d],nextIcon=null,iconSupplier=null,label=Nicht st├Âren,secondaryLabel=null,contentDescription=null,stateDescription=null,dualLabelContentDescription=null,expandedAccessibilityClassName=null,disabledByPolicy=false,dualTarget=true,isTransient=false,handlesSecondaryClick=false,state=1,sideViewCustomDrawable=null,tileClassName=null,value=false,forceExpandIcon=false]
01-22 19:18:47.121  2814  2814 D SecQpBlurController: onPanelExpansionChanged : 0.28140068
01-22 19:18:47.121  2814  2814 D SecPanelWindowBlurInteractor: Window Blur:  101  shouldBlockBlur: false isBlurReduced: false  isBackgroundVisible: false
01-22 19:18:47.121  2814  2814 D SecPanelWindowBlurBinder: setBlurInfo 101
01-22 19:18:47.121  2814  2814 D View    : semSetBlurInfo, blurInfo : android.view.SemBlurInfo@6d2db27 {BLUR_MODE_WINDOW, mBlurRadius = 101, mBackgroundBlurColor = 0, mCornerRadiusTL = 0.0, mCornerRadiusTR = 0.0, mCornerRadiusBL = 0.0, mCornerRadiusBR = 0.0, mClipRectLeft = 0, mClipRectTop = 0, mClipRectRight = 2147483647, mClipRectBottom = 2147483647, mColorCurve = android.view.SemBlurInfo$ColorCurve@db761d4 {minX = 6.0638423, minY = 13.906413, maxX = 255.0, maxY = 222.53822, curveBias = 4.0425615, saturation = 0.10106404}}, com.android.systemui.shade.NotificationShadeWindowView{4504390 V.E...... ......ID 0,0-1440,3120 #7f0a06a4 app:id/legacy_window_root aid=2406}
01-22 19:18:47.121  2814  2814 D View    : semSetBlurInfo, blurInfo : null, com.android.systemui.blur.SecQSNewBlurView{b7822cf G.E...... ......I. 0,0-0,0 #7f0a0a27 app:id/qs_new_blur}
01-22 19:18:47.121  2814  2814 I NowBarCardViewModel: setVisibility visible = 4 / nowBarRootVisibility = 4
01-22 19:18:47.122  2814  2814 I BLASTBufferQueue_Java: update, w= 1440 h= 3120 mName = VRI[NotificationShade]@aa1a57e mNativeObject= 0xb400006e371a5910 sc.mNativeObject= 0xb400006db709c690 format= -3 caller= android.view.ViewRootImpl.updateBlastSurfaceIfNeeded:3574 android.view.ViewRootImpl.relayoutWindow:11685 android.view.ViewRootImpl.performTraversals:4804 android.view.ViewRootImpl.doTraversal:3924 android.view.ViewRootImpl$TraversalRunnable.run:12903 android.view.Choreographer$CallbackRecord.run:1901 
01-22 19:18:47.122  2814  2814 I VRI[NotificationShade]@aa1a57e: Relayout returned: old=(0,0,1440,3120) new=(0,0,1440,3120) relayoutAsync=true req=(1440,3120)0 dur=0 res=0x0 s={true 0xb400006d47071b70} ch=false seqId=2959
01-22 19:18:47.122  1559  2921 I WindowManager: Relayout Window{35e5496 u0 NotificationShade}: viewVisibility=0 req=1440x3120 ty=2040 d0
01-22 19:18:47.123  1559  2921 D SurfaceComposerClient: setCornerRadius ## f394204 com.google.android.youtube/com.google.android.youtube.app.honeycomb.Shell$HomeActivity#493447 cornerRadius=0.000000
01-22 19:18:47.123  1248  1248 I SurfaceFlinger: RequestedLayer [NotificationShade$_2814#497754] hidden!! flag  from(1) --> to(0)
01-22 19:18:47.123  2814  2814 W RefactorFlag: New code path expects SceneContainerFlag to be enabled.
01-22 19:18:47.123  1559  2921 W PhoneWindowManager: lockNow pending, ignore updating lockscreen timeout
01-22 19:18:47.123  2814  2814 W RefactorFlag: New code path expects SceneContainerFlag to be enabled.
01-22 19:18:47.123  2814  2814 I VRI[NotificationShade]@aa1a57e: registerCallbackForPendingTransactions
01-22 19:18:47.124  1559  2921 D SurfaceComposerClient: setCornerRadius ## f394204 com.google.android.youtube/com.google.android.youtube.app.honeycomb.Shell$HomeActivity#493447 cornerRadius=0.000000
01-22 19:18:47.124  2814  2951 D SurfaceComposerClient: [SEC_SF_EFFECTS] setBlurRegions NotificationShade$_2814#497754 ## {radius=101, cornerRadii=[0.000, 0.000, 0.000, 0.000], alpha=1.000, rect=[0, 0, 1440, 3120], clipRect=[0, 0, 2147483647, 2147483647], colorCurve=[6.063842, 13.906413, 255.000000, 222.538223], curveBias=4.042562, saturation=0.101064, vibrance=[0.000000, (0.000000, 1.000000)], pathData size=0, BlurTint=[(0.000000 0.000000 0.000000) 0.000000, DISABLED]
01-22 19:18:47.124  2814  2951 I VRI[NotificationShade]@aa1a57e: mWNT: t=0xb400006ec72af250 mBlastBufferQueue=0xb400006e371a5910 fn= 3 HdrRenderState mRenderHdrSdrRatio=1.0 caller= android.view.ViewRootImpl$10.onFrameDraw:6536 android.view.ViewRootImpl$4.onFrameDraw:2489 android.view.ThreadedRenderer$1.onFrameDraw:718 
01-22 19:18:47.125  1559  2921 D WindowManager: Changing focus from Window{f394204 u0 com.google.android.youtube/com.google.android.youtube.app.honeycomb.Shell$HomeActivity} to Window{35e5496 u0 NotificationShade} displayId=0 Callers=com.android.server.wm.WindowManagerService.relayoutWindow:1350 com.android.server.wm.Session.relayout:27 com.android.server.wm.Session.relayoutAsync:14 android.view.IWindowSession$Stub.onTransact:854 
01-22 19:18:47.125  1559  2921 I WindowManager: Cancelling animation restarting=true, leash=Surface(name=Surface(name=79f2e38 StatusBar)/@0x90f9c0d - animation-leash of insets_animation)/@0xd4c14a9
01-22 19:18:47.125  1559  2921 I WindowManager: Reparenting to original parent: Surface(name=WindowToken{3dd2a8f type=2000 android.os.BinderProxy@684d2bb})/@0xc3f97c2, destroy=false, surface=Surface(name=79f2e38 StatusBar)/@0x90f9c0d
01-22 19:18:47.125  1559  2921 I WindowManager: Reparenting to leash, surface=Surface(name=79f2e38 StatusBar)/@0x90f9c0d, leashParent=Surface(name=WindowToken{3dd2a8f type=2000 android.os.BinderProxy@684d2bb})/@0xc3f97c2
01-22 19:18:47.125  1248  2394 I SurfaceFlinger: id=497755 createSurf, flag=24000, Surface(name=79f2e38 StatusBar)/@0x90f9c0d - animation-leash of insets_animation#497755
01-22 19:18:47.125  1559  2921 D WindowManager: makeSurface duration=0 leash=Surface(name=Surface(name=79f2e38 StatusBar)/@0x90f9c0d - animation-leash of insets_animation)/@0xf1c1c1a
01-22 19:18:47.126  1559  2921 D InsetsSourceProvider: updateControlForTarget: control=InsetsSourceControl: {4bc40000 mType=statusBars initiallyVisible mSurfacePosition=Point(0, 0) mInsetsHint=Insets{left=0, top=113, right=0, bottom=0}}, target=Window{35e5496 u0 NotificationShade}, from=com.android.server.wm.InsetsStateController.onControlTargetChanged:83 com.android.server.wm.InsetsPolicy.updateBarControlTarget:212 com.android.server.wm.DisplayPolicy.updateSystemBarAttributes:262 com.android.server.wm.WindowManagerService.updateFocusedWindowLocked:372 com.android.server.wm.WindowManagerService.relayoutWindow:1350 
01-22 19:18:47.126  1559  2921 D InsetsSourceProvider: updateFakeControlTarget: fakeControl=InsetsSourceControl: {4bc40000 mType=statusBars mSurfacePosition=Point(0, 0) mInsetsHint=Insets{left=0, top=0, right=0, bottom=0}}, fakeTarget=Window{f394204 u0 com.google.android.youtube/com.google.android.youtube.app.honeycomb.Shell$HomeActivity}
01-22 19:18:47.126  1559  2921 I WindowManager: Cancelling animation restarting=true, leash=Surface(name=Surface(name=bb05b8a NavigationBar0)/@0xea5f934 - animation-leash of insets_animation)/@0x17039cf
01-22 19:18:47.126  1559  2921 I WindowManager: Reparenting to original parent: Surface(name=WindowToken{fcd71f5 type=2019 android.os.BinderProxy@b75f832})/@0xd1235d, destroy=false, surface=Surface(name=bb05b8a NavigationBar0)/@0xea5f934
01-22 19:18:47.126  1559  2921 I WindowManager: Reparenting to leash, surface=Surface(name=bb05b8a NavigationBar0)/@0xea5f934, leashParent=Surface(name=WindowToken{fcd71f5 type=2019 android.os.BinderProxy@b75f832})/@0xd1235d
01-22 19:18:47.126  3244  3244 I HoneySpace.EdgePanel.EdgeVisibilityRepository: updateTrayVisible: State = 0x201, visible = false, current containerState = 0, specificMode = 0
01-22 19:18:47.126  3244  3244 I HoneySpace.EdgePanel.DumpHelper: Tray State
01-22 19:18:47.126  1248  2394 I SurfaceFlinger: id=497756 createSurf, flag=24000, Surface(name=bb05b8a NavigationBar0)/@0xea5f934 - animation-leash of insets_animation#497756
01-22 19:18:47.126  1559  2921 D WindowManager: makeSurface duration=0 leash=Surface(name=Surface(name=bb05b8a NavigationBar0)/@0xea5f934 - animation-leash of insets_animation)/@0xbbf4128
01-22 19:18:47.126  1559  2921 D InsetsSourceProvider: updateControlForTarget: control=InsetsSourceControl: {f7410001 mType=navigationBars initiallyVisible mSurfacePosition=Point(0, 2952) mInsetsHint=Insets{left=0, top=0, right=0, bottom=168}}, target=Window{35e5496 u0 NotificationShade}, from=com.android.server.wm.InsetsStateController.onControlTargetChanged:83 com.android.server.wm.InsetsPolicy.updateBarControlTarget:225 com.android.server.wm.DisplayPolicy.updateSystemBarAttributes:262 com.android.server.wm.WindowManagerService.updateFocusedWindowLocked:372 com.android.server.wm.WindowManagerService.relayoutWindow:1350 
01-22 19:18:47.126  3244  3244 I HoneySpace.EdgePanel.EdgeContainerViewModel: containerState current 0 new 4
01-22 19:18:47.126  1559  2921 D InsetsSourceProvider: updateFakeControlTarget: fakeControl=InsetsSourceControl: {f7410001 mType=navigationBars mSurfacePosition=Point(0, 0) mInsetsHint=Insets{left=0, top=0, right=0, bottom=0}}, fakeTarget=Window{f394204 u0 com.google.android.youtube/com.google.android.youtube.app.honeycomb.Shell$HomeActivity}
01-22 19:18:47.126  3244  3244 I HoneySpace.EdgePanel.EdgePot: Container state 4
01-22 19:18:47.126  1559  2921 D WindowManager: updateSystemBarAttributes: displayId=0, focusedCanBeNavColorWin=false, win=Window{35e5496 u0 NotificationShade}, navColorWin=Window{f394204 u0 com.google.android.youtube/com.google.android.youtube.app.honeycomb.Shell$HomeActivity}, caller=com.android.server.wm.WindowManagerService.updateFocusedWindowLocked:372 com.android.server.wm.WindowManagerService.relayoutWindow:1350 com.android.server.wm.Session.relayout:27 
01-22 19:18:47.127  1559  2921 D WindowManager: updateSystemBarAttributes, bhv=2, apr=0, statusBarAprRegions=[AppearanceRegion{ bounds=[0,0][1440,3120]}], requestedVisibilities=-9
01-22 19:18:47.127  1559  2921 V SystemKeyManager: updateFocusedWindow() is called, NotificationShade
01-22 19:18:47.127  1559  2921 I SystemKeyManager: requested systemKeyInfo size=1 focusedWindow=NotificationShade
01-22 19:18:47.127  1559  2921 I SystemKeyManager: requested systemKeyInfo size=1 focusedWindow=NotificationShade
01-22 19:18:47.127  1559  2921 I WindowManager: Relayout hash=35e5496, pid=0, syncId=-1: mAttrs={(0,0)(fillxfill) gr=TOP CENTER_VERTICAL sim={adjust=pan} layoutInDisplayCutoutMode=always ty=NOTIFICATION_SHADE fmt=TRANSLUCENT
01-22 19:18:47.127  1559  2921 I WindowManager:   fl=81060040
01-22 19:18:47.127  1559  2921 I WindowManager:   pfl=10000200
01-22 19:18:47.127  1559  2921 I WindowManager:   bhv=2
01-22 19:18:47.127  1559  2921 I WindowManager:   frameRateBoostOnTouch=true
01-22 19:18:47.127  1559  2921 I WindowManager:   dvrrWindowFrameRateHint=true naviIconColor=0
01-22 19:18:47.127  1559  2921 I WindowManager:   sfl=40000}
01-22 19:18:47.127  2814  2814 I HotspotTile: onHotspotChanged: false
01-22 19:18:47.128  3244  3244 I HoneySpace.EdgePanel.EdgeWindowController: updateHideWindow
01-22 19:18:47.128  2814  2814 D SecQSCommonTileView: handleStateChanged state.spec = custom(com.samsung.android.mdx/.windowslink.tileservice.SeYourPhoneTileService), parent = LabelTileView{@9cd5afd, #7f0a0df0, app:id/tile_label V, label = @9cd5afd, #7f0a0df0, app:id/tile_label V, iconFrame = @ad703f2 V, icon = @fec9a43 V, common = @19048c0}, labelContainer = @3d7cb54, #7f0a0661, app:id/label_group V, label = @9cd5afd, #7f0a0df0, app:id/tile_label V, iconFrame = @ad703f2 V, icon = @fec9a43 V, common = @19048c0
01-22 19:18:47.128  3244  3244 I HoneySpace.EdgePanel.EdgeWindowController: handleUpdateWindowParam
01-22 19:18:47.128  1559  5877 W CocktailBarStatePolicyController: updateWindowType: current window type is requested window type(1)
01-22 19:18:47.129  2814  2814 D SecQSCommonTileView: handleStateChanged state.spec = custom(com.sec.android.app.camera/.service.QrTileService), parent = LabelTileView{@d544da2, #7f0a0df0, app:id/tile_label V, label = @d544da2, #7f0a0df0, app:id/tile_label V, iconFrame = @9d89a33 V, icon = @6a761f0 V, common = @4bc0369}, labelContainer = @80ffd6d, #7f0a0661, app:id/label_group V, label = @d544da2, #7f0a0df0, app:id/tile_label V, iconFrame = @9d89a33 V, icon = @6a761f0 V, common = @4bc0369
01-22 19:18:47.129  3244  3244 I HoneySpace.EdgePanel.EdgeWindowController: updateTouchRect: dynamicInputRegion=37271450@LastEvent=t=1769105925321Rect(12, 0 - 67, 675),Rect=Rect(0, 0 - 0, 0)
01-22 19:18:47.129  2814  2814 D View    : semSetBlurInfo, blurInfo : android.view.SemBlurInfo@c12c740 {BLUR_MODE_WINDOW, mBlurRadius = 300, mBackgroundBlurColor = 0, mCornerRadiusTL = 79.5, mCornerRadiusTR = 79.5, mCornerRadiusBL = 79.5, mCornerRadiusBR = 79.5, mClipRectLeft = 0, mClipRectTop = 0, mClipRectRight = 2147483647, mClipRectBottom = 2147483647, mColorCurve = android.view.SemBlurInfo$ColorCurve@8348679 {minX = 0.0, minY = 13.3, maxX = 255.0, maxY = 235.1, curveBias = -15.0, saturation = 0.1}}, com.android.systemui.statusbar.KeyguardSecAffordanceView{7d6b948 V.ED..... ......ID 0,0-159,159 #7f0a0cad app:id/start_button}
01-22 19:18:47.129  1559  5877 D TspStateManager: holeName: com.sec.android.app.launcher, direction: 0, startY: 0, endY: 0
01-22 19:18:47.129  2814  2814 D View    : semSetBlurInfo, blurInfo : android.view.SemBlurInfo@9ec4fbe {BLUR_MODE_WINDOW, mBlurRadius = 300, mBackgroundBlurColor = 0, mCornerRadiusTL = 79.5, mCornerRadiusTR = 79.5, mCornerRadiusBL = 79.5, mCornerRadiusBR = 79.5, mClipRectLeft = 0, mClipRectTop = 0, mClipRectRight = 2147483647, mClipRectBottom = 2147483647, mColorCurve = android.view.SemBlurInfo$ColorCurve@4de081f {minX = 0.0, minY = 13.3, maxX = 255.0, maxY = 235.1, curveBias = -15.0, saturation = 0.1}}, com.android.systemui.statusbar.KeyguardSecAffordanceView{94b6665 V.ED..... ......ID 0,0-159,159 #7f0a0469 app:id/end_button}
01-22 19:18:47.129  1248  1248 D SurfaceFlinger: Display 4633128672291736003 HWC layers:
01-22 19:18:47.129  1248  1248 D SurfaceFlinger:        CLIENT |                        0 | 00000002 | N/A          |    0.0    0.0    0.0    0.0 |    0  113 1440  923 | Background for 3ee5669 SurfaceView[c[...]neycomb.Shell$HomeActivity]@0#497751 (0)
01-22 19:18:47.129  1248  1248 D SurfaceFlinger:        CLIENT |           27582280334916 | 00002100 | RGBA_8888    |    0.0    0.0 1440.0 3120.0 |    0    0 1440 3120 | com.google.android.youtube/com.googl[...]comb.Shell$HomeActivity$_6422#497745 (103)
01-22 19:18:47.129  1248  1248 D SurfaceFlinger:        CLIENT |           12086038195123 | 00002100 | RGBA_8888    |    0.0    0.0 1440.0  113.0 |    0    0 1440  113 | StatusBar$_2814#110 (1790767)
01-22 19:18:47.129  1248  1248 D SurfaceFlinger:        DEVICE |           12086038195127 | 00002100 | RGBA_8888    |    0.0    0.0 1440.0 3120.0 |    0    0 1440 3120 | NotificationShade$_2814#497754 (blurRegions) (2)
01-22 19:18:47.129  1248  1248 D SurfaceFlinger:        DEVICE |           13932874057998 | 00002100 | RGBA_8888    |    0.0    0.0   67.0  675.0 | 1373 1846 1440 2521 | com.sec.android.app.launcher/com.sam[...].app.CocktailBarService$_3244#497738 (1)
01-22 19:18:47.129  1248  1248 D SurfaceFlinger:        DEVICE |           12086038195122 | 00002100
01-22 19:18:47.129  1248  1248 D SurfaceFlinger:  | RGBA_8888    |    0.0    0.0 1440.0  168.0 |    0 2952 1440 3120 | NavigationBar0$_2814#108 (960204)
01-22 19:18:47.129  1248  1248 D SurfaceFlinger: 
01-22 19:18:47.129  2814  2814 D SecQSCommonTileView: handleStateChanged state.spec = custom(com.sec.android.app.launcher/com.honeyspace.dexservice.DesktopModeTile), parent = LabelTileView{@48869b, #7f0a0df0, app:id/tile_label V, label = @48869b, #7f0a0df0, app:id/tile_label V, iconFrame = @ec6ba38 V, icon = @6aa8a11 V, common = @6d42776}, labelContainer = @ca80aaa, #7f0a0661, app:id/label_group V, label = @48869b, #7f0a0df0, app:id/tile_label V, iconFrame = @ec6ba38 V, icon = @6aa8a11 V, common = @6d42776
01-22 19:18:47.130  1559  7856 D SemInputDeviceManager: setProperty: (0) CMD,GRIP_DATA,0,0,0,0
01-22 19:18:47.130  2814  2814 D ShadeExpansionStateManager: onPanelExpansionChanged: ShadeExpansionChangeEvent(fraction=0.33101812, expanded=true, tracking=true)
01-22 19:18:47.130  2814  2814 D PanelSplitOpenAnimator: onPanelExpansionChanged : 0.33101812 state : 0
01-22 19:18:47.130  2814  2814 D PanelSplitOpenAnimator: setPosition : 0.33101812 // true false false 0.0
01-22 19:18:47.130  1559  7856 D TspStateManager: wrote command: cmd=0,0,0,0, type=3
01-22 19:18:47.130  1559  2646 D SemInputDevice:TSP: SetPropertyTask: CMD,set_grip_data,0,0,0,0 [01-22 19:18:47.130]
01-22 19:18:47.131  1248  1248 I SurfaceFlinger: [Surface(name=79f2e38 StatusBar)/@0x90f9c0d - animation-leash of insets_animation#497755] attach to parent LayerHierarchy{RequestedLayerState{WindowToken{3dd2a8f type=2000 android.os.BinderProxy@684d2bb}#101 parentId=17} 2 children}
01-22 19:18:47.131  1248  1248 I SurfaceFlinger: [Surface(name=bb05b8a NavigationBar0)/@0xea5f934 - animation-leash of insets_animation#497756] attach to parent LayerHierarchy{RequestedLayerState{WindowToken{fcd71f5 type=2019 android.os.BinderProxy@b75f832}#97 parentId=34} 2 children}
01-22 19:18:47.131  2814  2814 D SecQpBlurController: onPanelExpansionChanged : 0.33101812
01-22 19:18:47.131  2814  2814 D SecPanelWindowBlurInteractor: Window Blur:  133  shouldBlockBlur: false isBlurReduced: false  isBackgroundVisible: false
01-22 19:18:47.132  2814  2814 D SecPanelWindowBlurBinder: setBlurInfo 133
01-22 19:18:47.132  2814  2814 D View    : semSetBlurInfo, blurInfo : android.view.SemBlurInfo@56e1135 {BLUR_MODE_WINDOW, mBlurRadius = 133, mBackgroundBlurColor = 0, mCornerRadiusTL = 0.0, mCornerRadiusTR = 0.0, mCornerRadiusBL = 0.0, mCornerRadiusBR = 0.0, mClipRectLeft = 0, mClipRectTop = 0, mClipRectRight = 2147483647, mClipRectBottom = 2147483647, mColorCurve = android.view.SemBlurInfo$ColorCurve@d19a9ca {minX = 7.9980593, minY = 18.342216, maxX = 255.0, maxY = 212.18372, curveBias = 5.33204, saturation = 0.13330099}}, com.android.systemui.shade.NotificationShadeWindowView{4504390 V.E...... .......D 0,0-1440,3120 #7f0a06a4 app:id/legacy_window_root aid=2406}
01-22 19:18:47.132  2814  2814 D View    : semSetBlurInfo, blurInfo : null, com.android.systemui.blur.SecQSNewBlurView{b7822cf G.E...... ......I. 0,0-0,0 #7f0a0a27 app:id/qs_new_blur}
01-22 19:18:47.132  2814  2814 I NowBarCardViewModel: setVisibility visible = 4 / nowBarRootVisibility = 4
01-22 19:18:47.132  2814  2814 W RefactorFlag: New code path expects SceneContainerFlag to be enabled.
01-22 19:18:47.133  2814  2814 W RefactorFlag: New code path expects SceneContainerFlag to be enabled.
01-22 19:18:47.133  1559  5877 I WindowManager: Relayout Window{dc4095b u0 com.sec.android.app.launcher/com.samsung.app.honeyspace.edge.edgepanel.app.CocktailBarService}: viewVisibility=8 req=0x0 ty=2226 d0
01-22 19:18:47.133  1559  5877 E WindowManager: win=Window{dc4095b u0 com.sec.android.app.launcher/com.samsung.app.honeyspace.edge.edgepanel.app.CocktailBarService} destroySurfaces: appStopped=true cleanupOnResume=false win.mWindowRemovalAllowed=false win.mRemoveOnExit=false win.mViewVisibility=8 caller=com.android.server.wm.WindowManagerService.tryStartExitingAnimation:134 com.android.server.wm.WindowManagerService.relayoutWindow:1138 com.android.server.wm.Session.relayout:27 android.view.IWindowSession$Stub.onTransact:829 com.android.server.wm.Session.onTransact:1 android.os.Binder.execTransactInternal:1457 android.os.Binder.execTransact:1401 
01-22 19:18:47.134  2814  2950 D SurfaceComposerClient: [SEC_SF_EFFECTS] setBlurRegions NotificationShade$_2814#497754 ## {radius=133, cornerRadii=[0.000, 0.000, 0.000, 0.000], alpha=1.000, rect=[0, 0, 1440, 3120], clipRect=[0, 0, 2147483647, 2147483647], colorCurve=[7.998059, 18.342216, 255.000000, 212.183716], curveBias=5.332040, saturation=0.133301, vibrance=[0.000000, (0.000000, 1.000000)], pathData size=0, BlurTint=[(0.000000 0.000000 0.000000) 0.000000, DISABLED]
01-22 19:18:47.134  1559  5877 D SurfaceComposerClient: setCornerRadius ## f394204 com.google.android.youtube/com.google.android.youtube.app.honeycomb.Shell$HomeActivity#493447 cornerRadius=0.000000
01-22 19:18:47.134  1559  5877 W PhoneWindowManager: lockNow pending, ignore updating lockscreen timeout
01-22 19:18:47.134  1559  5877 D SurfaceComposerClient: setCornerRadius ## f394204 com.google.android.youtube/com.google.android.youtube.app.honeycomb.Shell$HomeActivity#493447 cornerRadius=0.000000
01-22 19:18:47.135  1559  5877 I WindowManager: Relayout hash=dc4095b, pid=3244, syncId=-1: mAttrs={(0,1846)(0x0) gr=TOP RIGHT CENTER sim={adjust=nothing} layoutInDisplayCutoutMode=always ty=2226 fmt=TRANSPARENT
01-22 19:18:47.135  1559  5877 I WindowManager:   fl=81800108
01-22 19:18:47.135  1559  5877 I WindowManager:   pfl=10000070
01-22 19:18:47.135  1559  5877 I WindowManager:   apr=10
01-22 19:18:47.135  1559  5877 I WindowManager:   bhv=1
01-22 19:18:47.135  1559  5877 I WindowManager:   frameRateBoostOnTouch=true
01-22 19:18:47.135  1559  5877 I WindowManager:   dvrrWindowFrameRateHint=true
01-22 19:18:47.135  1559  5877 I WindowManager:  dimAmount=0.0 dimDuration=0 naviIconColor=0
01-22 19:18:47.135  1559  5877 I WindowManager:   sfl=420000}
01-22 19:18:47.136  3244  3244 I VRI[CocktailBarService]@bb5dd7a: Relayout returned: old=(1373,1846,1440,2521) new=(1373,1846,1440,2521) relayoutAsync=false req=(0,0)8 dur=2 res=0x2 s={false 0x0} ch=true seqId=7680
01-22 19:18:47.136  1559  2921 D SyncManager: userId - 0 auto - true
01-22 19:18:47.136  2814  2814 D SecQSCommonTileView: handleStateChanged state.spec = custom(com.samsung.knox.securefolder/.switcher.SecureFolderTile), parent = LabelTileView{@54941e4, #7f0a0df0, app:id/tile_label V, label = @54941e4, #7f0a0df0, app:id/tile_label V, iconFrame = @c9cb64d V, icon = @ad34502 V, common = @c872e13}, labelContainer = @79ef177, #7f0a0661, app:id/label_group V, label = @54941e4, #7f0a0df0, app:id/tile_label V, iconFrame = @c9cb64d V, icon = @ad34502 V, common = @c872e13
01-22 19:18:47.137  1559  5877 D SurfaceComposerClient: setCornerRadius ## f394204 com.google.android.youtube/com.google.android.youtube.app.honeycomb.Shell$HomeActivity#493447 cornerRadius=0.000000
01-22 19:18:47.137  2814  2814 D SecQSCommonTileView: handleStateChanged state.spec = custom(com.samsung.android.nfc/.quicktile.NfcTile), parent = LabelTileView{@70b6a49, #7f0a0df0, app:id/tile_label V, label = @70b6a49, #7f0a0df0, app:id/tile_label V, iconFrame = @7b4af4e V, icon = @9ac986f V, common = @9c8e97c}, labelContainer = @b4a9850, #7f0a0661, app:id/label_group V, label = @70b6a49, #7f0a0df0, app:id/tile_label V, iconFrame = @7b4af4e V, icon = @9ac986f V, common = @9c8e97c
01-22 19:18:47.137  2814  2927 D Tile.SyncTile: hasUserRestriction: false
01-22 19:18:47.137  2814  2814 D SecQSCommonTileView: handleStateChanged state.spec = custom(com.samsung.android.inputshare/.settings.MCTileService), parent = LabelTileView{@c30725a, #7f0a0df0, app:id/tile_label V, label = @c30725a, #7f0a0df0, app:id/tile_label V, iconFrame = @f144c8b V, icon = @9792168 V, common = @f311981}, labelContainer = @3976205, #7f0a0661, app:id/label_group V, label = @c30725a, #7f0a0df0, app:id/tile_label V, iconFrame = @f144c8b V, icon = @9792168 V, common = @f311981
01-22 19:18:47.137  1559  5877 W PhoneWindowManager: lockNow pending, ignore updating lockscreen timeout
01-22 19:18:47.137  1559  5877 D SurfaceComposerClient: setCornerRadius ## f394204 com.google.android.youtube/com.google.android.youtube.app.honeycomb.Shell$HomeActivity#493447 cornerRadius=0.000000
01-22 19:18:47.138  1559  6211 D SystemServerTiming: getUserSwitchability-0
01-22 19:18:47.138  1559  6211 D SystemServerTiming: TM.isInCall
01-22 19:18:47.138  1559  2921 D SystemServerTiming: getUserSwitchability-0
01-22 19:18:47.138  1559  2921 D SystemServerTiming: TM.isInCall
01-22 19:18:47.138  1559  6211 I Telecom : SamsungTelecomServiceImpl : isInCall - callingPackage : android / callingUser : UserHandle{0} / hasCrossUserAccess : true
01-22 19:18:47.138  1559  2921 I Telecom : SamsungTelecomServiceImpl : isInCall - callingPackage : android / callingUser : UserHandle{0} / hasCrossUserAccess : true
01-22 19:18:47.138  1559  6211 V SystemServerTiming: TM.isInCall took to complete: 1ms
01-22 19:18:47.138  2814  2814 D ShadeExpansionStateManager: onPanelExpansionChanged: ShadeExpansionChangeEvent(fraction=0.38296065, expanded=true, tracking=true)
01-22 19:18:47.138  1559  6211 D SystemServerTiming: hasUserRestriction-DISALLOW_USER_SWITCH
01-22 19:18:47.138  1559  6211 V SystemServerTiming: hasUserRestriction-DISALLOW_USER_SWITCH took to complete: 0ms
01-22 19:18:47.138  1559  6211 D SystemServerTiming: getInt-ALLOW_USER_SWITCHING_WHEN_SYSTEM_USER_LOCKED
01-22 19:18:47.138  2814  2814 D PanelSplitOpenAnimator: onPanelExpansionChanged : 0.38296065 state : 0
01-22 19:18:47.138  2814  2814 D PanelSplitOpenAnimator: setPosition : 0.38296065 // true false false 0.0
01-22 19:18:47.138  1559  2921 V SystemServerTiming: TM.isInCall took to complete: 0ms
01-22 19:18:47.138  1559  2921 D SystemServerTiming: hasUserRestriction-DISALLOW_USER_SWITCH
01-22 19:18:47.138  1559  2921 V SystemServerTiming: hasUserRestriction-DISALLOW_USER_SWITCH took to complete: 0ms
01-22 19:18:47.138  1559  2921 D SystemServerTiming: getInt-ALLOW_USER_SWITCHING_WHEN_SYSTEM_USER_LOCKED
01-22 19:18:47.138  1559  6211 V SystemServerTiming: getInt-ALLOW_USER_SWITCHING_WHEN_SYSTEM_USER_LOCKED took to complete: 0ms
01-22 19:18:47.138  1559  6211 D SystemServerTiming: isUserUnlocked-USER_SYSTEM
01-22 19:18:47.138  1559  2921 V SystemServerTiming: getInt-ALLOW_USER_SWITCHING_WHEN_SYSTEM_USER_LOCKED took to complete: 0ms
01-22 19:18:47.139  1559  2921 D SystemServerTiming: isUserUnlocked-USER_SYSTEM
01-22 19:18:47.139  1559  6211 V SystemServerTiming: isUserUnlocked-USER_SYSTEM took to complete: 0ms
01-22 19:18:47.139  1559  2921 V SystemServerTiming: isUserUnlocked-USER_SYSTEM took to complete: 0ms
01-22 19:18:47.139  1559  2921 V SystemServerTiming: getUserSwitchability-0 took to complete: 0ms
01-22 19:18:47.139  1559  6211 V SystemServerTiming: getUserSwitchability-0 took to complete: 1ms
01-22 19:18:47.139  1230  1249 I sysinput:aidl: onReportInformation:93, 1, cmd@set_grip_data,0,0,0,0:0
01-22 19:18:47.139  1559  2646 D SysinputHAL_AIDL: setProperty(TSP(1)): CMD, set_grip_data,0,0,0,0 ret=0
01-22 19:18:47.139  1230  1249 I sysinput:Touch1: operator():237, OK
01-22 19:18:47.140  2814  2814 D SecQpBlurController: onPanelExpansionChanged : 0.38296065
01-22 19:18:47.140  2814  2814 D SecPanelWindowBlurInteractor: Window Blur:  163  shouldBlockBlur: false isBlurReduced: false  isBackgroundVisible: false
01-22 19:18:47.140  2814  2814 D SecPanelWindowBlurBinder: setBlurInfo 163
01-22 19:18:47.140  2814  2814 D View    : semSetBlurInfo, blurInfo : android.view.SemBlurInfo@695c321 {BLUR_MODE_WINDOW, mBlurRadius = 163, mBackgroundBlurColor = 0, mCornerRadiusTL = 0.0, mCornerRadiusTR = 0.0, mCornerRadiusBL = 0.0, mCornerRadiusBR = 0.0, mClipRectLeft = 0, mClipRectTop = 0, mClipRectRight = 2147483647, mClipRectBottom = 2147483647, mColorCurve = android.view.SemBlurInfo$ColorCurve@bbe5346 {minX = 9.791281, minY = 22.454672, maxX = 255.0, maxY = 202.58401, curveBias = 6.52752, saturation = 0.16318801}}, com.android.systemui.shade.NotificationShadeWindowView{4504390 V.E...... .......D 0,0-1440,3120 #7f0a06a4 app:id/legacy_window_root aid=2406}
01-22 19:18:47.140  2814  2814 D View    : semSetBlurInfo, blurInfo : null, com.android.systemui.blur.SecQSNewBlurView{b7822cf G.E...... ......I. 0,0-0,0 #7f0a0a27 app:id/qs_new_blur}
01-22 19:18:47.140  2814  2814 I NowBarCardViewModel: setVisibility visible = 4 / nowBarRootVisibility = 4
01-22 19:18:47.141  1248  1248 I SurfaceFlinger: [LayerHierarchy{RequestedLayerState{79f2e38 StatusBar#102 parentId=497755} 1 children}] reparent to LayerHierarchy{RequestedLayerState{Surface(name=79f2e38 StatusBar)/@0x90f9c0d - animation-leash of insets_animation#497755 parentId=101} 1 children}
01-22 19:18:47.141  1248  1248 I SurfaceFlinger: [LayerHierarchy{RequestedLayerState{bb05b8a NavigationBar0#98 parentId=497756} 1 children}] reparent to LayerHierarchy{RequestedLayerState{Surface(name=bb05b8a NavigationBar0)/@0xea5f934 - animation-leash of insets_animation#497756 parentId=97} 1 children}
01-22 19:18:47.141  1248  1248 I SurfaceFlinger: [LayerHierarchy{RequestedLayerState{com.sec.android.app.launcher/com.samsung.app.honeyspace.edge.edgepanel.app.CocktailBarService$_3244#497738} no children}] reparent to OffscreenRoot
01-22 19:18:47.141  1248  1248 I SurfaceFlinger: [LayerHierarchy{RequestedLayerState{com.sec.android.app.launcher/com.samsung.app.honeyspace.edge.edgepanel.app.CocktailBarService$_3244#497738} no children}] RelativeParent to null
01-22 19:18:47.141  1248  1248 I SurfaceFlinger: [LayerHierarchy{RequestedLayerState{Surface(name=bb05b8a NavigationBar0)/@0xea5f934 - animation-leash of insets_animation#497747} no children}] reparent to OffscreenRoot
01-22 19:18:47.141  1248  1248 I SurfaceFlinger: [LayerHierarchy{RequestedLayerState{Surface(name=bb05b8a NavigationBar0)/@0xea5f934 - animation-leash of insets_animation#497747} no children}] RelativeParent to null
01-22 19:18:47.141  1248  1248 I SurfaceFlinger: [LayerHierarchy{RequestedLayerState{Surface(name=79f2e38 StatusBar)/@0x90f9c0d - animation-leash of insets_animation#497746} no children}] reparent to OffscreenRoot
01-22 19:18:47.141  1248  1248 I SurfaceFlinger: [LayerHierarchy{RequestedLayerState{Surface(name=79f2e38 StatusBar)/@0x90f9c0d - animation-leash of insets_animation#497746} no children}] RelativeParent to null
01-22 19:18:47.141  2814  2814 W RefactorFlag: New code path expects SceneContainerFlag to be enabled.
01-22 19:18:47.141  2814  2814 W RefactorFlag: New code path expects SceneContainerFlag to be enabled.
01-22 19:18:47.141  1248  1248 I SurfaceFlinger: id=497738 Removed com.sec.android.app.launcher/com.samsung.app.honeyspace.edge.edgepanel.app.CocktailBarService$_3244#497738 (189)
01-22 19:18:47.142  2814  2951 D SurfaceComposerClient: [SEC_SF_EFFECTS] setBlurRegions NotificationShade$_2814#497754 ## {radius=163, cornerRadii=[0.000, 0.000, 0.000, 0.000], alpha=1.000, rect=[0, 0, 1440, 3120], clipRect=[0, 0, 2147483647, 2147483647], colorCurve=[9.791281, 22.454672, 255.000000, 202.584015], curveBias=6.527520, saturation=0.163188, vibrance=[0.000000, (0.000000, 1.000000)], pathData size=0, BlurTint=[(0.000000 0.000000 0.000000) 0.000000, DISABLED]
01-22 19:18:47.143  1559  1598 W PhoneWindowManager: lockNow pending, ignore updating lockscreen timeout
01-22 19:18:47.143  1559  1598 D SurfaceComposerClient: setCornerRadius ## f394204 com.google.android.youtube/com.google.android.youtube.app.honeycomb.Shell$HomeActivity#493447 cornerRadius=0.000000
01-22 19:18:47.144  2814  2814 D SecQSCommonTileView: handleStateChanged state.spec = custom(com.samsung.android.app.aodservice/.settings.AODTileService), parent = LabelTileView{@df92667, #7f0a0df0, app:id/tile_label V, label = @df92667, #7f0a0df0, app:id/tile_label V, iconFrame = @772ec14 V, icon = @b54ccbd V, common = @aaf2b2}, labelContainer = @8735a26, #7f0a0661, app:id/label_group V, label = @df92667, #7f0a0df0, app:id/tile_label V, iconFrame = @772ec14 V, icon = @b54ccbd V, common = @aaf2b2
01-22 19:18:47.144  2814  2814 D SecQSCommonTileView: handleStateChanged state.spec = custom(com.sec.unifiedwfc/.ux.quicksettings.WFCQSTileService), parent = LabelTileView{@89cb580, #7f0a0df0, app:id/tile_label V, label = @89cb580, #7f0a0df0, app:id/tile_label V, iconFrame = @b0677b9 V, icon = @c5187fe V, common = @29a7b5f}, labelContainer = @667c203, #7f0a0661, app:id/label_group V, label = @89cb580, #7f0a0df0, app:id/tile_label V, iconFrame = @b0677b9 V, icon = @c5187fe V, common = @29a7b5f
01-22 19:18:47.144  2814  2814 D SecQSCommonTileView: handleStateChanged state.spec = custom(com.samsung.android.app.smartcapture/com.samsung.android.app.screenrecorder.view.RecordScreenTile), parent = LabelTileView{@38dd675, #7f0a0df0, app:id/tile_label V, label = @38dd675, #7f0a0df0, app:id/tile_label V, iconFrame = @e3a260a V, icon = @c156e7b V, common = @aebb498}, labelContainer = @7d7a9ac, #7f0a0661, app:id/label_group V, label = @38dd675, #7f0a0df0, app:id/tile_label V, iconFrame = @e3a260a V, icon = @c156e7b V, common = @aebb498
01-22 19:18:47.144  2814  2814 D SecQSCommonTileView: handleStateChanged state.spec = custom(com.samsung.android.app.sharelive/.presentation.quickpanel.DeviceVisibilityTileService), parent = LabelTileView{@15c98d6, #7f0a0df0, app:id/tile_label V, label = @15c98d6, #7f0a0df0, app:id/tile_label V, iconFrame = @6827757 V, icon = @a338244 V, common = @e375f2d}, labelContainer = @cf264f1, #7f0a0661, app:id/label_group V, label = @15c98d6, #7f0a0df0, app:id/tile_label V, iconFrame = @6827757 V, icon = @a338244 V, common = @e375f2d
01-22 19:18:47.144  1248  1549 I SurfaceFlinger: id=497746 Removed Surface(name=79f2e38 StatusBar)/@0x90f9c0d - animation-leash of insets_animation#497746 (189)
01-22 19:18:47.144  2814  2927 D TileLifecycleManager: Binding service Intent { act=android.service.quicksettings.action.QS_TILE xflg=0x4 cmp=com.samsung.android.nfc/.quicktile.NfcTile (has extras) } UserHandle{0}
01-22 19:18:47.144  1248  1549 I SurfaceFlinger: id=497747 Removed Surface(name=bb05b8a NavigationBar0)/@0xea5f934 - animation-leash of insets_animation#497747 (189)
01-22 19:18:47.145  6422  6422 I VRI[Shell$HomeActivity]@f7863a5: handleResized, frames=ClientWindowFrames{frame=[0,0][1440,3120] display=[0,0][1440,3120] parentFrame=[0,0][0,0]} displayId=0 dragResizing=false compatScale=1.0 frameChanged=false attachedFrameChanged=false configChanged=false displayChanged=false compatScaleChanged=false dragResizingChanged=false
01-22 19:18:47.145  2814  2814 D SecQSCommonTileView: handleStateChanged state.spec = custom(com.android.settings/com.samsung.android.settings.bluetooth.BluetoothCastTile), parent = LabelTileView{@b0246e5, #7f0a0df0, app:id/tile_label V, label = @b0246e5, #7f0a0df0, app:id/tile_label V, iconFrame = @bb025ba V, icon = @d5aec6b V, common = @98173c8}, labelContainer = @ceed5dc, #7f0a0661, app:id/label_group V, label = @b0246e5, #7f0a0df0, app:id/tile_label V, iconFrame = @bb025ba V, icon = @d5aec6b V, common = @98173c8
01-22 19:18:47.145  2814  2814 D SecQSCommonTileView: handleStateChanged state.spec = custom(com.sec.android.app.soundalive/.DolbyTile), parent = LabelTileView{@e2ae386, #7f0a0df0, app:id/tile_label V, label = @e2ae386, #7f0a0df0, app:id/tile_label V, iconFrame = @939e447 V, icon = @71e0474 V, common = @2db6d9d}, labelContainer = @2156c61, #7f0a0661, app:id/label_group V, label = @e2ae386, #7f0a0df0, app:id/tile_label V, iconFrame = @939e447 V, icon = @71e0474 V, common = @2db6d9d
01-22 19:18:47.145  2814  2814 D SecQSCommonTileView: handleStateChanged state.spec = custom(com.samsung.android.kidsinstaller/.quickpanel.service.KidsTileService), parent = LabelTileView{@7267de3, #7f0a0df0, app:id/tile_label V, label = @7267de3, #7f0a0df0, app:id/tile_label V, iconFrame = @650f3e0 V, icon = @a064699 V, common = @184dd5e}, labelContainer = @741b212, #7f0a0661, app:id/label_group V, label = @7267de3, #7f0a0df0, app:id/tile_label V, iconFrame = @650f3e0 V, icon = @a064699 V, common = @184dd5e
01-22 19:18:47.146  1559  2656 D BackgroundInstallControlService: Package event received: 0
01-22 19:18:47.147  2814  2814 D SecQSCommonTileView: handleStateChanged state.spec = custom(com.samsung.android.mdecservice/com.samsung.android.cmcsettings.UI.qstiles.MdecServiceTiles), parent = LabelTileView{@2016e0c, #7f0a0df0, app:id/tile_label V, label = @2016e0c, #7f0a0df0, app:id/tile_label V, iconFrame = @36bb355 V, icon = @e3d716a V, common = @ab3c65b}, labelContainer = @5b9153f, #7f0a0661, app:id/label_group V, label = @2016e0c, #7f0a0df0, app:id/tile_label V, iconFrame = @36bb355 V, icon = @e3d716a V, common = @ab3c65b
01-22 19:18:47.147  3110  3110 D [NFC_SE]NfcTile: onBind()
01-22 19:18:47.147  3110  3110 D [NFC_SE]NfcTile: mContext is null
01-22 19:18:47.147  2814  2814 D SecQSCommonTileView: handleStateChanged state.spec = custom(com.shazam.android/.service.tagging.AutoTaggingTileService), parent = LabelTileView{@8812fd1, #7f0a0df0, app:id/tile_label V, label = @8812fd1, #7f0a0df0, app:id/tile_label V, iconFrame = @8393a36 V, icon = @bde6d37 V, common = @28572a4}, labelContainer = @a5d5ef8, #7f0a0661, app:id/label_group V, label = @8812fd1, #7f0a0df0, app:id/tile_label V, iconFrame = @8393a36 V, icon = @bde6d37 V, common = @28572a4
01-22 19:18:47.148  3110  3110 D TileService: onBind : mService = android.service.quicksettings.IQSService$Stub$Proxy@4abd2ee, mTileToken = android.os.BinderProxy@ee6a902NfcTile
01-22 19:18:47.148  2814  2814 D ShadeExpansionStateManager: onPanelExpansionChanged: ShadeExpansionChangeEvent(fraction=0.4311602, expanded=true, tracking=true)
01-22 19:18:47.148  2814  2814 D PanelSplitOpenAnimator: onPanelExpansionChanged : 0.4311602 state : 0
01-22 19:18:47.148  2814  2814 D PanelSplitOpenAnimator: setPosition : 0.4311602 // true false false 0.0
01-22 19:18:47.149  3110  3110 D TileService: onBind : mTile = android.service.quicksettings.Tile@981838f
01-22 19:18:47.149  1248  1248 D SurfaceFlinger: Display 4633128672291736003 HWC layers:
01-22 19:18:47.149  1248  1248 D SurfaceFlinger:        CLIENT |                        0 | 00000002 | N/A          |    0.0    0.0    0.0    0.0 |    0  113 1440  923 | Background for 3ee5669 SurfaceView[c[...]neycomb.Shell$HomeActivity]@0#497751 (0)
01-22 19:18:47.149  1248  1248 D SurfaceFlinger:        CLIENT |           27582280334918 | 00002100 | RGBA_8888    |    0.0    0.0 1440.0 3120.0 |    0    0 1440 3120 | com.google.android.youtube/com.googl[...]comb.Shell$HomeActivity$_6422#497745 (105)
01-22 19:18:47.149  1248  1248 D SurfaceFlinger:        CLIENT |           12086038195121 | 00002100 | RGBA_8888    |    0.0    0.0 1440.0  113.0 |    0    0 1440  113 | StatusBar$_2814#110 (1790769)
01-22 19:18:47.149  1248  1248 D SurfaceFlinger:        DEVICE |           12086038195125 | 00002100 | RGBA_8888    |    0.0    0.0 1440.0 3120.0 |    0    0 1440 3120 | NotificationShade$_2814#497754 (blurRegions) (4)
01-22 19:18:47.149  1248  1248 D SurfaceFlinger:        DEVICE |           12086038195122 | 00002100 | RGBA_8888    |    0.0    0.0 1440.0  168.0 |    0 2952 1440 3120 | NavigationBar0$_2814#108 (960204)
01-22 19:18:47.149  1248  1248 D SurfaceFlinger: 
01-22 19:18:47.149  1248  1248 I SurfaceFlinger: destroyed com.sec.android.app.launcher/com.samsung.app.honeyspace.edge.edgepanel.app.CocktailBarService$_3244#497738
01-22 19:18:47.149  1248  1248 I SurfaceFlinger: destroyed Surface(name=bb05b8a NavigationBar0)/@0xea5f934 - animation-leash of insets_animation#497747
01-22 19:18:47.149  1248  1426 D SurfaceFlinger: [input] setFocusedWindow: 35e5496 NotificationShade
01-22 19:18:47.149  1248  1248 I SurfaceFlinger: destroyed Surface(name=79f2e38 StatusBar)/@0x90f9c0d - animation-leash of insets_animation#497746
01-22 19:18:47.149  1559  6211 D InputDispatcher: Once focus requested (0): 35e5496 NotificationShade
01-22 19:18:47.149  1559  6211 D InputDispatcher: Focus request (0): 35e5496 NotificationShade but waiting because NOT_FOCUSABLE
01-22 19:18:47.149  1559  6211 D InputDispatcher: Focus left window (0): f394204 com.google.android.youtube/com.google.android.youtube.app.honeycomb.Shell$HomeActivity
01-22 19:18:47.150  2814  2814 D SecQpBlurController: onPanelExpansionChanged : 0.4311602
01-22 19:18:47.150  2814  2814 D SecPanelWindowBlurInteractor: Window Blur:  184  shouldBlockBlur: false isBlurReduced: false  isBackgroundVisible: false
01-22 19:18:47.150  2814  2814 D SecPanelWindowBlurBinder: setBlurInfo 184
01-22 19:18:47.150  1559  2921 D InputDispatcher: Focus entered window (0): 35e5496 NotificationShade
01-22 19:18:47.150  2814  2814 D View    : semSetBlurInfo, blurInfo : android.view.SemBlurInfo@f0ea6c9 {BLUR_MODE_WINDOW, mBlurRadius = 184, mBackgroundBlurColor = 0, mCornerRadiusTL = 0.0, mCornerRadiusTR = 0.0, mCornerRadiusBL = 0.0, mCornerRadiusBR = 0.0, mClipRectLeft = 0, mClipRectTop = 0, mClipRectRight = 2147483647, mClipRectBottom = 2147483647, mColorCurve = android.view.SemBlurInfo$ColorCurve@88471ce {minX = 11.052224, minY = 25.346434, maxX = 255.0, maxY = 195.83376, curveBias = 7.3681493, saturation = 0.18420373}}, com.android.systemui.shade.NotificationShadeWindowView{4504390 V.E...... .......D 0,0-1440,3120 #7f0a06a4 app:id/legacy_window_root aid=2406}
01-22 19:18:47.150  1248  1248 I Layer   : id=497738 Destroyed com.sec.android.app.launcher/com.samsung.app.honeyspace.edge.edgepanel.app.CocktailBarService$_3244#497738
01-22 19:18:47.150  2814  2814 D View    : semSetBlurInfo, blurInfo : null, com.android.systemui.blur.SecQSNewBlurView{b7822cf G.E...... ......I. 0,0-0,0 #7f0a0a27 app:id/qs_new_blur}
01-22 19:18:47.150  1248  1248 I Layer   : id=497747 Destroyed Surface(name=bb05b8a NavigationBar0)/@0xea5f934 - animation-leash of insets_animation#497747
01-22 19:18:47.150  1248  1248 I Layer   : id=497746 Destroyed Surface(name=79f2e38 StatusBar)/@0x90f9c0d - animation-leash of insets_animation#497746
01-22 19:18:47.150  2814  2814 I NowBarCardViewModel: setVisibility visible = 4 / nowBarRootVisibility = 4
01-22 19:18:47.150  2814  2814 W RefactorFlag: New code path expects SceneContainerFlag to be enabled.
01-22 19:18:47.151  2814  2927 D TileLifecycleManager: Binding service Intent { act=android.service.quicksettings.action.QS_TILE xflg=0x4 cmp=com.shazam.android/.service.tagging.AutoTaggingTileService (has extras) } UserHandle{0}
01-22 19:18:47.151  2814  2814 W RefactorFlag: New code path expects SceneContainerFlag to be enabled.
01-22 19:18:47.151  1559  2201 D InputReader: Btn_touch(2): value=0 when=1866885.951608
01-22 19:18:47.151  1559  2201 I InputReader: Touch event's action is 0x1 (id=6, t=0) [pCnt=1, s=] when=1866885.951608
01-22 19:18:47.152  1559  3495 D ActivityManager: unpendingScheduleServiceRestart: u=10391, drop=false
01-22 19:18:47.152  1559  2200 I InputDispatcher: Delivering touch to (2814): action: 0x1, f=0x0, d=0, '79f2e38', t=1 
01-22 19:18:47.152  2814  2950 D SurfaceComposerClient: [SEC_SF_EFFECTS] setBlurRegions NotificationShade$_2814#497754 ## {radius=184, cornerRadii=[0.000, 0.000, 0.000, 0.000], alpha=1.000, rect=[0, 0, 1440, 3120], clipRect=[0, 0, 2147483647, 2147483647], colorCurve=[11.052224, 25.346434, 255.000000, 195.833755], curveBias=7.368149, saturation=0.184204, vibrance=[0.000000, (0.000000, 1.000000)], pathData size=0, BlurTint=[(0.000000 0.000000 0.000000) 0.000000, DISABLED]
01-22 19:18:47.153  1559  2921 D FreecessController: UFZ : com.shazam.android(10391) [30635] reason: bindService
01-22 19:18:47.154  1559  2921 D BaseRestrictionMgr: Package: com.shazam.android, userid: 0, hostingType: bindService is allowed by freecess, caller is: com.android.systemui
01-22 19:18:47.155  1559  2921 I ActivityManager: Changes in 10391 19 to 5, 0 to 184
01-22 19:18:47.156  2814  2814 D ShadeExpansionStateManager: onPanelExpansionChanged: ShadeExpansionChangeEvent(fraction=0.5330556, expanded=true, tracking=true)
01-22 19:18:47.156  2814  2814 D PanelSplitOpenAnimator: onPanelExpansionChanged : 0.5330556 state : 0
01-22 19:18:47.156  2814  2814 D PanelSplitOpenAnimator: setPosition : 0.5330556 // true false false 0.0
01-22 19:18:47.156  1559  1559 I SemDvfsHyPerManager: acquire hyper - GESTURE_DETECTED_HRR/1559@31, type = -999
01-22 19:18:47.156  6422  6422 I ImeFocusController: onPreWindowFocus: skipped hasWindowFocus=false mHasImeFocus=true
01-22 19:18:47.156  1559  1559 I SemDvfsHyPerManager: acquire hyper - GESTURE_DETECTED_HRR/1559@31, type = -999
01-22 19:18:47.156  1559  1559 I SemDvfsHyPerManager: acquire hyper - SMOOTH_SCROLL/1559@27, type = -999
01-22 19:18:47.157  1205  1256 I HYPER-HAL: [RequestManager.cpp]acquire(): Acquired ID : 1264876  [1559 / 31]    HINT : GESTURE_DETECTED_HRR    list : [TIMEOUT / 2090] 
01-22 19:18:47.157  1559  3526 W LocationManagerService: onFreezeStateChanged, uid[10391]=false
01-22 19:18:47.157  1559  3526 I PowerManagerService: [PWL] SetWakeLockEnableDisable uid = 10391 , disable= false
01-22 19:18:47.157  1559  3526 I PowerManagerService: [PWL] can not change uid =  10391
01-22 19:18:47.157  6422  6422 I ImeFocusController: onPostWindowFocus: skipped hasWindowFocus=false mHasImeFocus=true
01-22 19:18:47.157 14758  1759 I dxli    : (REDACTED) appOpsListener %s %s
01-22 19:18:47.157  1205  1256 I HYPER-HAL: [RequestManager.cpp]acquire(): Acquired ID : 1264876  [1559 / 31]    HINT : GESTURE_DETECTED_HRR    list : [TIMEOUT / 2090] 
01-22 19:18:47.157 14758  1759 I dxli    : (REDACTED) Ignoring irrelevant audio permission changes for package %s
01-22 19:18:47.157  2814  2814 D SecQpBlurController: onPanelExpansionChanged : 0.5330556
01-22 19:18:47.157  1559  2656 D BackgroundInstallControlService: Package event received: 0
01-22 19:18:47.157  2814  2814 D SecPanelWindowBlurInteractor: Window Blur:  213  shouldBlockBlur: false isBlurReduced: false  isBackgroundVisible: false
01-22 19:18:47.157  2814  2814 D SecPanelWindowBlurBinder: setBlurInfo 213
01-22 19:18:47.157  2814  2814 D View    : semSetBlurInfo, blurInfo : android.view.SemBlurInfo@e6568ef {BLUR_MODE_WINDOW, mBlurRadius = 213, mBackgroundBlurColor = 0, mCornerRadiusTL = 0.0, mCornerRadiusTR = 0.0, mCornerRadiusBL = 0.0, mCornerRadiusBR = 0.0, mClipRectLeft = 0, mClipRectTop = 0, mClipRectRight = 2147483647, mClipRectBottom = 2147483647, mColorCurve = android.view.SemBlurInfo$ColorCurve@f00affc {minX = 12.818405, minY = 29.396877, maxX = 255.0, maxY = 186.3788, curveBias = 8.545604, saturation = 0.2136401}}, com.android.systemui.shade.NotificationShadeWindowView{4504390 V.E...... .......D 0,0-1440,3120 #7f0a06a4 app:id/legacy_window_root aid=2406}
01-22 19:18:47.157  2814  2814 D View    : semSetBlurInfo, blurInfo : null, com.android.systemui.blur.SecQSNewBlurView{b7822cf G.E...... ......I. 0,0-0,0 #7f0a0a27 app:id/qs_new_blur}
01-22 19:18:47.158  2814  2814 I NowBarCardViewModel: setVisibility visible = 4 / nowBarRootVisibility = 4
01-22 19:18:47.158  2814  2814 I VRI[StatusBar]@2962aad: ViewPostIme pointer 1
01-22 19:18:47.158  2814  2814 D QuickPanelLog: SBWV | dispatchTouchEvent | MotionEvent { action=ACTION_UP, actionButton=0, id[0]=0, x[0]=693.9844, y[0]=835.60547, toolType[0]=TOOL_TYPE_FINGER, buttonState=0, classification=NONE, metaState=0, flags=0x0, edgeFlags=0x0, pointerCount=1, historySize=0, eventTime=1866885951, downTime=1866885776, deviceId=6, source=0x1002, displayId=0, eventId=987961182 } |  | SHADE
01-22 19:18:47.158  2814  2814 D QuickPanelLog: PSBV | onTouchEvent | ACTION_UP |  | SHADE
01-22 19:18:47.158  2814  2814 D QuickPanelLog: PSBVC | onTouchEvent | ACTION_UP |  | SHADE
01-22 19:18:47.158  2814  2814 D QuickPanelLog: NPVC | onTouchEvent | ACTION_UP |  | SHADE
01-22 19:18:47.158  2814  2814 D NotificationPanelView: setOnStatusBarDownEvent null ? true
01-22 19:18:47.158  2814  2814 D QuickPanelLog: QSCI | handleTouch | ACTION_UP | isFullyCollapsed: false, isShadeOrQsHeightAnimationRunning: false | SHADE
01-22 19:18:47.158  2814  2814 D SecPanelSplitHelper: onIntercept: ACTION_UP: FINAL: return false
01-22 19:18:47.158  2814  2814 D QuickPanelLog: NPVC | handleTouch | ACTION_UP |  | SHADE
01-22 19:18:47.158  2814  2814 D QuickPanelLog: NPVC | flingToHeight: vel: 12356.373, expand: true, target: 1549.0, collapseSpeedUpFactor: 1.0, expandBecauseOfFalsing: false, mExpandedHeight: 825.7031, mOverExpansion: 0.0, mIsFling: false
01-22 19:18:47.158  2814  2814 D QuickPanelLog:  - com.android.systemui.shade.NotificationPanelViewController.flingToHeight:106
01-22 19:18:47.158  2814  2814 D QuickPanelLog:  - com.android.systemui.shade.NotificationPanelViewController.fling:4
01-22 19:18:47.158  2814  2814 D QuickPanelLog:  - com.android.systemui.shade.NotificationPanelViewController.-$$Nest$mendMotionEvent:590
01-22 19:18:47.158  2814  2814 D QuickPanelLog:  - com.android.systemui.shade.NotificationPanelViewController$TouchHandler.handleTouch$1:726
01-22 19:18:47.158  2814  2814 D QuickPanelLog:  - com.android.systemui.shade.NotificationPanelViewController$TouchHandler.onTouchEvent:2659
01-22 19:18:47.158  2814  2814 D QuickPanelLog:  - com.android.systemui.shade.NotificationPanelViewController.handleExternalTouch:7
01-22 19:18:47.158  2814  2814 D QuickPanelLog:  - com.android.systemui.statusbar.phone.PhoneStatusBarView.onTouchEvent:178
01-22 19:18:47.158  2814  2814 D QuickPanelLog:  - android.view.View.performOnTouchCallback:17234
01-22 19:18:47.158  2814  2814 D QuickPanelLog:  - android.view.View.dispatchTouchEvent:17187
01-22 19:18:47.158  2814  2814 D QuickPanelLog:  - android.view.ViewGroup.dispatchTransformedTouchEvent:3365
01-22 19:18:47.158  2814  2814 D HeadsUpTouchHelper: unpinAll because of notifyFling expand
01-22 19:18:47.159  2814  2814 D PanelSplitOpenAnimator: onPanelExpansionChanged : 0.5330556 state : 0
01-22 19:18:47.159  2814  2814 D PanelSplitOpenAnimator: setPosition : 0.5330556 // true false false 0.0
01-22 19:18:47.160  2814  2927 D Tile.MobileDataTile: handleUpdateState : state true
01-22 19:18:47.160  2814  2927 I HotspotTile: handleUpdateState
01-22 19:18:47.161  2814  2814 I NowBarCardViewModel: setVisibility visible = 4 / nowBarRootVisibility = 4
01-22 19:18:47.161  2814  2814 D NotificationPanelView: setMotionAborted
01-22 19:18:47.161  2814  2927 I HotspotTile: handleUpdateState
01-22 19:18:47.161  2814  2814 D QuickPanelLog: NPVC | setMotionAborted
01-22 19:18:47.161  2814  2814 D QuickPanelLog:  - com.android.systemui.shade.NotificationPanelViewController.setMotionAborted:18
01-22 19:18:47.161  2814  2814 D QuickPanelLog:  - com.android.systemui.shade.NotificationPanelViewController.flingToHeight:656
01-22 19:18:47.161  2814  2814 D QuickPanelLog:  - com.android.systemui.shade.NotificationPanelViewController.fling:4
01-22 19:18:47.161  2814  2814 D QuickPanelLog:  - com.android.systemui.shade.NotificationPanelViewController.-$$Nest$mendMotionEvent:590
01-22 19:18:47.161  2814  2814 D QuickPanelLog:  - com.android.systemui.shade.NotificationPanelViewController$TouchHandler.handleTouch$1:726
01-22 19:18:47.161  2814  2814 D QuickPanelLog:  - com.android.systemui.shade.NotificationPanelViewController$TouchHandler.onTouchEvent:2659
01-22 19:18:47.161  2814  2814 D QuickPanelLog:  - com.android.systemui.shade.NotificationPanelViewController.handleExternalTouch:7
01-22 19:18:47.161  2814  2814 D QuickPanelLog:  - com.android.systemui.statusbar.phone.PhoneStatusBarView.onTouchEvent:178
01-22 19:18:47.161  2814  2814 D QuickPanelLog:  - android.view.View.performOnTouchCallback:17234
01-22 19:18:47.161  2814  2814 D QuickPanelLog:  - android.view.View.dispatchTouchEvent:17187
01-22 19:18:47.161  2814  2814 D QuickPanelLog: NPVC | onTrackingStopped: expand: true, isTracking(): true -> false
01-22 19:18:47.161  2814  2814 D QuickPanelLog:  - com.android.systemui.shade.NotificationPanelViewController.onTrackingStopped:47
01-22 19:18:47.161  2814  2814 D QuickPanelLog:  - com.android.systemui.shade.NotificationPanelViewController.-$$Nest$mendMotionEvent:593
01-22 19:18:47.161  2814  2814 D QuickPanelLog:  - com.android.systemui.shade.NotificationPanelViewController$TouchHandler.handleTouch$1:726
01-22 19:18:47.161  2814  2814 D QuickPanelLog:  - com.android.systemui.shade.NotificationPanelViewController$TouchHandler.onTouchEvent:2659
01-22 19:18:47.161  2814  2814 D QuickPanelLog:  - com.android.systemui.shade.NotificationPanelViewController.handleExternalTouch:7
01-22 19:18:47.161  2814  2814 D QuickPanelLog:  - com.android.systemui.statusbar.phone.PhoneStatusBarView.onTouchEvent:178
01-22 19:18:47.161  2814  2814 D QuickPanelLog:  - android.view.View.performOnTouchCallback:17234
01-22 19:18:47.161  2814  2814 D QuickPanelLog:  - android.view.View.dispatchTouchEvent:17187
01-22 19:18:47.161  2814  2814 D QuickPanelLog:  - android.view.ViewGroup.dispatchTransformedTouchEvent:3365
01-22 19:18:47.161  2814  2814 D QuickPanelLog:  - android.view.ViewGroup.dispatchTouchEvent:3032
01-22 19:18:47.161  2814  2814 D KeyguardVisible: go panelState: OPENING -> OPENING tracking=false, expanded=true, fraction=0.5330556
01-22 19:18:47.161  2814  2814 D PanelSplitOpenAnimator: onPanelExpansionChanged : 0.5330556 state : 0
01-22 19:18:47.161  2814  2814 D PanelSplitOpenAnimator: setPosition : 0.5330556 // true false false 0.0
01-22 19:18:47.162  1559  2656 D BackgroundInstallControlService: Package event received: 0
01-22 19:18:47.162  3466  3548 I RequestManager_FLP: onOpChanged, op=0 / packageName=com.shazam.android
01-22 19:18:47.162  2814  2927 D Tile.DndTile: handleUpdateState zen 0  state = QSTile$BooleanState[spec=Dnd,icon=ResourceIcon[resId=0x7f080f7d],nextIcon=null,iconSupplier=null,label=Nicht st├Âren,secondaryLabel=null,contentDescription=null,stateDescription=null,dualLabelContentDescription=null,expandedAccessibilityClassName=null,disabledByPolicy=false,dualTarget=true,isTransient=false,handlesSecondaryClick=false,state=1,sideViewCustomDrawable=null,tileClassName=null,value=false,forceExpandIcon=false]
01-22 19:18:47.162  2814  2814 I NowBarCardViewModel: setVisibility visible = 4 / nowBarRootVisibility = 4
01-22 19:18:47.163  2814  2814 D QuickPanelLog: NPVC | handleTouch | ACTION_UP | FINAL: !mGestureWaitForTouchSlop: true || isTracking(): false | SHADE
01-22 19:18:47.163  2814  2814 D QuickPanelLog: NPVC | onTouchEvent | ACTION_UP | FINAL: !mDozing: true || handled: true | SHADE
01-22 19:18:47.163  2814  2814 D SecQSCommonTileView: handleStateChanged state.spec = custom(com.samsung.android.fast/.quicksetting.SecureWifiTile), parent = LabelTileView{@756c3c2, #7f0a0df0, app:id/tile_label V, label = @756c3c2, #7f0a0df0, app:id/tile_label V, iconFrame = @9a2a5d3 V, icon = @cf91510 V, common = @4d90809}, labelContainer = @a97f80d, #7f0a0661, app:id/label_group V, label = @756c3c2, #7f0a0df0, app:id/tile_label V, iconFrame = @9a2a5d3 V, icon = @cf91510 V, common = @4d90809
01-22 19:18:47.163  2814  2814 D SecQSCommonTileView: handleStateChanged state.spec = custom(com.google.android.as/com.google.android.apps.miphone.aiai.captions.quicksetting.CaptionsTileService), parent = LabelTileView{@767cc2f, #7f0a0df0, app:id/tile_label V, label = @767cc2f, #7f0a0df0, app:id/tile_label V, iconFrame = @2c2723c V, icon = @2011bc5 V, common = @4d091a}, labelContainer = @d15a0e, #7f0a0661, app:id/label_group V, label = @767cc2f, #7f0a0df0, app:id/tile_label V, iconFrame = @2c2723c V, icon = @2011bc5 V, common = @4d091a
01-22 19:18:47.163  2814  2814 D SecQSCommonTileView: handleStateChanged state.spec = custom(com.samsung.android.lool/com.samsung.android.sm.battery.ui.setting.tile.BatteryProtectionTile), parent = LabelTileView{@36ba172, #7f0a0df0, app:id/tile_label V, label = @36ba172, #7f0a0df0, app:id/tile_label V, iconFrame = @30a9c3 V, icon = @843e240 V, common = @1570579}, labelContainer = @a83fe7d, #7f0a0661, app:id/label_group V, label = @36ba172, #7f0a0df0, app:id/tile_label V, iconFrame = @30a9c3 V, icon = @843e240 V, common = @1570579
01-22 19:18:47.164  2814  2814 D SecQSCommonTileView: handleStateChanged state.spec = custom(com.samsung.android.app.interpreter/.interpretation.view.InterpreterQuickTileService), parent = LabelTileView{@14be0a5, #7f0a0df0, app:id/tile_label V, label = @14be0a5, #7f0a0df0, app:id/tile_label V, iconFrame = @5f1c7a V, icon = @3887c2b V, common = @b342888}, labelContainer = @3dbbe9c, #7f0a0661, app:id/label_group V, label = @14be0a5, #7f0a0df0, app:id/tile_label V, iconFrame = @5f1c7a V, icon = @3887c2b V, common = @b342888
01-22 19:18:47.164  1559  5877 D SyncManager: userId - 0 auto - true
01-22 19:18:47.164  2814  2814 D SecQSCommonTileView: handleStateChanged state.spec = custom(com.samsung.android.lool/com.samsung.android.sm.battery.ui.mode.BatteryModeTile), parent = LabelTileView{@ed9348d, #7f0a0df0, app:id/tile_label V, label = @ed9348d, #7f0a0df0, app:id/tile_label V, iconFrame = @28c8642 V, icon = @fc97653 V, common = @206db90}, labelContainer = @b4bd124, #7f0a0661, app:id/label_group V, label = @ed9348d, #7f0a0df0, app:id/tile_label V, iconFrame = @28c8642 V, icon = @fc97653 V, common = @206db90
01-22 19:18:47.164  2814  2927 D Tile.SyncTile: hasUserRestriction: false
01-22 19:18:47.164  2814  2814 D SecQSCommonTileView: handleStateChanged state.spec = custom(com.samsung.android.lool/com.samsung.android.sm.powershare.PowerShareTileService), parent = LabelTileView{@9e0c48e, #7f0a0df0, app:id/tile_label V, label = @9e0c48e, #7f0a0df0, app:id/tile_label V, iconFrame = @46b24af V, icon = @52620bc V, common = @c9d6845}, labelContainer = @5318c89, #7f0a0661, app:id/label_group V, label = @9e0c48e, #7f0a0df0, app:id/tile_label V, iconFrame = @46b24af V, icon = @52620bc V, common = @c9d6845
01-22 19:18:47.164  2814  2814 I InsetsSourceConsumer: applyRequestedVisibilityToControl: visible=true, type=statusBars, host=NotificationShade
01-22 19:18:47.164  2814  2814 I InsetsSourceConsumer: applyRequestedVisibilityToControl: visible=true, type=navigationBars, host=NotificationShade
01-22 19:18:47.165  2814  2814 D SecQSCommonTileView: handleStateChanged state.spec = custom(com.samsung.android.mdx/.windowslink.tileservice.SeYourPhoneTileService), parent = LabelTileView{@9cd5afd, #7f0a0df0, app:id/tile_label V, label = @9cd5afd, #7f0a0df0, app:id/tile_label V, iconFrame = @ad703f2 V, icon = @fec9a43 V, common = @19048c0}, labelContainer = @3d7cb54, #7f0a0661, app:id/label_group V, label = @9cd5afd, #7f0a0df0, app:id/tile_label V, iconFrame = @ad703f2 V, icon = @fec9a43 V, common = @19048c0
01-22 19:18:47.165  2814  2814 D SecQSCommonTileView: handleStateChanged state.spec = custom(com.sec.android.app.camera/.service.QrTileService), parent = LabelTileView{@d544da2, #7f0a0df0, app:id/tile_label V, label = @d544da2, #7f0a0df0, app:id/tile_label V, iconFrame = @9d89a33 V, icon = @6a761f0 V, common = @4bc0369}, labelContainer = @80ffd6d, #7f0a0661, app:id/label_group V, label = @d544da2, #7f0a0df0, app:id/tile_label V, iconFrame = @9d89a33 V, icon = @6a761f0 V, common = @4bc0369
01-22 19:18:47.165  2814  2927 W Tile.CustomTile: handleUpdateState : hasPendingBind Auto-Shazam
01-22 19:18:47.165 30635 30635 D TileService: onBind : mService = android.service.quicksettings.IQSService$Stub$Proxy@195822c, mTileToken = android.os.BinderProxy@50893d4AutoTaggingTileService
01-22 19:18:47.166  2814  2814 D SecQSCommonTileView: handleStateChanged state.spec = custom(com.sec.android.app.launcher/com.honeyspace.dexservice.DesktopModeTile), parent = LabelTileView{@48869b, #7f0a0df0, app:id/tile_label V, label = @48869b, #7f0a0df0, app:id/tile_label V, iconFrame = @ec6ba38 V, icon = @6aa8a11 V, common = @6d42776}, labelContainer = @ca80aaa, #7f0a0661, app:id/label_group V, label = @48869b, #7f0a0df0, app:id/tile_label V, iconFrame = @ec6ba38 V, icon = @6aa8a11 V, common = @6d42776
01-22 19:18:47.166  2814  2814 D SecQSCommonTileView: handleStateChanged state.spec = custom(com.samsung.knox.securefolder/.switcher.SecureFolderTile), parent = LabelTileView{@54941e4, #7f0a0df0, app:id/tile_label V, label = @54941e4, #7f0a0df0, app:id/tile_label V, iconFrame = @c9cb64d V, icon = @ad34502 V, common = @c872e13}, labelContainer = @79ef177, #7f0a0661, app:id/label_group V, label = @54941e4, #7f0a0df0, app:id/tile_label V, iconFrame = @c9cb64d V, icon = @ad34502 V, common = @c872e13
01-22 19:18:47.166  2814  2814 D SecQSCommonTileView: handleStateChanged state.spec = custom(com.samsung.android.nfc/.quicktile.NfcTile), parent = LabelTileView{@70b6a49, #7f0a0df0, app:id/tile_label V, label = @70b6a49, #7f0a0df0, app:id/tile_label V, iconFrame = @7b4af4e V, icon = @9ac986f V, common = @9c8e97c}, labelContainer = @b4a9850, #7f0a0661, app:id/label_group V, label = @70b6a49, #7f0a0df0, app:id/tile_label V, iconFrame = @7b4af4e V, icon = @9ac986f V, common = @9c8e97c
01-22 19:18:47.166  2814  2927 I HotspotTile: handleUpdateState
01-22 19:18:47.166 30635 30635 D TileService: onBind : mTile = android.service.quicksettings.Tile@45a04f5
01-22 19:18:47.166  2814  2814 I VRI[StatusBar]@2962aad: handleResized, frames=ClientWindowFrames{frame=[0,0][1440,113] display=[0,0][1440,3120] parentFrame=[0,0][0,0]} displayId=0 dragResizing=false compatScale=1.0 frameChanged=false attachedFrameChanged=false configChanged=false displayChanged=false compatScaleChanged=false dragResizingChanged=false
01-22 19:18:47.166  2814  2814 I VRI[NotificationShade]@aa1a57e: handleResized, frames=ClientWindowFrames{frame=[0,0][1440,3120] display=[0,0][1440,3120] parentFrame=[0,0][0,0]} displayId=0 dragResizing=false compatScale=1.0 frameChanged=false attachedFrameChanged=false configChanged=false displayChanged=false compatScaleChanged=false dragResizingChanged=false
01-22 19:18:47.166  2814  2814 I VRI[NavigationBar0]@7074a40: handleResized, frames=ClientWindowFrames{frame=[0,2952][1440,3120] display=[0,0][1440,3120] parentFrame=[0,0][0,0]} displayId=0 dragResizing=false compatScale=1.0 frameChanged=false attachedFrameChanged=false configChanged=false displayChanged=false compatScaleChanged=false dragResizingChanged=false
01-22 19:18:47.167  2814  2814 D SecQSCommonTileView: handleStateChanged state.spec = custom(com.samsung.android.inputshare/.settings.MCTileService), parent = LabelTileView{@c30725a, #7f0a0df0, app:id/tile_label V, label = @c30725a, #7f0a0df0, app:id/tile_label V, iconFrame = @f144c8b V, icon = @9792168 V, common = @f311981}, labelContainer = @3976205, #7f0a0661, app:id/label_group V, label = @c30725a, #7f0a0df0, app:id/tile_label V, iconFrame = @f144c8b V, icon = @9792168 V, common = @f311981
01-22 19:18:47.167  2814  2814 D SecQSCommonTileView: handleStateChanged state.spec = custom(com.samsung.android.app.aodservice/.settings.AODTileService), parent = LabelTileView{@df92667, #7f0a0df0, app:id/tile_label V, label = @df92667, #7f0a0df0, app:id/tile_label V, iconFrame = @772ec14 V, icon = @b54ccbd V, common = @aaf2b2}, labelContainer = @8735a26, #7f0a0661, app:id/label_group V, label = @df92667, #7f0a0df0, app:id/tile_label V, iconFrame = @772ec14 V, icon = @b54ccbd V, common = @aaf2b2
01-22 19:18:47.168  2814  2814 D SecQSCommonTileView: handleStateChanged state.spec = custom(com.sec.unifiedwfc/.ux.quicksettings.WFCQSTileService), parent = LabelTileView{@89cb580, #7f0a0df0, app:id/tile_label V, label = @89cb580, #7f0a0df0, app:id/tile_label V, iconFrame = @b0677b9 V, icon = @c5187fe V, common = @29a7b5f}, labelContainer = @667c203, #7f0a0661, app:id/label_group V, label = @89cb580, #7f0a0df0, app:id/tile_label V, iconFrame = @b0677b9 V, icon = @c5187fe V, common = @29a7b5f
01-22 19:18:47.168  2814  2814 D SecQSCommonTileView: handleStateChanged state.spec = custom(com.samsung.android.app.smartcapture/com.samsung.android.app.screenrecorder.view.RecordScreenTile), parent = LabelTileView{@38dd675, #7f0a0df0, app:id/tile_label V, label = @38dd675, #7f0a0df0, app:id/tile_label V, iconFrame = @e3a260a V, icon = @c156e7b V, common = @aebb498}, labelContainer = @7d7a9ac, #7f0a0661, app:id/label_group V, label = @38dd675, #7f0a0df0, app:id/tile_label V, iconFrame = @e3a260a V, icon = @c156e7b V, common = @aebb498
01-22 19:18:47.168  2814  2814 D SecQSCommonTileView: handleStateChanged state.spec = custom(com.samsung.android.app.sharelive/.presentation.quickpanel.DeviceVisibilityTileService), parent = LabelTileView{@15c98d6, #7f0a0df0, app:id/tile_label V, label = @15c98d6, #7f0a0df0, app:id/tile_label V, iconFrame = @6827757 V, icon = @a338244 V, common = @e375f2d}, labelContainer = @cf264f1, #7f0a0661, app:id/label_group V, label = @15c98d6, #7f0a0df0, app:id/tile_label V, iconFrame = @6827757 V, icon = @a338244 V, common = @e375f2d
01-22 19:18:47.168  2814  2814 D SecQSCommonTileView: handleStateChanged state.spec = custom(com.android.settings/com.samsung.android.settings.bluetooth.BluetoothCastTile), parent = LabelTileView{@b0246e5, #7f0a0df0, app:id/tile_label V, label = @b0246e5, #7f0a0df0, app:id/tile_label V, iconFrame = @bb025ba V, icon = @d5aec6b V, common = @98173c8}, labelContainer = @ceed5dc, #7f0a0661, app:id/label_group V, label = @b0246e5, #7f0a0df0, app:id/tile_label V, iconFrame = @bb025ba V, icon = @d5aec6b V, common = @98173c8
01-22 19:18:47.169  2814  2814 D SecQSCommonTileView: handleStateChanged state.spec = custom(com.sec.android.app.soundalive/.DolbyTile), parent = LabelTileView{@e2ae386, #7f0a0df0, app:id/tile_label V, label = @e2ae386, #7f0a0df0, app:id/tile_label V, iconFrame = @939e447 V, icon = @71e0474 V, common = @2db6d9d}, labelContainer = @2156c61, #7f0a0661, app:id/label_group V, label = @e2ae386, #7f0a0df0, app:id/tile_label V, iconFrame = @939e447 V, icon = @71e0474 V, common = @2db6d9d
01-22 19:18:47.169  2814  2814 D SecQSCommonTileView: handleStateChanged state.spec = custom(com.samsung.android.kidsinstaller/.quickpanel.service.KidsTileService), parent = LabelTileView{@7267de3, #7f0a0df0, app:id/tile_label V, label = @7267de3, #7f0a0df0, app:id/tile_label V, iconFrame = @650f3e0 V, icon = @a064699 V, common = @184dd5e}, labelContainer = @741b212, #7f0a0661, app:id/label_group V, label = @7267de3, #7f0a0df0, app:id/tile_label V, iconFrame = @650f3e0 V, icon = @a064699 V, common = @184dd5e
01-22 19:18:47.169  2814  2814 D TileLifecycleManager: onServiceConnected ComponentInfo{com.samsung.android.nfc/com.samsung.android.nfc.quicktile.NfcTile}
01-22 19:18:47.169  2814  2814 D TileLifecycleManager: stopPackageListening ComponentInfo{com.samsung.android.nfc/com.samsung.android.nfc.quicktile.NfcTile}
01-22 19:18:47.169  2814  2814 D TileLifecycleManager: Handling pending onStartListening ComponentInfo{com.samsung.android.nfc/com.samsung.android.nfc.quicktile.NfcTile}
01-22 19:18:47.169  2814  2814 D TileLifecycleManager: onStartListening ComponentInfo{com.samsung.android.nfc/com.samsung.android.nfc.quicktile.NfcTile}
01-22 19:18:47.169  3110  3110 D [NFC_SE]NfcTile: onStartListening
01-22 19:18:47.169  2814  2814 D SecQSCommonTileView: handleStateChanged state.spec = custom(com.samsung.android.mdecservice/com.samsung.android.cmcsettings.UI.qstiles.MdecServiceTiles), parent = LabelTileView{@2016e0c, #7f0a0df0, app:id/tile_label V, label = @2016e0c, #7f0a0df0, app:id/tile_label V, iconFrame = @36bb355 V, icon = @e3d716a V, common = @ab3c65b}, labelContainer = @5b9153f, #7f0a0661, app:id/label_group V, label = @2016e0c, #7f0a0df0, app:id/tile_label V, iconFrame = @36bb355 V, icon = @e3d716a V, common = @ab3c65b
01-22 19:18:47.169  2814  2814 D SecQSCommonTileView: handleStateChanged state.spec = custom(com.shazam.android/.service.tagging.AutoTaggingTileService), parent = LabelTileView{@8812fd1, #7f0a0df0, app:id/tile_label V, label = @8812fd1, #7f0a0df0, app:id/tile_label V, iconFrame = @8393a36 V, icon = @bde6d37 V, common = @28572a4}, labelContainer = @a5d5ef8, #7f0a0661, app:id/label_group V, label = @8812fd1, #7f0a0df0, app:id/tile_label V, iconFrame = @8393a36 V, icon = @bde6d37 V, common = @28572a4
01-22 19:18:47.170  2814  2814 D PanelSplitOpenAnimator: onPanelExpansionChanged : 0.5330556 state : 0
01-22 19:18:47.170  2814  2814 D PanelSplitOpenAnimator: setPosition : 0.5330556 // true false false 0.0
01-22 19:18:47.171  2814  2814 I NowBarCardViewModel: setVisibility visible = 4 / nowBarRootVisibility = 4
01-22 19:18:47.171  2814  2814 W RefactorFlag: New code path expects SceneContainerFlag to be enabled.
01-22 19:18:47.171  3110  3110 D [NFC_SE]NfcTile: updateState state = STATE_OFF
01-22 19:18:47.171  2814  2814 W RefactorFlag: New code path expects SceneContainerFlag to be enabled.
01-22 19:18:47.172  2814  2951 D SurfaceComposerClient: [SEC_SF_EFFECTS] setBlurRegions NotificationShade$_2814#497754 ## {radius=213, cornerRadii=[0.000, 0.000, 0.000, 0.000], alpha=1.000, rect=[0, 0, 1440, 3120], clipRect=[0, 0, 2147483647, 2147483647], colorCurve=[12.818405, 29.396877, 255.000000, 186.378799], curveBias=8.545604, saturation=0.213640, vibrance=[0.000000, (0.000000, 1.000000)], pathData size=0, BlurTint=[(0.000000 0.000000 0.000000) 0.000000, DISABLED]
01-22 19:18:47.173  2814  2927 D Tile.CustomTile: isSecCustomTile : mComponent =ComponentInfo{com.samsung.android.nfc/com.samsung.android.nfc.quicktile.NfcTile}
01-22 19:18:47.173  2814  2927 D Tile.CustomTile: isSecCustomTile : tileName =Nfc
01-22 19:18:47.173  2814  2927 I Tile.CustomTile: NonActiveTile NFC  allow=true  Nfc
01-22 19:18:47.173  2814  2927 D Tile.CustomTile: updateState : Label = NFC, State = 1, Icon = Icon(typ=RESOURCE pkg=com.samsung.android.nfc id=0x7f0700ff)
01-22 19:18:47.173  2814  2846 D TileServices: semFireToggleStateChanged : customTile =  com.android.systemui.qs.external.CustomTile@3ea20e7
01-22 19:18:47.173  2814  2846 D TileServices: semFireToggleStateChanged : state =  false, enabled = true
01-22 19:18:47.173  2814  2846 D TileServices: semUpdateDetailView : customTile =  com.android.systemui.qs.external.CustomTile@3ea20e7
01-22 19:18:47.174  2814  2814 D VRI[NotificationShade]@aa1a57e: mThreadedRenderer.initializeIfNeeded()#2 mSurface={isValid=true 0xb400006d47071b70}
01-22 19:18:47.174  2814  2814 I ImeFocusController: onPreWindowFocus: skipped hasWindowFocus=true mHasImeFocus=false
01-22 19:18:47.174  2814  2814 D KeyguardUpdateMonitor: setFocusForBiometrics : false -> true, Focus window : 0 -> 1
01-22 19:18:47.174  2814  2814 I DymLock|BaseLockContainer: onWindowFocusChanged true
01-22 19:18:47.174  2814  2814 I DymLock|DynamicLockContainer: onWindowFocusChanged true
01-22 19:18:47.175  2814  2814 I ImeFocusController: onPostWindowFocus: skipped hasWindowFocus=true mHasImeFocus=false
01-22 19:18:47.175  2814  2814 D SecQSCommonTileView: handleStateChanged state.spec = custom(com.samsung.android.fast/.quicksetting.SecureWifiTile), parent = LabelTileView{@756c3c2, #7f0a0df0, app:id/tile_label V, label = @756c3c2, #7f0a0df0, app:id/tile_label V, iconFrame = @9a2a5d3 V, icon = @cf91510 V, common = @4d90809}, labelContainer = @a97f80d, #7f0a0661, app:id/label_group V, label = @756c3c2, #7f0a0df0, app:id/tile_label V, iconFrame = @9a2a5d3 V, icon = @cf91510 V, common = @4d90809
01-22 19:18:47.175  2814  2814 D SecQSCommonTileView: handleStateChanged state.spec = custom(com.google.android.as/com.google.android.apps.miphone.aiai.captions.quicksetting.CaptionsTileService), parent = LabelTileView{@767cc2f, #7f0a0df0, app:id/tile_label V, label = @767cc2f, #7f0a0df0, app:id/tile_label V, iconFrame = @2c2723c V, icon = @2011bc5 V, common = @4d091a}, labelContainer = @d15a0e, #7f0a0661, app:id/label_group V, label = @767cc2f, #7f0a0df0, app:id/tile_label V, iconFrame = @2c2723c V, icon = @2011bc5 V, common = @4d091a
01-22 19:18:47.175  2814  2814 D SecQSCommonTileView: handleStateChanged state.spec = custom(com.samsung.android.lool/com.samsung.android.sm.battery.ui.setting.tile.BatteryProtectionTile), parent = LabelTileView{@36ba172, #7f0a0df0, app:id/tile_label V, label = @36ba172, #7f0a0df0, app:id/tile_label V, iconFrame = @30a9c3 V, icon = @843e240 V, common = @1570579}, labelContainer = @a83fe7d, #7f0a0661, app:id/label_group V, label = @36ba172, #7f0a0df0, app:id/tile_label V, iconFrame = @30a9c3 V, icon = @843e240 V, common = @1570579
01-22 19:18:47.175  2814  2814 D SecQSCommonTileView: handleStateChanged state.spec = custom(com.samsung.android.app.interpreter/.interpretation.view.InterpreterQuickTileService), parent = LabelTileView{@14be0a5, #7f0a0df0, app:id/tile_label V, label = @14be0a5, #7f0a0df0, app:id/tile_label V, iconFrame = @5f1c7a V, icon = @3887c2b V, common = @b342888}, labelContainer = @3dbbe9c, #7f0a0661, app:id/label_group V, label = @14be0a5, #7f0a0df0, app:id/tile_label V, iconFrame = @5f1c7a V, icon = @3887c2b V, common = @b342888
01-22 19:18:47.176  2814  2814 D SecQSCommonTileView: handleStateChanged state.spec = custom(com.samsung.android.lool/com.samsung.android.sm.battery.ui.mode.BatteryModeTile), parent = LabelTileView{@ed9348d, #7f0a0df0, app:id/tile_label V, label = @ed9348d, #7f0a0df0, app:id/tile_label V, iconFrame = @28c8642 V, icon = @fc97653 V, common = @206db90}, labelContainer = @b4bd124, #7f0a0661, app:id/label_group V, label = @ed9348d, #7f0a0df0, app:id/tile_label V, iconFrame = @28c8642 V, icon = @fc97653 V, common = @206db90
01-22 19:18:47.176  2814  2814 D SecQSCommonTileView: handleStateChanged state.spec = custom(com.samsung.android.lool/com.samsung.android.sm.powershare.PowerShareTileService), parent = LabelTileView{@9e0c48e, #7f0a0df0, app:id/tile_label V, label = @9e0c48e, #7f0a0df0, app:id/tile_label V, iconFrame = @46b24af V, icon = @52620bc V, common = @c9d6845}, labelContainer = @5318c89, #7f0a0661, app:id/label_group V, label = @9e0c48e, #7f0a0df0, app:id/tile_label V, iconFrame = @46b24af V, icon = @52620bc V, common = @c9d6845
01-22 19:18:47.176  2814  2814 D SecQSCommonTileView: handleStateChanged state.spec = custom(com.samsung.android.mdx/.windowslink.tileservice.SeYourPhoneTileService), parent = LabelTileView{@9cd5afd, #7f0a0df0, app:id/tile_label V, label = @9cd5afd, #7f0a0df0, app:id/tile_label V, iconFrame = @ad703f2 V, icon = @fec9a43 V, common = @19048c0}, labelContainer = @3d7cb54, #7f0a0661, app:id/label_group V, label = @9cd5afd, #7f0a0df0, app:id/tile_label V, iconFrame = @ad703f2 V, icon = @fec9a43 V, common = @19048c0
01-22 19:18:47.176  2814  2814 D SecQSCommonTileView: handleStateChanged state.spec = custom(com.sec.android.app.camera/.service.QrTileService), parent = LabelTileView{@d544da2, #7f0a0df0, app:id/tile_label V, label = @d544da2, #7f0a0df0, app:id/tile_label V, iconFrame = @9d89a33 V, icon = @6a761f0 V, common = @4bc0369}, labelContainer = @80ffd6d, #7f0a0661, app:id/label_group V, label = @d544da2, #7f0a0df0, app:id/tile_label V, iconFrame = @9d89a33 V, icon = @6a761f0 V, common = @4bc0369
01-22 19:18:47.177  2814  2814 D SecQSCommonTileView: handleStateChanged state.spec = custom(com.sec.android.app.launcher/com.honeyspace.dexservice.DesktopModeTile), parent = LabelTileView{@48869b, #7f0a0df0, app:id/tile_label V, label = @48869b, #7f0a0df0, app:id/tile_label V, iconFrame = @ec6ba38 V, icon = @6aa8a11 V, common = @6d42776}, labelContainer = @ca80aaa, #7f0a0661, app:id/label_group V, label = @48869b, #7f0a0df0, app:id/tile_label V, iconFrame = @ec6ba38 V, icon = @6aa8a11 V, common = @6d42776
01-22 19:18:47.177  2814  2814 D SecQSCommonTileView: handleStateChanged state.spec = custom(com.samsung.knox.securefolder/.switcher.SecureFolderTile), parent = LabelTileView{@54941e4, #7f0a0df0, app:id/tile_label V, label = @54941e4, #7f0a0df0, app:id/tile_label V, iconFrame = @c9cb64d V, icon = @ad34502 V, common = @c872e13}, labelContainer = @79ef177, #7f0a0661, app:id/label_group V, label = @54941e4, #7f0a0df0, app:id/tile_label V, iconFrame = @c9cb64d V, icon = @ad34502 V, common = @c872e13
01-22 19:18:47.177  2814  2814 D SecQSCommonTileView: handleStateChanged state.spec = custom(com.samsung.android.nfc/.quicktile.NfcTile), parent = LabelTileView{@70b6a49, #7f0a0df0, app:id/tile_label V, label = @70b6a49, #7f0a0df0, app:id/tile_label V, iconFrame = @7b4af4e V, icon = @9ac986f V, common = @9c8e97c}, labelContainer = @b4a9850, #7f0a0661, app:id/label_group V, label = @70b6a49, #7f0a0df0, app:id/tile_label V, iconFrame = @7b4af4e V, icon = @9ac986f V, common = @9c8e97c
01-22 19:18:47.177  2814  2814 D SecQSCommonTileView: handleStateChanged state.spec = custom(com.samsung.android.inputshare/.settings.MCTileService), parent = LabelTileView{@c30725a, #7f0a0df0, app:id/tile_label V, label = @c30725a, #7f0a0df0, app:id/tile_label V, iconFrame = @f144c8b V, icon = @9792168 V, common = @f311981}, labelContainer = @3976205, #7f0a0661, app:id/label_group V, label = @c30725a, #7f0a0df0, app:id/tile_label V, iconFrame = @f144c8b V, icon = @9792168 V, common = @f311981
01-22 19:18:47.177  2814  2814 D SecQSCommonTileView: handleStateChanged state.spec = custom(com.samsung.android.app.aodservice/.settings.AODTileService), parent = LabelTileView{@df92667, #7f0a0df0, app:id/tile_label V, label = @df92667, #7f0a0df0, app:id/tile_label V, iconFrame = @772ec14 V, icon = @b54ccbd V, common = @aaf2b2}, labelContainer = @8735a26, #7f0a0661, app:id/label_group V, label = @df92667, #7f0a0df0, app:id/tile_label V, iconFrame = @772ec14 V, icon = @b54ccbd V, common = @aaf2b2
01-22 19:18:47.177  2814  2814 D SecQSCommonTileView: handleStateChanged state.spec = custom(com.sec.unifiedwfc/.ux.quicksettings.WFCQSTileService), parent = LabelTileView{@89cb580, #7f0a0df0, app:id/tile_label V, label = @89cb580, #7f0a0df0, app:id/tile_label V, iconFrame = @b0677b9 V, icon = @c5187fe V, common = @29a7b5f}, labelContainer = @667c203, #7f0a0661, app:id/label_group V, label = @89cb580, #7f0a0df0, app:id/tile_label V, iconFrame = @b0677b9 V, icon = @c5187fe V, common = @29a7b5f
01-22 19:18:47.178  2814  2814 D SecQSCommonTileView: handleStateChanged state.spec = custom(com.samsung.android.app.smartcapture/com.samsung.android.app.screenrecorder.view.RecordScreenTile), parent = LabelTileView{@38dd675, #7f0a0df0, app:id/tile_label V, label = @38dd675, #7f0a0df0, app:id/tile_label V, iconFrame = @e3a260a V, icon = @c156e7b V, common = @aebb498}, labelContainer = @7d7a9ac, #7f0a0661, app:id/label_group V, label = @38dd675, #7f0a0df0, app:id/tile_label V, iconFrame = @e3a260a V, icon = @c156e7b V, common = @aebb498
01-22 19:18:47.178  2814  2814 D SecQSCommonTileView: handleStateChanged state.spec = custom(com.samsung.android.app.sharelive/.presentation.quickpanel.DeviceVisibilityTileService), parent = LabelTileView{@15c98d6, #7f0a0df0, app:id/tile_label V, label = @15c98d6, #7f0a0df0, app:id/tile_label V, iconFrame = @6827757 V, icon = @a338244 V, common = @e375f2d}, labelContainer = @cf264f1, #7f0a0661, app:id/label_group V, label = @15c98d6, #7f0a0df0, app:id/tile_label V, iconFrame = @6827757 V, icon = @a338244 V, common = @e375f2d
01-22 19:18:47.178  2814  2814 D SecQSCommonTileView: handleStateChanged state.spec = custom(com.android.settings/com.samsung.android.settings.bluetooth.BluetoothCastTile), parent = LabelTileView{@b0246e5, #7f0a0df0, app:id/tile_label V, label = @b0246e5, #7f0a0df0, app:id/tile_label V, iconFrame = @bb025ba V, icon = @d5aec6b V, common = @98173c8}, labelContainer = @ceed5dc, #7f0a0661, app:id/label_group V, label = @b0246e5, #7f0a0df0, app:id/tile_label V, iconFrame = @bb025ba V, icon = @d5aec6b V, common = @98173c8
01-22 19:18:47.178  2814  2814 D SecQSCommonTileView: handleStateChanged state.spec = custom(com.sec.android.app.soundalive/.DolbyTile), parent = LabelTileView{@e2ae386, #7f0a0df0, app:id/tile_label V, label = @e2ae386, #7f0a0df0, app:id/tile_label V, iconFrame = @939e447 V, icon = @71e0474 V, common = @2db6d9d}, labelContainer = @2156c61, #7f0a0661, app:id/label_group V, label = @e2ae386, #7f0a0df0, app:id/tile_label V, iconFrame = @939e447 V, icon = @71e0474 V, common = @2db6d9d
01-22 19:18:47.179  2814  2814 D SecQSCommonTileView: handleStateChanged state.spec = custom(com.samsung.android.kidsinstaller/.quickpanel.service.KidsTileService), parent = LabelTileView{@7267de3, #7f0a0df0, app:id/tile_label V, label = @7267de3, #7f0a0df0, app:id/tile_label V, iconFrame = @650f3e0 V, icon = @a064699 V, common = @184dd5e}, labelContainer = @741b212, #7f0a0661, app:id/label_group V, label = @7267de3, #7f0a0df0, app:id/tile_label V, iconFrame = @650f3e0 V, icon = @a064699 V, common = @184dd5e
01-22 19:18:47.179  2814  2814 D SecQSCommonTileView: handleStateChanged state.spec = custom(com.samsung.android.mdecservice/com.samsung.android.cmcsettings.UI.qstiles.MdecServiceTiles), parent = LabelTileView{@2016e0c, #7f0a0df0, app:id/tile_label V, label = @2016e0c, #7f0a0df0, app:id/tile_label V, iconFrame = @36bb355 V, icon = @e3d716a V, common = @ab3c65b}, labelContainer = @5b9153f, #7f0a0661, app:id/label_group V, label = @2016e0c, #7f0a0df0, app:id/tile_label V, iconFrame = @36bb355 V, icon = @e3d716a V, common = @ab3c65b
01-22 19:18:47.179  2814  2814 D SecQSCommonTileView: handleStateChanged state.spec = custom(com.shazam.android/.service.tagging.AutoTaggingTileService), parent = LabelTileView{@8812fd1, #7f0a0df0, app:id/tile_label V, label = @8812fd1, #7f0a0df0, app:id/tile_label V, iconFrame = @8393a36 V, icon = @bde6d37 V, common = @28572a4}, labelContainer = @a5d5ef8, #7f0a0661, app:id/label_group V, label = @8812fd1, #7f0a0df0, app:id/tile_label V, iconFrame = @8393a36 V, icon = @bde6d37 V, common = @28572a4
01-22 19:18:47.179  2814  2814 D SecQSCommonTileView: handleStateChanged state.spec = custom(com.samsung.android.fast/.quicksetting.SecureWifiTile), parent = LabelTileView{@756c3c2, #7f0a0df0, app:id/tile_label V, label = @756c3c2, #7f0a0df0, app:id/tile_label V, iconFrame = @9a2a5d3 V, icon = @cf91510 V, common = @4d90809}, labelContainer = @a97f80d, #7f0a0661, app:id/label_group V, label = @756c3c2, #7f0a0df0, app:id/tile_label V, iconFrame = @9a2a5d3 V, icon = @cf91510 V, common = @4d90809
01-22 19:18:47.179  2814  2814 D SecQSCommonTileView: handleStateChanged state.spec = custom(com.google.android.as/com.google.android.apps.miphone.aiai.captions.quicksetting.CaptionsTileService), parent = LabelTileView{@767cc2f, #7f0a0df0, app:id/tile_label V, label = @767cc2f, #7f0a0df0, app:id/tile_label V, iconFrame = @2c2723c V, icon = @2011bc5 V, common = @4d091a}, labelContainer = @d15a0e, #7f0a0661, app:id/label_group V, label = @767cc2f, #7f0a0df0, app:id/tile_label V, iconFrame = @2c2723c V, icon = @2011bc5 V, common = @4d091a
01-22 19:18:47.180  2814  2814 D SecQSCommonTileView: handleStateChanged state.spec = custom(com.samsung.android.lool/com.samsung.android.sm.battery.ui.setting.tile.BatteryProtectionTile), parent = LabelTileView{@36ba172, #7f0a0df0, app:id/tile_label V, label = @36ba172, #7f0a0df0, app:id/tile_label V, iconFrame = @30a9c3 V, icon = @843e240 V, common = @1570579}, labelContainer = @a83fe7d, #7f0a0661, app:id/label_group V, label = @36ba172, #7f0a0df0, app:id/tile_label V, iconFrame = @30a9c3 V, icon = @843e240 V, common = @1570579
01-22 19:18:47.180  2814  2814 D SecQSCommonTileView: handleStateChanged state.spec = custom(com.samsung.android.app.interpreter/.interpretation.view.InterpreterQuickTileService), parent = LabelTileView{@14be0a5, #7f0a0df0, app:id/tile_label V, label = @14be0a5, #7f0a0df0, app:id/tile_label V, iconFrame = @5f1c7a V, icon = @3887c2b V, common = @b342888}, labelContainer = @3dbbe9c, #7f0a0661, app:id/label_group V, label = @14be0a5, #7f0a0df0, app:id/tile_label V, iconFrame = @5f1c7a V, icon = @3887c2b V, common = @b342888
01-22 19:18:47.180  2814  2814 D TileLifecycleManager: onServiceConnected ComponentInfo{com.shazam.android/com.shazam.android.service.tagging.AutoTaggingTileService}
01-22 19:18:47.180  2814  2814 D TileLifecycleManager: stopPackageListening ComponentInfo{com.shazam.android/com.shazam.android.service.tagging.AutoTaggingTileService}
01-22 19:18:47.180  2814  2814 D TileLifecycleManager: Handling pending onStartListening ComponentInfo{com.shazam.android/com.shazam.android.service.tagging.AutoTaggingTileService}
01-22 19:18:47.180  2814  2814 D TileLifecycleManager: onStartListening ComponentInfo{com.shazam.android/com.shazam.android.service.tagging.AutoTaggingTileService}
01-22 19:18:47.181  2814  2814 D PanelSplitOpenAnimator: setOverScrollAmount : 2.0
01-22 19:18:47.181  2814  2814 D ShadeExpansionStateManager: onPanelExpansionChanged: ShadeExpansionChangeEvent(fraction=0.5903269, expanded=true, tracking=false)
01-22 19:18:47.182  2814  2814 D PanelSplitOpenAnimator: onPanelExpansionChanged : 0.5903269 state : 0
01-22 19:18:47.182  2814  2814 D PanelSplitOpenAnimator: setPosition : 0.5903269 // true false false 2.0
01-22 19:18:47.183  2814  2927 D Tile.CustomTile: isSecCustomTile : mComponent =ComponentInfo{com.shazam.android/com.shazam.android.service.tagging.AutoTaggingTileService}
01-22 19:18:47.183  2814  2814 D SecQpBlurController: onPanelExpansionChanged : 0.5903269
01-22 19:18:47.183  2814  2927 D Tile.CustomTile: updateState : Label = Auto-Shazam, State = 1, Icon = Icon(typ=RESOURCE pkg=com.shazam.android id=0x7f08018b)
01-22 19:18:47.183  2814  2814 D SecPanelWindowBlurInteractor: Window Blur:  224  shouldBlockBlur: false isBlurReduced: false  isBackgroundVisible: false
01-22 19:18:47.183  2814  2814 D SecPanelWindowBlurBinder: setBlurInfo 224
01-22 19:18:47.183  2814  2814 D View    : semSetBlurInfo, blurInfo : android.view.SemBlurInfo@31deea1 {BLUR_MODE_WINDOW, mBlurRadius = 224, mBackgroundBlurColor = 0, mCornerRadiusTL = 0.0, mCornerRadiusTR = 0.0, mCornerRadiusBL = 0.0, mCornerRadiusBR = 0.0, mClipRectLeft = 0, mClipRectTop = 0, mClipRectRight = 2147483647, mClipRectBottom = 2147483647, mColorCurve = android.view.SemBlurInfo$ColorCurve@3f9d8c6 {minX = 13.470938, minY = 30.893353, maxX = 255.0, maxY = 182.88557, curveBias = 8.980625, saturation = 0.22451563}}, com.android.systemui.shade.NotificationShadeWindowView{4504390 V.E...... .......D 0,0-1440,3120 #7f0a06a4 app:id/legacy_window_root aid=2406}
01-22 19:18:47.183  2814  2814 D View    : semSetBlurInfo, blurInfo : null, com.android.systemui.blur.SecQSNewBlurView{b7822cf G.E...... ......I. 0,0-0,0 #7f0a0a27 app:id/qs_new_blur}
01-22 19:18:47.183  2814  2814 I NowBarCardViewModel: setVisibility visible = 4 / nowBarRootVisibility = 4
01-22 19:18:47.183  2814  2814 W RefactorFlag: New code path expects SceneContainerFlag to be enabled.
01-22 19:18:47.184  2814  2814 W RefactorFlag: New code path expects SceneContainerFlag to be enabled.
01-22 19:18:47.186  2814  2950 D SurfaceComposerClient: [SEC_SF_EFFECTS] setBlurRegions NotificationShade$_2814#497754 ## {radius=224, cornerRadii=[0.000, 0.000, 0.000, 0.000], alpha=1.000, rect=[0, 0, 1440, 3120], clipRect=[0, 0, 2147483647, 2147483647], colorCurve=[13.470938, 30.893353, 255.000000, 182.885574], curveBias=8.980625, saturation=0.224516, vibrance=[0.000000, (0.000000, 1.000000)], pathData size=0, BlurTint=[(0.000000 0.000000 0.000000) 0.000000, DISABLED]
01-22 19:18:47.196  2814  2814 D SecQSCommonTileView: handleStateChanged state.spec = custom(com.samsung.android.nfc/.quicktile.NfcTile), parent = LabelTileView{@70b6a49, #7f0a0df0, app:id/tile_label V, label = @70b6a49, #7f0a0df0, app:id/tile_label V, iconFrame = @7b4af4e V, icon = @9ac986f V, common = @9c8e97c}, labelContainer = @b4a9850, #7f0a0661, app:id/label_group V, label = @70b6a49, #7f0a0df0, app:id/tile_label V, iconFrame = @7b4af4e V, icon = @9ac986f V, common = @9c8e97c
01-22 19:18:47.198  2814  2814 D BiometricsRepositoryImpl: currentUser authFlags changed, new value: AuthenticationFlags(userId=0, flag=0)
01-22 19:18:47.198  2814  2814 D BiometricsRepositoryImpl: currentUser authFlags changed, new value: AuthenticationFlags(userId=0, flag=0)
01-22 19:18:47.198  2814  2814 D SecQSCommonTileView: handleStateChanged state.spec = custom(com.shazam.android/.service.tagging.AutoTaggingTileService), parent = LabelTileView{@8812fd1, #7f0a0df0, app:id/tile_label V, label = @8812fd1, #7f0a0df0, app:id/tile_label V, iconFrame = @8393a36 V, icon = @bde6d37 V, common = @28572a4}, labelContainer = @a5d5ef8, #7f0a0661, app:id/label_group V, label = @8812fd1, #7f0a0df0, app:id/tile_label V, iconFrame = @8393a36 V, icon = @bde6d37 V, common = @28572a4
01-22 19:18:47.199  2814  2814 D PanelSplitOpenAnimator: setOverScrollAmount : 33.0
01-22 19:18:47.199  2814  2814 D ShadeExpansionStateManager: onPanelExpansionChanged: ShadeExpansionChangeEvent(fraction=0.71654266, expanded=true, tracking=false)
01-22 19:18:47.199  2814  2814 D PanelSplitOpenAnimator: onPanelExpansionChanged : 0.71654266 state : 0
01-22 19:18:47.199  2814  2814 D PanelSplitOpenAnimator: setPosition : 0.71654266 // true false false 33.0
01-22 19:18:47.200  2814  2814 D SecQpBlurController: onPanelExpansionChanged : 0.71654266
01-22 19:18:47.201  2814  2814 D SecPanelWindowBlurInteractor: Window Blur:  239  shouldBlockBlur: false isBlurReduced: false  isBackgroundVisible: false
01-22 19:18:47.201  2814  2814 D SecPanelWindowBlurBinder: setBlurInfo 239
01-22 19:18:47.201  2814  2814 D View    : semSetBlurInfo, blurInfo : android.view.SemBlurInfo@b091bb4 {BLUR_MODE_WINDOW, mBlurRadius = 239, mBackgroundBlurColor = 0, mCornerRadiusTL = 0.0, mCornerRadiusTR = 0.0, mCornerRadiusBL = 0.0, mCornerRadiusBR = 0.0, mClipRectLeft = 0, mClipRectTop = 0, mClipRectRight = 2147483647, mClipRectBottom = 2147483647, mColorCurve = android.view.SemBlurInfo$ColorCurve@a89d3dd {minX = 14.37493, minY = 32.966507, maxX = 255.0, maxY = 178.0462, curveBias = 9.583286, saturation = 0.23958217}}, com.android.systemui.shade.NotificationShadeWindowView{4504390 V.E...... .......D 0,0-1440,3120 #7f0a06a4 app:id/legacy_window_root aid=2406}
01-22 19:18:47.201  2814  2814 D View    : semSetBlurInfo, blurInfo : null, com.android.systemui.blur.SecQSNewBlurView{b7822cf G.E...... ......I. 0,0-0,0 #7f0a0a27 app:id/qs_new_blur}
01-22 19:18:47.201  2814  2814 I NowBarCardViewModel: setVisibility visible = 4 / nowBarRootVisibility = 4
01-22 19:18:47.201  2814  2814 W RefactorFlag: New code path expects SceneContainerFlag to be enabled.
01-22 19:18:47.202  2814  2814 W RefactorFlag: New code path expects SceneContainerFlag to be enabled.
01-22 19:18:47.203  2814  2951 D SurfaceComposerClient: [SEC_SF_EFFECTS] setBlurRegions NotificationShade$_2814#497754 ## {radius=239, cornerRadii=[0.000, 0.000, 0.000, 0.000], alpha=1.000, rect=[0, 0, 1440, 3120], clipRect=[0, 0, 2147483647, 2147483647], colorCurve=[14.374930, 32.966507, 255.000000, 178.046204], curveBias=9.583286, saturation=0.239582, vibrance=[0.000000, (0.000000, 1.000000)], pathData size=0, BlurTint=[(0.000000 0.000000 0.000000) 0.000000, DISABLED]
01-22 19:18:47.205  2814  2814 D BiometricsRepositoryImpl: currentUser authFlags changed, new value: AuthenticationFlags(userId=0, flag=0)
01-22 19:18:47.205  2814  2814 D BiometricsRepositoryImpl: currentUser authFlags changed, new value: AuthenticationFlags(userId=0, flag=0)
01-22 19:18:47.206  2814  2814 D PanelSplitOpenAnimator: setOverScrollAmount : 40.0
01-22 19:18:47.207  2814  2814 D ShadeExpansionStateManager: onPanelExpansionChanged: ShadeExpansionChangeEvent(fraction=0.74974394, expanded=true, tracking=false)
01-22 19:18:47.207  2814  2814 D PanelSplitOpenAnimator: onPanelExpansionChanged : 0.74974394 state : 0
01-22 19:18:47.207  2814  2814 D PanelSplitOpenAnimator: setPosition : 0.74974394 // true false false 40.0
01-22 19:18:47.208  2814  2814 D SecQpBlurController: onPanelExpansionChanged : 0.74974394
01-22 19:18:47.208  2814  2814 D SecPanelWindowBlurInteractor: Window Blur:  242  shouldBlockBlur: false isBlurReduced: false  isBackgroundVisible: false
01-22 19:18:47.208  2814  2814 D SecPanelWindowBlurBinder: setBlurInfo 242
01-22 19:18:47.208  2814  2814 D View    : semSetBlurInfo, blurInfo : android.view.SemBlurInfo@1153a9e {BLUR_MODE_WINDOW, mBlurRadius = 242, mBackgroundBlurColor = 0, mCornerRadiusTL = 0.0, mCornerRadiusTR = 0.0, mCornerRadiusBL = 0.0, mCornerRadiusBR = 0.0, mClipRectLeft = 0, mClipRectTop = 0, mClipRectRight = 2147483647, mClipRectBottom = 2147483647, mColorCurve = android.view.SemBlurInfo$ColorCurve@21a497f {minX = 14.532367, minY = 33.327564, maxX = 255.0, maxY = 177.2034, curveBias = 9.688245, saturation = 0.24220611}}, com.android.systemui.shade.NotificationShadeWindowView{4504390 V.E...... .......D 0,0-1440,3120 #7f0a06a4 app:id/legacy_window_root aid=2406}
01-22 19:18:47.208  2814  2814 D View    : semSetBlurInfo, blurInfo : null, com.android.systemui.blur.SecQSNewBlurView{b7822cf G.E...... ......I. 0,0-0,0 #7f0a0a27 app:id/qs_new_blur}
01-22 19:18:47.208  2814  2814 I NowBarCardViewModel: setVisibility visible = 4 / nowBarRootVisibility = 4
01-22 19:18:47.209  2814  2814 W RefactorFlag: New code path expects SceneContainerFlag to be enabled.
01-22 19:18:47.209  2814  2814 W RefactorFlag: New code path expects SceneContainerFlag to be enabled.
01-22 19:18:47.209  2814  2950 D SurfaceComposerClient: [SEC_SF_EFFECTS] setBlurRegions NotificationShade$_2814#497754 ## {radius=242, cornerRadii=[0.000, 0.000, 0.000, 0.000], alpha=1.000, rect=[0, 0, 1440, 3120], clipRect=[0, 0, 2147483647, 2147483647], colorCurve=[14.532367, 33.327564, 255.000000, 177.203400], curveBias=9.688245, saturation=0.242206, vibrance=[0.000000, (0.000000, 1.000000)], pathData size=0, BlurTint=[(0.000000 0.000000 0.000000) 0.000000, DISABLED]
01-22 19:18:47.215  2814  2814 D PanelSplitOpenAnimator: setOverScrollAmount : 45.0
01-22 19:18:47.215  2814  2814 D ShadeExpansionStateManager: onPanelExpansionChanged: ShadeExpansionChangeEvent(fraction=0.78050405, expanded=true, tracking=false)
01-22 19:18:47.215  2814  2814 D PanelSplitOpenAnimator: onPanelExpansionChanged : 0.78050405 state : 0
01-22 19:18:47.215  2814  2814 D PanelSplitOpenAnimator: setPosition : 0.78050405 // true false false 45.0
01-22 19:18:47.216  2814  2814 D SecQpBlurController: onPanelExpansionChanged : 0.78050405
01-22 19:18:47.217  2814  2814 D SecPanelWindowBlurInteractor: Window Blur:  244  shouldBlockBlur: false isBlurReduced: false  isBackgroundVisible: false
01-22 19:18:47.217  2814  2814 D SecPanelWindowBlurBinder: setBlurInfo 244
01-22 19:18:47.217  2814  2814 D View    : semSetBlurInfo, blurInfo : android.view.SemBlurInfo@ed02d4c {BLUR_MODE_WINDOW, mBlurRadius = 244, mBackgroundBlurColor = 0, mCornerRadiusTL = 0.0, mCornerRadiusTR = 0.0, mCornerRadiusBL = 0.0, mCornerRadiusBR = 0.0, mClipRectLeft = 0, mClipRectTop = 0, mClipRectRight = 2147483647, mClipRectBottom = 2147483647, mColorCurve = android.view.SemBlurInfo$ColorCurve@138a195 {minX = 14.649442, minY = 33.596054, maxX = 255.0, maxY = 176.57666, curveBias = 9.7662945, saturation = 0.24415736}}, com.android.systemui.shade.NotificationShadeWindowView{4504390 V.E...... .......D 0,0-1440,3120 #7f0a06a4 app:id/legacy_window_root aid=2406}
01-22 19:18:47.217  2814  2814 D View    : semSetBlurInfo, blurInfo : null, com.android.systemui.blur.SecQSNewBlurView{b7822cf G.E...... ......I. 0,0-0,0 #7f0a0a27 app:id/qs_new_blur}
01-22 19:18:47.217  2814  2814 I NowBarCardViewModel: setVisibility visible = 4 / nowBarRootVisibility = 4
01-22 19:18:47.217  2814  2814 W RefactorFlag: New code path expects SceneContainerFlag to be enabled.
01-22 19:18:47.217  2814  2814 W RefactorFlag: New code path expects SceneContainerFlag to be enabled.
01-22 19:18:47.218  2814  2951 D SurfaceComposerClient: [SEC_SF_EFFECTS] setBlurRegions NotificationShade$_2814#497754 ## {radius=244, cornerRadii=[0.000, 0.000, 0.000, 0.000], alpha=1.000, rect=[0, 0, 1440, 3120], clipRect=[0, 0, 2147483647, 2147483647], colorCurve=[14.649442, 33.596054, 255.000000, 176.576660], curveBias=9.766294, saturation=0.244157, vibrance=[0.000000, (0.000000, 1.000000)], pathData size=0, BlurTint=[(0.000000 0.000000 0.000000) 0.000000, DISABLED]
01-22 19:18:47.223  2814  2814 D PanelSplitOpenAnimator: setOverScrollAmount : 48.0
01-22 19:18:47.224  2814  2814 D ShadeExpansionStateManager: onPanelExpansionChanged: ShadeExpansionChangeEvent(fraction=0.81259125, expanded=true, tracking=false)
01-22 19:18:47.224  2814  2814 D PanelSplitOpenAnimator: onPanelExpansionChanged : 0.81259125 state : 0
01-22 19:18:47.224  2814  2814 D PanelSplitOpenAnimator: setPosition : 0.81259125 // true false false 48.0
01-22 19:18:47.225  2814  2814 D SecQpBlurController: onPanelExpansionChanged : 0.81259125
01-22 19:18:47.225  2814  2814 D SecPanelWindowBlurInteractor: Window Blur:  245  shouldBlockBlur: false isBlurReduced: false  isBackgroundVisible: false
01-22 19:18:47.225  2814  2814 D SecPanelWindowBlurBinder: setBlurInfo 245
01-22 19:18:47.225  2814  2814 D View    : semSetBlurInfo, blurInfo : android.view.SemBlurInfo@49662aa {BLUR_MODE_WINDOW, mBlurRadius = 245, mBackgroundBlurColor = 0, mCornerRadiusTL = 0.0, mCornerRadiusTR = 0.0, mCornerRadiusBL = 0.0, mCornerRadiusBR = 0.0, mClipRectLeft = 0, mClipRectTop = 0, mClipRectRight = 2147483647, mClipRectBottom = 2147483647, mColorCurve = android.view.SemBlurInfo$ColorCurve@f93fe9b {minX = 14.750813, minY = 33.82853, maxX = 255.0, maxY = 176.03398, curveBias = 9.833875, saturation = 0.24584687}}, com.android.systemui.shade.NotificationShadeWindowView{4504390 V.E...... .......D 0,0-1440,3120 #7f0a06a4 app:id/legacy_window_root aid=2406}
01-22 19:18:47.225  2814  2814 D View    : semSetBlurInfo, blurInfo : null, com.android.systemui.blur.SecQSNewBlurView{b7822cf G.E...... ......I. 0,0-0,0 #7f0a0a27 app:id/qs_new_blur}
01-22 19:18:47.226  2814  2814 I NowBarCardViewModel: setVisibility visible = 4 / nowBarRootVisibility = 4
01-22 19:18:47.226  2814  2814 W RefactorFlag: New code path expects SceneContainerFlag to be enabled.
01-22 19:18:47.226  2814  2814 W RefactorFlag: New code path expects SceneContainerFlag to be enabled.
01-22 19:18:47.227  2814  2950 D SurfaceComposerClient: [SEC_SF_EFFECTS] setBlurRegions NotificationShade$_2814#497754 ## {radius=245, cornerRadii=[0.000, 0.000, 0.000, 0.000], alpha=1.000, rect=[0, 0, 1440, 3120], clipRect=[0, 0, 2147483647, 2147483647], colorCurve=[14.750813, 33.828529, 255.000000, 176.033981], curveBias=9.833875, saturation=0.245847, vibrance=[0.000000, (0.000000, 1.000000)], pathData size=0, BlurTint=[(0.000000 0.000000 0.000000) 0.000000, DISABLED]
01-22 19:18:47.232  2814  2814 D PanelSplitOpenAnimator: setOverScrollAmount : 51.0
01-22 19:18:47.232  2814  2814 D ShadeExpansionStateManager: onPanelExpansionChanged: ShadeExpansionChangeEvent(fraction=0.8377136, expanded=true, tracking=false)
01-22 19:18:47.233  2814  2814 D PanelSplitOpenAnimator: onPanelExpansionChanged : 0.8377136 state : 0
01-22 19:18:47.233  2814  2814 D PanelSplitOpenAnimator: setPosition : 0.8377136 // true false false 51.0
01-22 19:18:47.234  2814  2814 D SecQpBlurController: onPanelExpansionChanged : 0.8377136
01-22 19:18:47.234  2814  2814 D SecPanelWindowBlurInteractor: Window Blur:  246  shouldBlockBlur: false isBlurReduced: false  isBackgroundVisible: false
01-22 19:18:47.234  2814  2814 D SecPanelWindowBlurBinder: setBlurInfo 246
01-22 19:18:47.235  2814  2814 D View    : semSetBlurInfo, blurInfo : android.view.SemBlurInfo@78d238 {BLUR_MODE_WINDOW, mBlurRadius = 246, mBackgroundBlurColor = 0, mCornerRadiusTL = 0.0, mCornerRadiusTR = 0.0, mCornerRadiusBL = 0.0, mCornerRadiusBR = 0.0, mClipRectLeft = 0, mClipRectTop = 0, mClipRectRight = 2147483647, mClipRectBottom = 2147483647, mColorCurve = android.view.SemBlurInfo$ColorCurve@2cec211 {minX = 14.815177, minY = 33.97614, maxX = 255.0, maxY = 175.68942, curveBias = 9.876784, saturation = 0.24691962}}, com.android.systemui.shade.NotificationShadeWindowView{4504390 V.E...... .......D 0,0-1440,3120 #7f0a06a4 app:id/legacy_window_root aid=2406}
01-22 19:18:47.235  2814  2814 D View    : semSetBlurInfo, blurInfo : null, com.android.systemui.blur.SecQSNewBlurView{b7822cf G.E...... ......I. 0,0-0,0 #7f0a0a27 app:id/qs_new_blur}
01-22 19:18:47.235  2814  2814 I NowBarCardViewModel: setVisibility visible = 4 / nowBarRootVisibility = 4
01-22 19:18:47.235  2814  2814 W RefactorFlag: New code path expects SceneContainerFlag to be enabled.
01-22 19:18:47.235  2814  2814 W RefactorFlag: New code path expects SceneContainerFlag to be enabled.
01-22 19:18:47.236  2814  2951 D SurfaceComposerClient: [SEC_SF_EFFECTS] setBlurRegions NotificationShade$_2814#497754 ## {radius=246, cornerRadii=[0.000, 0.000, 0.000, 0.000], alpha=1.000, rect=[0, 0, 1440, 3120], clipRect=[0, 0, 2147483647, 2147483647], colorCurve=[14.815177, 33.976139, 255.000000, 175.689423], curveBias=9.876784, saturation=0.246920, vibrance=[0.000000, (0.000000, 1.000000)], pathData size=0, BlurTint=[(0.000000 0.000000 0.000000) 0.000000, DISABLED]
01-22 19:18:47.240  2814  2814 D PanelSplitOpenAnimator: setOverScrollAmount : 52.0
01-22 19:18:47.241  2814  2814 D ShadeExpansionStateManager: onPanelExpansionChanged: ShadeExpansionChangeEvent(fraction=0.8612493, expanded=true, tracking=false)
01-22 19:18:47.241  2814  2814 D PanelSplitOpenAnimator: onPanelExpansionChanged : 0.8612493 state : 0
01-22 19:18:47.241  2814  2814 D PanelSplitOpenAnimator: setPosition : 0.8612493 // true false false 52.0
01-22 19:18:47.243  2814  2814 D SecQpBlurController: onPanelExpansionChanged : 0.8612493
01-22 19:18:47.243  2814  2814 D SecPanelWindowBlurInteractor: Window Blur:  247  shouldBlockBlur: false isBlurReduced: false  isBackgroundVisible: false
01-22 19:18:47.243  2814  2814 D SecPanelWindowBlurBinder: setBlurInfo 247
01-22 19:18:47.243  2814  2814 D View    : semSetBlurInfo, blurInfo : android.view.SemBlurInfo@b4fff76 {BLUR_MODE_WINDOW, mBlurRadius = 247, mBackgroundBlurColor = 0, mCornerRadiusTL = 0.0, mCornerRadiusTR = 0.0, mCornerRadiusBL = 0.0, mCornerRadiusBR = 0.0, mClipRectLeft = 0, mClipRectTop = 0, mClipRectRight = 2147483647, mClipRectBottom = 2147483647, mColorCurve = android.view.SemBlurInfo$ColorCurve@c29e977 {minX = 14.872146, minY = 34.10679, maxX = 255.0, maxY = 175.38445, curveBias = 9.914763, saturation = 0.24786909}}, com.android.systemui.shade.NotificationShadeWindowView{4504390 V.E...... .......D 0,0-1440,3120 #7f0a06a4 app:id/legacy_window_root aid=2406}
01-22 19:18:47.243  2814  2814 D View    : semSetBlurInfo, blurInfo : null, com.android.systemui.blur.SecQSNewBlurView{b7822cf G.E...... ......I. 0,0-0,0 #7f0a0a27 app:id/qs_new_blur}
01-22 19:18:47.243  2814  2814 I NowBarCardViewModel: setVisibility visible = 4 / nowBarRootVisibility = 4
01-22 19:18:47.244  2814  2814 W RefactorFlag: New code path expects SceneContainerFlag to be enabled.
01-22 19:18:47.244  2814  2814 W RefactorFlag: New code path expects SceneContainerFlag to be enabled.
01-22 19:18:47.245  2814  2950 D SurfaceComposerClient: [SEC_SF_EFFECTS] setBlurRegions NotificationShade$_2814#497754 ## {radius=247, cornerRadii=[0.000, 0.000, 0.000, 0.000], alpha=1.000, rect=[0, 0, 1440, 3120], clipRect=[0, 0, 2147483647, 2147483647], colorCurve=[14.872146, 34.106789, 255.000000, 175.384445], curveBias=9.914763, saturation=0.247869, vibrance=[0.000000, (0.000000, 1.000000)], pathData size=0, BlurTint=[(0.000000 0.000000 0.000000) 0.000000, DISABLED]
01-22 19:18:47.248  2814  2814 D PanelSplitOpenAnimator: setOverScrollAmount : 53.0
01-22 19:18:47.249  2814  2814 D ShadeExpansionStateManager: onPanelExpansionChanged: ShadeExpansionChangeEvent(fraction=0.8852735, expanded=true, tracking=false)
01-22 19:18:47.249  2814  2814 D PanelSplitOpenAnimator: onPanelExpansionChanged : 0.8852735 state : 0
01-22 19:18:47.249  2814  2814 D PanelSplitOpenAnimator: setPosition : 0.8852735 // true false false 53.0
01-22 19:18:47.250  2814  2814 D SecQpBlurController: onPanelExpansionChanged : 0.8852735
01-22 19:18:47.250  2814  2814 D SecPanelWindowBlurInteractor: Window Blur:  248  shouldBlockBlur: false isBlurReduced: false  isBackgroundVisible: false
01-22 19:18:47.250  2814  2814 D SecPanelWindowBlurBinder: setBlurInfo 248
01-22 19:18:47.251  2814  2814 D View    : semSetBlurInfo, blurInfo : android.view.SemBlurInfo@c04d9e4 {BLUR_MODE_WINDOW, mBlurRadius = 248, mBackgroundBlurColor = 0, mCornerRadiusTL = 0.0, mCornerRadiusTR = 0.0, mCornerRadiusBL = 0.0, mCornerRadiusBR = 0.0, mClipRectLeft = 0, mClipRectTop = 0, mClipRectRight = 2147483647, mClipRectBottom = 2147483647, mColorCurve = android.view.SemBlurInfo$ColorCurve@2cc6e4d {minX = 14.906997, minY = 34.186714, maxX = 255.0, maxY = 175.19788, curveBias = 9.937998, saturation = 0.24844995}}, com.android.systemui.shade.NotificationShadeWindowView{4504390 V.E...... .......D 0,0-1440,3120 #7f0a06a4 app:id/legacy_window_root aid=2406}
01-22 19:18:47.251  2814  2814 D View    : semSetBlurInfo, blurInfo : null, com.android.systemui.blur.SecQSNewBlurView{b7822cf G.E...... ......I. 0,0-0,0 #7f0a0a27 app:id/qs_new_blur}
01-22 19:18:47.251  2814  2814 I NowBarCardViewModel: setVisibility visible = 4 / nowBarRootVisibility = 4
01-22 19:18:47.251  2814  2814 W RefactorFlag: New code path expects SceneContainerFlag to be enabled.
01-22 19:18:47.251  2814  2814 W RefactorFlag: New code path expects SceneContainerFlag to be enabled.
01-22 19:18:47.252  2814  2951 D SurfaceComposerClient: [SEC_SF_EFFECTS] setBlurRegions NotificationShade$_2814#497754 ## {radius=248, cornerRadii=[0.000, 0.000, 0.000, 0.000], alpha=1.000, rect=[0, 0, 1440, 3120], clipRect=[0, 0, 2147483647, 2147483647], colorCurve=[14.906997, 34.186714, 255.000000, 175.197876], curveBias=9.937998, saturation=0.248450, vibrance=[0.000000, (0.000000, 1.000000)], pathData size=0, BlurTint=[(0.000000 0.000000 0.000000) 0.000000, DISABLED]
01-22 19:18:47.257  2814  2814 D PanelSplitOpenAnimator: setOverScrollAmount : 54.0
01-22 19:18:47.257  2814  2814 D ShadeExpansionStateManager: onPanelExpansionChanged: ShadeExpansionChangeEvent(fraction=0.9039695, expanded=true, tracking=false)
01-22 19:18:47.257  2814  2814 D PanelSplitOpenAnimator: onPanelExpansionChanged : 0.9039695 state : 0
01-22 19:18:47.257  2814  2814 D PanelSplitOpenAnimator: setPosition : 0.9039695 // true false false 54.0
01-22 19:18:47.259  2814  2814 D SecQpBlurController: onPanelExpansionChanged : 0.9039695
01-22 19:18:47.259  2814  2814 I NowBarCardViewModel: setVisibility visible = 4 / nowBarRootVisibility = 4
01-22 19:18:47.260  2814  2814 W RefactorFlag: New code path expects SceneContainerFlag to be enabled.
01-22 19:18:47.260  2814  2814 W RefactorFlag: New code path expects SceneContainerFlag to be enabled.
01-22 19:18:47.265  2814  2814 D PanelSplitOpenAnimator: setOverScrollAmount : 55.0
01-22 19:18:47.265  2814  2814 D ShadeExpansionStateManager: onPanelExpansionChanged: ShadeExpansionChangeEvent(fraction=0.9215208, expanded=true, tracking=false)
01-22 19:18:47.265  2814  2814 D PanelSplitOpenAnimator: onPanelExpansionChanged : 0.9215208 state : 0
01-22 19:18:47.265  2814  2814 D PanelSplitOpenAnimator: setPosition : 0.9215208 // true false false 55.0
01-22 19:18:47.267 17353  7641 I fxbl    : Stopping autobatch scan. [CONTEXT service_id=284 ]
01-22 19:18:47.267 17353  7641 D BluetoothAdapter: isLeEnabled(): ON
01-22 19:18:47.267 17353  7641 D BluetoothLeScanner: Stop Scan with callback
01-22 19:18:47.268  2814  2814 D SecQpBlurController: onPanelExpansionChanged : 0.9215208
01-22 19:18:47.268  2814  2814 D SecPanelWindowBlurInteractor: Window Blur:  249  shouldBlockBlur: false isBlurReduced: false  isBackgroundVisible: false
01-22 19:18:47.268  2814  2814 D SecPanelWindowBlurBinder: setBlurInfo 249
01-22 19:18:47.268  2814  2814 D View    : semSetBlurInfo, blurInfo : android.view.SemBlurInfo@7349d02 {BLUR_MODE_WINDOW, mBlurRadius = 249, mBackgroundBlurColor = 0, mCornerRadiusTL = 0.0, mCornerRadiusTR = 0.0, mCornerRadiusBL = 0.0, mCornerRadiusBR = 0.0, mClipRectLeft = 0, mClipRectTop = 0, mClipRectRight = 2147483647, mClipRectBottom = 2147483647, mColorCurve = android.view.SemBlurInfo$ColorCurve@ac9a613 {minX = 14.959581, minY = 34.30731, maxX = 255.0, maxY = 174.91638, curveBias = 9.973054, saturation = 0.24932635}}, com.android.systemui.shade.NotificationShadeWindowView{4504390 V.E...... .......D 0,0-1440,3120 #7f0a06a4 app:id/legacy_window_root aid=2406}
01-22 19:18:47.268  2814  2814 D View    : semSetBlurInfo, blurInfo : null, com.android.systemui.blur.SecQSNewBlurView{b7822cf G.E...... ......I. 0,0-0,0 #7f0a0a27 app:id/qs_new_blur}
01-22 19:18:47.268  2814  2814 I NowBarCardViewModel: setVisibility visible = 4 / nowBarRootVisibility = 4
01-22 19:18:47.268  2814  2814 W RefactorFlag: New code path expects SceneContainerFlag to be enabled.
01-22 19:18:47.269  2814  2814 W RefactorFlag: New code path expects SceneContainerFlag to be enabled.
01-22 19:18:47.269  2814  2951 D SurfaceComposerClient: [SEC_SF_EFFECTS] setBlurRegions NotificationShade$_2814#497754 ## {radius=249, cornerRadii=[0.000, 0.000, 0.000, 0.000], alpha=1.000, rect=[0, 0, 1440, 3120], clipRect=[0, 0, 2147483647, 2147483647], colorCurve=[14.959581, 34.307308, 255.000000, 174.916382], curveBias=9.973054, saturation=0.249326, vibrance=[0.000000, (0.000000, 1.000000)], pathData size=0, BlurTint=[(0.000000 0.000000 0.000000) 0.000000, DISABLED]
01-22 19:18:47.272 28652 29634 I bt_shim_scanner: system/main/shim/le_scanning_manager.cc:141 Unregister: in shim layer, scannerId=4
01-22 19:18:47.272 28652 28686 W bluetooth: system/gd/hci/le_scanning_manager.cc:697 unregister_scanner: unregister_scanner
01-22 19:18:47.272 17353  7641 I fxbl    : (REDACTED) Removed autobatch scan callback, count = %d
01-22 19:18:47.272 28652 28920 I bt_shim_scanner: system/main/shim/le_scanning_manager.cc:197 ScanFilterParamSetup: in shim layer, clientIf=4
01-22 19:18:47.273 28652 28920 E ScanManager: [GSIM LOG]: gsimLogHandler, msg: MESSAGE_SCAN_STOP, appName: com.google.android.gms, scannerId: 4, reportDelayMillis=1200000
01-22 19:18:47.274  2814  2814 D PanelSplitOpenAnimator: setOverScrollAmount : 55.0
01-22 19:18:47.274  2814  2814 D ShadeExpansionStateManager: onPanelExpansionChanged: ShadeExpansionChangeEvent(fraction=0.9381538, expanded=true, tracking=false)
01-22 19:18:47.274  2814  2814 D PanelSplitOpenAnimator: onPanelExpansionChanged : 0.9381538 state : 0
01-22 19:18:47.274  2814  2814 D PanelSplitOpenAnimator: setPosition : 0.9381538 // true false false 55.0
01-22 19:18:47.275  2814  2814 D SecQpBlurController: onPanelExpansionChanged : 0.9381538
01-22 19:18:47.276  2814  2814 I NowBarCardViewModel: setVisibility visible = 4 / nowBarRootVisibility = 4
01-22 19:18:47.275  5817  5817 W ContextImpl: Calling a method in the system process without a qualified user: android.app.ContextImpl.startService:2068 android.content.ContextWrapper.startService:872 android.content.ContextWrapper.startService:872 com.sec.android.diagmonagent.sa.receiver.CFLogReceiver.onReceive:56 android.app.ActivityThread.handleReceiver:5663 
01-22 19:18:47.276  2814  2814 W RefactorFlag: New code path expects SceneContainerFlag to be enabled.
01-22 19:18:47.276  2814  2814 W RefactorFlag: New code path expects SceneContainerFlag to be enabled.
01-22 19:18:47.282  2814  2814 D PanelSplitOpenAnimator: setOverScrollAmount : 55.0
01-22 19:18:47.282  2814  2814 D ShadeExpansionStateManager: onPanelExpansionChanged: ShadeExpansionChangeEvent(fraction=0.9518653, expanded=true, tracking=false)
01-22 19:18:47.282  2814  2814 D PanelSplitOpenAnimator: onPanelExpansionChanged : 0.9518653 state : 0
01-22 19:18:47.282  2814  2814 D PanelSplitOpenAnimator: setPosition : 0.9518653 // true false false 55.0
01-22 19:18:47.283  2814  2814 D SecQpBlurController: onPanelExpansionChanged : 0.9518653
01-22 19:18:47.284  2814  2814 I NowBarCardViewModel: setVisibility visible = 4 / nowBarRootVisibility = 4
01-22 19:18:47.284  2814  2814 W RefactorFlag: New code path expects SceneContainerFlag to be enabled.
01-22 19:18:47.284  2814  2814 W RefactorFlag: New code path expects SceneContainerFlag to be enabled.
01-22 19:18:47.290  2814  2814 D PanelSplitOpenAnimator: setOverScrollAmount : 55.0
01-22 19:18:47.290  2814  2814 D ShadeExpansionStateManager: onPanelExpansionChanged: ShadeExpansionChangeEvent(fraction=0.96375245, expanded=true, tracking=false)
01-22 19:18:47.290  2814  2814 D PanelSplitOpenAnimator: onPanelExpansionChanged : 0.96375245 state : 0
01-22 19:18:47.290  2814  2814 D PanelSplitOpenAnimator: setPosition : 0.96375245 // true false false 55.0
01-22 19:18:47.291  1205  7503 I HYPER-HAL: [RequestManager.cpp]releaseLocked(): Released ID : 17301926
01-22 19:18:47.291  2814  2814 D SecQpBlurController: onPanelExpansionChanged : 0.96375245
01-22 19:18:47.291  2814  2814 I NowBarCardViewModel: setVisibility visible = 4 / nowBarRootVisibility = 4
01-22 19:18:47.292  2814  2814 W RefactorFlag: New code path expects SceneContainerFlag to be enabled.
01-22 19:18:47.292  2814  2814 W RefactorFlag: New code path expects SceneContainerFlag to be enabled.
01-22 19:18:47.294  1559 13024 E TaskPersister: File error accessing recents directory (directory doesn't exist?).
01-22 19:18:47.296  5859  5976 I M0      : limitCPUFreq:: freq = 2784000
01-22 19:18:47.296  5859  5976 I SemDvfsHyPerManager: acquire hyper - SIOP_ARM_MAX/5859@3, type = 301993986
01-22 19:18:47.296  1205  1256 I HYPER-HAL: [RequestManager.cpp]acquire(): Acquired ID : 17184456  [5859 / 3]    HINT :      list : [CPUMaxFreq / 2784000] 
01-22 19:18:47.298  2814  2814 D PanelSplitOpenAnimator: setOverScrollAmount : 55.0
01-22 19:18:47.299  2814  2814 D ShadeExpansionStateManager: onPanelExpansionChanged: ShadeExpansionChangeEvent(fraction=0.9747493, expanded=true, tracking=false)
01-22 19:18:47.299  2814  2814 D PanelSplitOpenAnimator: onPanelExpansionChanged : 0.9747493 state : 0
01-22 19:18:47.299  2814  2814 D PanelSplitOpenAnimator: setPosition : 0.9747493 // true false false 55.0
01-22 19:18:47.299  2814  2814 D SecQpBlurController: onPanelExpansionChanged : 0.9747493
01-22 19:18:47.300  2814  2814 I NowBarCardViewModel: setVisibility visible = 4 / nowBarRootVisibility = 4
01-22 19:18:47.300  2814  2814 W RefactorFlag: New code path expects SceneContainerFlag to be enabled.
01-22 19:18:47.300  2814  2814 W RefactorFlag: New code path expects SceneContainerFlag to be enabled.
01-22 19:18:47.307  2814  2814 D PanelSplitOpenAnimator: setOverScrollAmount : 55.0
01-22 19:18:47.307  2814  2814 D ShadeExpansionStateManager: onPanelExpansionChanged: ShadeExpansionChangeEvent(fraction=0.98281324, expanded=true, tracking=false)
01-22 19:18:47.307  2814  2814 D PanelSplitOpenAnimator: onPanelExpansionChanged : 0.98281324 state : 0
01-22 19:18:47.307  2814  2814 D PanelSplitOpenAnimator: setPosition : 0.98281324 // true false false 55.0
01-22 19:18:47.309  2814  2814 D SecQpBlurController: onPanelExpansionChanged : 0.98281324
01-22 19:18:47.309  2814  2814 I NowBarCardViewModel: setVisibility visible = 4 / nowBarRootVisibility = 4
01-22 19:18:47.309  2814  2814 W RefactorFlag: New code path expects SceneContainerFlag to be enabled.
01-22 19:18:47.309  2814  2814 W RefactorFlag: New code path expects SceneContainerFlag to be enabled.
01-22 19:18:47.315  2814  2814 D PanelSplitOpenAnimator: setOverScrollAmount : 55.0
01-22 19:18:47.315  2814  2814 D ShadeExpansionStateManager: onPanelExpansionChanged: ShadeExpansionChangeEvent(fraction=0.9893708, expanded=true, tracking=false)
01-22 19:18:47.315  2814  2814 D PanelSplitOpenAnimator: onPanelExpansionChanged : 0.9893708 state : 0
01-22 19:18:47.315  2814  2814 D PanelSplitOpenAnimator: setPosition : 0.9893708 // true false false 55.0
01-22 19:18:47.316  6422  6620 W YouTube : Empty persistent device token received from InnerTube.
01-22 19:18:47.316  2814  2814 D SecQpBlurController: onPanelExpansionChanged : 0.9893708
01-22 19:18:47.317  2814  2814 I NowBarCardViewModel: setVisibility visible = 4 / nowBarRootVisibility = 4
01-22 19:18:47.317  2814  2814 W RefactorFlag: New code path expects SceneContainerFlag to be enabled.
01-22 19:18:47.317  2814  2814 W RefactorFlag: New code path expects SceneContainerFlag to be enabled.
01-22 19:18:47.321  6422 12988 I Kumiho-Kumiho: getPackageName: com.google.android.youtube
01-22 19:18:47.322  6422 12988 I Kumiho-Kumiho: getPackageName: com.google.android.youtube
01-22 19:18:47.323  2814  2814 D PanelSplitOpenAnimator: setOverScrollAmount : 55.0
01-22 19:18:47.324  2814  2814 D ShadeExpansionStateManager: onPanelExpansionChanged: ShadeExpansionChangeEvent(fraction=0.9948686, expanded=true, tracking=false)
01-22 19:18:47.324  2814  2814 D PanelSplitOpenAnimator: onPanelExpansionChanged : 0.9948686 state : 0
01-22 19:18:47.324  2814  2814 D PanelSplitOpenAnimator: setPosition : 0.9948686 // true false false 55.0
01-22 19:18:47.325  2814  2814 D SecQpBlurController: onPanelExpansionChanged : 0.9948686
01-22 19:18:47.325  2814  2814 I NowBarCardViewModel: setVisibility visible = 4 / nowBarRootVisibility = 4
01-22 19:18:47.326  2814  2814 W RefactorFlag: New code path expects SceneContainerFlag to be enabled.
01-22 19:18:47.326  2814  2814 W RefactorFlag: New code path expects SceneContainerFlag to be enabled.
01-22 19:18:47.332  2814  2814 D PanelSplitOpenAnimator: setOverScrollAmount : 55.0
01-22 19:18:47.332  2814  2814 D ShadeExpansionStateManager: onPanelExpansionChanged: ShadeExpansionChangeEvent(fraction=0.9978456, expanded=true, tracking=false)
01-22 19:18:47.332  2814  2814 D PanelSplitOpenAnimator: onPanelExpansionChanged : 0.9978456 state : 0
01-22 19:18:47.332  2814  2814 D PanelSplitOpenAnimator: setPosition : 0.9978456 // true false false 55.0
01-22 19:18:47.333  2814  2814 D SecQpBlurController: onPanelExpansionChanged : 0.9978456
01-22 19:18:47.334  2814  2814 I NowBarCardViewModel: setVisibility visible = 4 / nowBarRootVisibility = 4
01-22 19:18:47.334  2814  2814 W RefactorFlag: New code path expects SceneContainerFlag to be enabled.
01-22 19:18:47.334  2814  2814 W RefactorFlag: New code path expects SceneContainerFlag to be enabled.
01-22 19:18:47.340  2814  2814 D PanelSplitOpenAnimator: setOverScrollAmount : 55.0
01-22 19:18:47.341  2814  2814 D ShadeExpansionStateManager: onPanelExpansionChanged: ShadeExpansionChangeEvent(fraction=0.9993804, expanded=true, tracking=false)
01-22 19:18:47.341  2814  2814 D PanelSplitOpenAnimator: onPanelExpansionChanged : 0.9993804 state : 0
01-22 19:18:47.341  2814  2814 D PanelSplitOpenAnimator: setPosition : 0.9993804 // true false false 55.0
01-22 19:18:47.342  2814  2814 D SecQpBlurController: onPanelExpansionChanged : 0.9993804
01-22 19:18:47.342  2814  2814 I NowBarCardViewModel: setVisibility visible = 4 / nowBarRootVisibility = 4
01-22 19:18:47.342  2814  2814 W RefactorFlag: New code path expects SceneContainerFlag to be enabled.
01-22 19:18:47.343  2814  2814 W RefactorFlag: New code path expects SceneContainerFlag to be enabled.
01-22 19:18:47.348  2814  2814 D PanelSplitOpenAnimator: setOverScrollAmount : 56.0
01-22 19:18:47.349  2814  2814 D ShadeExpansionStateManager: updateStateInternal: OPENING -> OPEN
01-22 19:18:47.349  2814  2814 D KeyguardVisible: go panelState: OPENING -> OPEN tracking=false, expanded=true, fraction=0.9993804
01-22 19:18:47.349  2814  2814 D ShadeExpansionStateManager: onPanelExpansionChanged: OPENING -> OPEN
01-22 19:18:47.349  2814  2814 D ShadeExpansionStateManager: onPanelExpansionChanged: ShadeExpansionChangeEvent(fraction=1.0, expanded=true, tracking=false)
01-22 19:18:47.349  2814  2814 D QSGuideDialog: isNotShade : false (0)
01-22 19:18:47.349  2814  2814 D QSGuideDialog: isNotSplit : false
01-22 19:18:47.349  2814  2814 D QSGuideDialog: ScreenOffAnimationPlaying : false
01-22 19:18:47.349  2814  2814 D QSGuideDialog: isOccluded : false
01-22 19:18:47.349  2814  2814 D QSGuideDialog: isAlreadyShown : true
01-22 19:18:47.349  2814  2814 D CentralSurfaces: onPanelExpansionChanged: lightReveal amount=1.0
01-22 19:18:47.349  2814  2814 D PanelSplitOpenAnimator: onPanelExpansionChanged : 1.0 state : 0
01-22 19:18:47.349  2814  2814 D PanelSplitOpenAnimator: setPosition : 1.0 // true false false 56.0
01-22 19:18:47.350  3244  5232 I HoneySpace.SystemUiRepository: systemUiFlags: qs_visible|awake|notif_visible
01-22 19:18:47.350  3244  3325 I HoneySpace.TaskbarEventTracker: invokeEvent() called with: event = SystemUiStateChanged(stateFlags=1342179328)
01-22 19:18:47.350  2814  2814 D SecPanelExpansionStateRepository: NOTIFY !!! OPENING -> OPEN
01-22 19:18:47.350  2814  2814 D QSMumButton: onPanelExpansionStateChanged isPanelExpanding = true > false
01-22 19:18:47.350  2814  2814 D QSMumButton: isMumDeactivated: !result[false] isLduBranding[false] isShopDemo[false]
01-22 19:18:47.350  2814  2814 D QSMumButton: needToBeVisible() result: false [MumSetting: false = (TwoPhoneSetting: false || (somethingInDetail(1): true && Pref: false && Settings: false)), !DEX-(DeviceState: true, !DesktopManager: true, !mIsDexEnablingOrEnabled: true) Panel-mExpanded: false, !isEmergencyMode: true, isUserEnabled: true, !isKioskModeEnabled: true, !isDisallowUserSwitch = true
01-22 19:18:47.351  2814  2814 D SecQSDetailController: onPanelExpansionStateChanged isPanelExpanding = false
01-22 19:18:47.351  2814  2814 D SecQpBlurController: onPanelExpansionChanged : 1.0
01-22 19:18:47.351  2814  2814 D SecPanelWindowBlurInteractor: Window Blur:  250  shouldBlockBlur: false isBlurReduced: false  isBackgroundVisible: false
01-22 19:18:47.351  2814  2814 D SecPanelWindowBlurBinder: setBlurInfo 250
01-22 19:18:47.351  2814  2814 D View    : semSetBlurInfo, blurInfo : android.view.SemBlurInfo@e27b050 {BLUR_MODE_WINDOW, mBlurRadius = 250, mBackgroundBlurColor = 0, mCornerRadiusTL = 0.0, mCornerRadiusTR = 0.0, mCornerRadiusBL = 0.0, mCornerRadiusBR = 0.0, mClipRectLeft = 0, mClipRectTop = 0, mClipRectRight = 2147483647, mClipRectBottom = 2147483647, mColorCurve = android.view.SemBlurInfo$ColorCurve@c7ea249 {minX = 15.0, minY = 34.4, maxX = 255.0, maxY = 174.7, curveBias = 10.0, saturation = 0.25}}, com.android.systemui.shade.NotificationShadeWindowView{4504390 V.E...... .......D 0,0-1440,3120 #7f0a06a4 app:id/legacy_window_root aid=2406}
01-22 19:18:47.351  2814  2814 D View    : semSetBlurInfo, blurInfo : null, com.android.systemui.blur.SecQSNewBlurView{b7822cf G.E...... ......I. 0,0-0,0 #7f0a0a27 app:id/qs_new_blur}
01-22 19:18:47.351  2814  2814 I NowBarCardViewModel: setVisibility visible = 4 / nowBarRootVisibility = 4
01-22 19:18:47.351  2814  2814 D QuickPanelLog: NPVC | updateExpansionAndVisibility: mExpandedFraction: 1.0, mInstantExpanding: false, isPanelVisibleBecauseOfHeadsUp: false, isTracking(): false, mIsSpringBackAnimation: false, isExpanded: true, isFullyExpanded: true, isFullyCollapsed: false, mHeightAnimator is null: false
01-22 19:18:47.351  2814  2814 D QuickPanelLog:  - com.android.systemui.shade.NotificationPanelViewController.updateExpansionAndVisibility:350
01-22 19:18:47.351  2814  2814 D QuickPanelLog:  - com.android.systemui.shade.NotificationPanelViewController$$ExternalSyntheticLambda48.run:557
01-22 19:18:47.351  2814  2814 D QuickPanelLog:  - com.android.systemui.shade.NotificationShadeWindowControllerImpl.batchApplyWindowLayoutParams:7
01-22 19:18:47.351  2814  2814 D QuickPanelLog:  - com.android.systemui.shade.NotificationPanelViewController.setExpandedHeightInternal:23
01-22 19:18:47.351  2814  2814 D QuickPanelLog:  - com.android.systemui.shade.NotificationPanelViewController$$ExternalSyntheticLambda50.onAnimationUpdate:62
01-22 19:18:47.351  2814  2814 D QuickPanelLog:  - android.animation.Animator$AnimatorCaller.lambda$static$4:931
01-22 19:18:47.351  2814  2814 D QuickPanelLog:  - android.animation.Animator$AnimatorCaller$$ExternalSyntheticLambda6.call:0
01-22 19:18:47.351  2814  2814 D QuickPanelLog:  - android.animation.Animator.callOnList:742
01-22 19:18:47.351  2814  2814 D QuickPanelLog:  - android.animation.ValueAnimator.animateValue:1666
01-22 19:18:47.351  2814  2814 D QuickPanelLog:  - android.animation.ValueAnimator.animateBasedOnTime:1426
01-22 19:18:47.351  2814  2814 W RefactorFlag: New code path expects SceneContainerFlag to be enabled.
01-22 19:18:47.351  2814  2814 W RefactorFlag: New code path expects SceneContainerFlag to be enabled.
01-22 19:18:47.352  2814  2951 D SurfaceComposerClient: [SEC_SF_EFFECTS] setBlurRegions NotificationShade$_2814#497754 ## {radius=250, cornerRadii=[0.000, 0.000, 0.000, 0.000], alpha=1.000, rect=[0, 0, 1440, 3120], clipRect=[0, 0, 2147483647, 2147483647], colorCurve=[15.000000, 34.400002, 255.000000, 174.699997], curveBias=10.000000, saturation=0.250000, vibrance=[0.000000, (0.000000, 1.000000)], pathData size=0, BlurTint=[(0.000000 0.000000 0.000000) 0.000000, DISABLED]
01-22 19:18:47.355  1559  5877 D StatusBarManagerService:   setPanelExpandStateToType : state = true, barType = 0
01-22 19:18:47.355  1559  1559 I MdnieScenarioControlService: action  :  com.samsung.systemui.statusbar.EXPANDED
01-22 19:18:47.357 15573 15573 I [+0100]oneconnect[1.8.41.23_01][CORE]: CoreManagerExternalReceiver.onReceive - action: com.samsung.systemui.statusbar.EXPANDED
01-22 19:18:47.358  3244  3244 I HoneySpace.EdgePanel.EdgeVisibilityObserver: TrayVisibilityReceiver action : com.samsung.systemui.statusbar.EXPANDED
01-22 19:18:47.359  2814  2814 D NavigationBarControllerImpl: setNavigationBarShortcut requestClass : com.android.wm.shell.controlpanel.activity.FlexPanelActivity, remoteViews : null, position : 0, priority : 11
01-22 19:18:47.359  2814  2814 D RemoteViewPack: OnSetRemoteView RemoteViewShortcut(requestClass=com.android.wm.shell.controlpanel.activity.FlexPanelActivity, remoteViews=null, position=0, priority=11)
01-22 19:18:47.359  2814  2814 D NavBarStateManager: NavBarStates(0) isGameMode: false
01-22 19:18:47.360 28652 29634 I AdapterProperties: getBondedDevices: length=15
01-22 19:18:47.363 15573 15573 I [+0100]oneconnect[1.8.41.23_01][CORE]: ExcludeDiscoveryEventManager.isExcludeDeviceStateBtEvent -  name: ($)-M(13) | macAddress: ($)D8:10
01-22 19:18:47.364  1559  1784 I ActivityManager: Changes in 10057 19 to 11, 0 to 128
01-22 19:18:47.364 19231 19231 I BadgeCountReceiver: onReceive: Intent { act=android.intent.action.BADGE_COUNT_UPDATE flg=0x1000010 xflg=0x4 cmp=com.sec.android.provider.badge/.BadgeCountReceiver (has extras) }
01-22 19:18:47.364 15573 15573 I [+0100]oneconnect[1.8.41.23_01][CORE]: ExcludeDiscoveryEventManager.isExcludeDeviceStateBtEvent -  name: ($)-A(24) | macAddress: ($)AC:4D
01-22 19:18:47.365  2814  2814 D PanelSplitOpenAnimator: setOverScrollAmount : 55.0
01-22 19:18:47.365 19231 19245 I BadgeCountReceiver: UpdateTask START: PendingResult hashCode: 259745866
01-22 19:18:47.365 19231 19245 I BadgeCountReceiver: packageName: com.google.android.youtube, className: com.google.android.youtube.app.honeycomb.Shell$HomeActivity, count: 2
01-22 19:18:47.365 15573 15573 I [+0100]oneconnect[1.8.41.23_01][CORE]: ExcludeDiscoveryEventManager.isExcludeDeviceStateBtEvent -  name: ($)-B(10) | macAddress: ($)00:09
01-22 19:18:47.366  2814  2814 W RefactorFlag: New code path expects SceneContainerFlag to be enabled.
01-22 19:18:47.366  2814  2814 W RefactorFlag: New code path expects SceneContainerFlag to be enabled.
01-22 19:18:47.366 15573 15687 I BluetoothHeadset: getConnectionState() in if statement
01-22 19:18:47.366 15573 15573 I [+0100]oneconnect[1.8.41.23_01][CORE]: ExcludeDiscoveryEventManager.isExcludeDeviceStateBtEvent -  name: ($)-B(9) | macAddress: ($)AE:2F
01-22 19:18:47.367 15573 15573 I [+0100]oneconnect[1.8.41.23_01][CORE]: ExcludeDiscoveryEventManager.isExcludeDeviceStateBtEvent -  name: ($)-B(22) | macAddress: ($)34:E3
01-22 19:18:47.368 15573 15573 I [+0100]oneconnect[1.8.41.23_01][CORE]: ExcludeDiscoveryEventManager.isExcludeDeviceStateBtEvent -  name: ($)-B(22) | macAddress: ($)24:24
01-22 19:18:47.369 15573 15573 I [+0100]oneconnect[1.8.41.23_01][CORE]: ExcludeDiscoveryEventManager.isExcludeDeviceStateBtEvent -  name: ($)-G(24) | macAddress: ($)CC:F8
01-22 19:18:47.369  1559  3897 I ActivityManager: Changes in 10057 11 to 5, 128 to 144
01-22 19:18:47.370 28652 28660 E BluetoothRemoteDevices: mSocketConnectedCount 0
01-22 19:18:47.370 15573 15687 I [+0100]oneconnect[1.8.41.23_01][CORE]: BluetoothHelper.getBtDevice - deviceBt ($)-M(13)
01-22 19:18:47.370  1559  2656 D BackgroundInstallControlService: Package event received: 0
01-22 19:18:47.370 15573 15573 I [+0100]oneconnect[1.8.41.23_01][CORE]: ExcludeDiscoveryEventManager.isExcludeDeviceStateBtEvent -  name: ($)-#(7) | macAddress: ($)34:81
01-22 19:18:47.371 28652 29634 I BluetoothRemoteDevices: isSsDualBuds XX:XX:XX:XX:2E:4A, false
01-22 19:18:47.371 15573 15573 I [+0100]oneconnect[1.8.41.23_01][CORE]: ExcludeDiscoveryEventManager.isExcludeDeviceStateBtEvent -  name: ($)-S(13) | macAddress: ($)D4:5B
01-22 19:18:47.371 15573 15687 I [+0100]oneconnect[1.8.41.23_01][CORE]: BluetoothHelperUtil.getManufacturerData -  - ($)
01-22 19:18:47.371 15573 15687 I [+0100]oneconnect[1.8.41.23_01][CORE]: BluetoothHelper.getBtDevice - isConnected:false
01-22 19:18:47.372 15573 15573 I [+0100]oneconnect[1.8.41.23_01][CORE]: ExcludeDiscoveryEventManager.isExcludeDeviceStateBtEvent -  name: ($)-G(19) | macAddress: ($)B4:CE
01-22 19:18:47.372 19231 19549 I BadgeProvider: query, [calling package]: com.sec.android.app.launcher, [selection]: null
01-22 19:18:47.373  2814  2814 D PanelSplitOpenAnimator: setOverScrollAmount : 55.0
01-22 19:18:47.373 19231 19245 I BadgeProvider: sendNotify [uri]: content://com.sec.badge/apps, [notify]: null
01-22 19:18:47.374  2814  2814 W RefactorFlag: New code path expects SceneContainerFlag to be enabled.
01-22 19:18:47.374 19231 19245 I BadgeProvider: update, [calling package]: com.sec.android.provider.badge, [uri]: content://com.sec.badge/apps, [uri.query]: null, [BadgeCount]: badgecount=2, [UpdateCount]: 1
01-22 19:18:47.374 19231 19245 I BadgeCountReceiver: UpdateTask END: PendingResult hashCode: 259745866
01-22 19:18:47.374  3244  7046 I HoneySpace.BadgeDataSourceImpl: BadgeProvider Update Event com.google.android.youtube/com.google.android.youtube.app.honeycomb.Shell$HomeActivity/UserHandle{0}: 1 -> 2
01-22 19:18:47.374 15573 15573 I [+0100]oneconnect[1.8.41.23_01][CORE]: ExcludeDiscoveryEventManager.isExcludeDeviceStateBtEvent -  name: ($)-B(9) | macAddress: ($)4B:5E
01-22 19:18:47.374  2814  2814 W RefactorFlag: New code path expects SceneContainerFlag to be enabled.
01-22 19:18:47.374  3244  3738 I HoneySpace.PackageEventOperator: [AppsEdgePanel.ViewModel] badge count is updated. com.google.android.youtube/.app.honeycomb.Shell$HomeActivity#UserHandle{0}|8 : 0
01-22 19:18:47.374  3244  3738 I HoneySpace.PackageEventOperator: [AbsFolderViewModel|7] badge count is updated. com.google.android.youtube/.app.honeycomb.Shell$HomeActivity#UserHandle{0}|12 : 0
01-22 19:18:47.375 15573 15573 I [+0100]oneconnect[1.8.41.23_01][CORE]: ExcludeDiscoveryEventManager.isExcludeDeviceStateBtEvent -  name: ($)-J(8) | macAddress: ($)00:08
01-22 19:18:47.375  3244  5239 I HoneySpace.PackageEventOperator: [AbsFolderViewModel|35] badge count is updated. com.google.android.youtube/.app.honeycomb.Shell$HomeActivity#UserHandle{0}|40 : 0
01-22 19:18:47.375  3244  3738 I HoneySpace.PackageEventOperator: [WorkspaceViewModel] badge count is updated. com.google.android.youtube/.app.honeycomb.Shell$HomeActivity#UserHandle{0}|12 : 0
01-22 19:18:47.376  3244  5232 I HoneySpace.PackageEventOperator: [ApplistViewModel] badge count is updated. com.google.android.youtube/.app.honeycomb.Shell$HomeActivity#UserHandle{0}|40 : 0
01-22 19:18:47.377 15573 15573 I [+0100]oneconnect[1.8.41.23_01][CORE]: ExcludeDiscoveryEventManager.isExcludeDeviceStateBtEvent -  name: ($)-D(9) | macAddress: ($)44:1D
01-22 19:18:47.378 15573 15573 I [+0100]oneconnect[1.8.41.23_01][CORE]: ExcludeDiscoveryEventManager.isExcludeDeviceStateBtEvent -  name: ($)-B(9) | macAddress: ($)48:A9
01-22 19:18:47.379 19231 19549 I BadgeProvider: query, [calling package]: com.sec.android.app.launcher, [selection]: null
01-22 19:18:47.379 15573 15573 I [+0100]oneconnect[1.8.41.23_01][CORE]: ExcludeDiscoveryEventManager.isExcludeDeviceStateBtEvent -  name: ($)-N(14) | macAddress: ($)5C:FB
01-22 19:18:47.381 15573 15687 I [+0100]oneconnect[1.8.41.23_01][CORE]: BluetoothHelper.setDeviceTypeAndIconForExceptedDevices - devicename: ($)-M(13)
01-22 19:18:47.381 15573 15687 I [+0100]oneconnect[1.8.41.23_01][CORE]: ExcludeDiscoveryEventManager.isExcludeDeviceStateBtEvent -  name: ($)-M(13) | macAddress: ($)D8:10
01-22 19:18:47.382  2814  2814 D PanelSplitOpenAnimator: setOverScrollAmount : 54.0
01-22 19:18:47.382  2814  2814 W RefactorFlag: New code path expects SceneContainerFlag to be enabled.
01-22 19:18:47.382 15573 15687 I BluetoothHeadset: getConnectionState() in if statement
01-22 19:18:47.383  2814  2814 W RefactorFlag: New code path expects SceneContainerFlag to be enabled.
01-22 19:18:47.386 28652 29634 E BluetoothRemoteDevices: mSocketConnectedCount 0
01-22 19:18:47.386 15573 15687 I [+0100]oneconnect[1.8.41.23_01][CORE]: BluetoothHelper.getBtDevice - deviceBt ($)-A(24)
01-22 19:18:47.387 28652 29634 I BluetoothRemoteDevices: isSsDualBuds XX:XX:XX:XX:E0:C2, false
01-22 19:18:47.388 15573 15687 I [+0100]oneconnect[1.8.41.23_01][CORE]: BluetoothHelperUtil.getManufacturerData -  - ($)
01-22 19:18:47.388 15573 15687 I [+0100]oneconnect[1.8.41.23_01][CORE]: BluetoothHelper.getBtDevice - isConnected:false
01-22 19:18:47.390  2814  2814 D PanelSplitOpenAnimator: setOverScrollAmount : 53.0
01-22 19:18:47.390  2814  2814 W RefactorFlag: New code path expects SceneContainerFlag to be enabled.
01-22 19:18:47.390  2814  2814 W RefactorFlag: New code path expects SceneContainerFlag to be enabled.
01-22 19:18:47.393 15573 15687 I [+0100]oneconnect[1.8.41.23_01][CORE]: BluetoothHelper.setDeviceTypeAndIconForExceptedDevices - devicename: ($)-A(24)
01-22 19:18:47.393 15573 15687 I [+0100]oneconnect[1.8.41.23_01][CORE]: ExcludeDiscoveryEventManager.isExcludeDeviceStateBtEvent -  name: ($)-A(24) | macAddress: ($)AC:4D
01-22 19:18:47.394 15573 15687 I BluetoothHeadset: getConnectionState() in if statement
01-22 19:18:47.398 28652 32339 E BluetoothRemoteDevices: mSocketConnectedCount 0
01-22 19:18:47.398 15573 15687 I [+0100]oneconnect[1.8.41.23_01][CORE]: BluetoothHelper.getBtDevice - deviceBt ($)-B(10)
01-22 19:18:47.398  2814  2814 D PanelSplitOpenAnimator: setOverScrollAmount : 51.0
01-22 19:18:47.398  2814  2814 W RefactorFlag: New code path expects SceneContainerFlag to be enabled.
01-22 19:18:47.399  2814  2814 W RefactorFlag: New code path expects SceneContainerFlag to be enabled.
01-22 19:18:47.399 28652 32339 I BluetoothRemoteDevices: isSsDualBuds XX:XX:XX:XX:E5:EF, false
01-22 19:18:47.399  2814  2814 D NavBarStateManager: NavBarStates(0) canUseNavBarBackgroundFrame: false
01-22 19:18:47.400 15573 15687 I [+0100]oneconnect[1.8.41.23_01][CORE]: BluetoothHelperUtil.getManufacturerData -  - ($)
01-22 19:18:47.400 15573 15687 I [+0100]oneconnect[1.8.41.23_01][CORE]: BluetoothHelper.getBtDevice - isConnected:false
01-22 19:18:47.405 15573 15687 I [+0100]oneconnect[1.8.41.23_01][CORE]: BluetoothHelper.setDeviceTypeAndIconForExceptedDevices - devicename: ($)-B(10)
01-22 19:18:47.405 15573 15687 I [+0100]oneconnect[1.8.41.23_01][CORE]: ExcludeDiscoveryEventManager.isExcludeDeviceStateBtEvent -  name: ($)-B(10) | macAddress: ($)00:09
01-22 19:18:47.407 15573 15687 I BluetoothHeadset: getConnectionState() in if statement
01-22 19:18:47.407  2814  2814 D PanelSplitOpenAnimator: setOverScrollAmount : 48.0
01-22 19:18:47.407  2814  2814 W RefactorFlag: New code path expects SceneContainerFlag to be enabled.
01-22 19:18:47.407  2814  2814 W RefactorFlag: New code path expects SceneContainerFlag to be enabled.
01-22 19:18:47.411 15573 15687 I [+0100]oneconnect[1.8.41.23_01][CORE]: BluetoothHelperUtil.getManufacturerData -  - ($)
01-22 19:18:47.412 15573 15687 I [+0100]oneconnect[1.8.41.23_01][CORE]: BluetoothHelperUtil.getManufacturerData -  - ($)
01-22 19:18:47.412 15573 15687 I [+0100]oneconnect[1.8.41.23_01][CORE]: BluetoothHelperUtil.getManufacturerData -  - ($)
01-22 19:18:47.413 15573 15687 I [+0100]oneconnect[1.8.41.23_01][CORE]: BluetoothHelperUtil.getManufacturerData -  - ($)
01-22 19:18:47.413 28652 32339 E BluetoothRemoteDevices: mSocketConnectedCount 0
01-22 19:18:47.413 15573 15687 I [+0100]oneconnect[1.8.41.23_01][CORE]: BluetoothHelper.getBtDevice - deviceBt ($)-B(9)
01-22 19:18:47.415 28652 32339 I BluetoothRemoteDevices: isSsDualBuds XX:XX:XX:XX:D3:59, false
01-22 19:18:47.415  2814  2814 D PanelSplitOpenAnimator: setOverScrollAmount : 44.0
01-22 19:18:47.415  2814  2814 W RefactorFlag: New code path expects SceneContainerFlag to be enabled.
01-22 19:18:47.415 15573 15687 I [+0100]oneconnect[1.8.41.23_01][CORE]: BluetoothHelperUtil.getManufacturerData -  - ($)
01-22 19:18:47.415 15573 15687 I [+0100]oneconnect[1.8.41.23_01][CORE]: BluetoothHelper.getBtDevice - isConnected:false
01-22 19:18:47.415  2814  2814 W RefactorFlag: New code path expects SceneContainerFlag to be enabled.
01-22 19:18:47.420 15573 15687 I [+0100]oneconnect[1.8.41.23_01][CORE]: BluetoothHelper.setDeviceTypeAndIconForExceptedDevices - devicename: ($)-B(9)
01-22 19:18:47.420 15573 15687 I [+0100]oneconnect[1.8.41.23_01][CORE]: ExcludeDiscoveryEventManager.isExcludeDeviceStateBtEvent -  name: ($)-B(9) | macAddress: ($)AE:2F
01-22 19:18:47.421 15573 15687 I BluetoothHeadset: getConnectionState() in if statement
01-22 19:18:47.423  2814  2814 D PanelSplitOpenAnimator: setOverScrollAmount : 40.0
01-22 19:18:47.424  2814  2814 W RefactorFlag: New code path expects SceneContainerFlag to be enabled.
01-22 19:18:47.424  2814  2814 W RefactorFlag: New code path expects SceneContainerFlag to be enabled.
01-22 19:18:47.425 15573 15687 I [+0100]oneconnect[1.8.41.23_01][CORE]: BluetoothHelperUtil.getManufacturerData -  - ($)
01-22 19:18:47.425 15573 15687 I [+0100]oneconnect[1.8.41.23_01][CORE]: DeviceSupportManager.isBudsPro -  isBudsProDevice: false
01-22 19:18:47.426 15573 15687 I [+0100]oneconnect[1.8.41.23_01][CORE]: BluetoothHelperUtil.getManufacturerData -  - ($)
01-22 19:18:47.427 15573 15687 I [+0100]oneconnect[1.8.41.23_01][CORE]: BluetoothHelperUtil.getManufacturerData -  - ($)
01-22 19:18:47.427 15573 15687 I [+0100]oneconnect[1.8.41.23_01][CORE]: BluetoothHelper.getBtDevice - deviceBt ($)-B(22)
01-22 19:18:47.429 28652 32339 I BluetoothRemoteDevices: isSsDualBuds XX:XX:XX:XX:0E:DA, true
01-22 19:18:47.430 28652 32339 I BluetoothRemoteDevices: isSsDualBuds XX:XX:XX:XX:93:E0, true
01-22 19:18:47.430 15573 15687 I [+0100]oneconnect[1.8.41.23_01][CORE]: BluetoothHelperUtil.getManufacturerData -  - ($)
01-22 19:18:47.430 15573 15687 I [+0100]oneconnect[1.8.41.23_01][CORE]: BluetoothHelper.getBtDevice - isConnected:false
01-22 19:18:47.431 15573 15687 I [+0100]oneconnect[1.8.41.23_01][CORE]: DeviceSupportManager.isBudsPro -  isBudsProDevice: false
01-22 19:18:47.432  2814  2814 D PanelSplitOpenAnimator: setOverScrollAmount : 35.0
01-22 19:18:47.432  2814  2814 W RefactorFlag: New code path expects SceneContainerFlag to be enabled.
01-22 19:18:47.432  2814  2814 W RefactorFlag: New code path expects SceneContainerFlag to be enabled.
01-22 19:18:47.433 15573 15687 I [+0100]oneconnect[1.8.41.23_01][CORE]: BluetoothHelperUtil.getManufacturerData -  - ($)
01-22 19:18:47.433 15573 15687 I [+0100]oneconnect[1.8.41.23_01][CORE]: DeviceSupportManager.isBudsPro -  isBudsProDevice: false
01-22 19:18:47.433 15573 15687 I [+0100]oneconnect[1.8.41.23_01][CORE]: BluetoothHelperUtil.getManufacturerData -  - ($)
01-22 19:18:47.434 15573 15687 I [+0100]oneconnect[1.8.41.23_01][CORE]: BluetoothHelperUtil.getManufacturerData -  - ($)
01-22 19:18:47.439 15573 15687 I [+0100]oneconnect[1.8.41.23_01][CORE]: DeviceSupportManager.isBudsPro -  isBudsProDevice: false
01-22 19:18:47.439 15573 15687 I [+0100]oneconnect[1.8.41.23_01][CORE]: DeviceSupportManager.isBudsPro -  isBudsProDevice: false
01-22 19:18:47.439 15573 15687 I [+0100]oneconnect[1.8.41.23_01][CORE]: DeviceSupportManager.isBudsPro -  isBudsProDevice: false
01-22 19:18:47.439 15573 15687 I [+0100]oneconnect[1.8.41.23_01][CORE]: BluetoothHelper.setDeviceTypeAndIconForExceptedDevices - devicename: ($)-B(22)
01-22 19:18:47.439 15573 15687 I [+0100]oneconnect[1.8.41.23_01][CORE]: DeviceSupportManager.isBudsPro -  isBudsProDevice: false
01-22 19:18:47.440 15573 15687 I [+0100]oneconnect[1.8.41.23_01][CORE]: ExcludeDiscoveryEventManager.isExcludeDeviceStateBtEvent -  name: ($)-B(22) | macAddress: ($)34:E3
01-22 19:18:47.440 15573 15687 I [+0100]oneconnect[1.8.41.23_01][CORE]: DeviceSupportManager.isBudsPro -  isBudsProDevice: false
01-22 19:18:47.440 15573 15687 I [+0100]oneconnect[1.8.41.23_01][CORE]: BluetoothHelper.updateFindServiceInfo - ($)34:E3 is BudsPlus, BudsLive, BudsTwo, Buds3 or BudsPro
01-22 19:18:47.440  2814  2814 D PanelSplitOpenAnimator: setOverScrollAmount : 30.0
01-22 19:18:47.440  2814  2814 W RefactorFlag: New code path expects SceneContainerFlag to be enabled.
01-22 19:18:47.440  2814  2814 W RefactorFlag: New code path expects SceneContainerFlag to be enabled.
01-22 19:18:47.440 15573 15687 I [+0100]oneconnect[1.8.41.23_01][CORE]: FindServiceHelper.isFmmPackageInstalled - installed
01-22 19:18:47.443  1205  1256 I HYPER-HAL: [RequestManager.cpp]acquire(): Acquired ID : 123989098  [1213 / 184817]    HINT :      list : [TID_LOW_LATENCY / 0] [TID / 2950] [TID / 2951] [TID / 2913] [TID / 2952] 
01-22 19:18:47.443  1205  1256 I HYPER-HAL: [RequestManager.cpp]acquire(): Acquired ID : 124175130  [1213 / 184818]    HINT :      list : [UCLAMP_MIN_BOOST / 0] [TID / 2950] [TID / 2951] [TID / 2913] [TID / 2952] 
01-22 19:18:47.444  1205  1256 I HYPER-HAL: [RequestManager.cpp]releaseLocked(): Released ID : 123989098
01-22 19:18:47.444  1205  1256 I HYPER-HAL: [RequestManager.cpp]releaseLocked(): Released ID : 124175130
01-22 19:18:47.447 15573 15687 I [+0100]oneconnect[1.8.41.23_01][CORE]: FindServiceHelper.isFmeSupport - deviceSupport : true
01-22 19:18:47.447 15573 15687 I [+0100]oneconnect[1.8.41.23_01][CORE]: FindServiceHelper.isFmeSupport - globalBuild : true
01-22 19:18:47.447 15573 15687 I [+0100]oneconnect[1.8.41.23_01][CORE]: FindServiceHelper.isFmeSupport - isFmmSupport : true
01-22 19:18:47.448  2814  2814 D PanelSplitOpenAnimator: setOverScrollAmount : 25.0
01-22 19:18:47.449  2814  2814 W RefactorFlag: New code path expects SceneContainerFlag to be enabled.
01-22 19:18:47.449  2814  2814 W RefactorFlag: New code path expects SceneContainerFlag to be enabled.
01-22 19:18:47.457  2814  2814 D PanelSplitOpenAnimator: setOverScrollAmount : 21.0
01-22 19:18:47.457  2814  2814 W RefactorFlag: New code path expects SceneContainerFlag to be enabled.
01-22 19:18:47.457  2814  2814 W RefactorFlag: New code path expects SceneContainerFlag to be enabled.
01-22 19:18:47.463 28652 32339 I AdapterProperties: getBondedDevices: length=15
01-22 19:18:47.465  2814  2814 D PanelSplitOpenAnimator: setOverScrollAmount : 18.0
01-22 19:18:47.465  2814  2814 W RefactorFlag: New code path expects SceneContainerFlag to be enabled.
01-22 19:18:47.465  2814  2814 W RefactorFlag: New code path expects SceneContainerFlag to be enabled.
01-22 19:18:47.469 15573 15687 I [+0100]oneconnect[1.8.41.23_01][CORE]: BluetoothHelper.updateFindServiceInfo - supported for ($)24:24
01-22 19:18:47.471 15573 15687 I BluetoothHeadset: getConnectionState() in if statement
01-22 19:18:47.473  2814  2814 D PanelSplitOpenAnimator: setOverScrollAmount : 15.0
01-22 19:18:47.474  2814  2814 W RefactorFlag: New code path expects SceneContainerFlag to be enabled.
01-22 19:18:47.474  2814  2814 W RefactorFlag: New code path expects SceneContainerFlag to be enabled.
01-22 19:18:47.475 15573 15687 I [+0100]oneconnect[1.8.41.23_01][CORE]: BluetoothHelperUtil.getManufacturerData -  - ($)
01-22 19:18:47.475 15573 15687 I [+0100]oneconnect[1.8.41.23_01][CORE]: DeviceSupportManager.isBudsPro -  isBudsProDevice: false
01-22 19:18:47.476 15573 15687 I [+0100]oneconnect[1.8.41.23_01][CORE]: BluetoothHelperUtil.getManufacturerData -  - ($)
01-22 19:18:47.476 15573 15687 I [+0100]oneconnect[1.8.41.23_01][CORE]: BluetoothHelperUtil.getManufacturerData -  - ($)
01-22 19:18:47.476 15573 15687 I [+0100]oneconnect[1.8.41.23_01][CORE]: BluetoothHelper.getBtDevice - deviceBt ($)-B(22)
01-22 19:18:47.477 28652 32339 I BluetoothRemoteDevices: isSsDualBuds XX:XX:XX:XX:0E:DA, true
01-22 19:18:47.478 28652 32339 I BluetoothRemoteDevices: isSsDualBuds XX:XX:XX:XX:0E:DA, true
01-22 19:18:47.479 15573 15687 I [+0100]oneconnect[1.8.41.23_01][CORE]: BluetoothHelperUtil.getManufacturerData -  - ($)
01-22 19:18:47.479 15573 15687 I [+0100]oneconnect[1.8.41.23_01][CORE]: BluetoothHelper.getBtDevice - isConnected:false
01-22 19:18:47.479 15573 15687 I [+0100]oneconnect[1.8.41.23_01][CORE]: DeviceSupportManager.isBudsPro -  isBudsProDevice: false
01-22 19:18:47.481 15573 15687 I [+0100]oneconnect[1.8.41.23_01][CORE]: BluetoothHelperUtil.getManufacturerData -  - ($)
01-22 19:18:47.481 15573 15687 I [+0100]oneconnect[1.8.41.23_01][CORE]: DeviceSupportManager.isBudsPro -  isBudsProDevice: false
01-22 19:18:47.482  2814  2814 D PanelSplitOpenAnimator: setOverScrollAmount : 12.0
01-22 19:18:47.482 15573 15687 I [+0100]oneconnect[1.8.41.23_01][CORE]: BluetoothHelperUtil.getManufacturerData -  - ($)
01-22 19:18:47.482  2814  2814 W RefactorFlag: New code path expects SceneContainerFlag to be enabled.
01-22 19:18:47.482  2814  2814 W RefactorFlag: New code path expects SceneContainerFlag to be enabled.
01-22 19:18:47.482 15573 15687 I [+0100]oneconnect[1.8.41.23_01][CORE]: BluetoothHelperUtil.getManufacturerData -  - ($)
01-22 19:18:47.486 15573 15687 I [+0100]oneconnect[1.8.41.23_01][CORE]: DeviceSupportManager.isBudsPro -  isBudsProDevice: false
01-22 19:18:47.486 15573 15687 I [+0100]oneconnect[1.8.41.23_01][CORE]: DeviceSupportManager.isBudsPro -  isBudsProDevice: false
01-22 19:18:47.486 15573 15687 I [+0100]oneconnect[1.8.41.23_01][CORE]: DeviceSupportManager.isBudsPro -  isBudsProDevice: false
01-22 19:18:47.490 15573 15687 I [+0100]oneconnect[1.8.41.23_01][CORE]: BluetoothHelper.setDeviceTypeAndIconForExceptedDevices - devicename: ($)-B(22)
01-22 19:18:47.490 15573 15687 I [+0100]oneconnect[1.8.41.23_01][CORE]: DeviceSupportManager.isBudsPro -  isBudsProDevice: false
01-22 19:18:47.490 15573 15687 I [+0100]oneconnect[1.8.41.23_01][CORE]: DeviceSupportManager.isBudsPro -  isBudsProDevice: false
01-22 19:18:47.490  2814  2814 D PanelSplitOpenAnimator: setOverScrollAmount : 10.0
01-22 19:18:47.490 15573 15687 I [+0100]oneconnect[1.8.41.23_01][CORE]: ExcludeDiscoveryEventManager.isExcludeDeviceStateBtEvent -  name: ($)-B(22) | macAddress: ($)24:24
01-22 19:18:47.490 15573 15687 I [+0100]oneconnect[1.8.41.23_01][CORE]: DeviceSupportManager.isBudsPro -  isBudsProDevice: false
01-22 19:18:47.490 15573 15687 I [+0100]oneconnect[1.8.41.23_01][CORE]: BluetoothHelper.updateFindServiceInfo - ($)24:24 is BudsPlus, BudsLive, BudsTwo, Buds3 or BudsPro
01-22 19:18:47.490 15573 15687 I [+0100]oneconnect[1.8.41.23_01][CORE]: FindServiceHelper.isFmmPackageInstalled - installed
01-22 19:18:47.490  2814  2814 W RefactorFlag: New code path expects SceneContainerFlag to be enabled.
01-22 19:18:47.490  2814  2814 W RefactorFlag: New code path expects SceneContainerFlag to be enabled.
01-22 19:18:47.493 15573 15687 I [+0100]oneconnect[1.8.41.23_01][CORE]: FindServiceHelper.isFmeSupport - deviceSupport : true
01-22 19:18:47.493 15573 15687 I [+0100]oneconnect[1.8.41.23_01][CORE]: FindServiceHelper.isFmeSupport - globalBuild : true
01-22 19:18:47.493 15573 15687 I [+0100]oneconnect[1.8.41.23_01][CORE]: FindServiceHelper.isFmeSupport - isFmmSupport : true
01-22 19:18:47.498  2814  2814 D PanelSplitOpenAnimator: setOverScrollAmount : 8.0
01-22 19:18:47.499  2814  2814 W RefactorFlag: New code path expects SceneContainerFlag to be enabled.
01-22 19:18:47.499  2814  2814 W RefactorFlag: New code path expects SceneContainerFlag to be enabled.
01-22 19:18:47.502 28652 32339 I AdapterProperties: getBondedDevices: length=15
01-22 19:18:47.506 15573 15687 I [+0100]oneconnect[1.8.41.23_01][CORE]: BluetoothHelper.updateFindServiceInfo - supported for ($)24:24
01-22 19:18:47.507  2814  2814 D PanelSplitOpenAnimator: setOverScrollAmount : 6.0
01-22 19:18:47.507  2814  2814 W RefactorFlag: New code path expects SceneContainerFlag to be enabled.
01-22 19:18:47.507  2814  2814 W RefactorFlag: New code path expects SceneContainerFlag to be enabled.
01-22 19:18:47.508 15573 15687 I BluetoothHeadset: getConnectionState() in if statement
01-22 19:18:47.509 15573 15687 I [+0100]oneconnect[1.8.41.23_01][CORE]: BluetoothActionHelper.isConnected - ($)CC:F8 mHeadset connected
01-22 19:18:47.509 15573 15687 I [+0100]oneconnect[1.8.41.23_01][CORE]: BluetoothHelper.getBtDevice - deviceBt ($)-G(24)
01-22 19:18:47.510 28652 29634 I BluetoothRemoteDevices: isSsDualBuds XX:XX:XX:XX:1C:B9, false
01-22 19:18:47.511 15573 15687 I [+0100]oneconnect[1.8.41.23_01][CORE]: BluetoothHelperUtil.getManufacturerData -  - ($)
01-22 19:18:47.511 15573 15687 I [+0100]oneconnect[1.8.41.23_01][CORE]: BluetoothHelper.getBtDevice - isConnected:true
01-22 19:18:47.513 28652 29634 E BluetoothRemoteDevices: mSocketConnectedCount 3
01-22 19:18:47.513 15573 15687 I [+0100]oneconnect[1.8.41.23_01][CORE]: BluetoothHelper.getBtDevice - BtGear:true
01-22 19:18:47.515  2814  2814 D PanelSplitOpenAnimator: setOverScrollAmount : 5.0
01-22 19:18:47.515  2814  2814 W RefactorFlag: New code path expects SceneContainerFlag to be enabled.
01-22 19:18:47.515  2814  2814 W RefactorFlag: New code path expects SceneContainerFlag to be enabled.
01-22 19:18:47.517 15573 15687 I [+0100]oneconnect[1.8.41.23_01][CORE]: DeviceSupportManager.isBudsPro -  isBudsProDevice: false
01-22 19:18:47.517 15573 15687 I [+0100]oneconnect[1.8.41.23_01][CORE]: DeviceSupportManager.isGearWatch -  is Galaxy Watch4: false
01-22 19:18:47.517 15573 15687 I [+0100]oneconnect[1.8.41.23_01][CORE]: DeviceSupportManager.isBudsPro -  isBudsProDevice: false
01-22 19:18:47.517 15573 15687 I [+0100]oneconnect[1.8.41.23_01][CORE]: BluetoothHelper.setDeviceTypeAndIconForExceptedDevices - devicename: ($)-G(24)
01-22 19:18:47.517 15573 15687 I [+0100]oneconnect[1.8.41.23_01][CORE]: DeviceSupportManager.isBudsPro -  isBudsProDevice: false
01-22 19:18:47.517 15573 15687 I [+0100]oneconnect[1.8.41.23_01][CORE]: ExcludeDiscoveryEventManager.isExcludeDeviceStateBtEvent -  name: ($)-G(24) | macAddress: ($)CC:F8
01-22 19:18:47.517 15573 15687 I [+0100]oneconnect[1.8.41.23_01][CORE]: DeviceSupportManager.isBudsPro -  isBudsProDevice: false
01-22 19:18:47.518 15573 24658 I BluetoothHeadset: getConnectionState() in if statement
01-22 19:18:47.519 15573 15687 I BluetoothHeadset: getConnectionState() in if statement
01-22 19:18:47.519 15573 24658 I BluetoothHeadset: semGetHeadsetSetting(XX:XX:XX:XX:1C:B9,2) by 15573 @ com.samsung.android.oneconnect
01-22 19:18:47.520 28652 28660 I BluetoothRemoteDevices: getBatteryLevel : -1 from HFP
01-22 19:18:47.520 15573 24658 I BluetoothHeadset: semGetHeadsetSetting(XX:XX:XX:XX:1C:B9,2) : -1
01-22 19:18:47.522 28652 32339 E BluetoothRemoteDevices: mSocketConnectedCount 0
01-22 19:18:47.522 15573 15687 I [+0100]oneconnect[1.8.41.23_01][CORE]: BluetoothHelper.getBtDevice - deviceBt ($)-#(7)
01-22 19:18:47.523  2814  2814 D PanelSplitOpenAnimator: setOverScrollAmount : 4.0
01-22 19:18:47.523 28652 32339 I BluetoothRemoteDevices: isSsDualBuds XX:XX:XX:XX:32:97, false
01-22 19:18:47.524  2814  2814 W RefactorFlag: New code path expects SceneContainerFlag to be enabled.
01-22 19:18:47.524  2814  2814 W RefactorFlag: New code path expects SceneContainerFlag to be enabled.
01-22 19:18:47.524 15573 15687 I [+0100]oneconnect[1.8.41.23_01][CORE]: BluetoothHelperUtil.getManufacturerData -  - ($)
01-22 19:18:47.524 15573 15687 I [+0100]oneconnect[1.8.41.23_01][CORE]: BluetoothHelper.getBtDevice - isConnected:false
01-22 19:18:47.529 15573 15687 I [+0100]oneconnect[1.8.41.23_01][CORE]: BluetoothHelper.setDeviceTypeAndIconForExceptedDevices - devicename: ($)-#(7)
01-22 19:18:47.529 15573 15687 I [+0100]oneconnect[1.8.41.23_01][CORE]: ExcludeDiscoveryEventManager.isExcludeDeviceStateBtEvent -  name: ($)-#(7) | macAddress: ($)34:81
01-22 19:18:47.530 15573 15687 I BluetoothHeadset: getConnectionState() in if statement
01-22 19:18:47.532  2814  2814 D PanelSplitOpenAnimator: setOverScrollAmount : 3.0
01-22 19:18:47.532  2814  2814 W RefactorFlag: New code path expects SceneContainerFlag to be enabled.
01-22 19:18:47.532  2814  2814 W RefactorFlag: New code path expects SceneContainerFlag to be enabled.
01-22 19:18:47.533 28652 32339 E BluetoothRemoteDevices: mSocketConnectedCount 0
01-22 19:18:47.533 15573 15687 I [+0100]oneconnect[1.8.41.23_01][CORE]: BluetoothHelper.getBtDevice - deviceBt ($)-S(13)
01-22 19:18:47.535 28652 32339 I BluetoothRemoteDevices: isSsDualBuds XX:XX:XX:XX:3B:98, false
01-22 19:18:47.535 15573 15687 I [+0100]oneconnect[1.8.41.23_01][CORE]: BluetoothHelperUtil.getManufacturerData -  - ($)
01-22 19:18:47.535 15573 15687 I [+0100]oneconnect[1.8.41.23_01][CORE]: BluetoothHelper.getBtDevice - isConnected:false
01-22 19:18:47.540  2814  2814 D PanelSplitOpenAnimator: setOverScrollAmount : 2.0
01-22 19:18:47.540  2814  2814 W RefactorFlag: New code path expects SceneContainerFlag to be enabled.
01-22 19:18:47.540  2814  2814 W RefactorFlag: New code path expects SceneContainerFlag to be enabled.
01-22 19:18:47.540 15573 15687 I [+0100]oneconnect[1.8.41.23_01][CORE]: BluetoothHelper.setDeviceTypeAndIconForExceptedDevices - devicename: ($)-S(13)
01-22 19:18:47.541 15573 15687 I [+0100]oneconnect[1.8.41.23_01][CORE]: ExcludeDiscoveryEventManager.isExcludeDeviceStateBtEvent -  name: ($)-S(13) | macAddress: ($)D4:5B
01-22 19:18:47.542 15573 15687 I BluetoothHeadset: getConnectionState() in if statement
01-22 19:18:47.545 15573 15687 I [+0100]oneconnect[1.8.41.23_01][CORE]: BluetoothHelper.getBtDevice - deviceBt ($)-G(19)
01-22 19:18:47.546 28652 28660 I BluetoothRemoteDevices: isSsDualBuds XX:XX:XX:XX:EB:0F, false
01-22 19:18:47.547 15573 15687 I [+0100]oneconnect[1.8.41.23_01][CORE]: BluetoothHelperUtil.getManufacturerData -  - ($)
01-22 19:18:47.547 15573 15687 I [+0100]oneconnect[1.8.41.23_01][CORE]: BluetoothHelper.getBtDevice - isConnected:false
01-22 19:18:47.548  2814  2814 D PanelSplitOpenAnimator: setOverScrollAmount : 1.0
01-22 19:18:47.549  2814  2814 W RefactorFlag: New code path expects SceneContainerFlag to be enabled.
01-22 19:18:47.549  2814  2814 W RefactorFlag: New code path expects SceneContainerFlag to be enabled.
01-22 19:18:47.553 15573 15687 I [+0100]oneconnect[1.8.41.23_01][CORE]: DeviceSupportManager.isBudsPro -  isBudsProDevice: false
01-22 19:18:47.553 15573 15687 I [+0100]oneconnect[1.8.41.23_01][CORE]: DeviceSupportManager.isGearWatch -  is Galaxy Watch4: false
01-22 19:18:47.554 15573 15687 I [+0100]oneconnect[1.8.41.23_01][CORE]: BluetoothHelper.setDeviceTypeAndIconForExceptedDevices - devicename: ($)-G(19)
01-22 19:18:47.554 15573 15687 I [+0100]oneconnect[1.8.41.23_01][CORE]: DeviceSupportManager.isBudsPro -  isBudsProDevice: false
01-22 19:18:47.554 15573 15687 I [+0100]oneconnect[1.8.41.23_01][CORE]: DeviceSupportManager.isBudsPro -  isBudsProDevice: false
01-22 19:18:47.555 15573 15687 I [+0100]oneconnect[1.8.41.23_01][CORE]: ExcludeDiscoveryEventManager.isExcludeDeviceStateBtEvent -  name: ($)-G(19) | macAddress: ($)B4:CE
01-22 19:18:47.555 15573 15687 I [+0100]oneconnect[1.8.41.23_01][CORE]: BluetoothHelper.updateFindServiceInfo - ($)B4:CE is BudsPlus, BudsLive, BudsTwo, Buds3 or BudsPro
01-22 19:18:47.555 15573 15687 I [+0100]oneconnect[1.8.41.23_01][CORE]: FindServiceHelper.isFmmPackageInstalled - installed
01-22 19:18:47.557  2814  2814 D PanelSplitOpenAnimator: setOverScrollAmount : 1.0
01-22 19:18:47.557  2814  2814 W RefactorFlag: New code path expects SceneContainerFlag to be enabled.
01-22 19:18:47.557  2814  2814 W RefactorFlag: New code path expects SceneContainerFlag to be enabled.
01-22 19:18:47.557 15573 15687 I [+0100]oneconnect[1.8.41.23_01][CORE]: FindServiceHelper.isFmeSupport - deviceSupport : true
01-22 19:18:47.557 15573 15687 I [+0100]oneconnect[1.8.41.23_01][CORE]: FindServiceHelper.isFmeSupport - globalBuild : true
01-22 19:18:47.557 15573 15687 I [+0100]oneconnect[1.8.41.23_01][CORE]: FindServiceHelper.isFmeSupport - isFmmSupport : true
01-22 19:18:47.565  2814  2814 D PanelSplitOpenAnimator: setOverScrollAmount : 0.0
01-22 19:18:47.565  2814  2814 W RefactorFlag: New code path expects SceneContainerFlag to be enabled.
01-22 19:18:47.566  2814  2814 W RefactorFlag: New code path expects SceneContainerFlag to be enabled.
01-22 19:18:47.567 28652 28660 I AdapterProperties: getBondedDevices: length=15
01-22 19:18:47.573  2814  2814 D PanelSplitOpenAnimator: setOverScrollAmount : 0.0
01-22 19:18:47.574  2814  2814 W RefactorFlag: New code path expects SceneContainerFlag to be enabled.
01-22 19:18:47.574 15573 15687 I [+0100]oneconnect[1.8.41.23_01][CORE]: BluetoothHelper.updateFindServiceInfo - supported for ($)B4:CE
01-22 19:18:47.575  2814  2814 W RefactorFlag: New code path expects SceneContainerFlag to be enabled.
01-22 19:18:47.576 15573 15687 I BluetoothHeadset: getConnectionState() in if statement
01-22 19:18:47.580 15573 15687 I [+0100]oneconnect[1.8.41.23_01][CORE]: BluetoothHelperUtil.getManufacturerData -  - ($)
01-22 19:18:47.580 15573 15687 I [+0100]oneconnect[1.8.41.23_01][CORE]: BluetoothHelperUtil.getManufacturerData -  - ($)
01-22 19:18:47.581 15573 15687 I [+0100]oneconnect[1.8.41.23_01][CORE]: BluetoothHelperUtil.getManufacturerData -  - ($)
01-22 19:18:47.581 15573 15687 I [+0100]oneconnect[1.8.41.23_01][CORE]: BluetoothHelperUtil.getManufacturerData -  - ($)
01-22 19:18:47.582 28652 28660 E BluetoothRemoteDevices: mSocketConnectedCount 0
01-22 19:18:47.582  2814  2814 D PanelSplitOpenAnimator: setOverScrollAmount : 0.0
01-22 19:18:47.582 15573 15687 I [+0100]oneconnect[1.8.41.23_01][CORE]: BluetoothHelper.getBtDevice - deviceBt ($)-B(9)
01-22 19:18:47.582  2814  2814 W RefactorFlag: New code path expects SceneContainerFlag to be enabled.
01-22 19:18:47.582  2814  2814 W RefactorFlag: New code path expects SceneContainerFlag to be enabled.
01-22 19:18:47.583 28652 28660 I BluetoothRemoteDevices: isSsDualBuds XX:XX:XX:XX:25:C7, false
01-22 19:18:47.584 15573 15687 I [+0100]oneconnect[1.8.41.23_01][CORE]: BluetoothHelperUtil.getManufacturerData -  - ($)
01-22 19:18:47.584 15573 15687 I [+0100]oneconnect[1.8.41.23_01][CORE]: BluetoothHelper.getBtDevice - isConnected:false
01-22 19:18:47.589 15573 15687 I [+0100]oneconnect[1.8.41.23_01][CORE]: BluetoothHelper.setDeviceTypeAndIconForExceptedDevices - devicename: ($)-B(9)
01-22 19:18:47.589 15573 15687 I [+0100]oneconnect[1.8.41.23_01][CORE]: ExcludeDiscoveryEventManager.isExcludeDeviceStateBtEvent -  name: ($)-B(9) | macAddress: ($)4B:5E
01-22 19:18:47.590 15573 15687 I BluetoothHeadset: getConnectionState() in if statement
01-22 19:18:47.590  2814  2814 D PanelSplitOpenAnimator: setOverScrollAmount : 0.0
01-22 19:18:47.590  2814  2814 W RefactorFlag: New code path expects SceneContainerFlag to be enabled.
01-22 19:18:47.591  1559  2656 D BackgroundInstallControlService: Package event received: 0
01-22 19:18:47.591 17353  7641 D BluetoothLeAdvertiser: Stop AdvertingSet
01-22 19:18:47.591  1559  2656 D BackgroundInstallControlService: Package event received: 0
01-22 19:18:47.592  2814  2814 W RefactorFlag: New code path expects SceneContainerFlag to be enabled.
01-22 19:18:47.592 28652 28917 W BtGatt.AdvertiseManager: stopAdvertisingSet() - Enter the mNativeInterface
01-22 19:18:47.592 28652 28917 I bt_shim_advertiser: system/main/shim/le_advertising_manager.cc:80 Unregister: in shim layer
01-22 19:18:47.592 28652 28990 I bluetooth_core::gatt::server::isolation_manager: removing server (if any) associated with advertiser AdvertiserId(1)
01-22 19:18:47.592 28652 28686 W bluetooth: system/gd/hci/le_advertising_manager.cc:443 remove_advertiser: advertiser_id =1
01-22 19:18:47.593 28652 28917 E BtGatt.AdvertiseManager: [GSIM LOG]: gsimLogHandler, msg: MESSAGE_ADV_SET_STOP, appName: com.google.android.gms, id: 1, isLegacy: true
01-22 19:18:47.593 17353 17353 D BluetoothLeAdvertiser: onAdvertisingSetStopped(1)
01-22 19:18:47.594 15573 15687 I [+0100]oneconnect[1.8.41.23_01][CORE]: BluetoothHelperUtil.getManufacturerData -  - ($)
01-22 19:18:47.595 15573 15687 I [+0100]oneconnect[1.8.41.23_01][CORE]: BluetoothHelperUtil.getManufacturerData -  - ($)
01-22 19:18:47.595 15573 15687 I [+0100]oneconnect[1.8.41.23_01][CORE]: BluetoothHelperUtil.getManufacturerData -  - ($)
01-22 19:18:47.596 15573 15687 I [+0100]oneconnect[1.8.41.23_01][CORE]: BluetoothHelperUtil.getManufacturerData -  - ($)
01-22 19:18:47.596 28652 28660 E BluetoothRemoteDevices: mSocketConnectedCount 0
01-22 19:18:47.597 15573 15687 I [+0100]oneconnect[1.8.41.23_01][CORE]: BluetoothHelper.getBtDevice - deviceBt ($)-J(8)
01-22 19:18:47.598 28652 28660 I BluetoothRemoteDevices: isSsDualBuds XX:XX:XX:XX:FA:1A, false
01-22 19:18:47.599  2814  2814 D PanelSplitOpenAnimator: setOverScrollAmount : 0.0
01-22 19:18:47.599  2814  2814 W RefactorFlag: New code path expects SceneContainerFlag to be enabled.
01-22 19:18:47.599 15573 15687 I [+0100]oneconnect[1.8.41.23_01][CORE]: BluetoothHelperUtil.getManufacturerData -  - ($)
01-22 19:18:47.599 15573 15687 I [+0100]oneconnect[1.8.41.23_01][CORE]: BluetoothHelper.getBtDevice - isConnected:false
01-22 19:18:47.599  2814  2814 W RefactorFlag: New code path expects SceneContainerFlag to be enabled.
01-22 19:18:47.605 15573 15687 I [+0100]oneconnect[1.8.41.23_01][CORE]: BluetoothHelper.setDeviceTypeAndIconForExceptedDevices - devicename: ($)-J(8)
01-22 19:18:47.605 15573 15687 I [+0100]oneconnect[1.8.41.23_01][CORE]: ExcludeDiscoveryEventManager.isExcludeDeviceStateBtEvent -  name: ($)-J(8) | macAddress: ($)00:08
01-22 19:18:47.606 15573 15687 I BluetoothHeadset: getConnectionState() in if statement
01-22 19:18:47.607  2814  2814 D PanelSplitOpenAnimator: setOverScrollAmount : 0.0
01-22 19:18:47.607  2814  2814 D NotificationPanelView: -1|com.android.systemui|2131364006|charging_state|10056 isReaded = true
01-22 19:18:47.607  2814  2814 D NotificationPanelView: 0|com.bumble.app|1|SINGLE_MESSAGES-2291966350|10461 isReaded = true
01-22 19:18:47.608  2814  2814 D CentralSurfaces: onPanelExpansionChanged: lightReveal amount=1.0
01-22 19:18:47.609  2814  2927 D Tile.CustomTile: handleSetListening  true  initialized=true  isTileReady=true  getTileSpec() = custom(com.samsung.android.mydevice/.quicksettings.MyDeviceTileService)
01-22 19:18:47.609  2814  2814 D PanelSplitOpenAnimator: onPanelExpansionChanged : 1.0 state : 0
01-22 19:18:47.609  2814  2814 D PanelSplitOpenAnimator: setPosition : 1.0 // true false false 0.0
01-22 19:18:47.609  2814  2927 D Tile.CustomTile: handleSetListening  true  initialized=true  isTileReady=true  getTileSpec() = custom(com.samsung.android.smartmirroring/.tile.SmartMirroringTile)
01-22 19:18:47.610  2814  2927 D Tile.CustomTile: handleSetListening  true  initialized=true  isTileReady=true  getTileSpec() = custom(com.samsung.android.app.routines/.LifestyleModeTile)
01-22 19:18:47.610 28652 28660 E BluetoothRemoteDevices: mSocketConnectedCount 0
01-22 19:18:47.610  2814  2814 I NowBarCardViewModel: setVisibility visible = 4 / nowBarRootVisibility = 4
01-22 19:18:47.610  2814  2814 D QuickPanelLog: NPVC | updateExpansionAndVisibility: mExpandedFraction: 1.0, mInstantExpanding: false, isPanelVisibleBecauseOfHeadsUp: false, isTracking(): false, mIsSpringBackAnimation: false, isExpanded: true, isFullyExpanded: true, isFullyCollapsed: false, mHeightAnimator is null: true
01-22 19:18:47.610  2814  2814 D QuickPanelLog:  - com.android.systemui.shade.NotificationPanelViewController.updateExpansionAndVisibility:350
01-22 19:18:47.610  2814  2814 D QuickPanelLog:  - com.android.systemui.shade.NotificationPanelViewController.onFlingEnd:129
01-22 19:18:47.610  2814  2814 D QuickPanelLog:  - com.android.systemui.shade.NotificationPanelViewController$16.onAnimationEnd:8
01-22 19:18:47.610  2814  2814 D QuickPanelLog:  - android.animation.Animator$AnimatorListener.onAnimationEnd:784
01-22 19:18:47.610  2814  2814 D QuickPanelLog:  - android.animation.Animator$AnimatorCaller$$ExternalSyntheticLambda1.call:0
01-22 19:18:47.610  2814  2814 D QuickPanelLog:  - android.animation.Animator.callOnList:742
01-22 19:18:47.610  2814  2814 D QuickPanelLog:  - android.animation.Animator.notifyListeners:640
01-22 19:18:47.610  2814  2814 D QuickPanelLog:  - android.animation.Animator.notifyEndListeners:665
01-22 19:18:47.610  2814  2814 D QuickPanelLog:  - android.animation.Animator.completeEndAnimation:708
01-22 19:18:47.610  2814  2814 D QuickPanelLog:  - android.animation.ValueAnimator.completeEndAnimation:1331
01-22 19:18:47.610  2814  2814 W RefactorFlag: New code path expects SceneContainerFlag to be enabled.
01-22 19:18:47.611  2814  2814 W RefactorFlag: New code path expects SceneContainerFlag to be enabled.
01-22 19:18:47.611 15573 15687 I [+0100]oneconnect[1.8.41.23_01][CORE]: BluetoothHelper.getBtDevice - deviceBt ($)-D(9)
01-22 19:18:47.612 28652 28660 I BluetoothRemoteDevices: isSsDualBuds XX:XX:XX:XX:B0:A1, false
01-22 19:18:47.613 15573 15687 I [+0100]oneconnect[1.8.41.23_01][CORE]: BluetoothHelperUtil.getManufacturerData -  - ($)
01-22 19:18:47.613 15573 15687 I [+0100]oneconnect[1.8.41.23_01][CORE]: BluetoothHelper.getBtDevice - isConnected:false
01-22 19:18:47.614  2814  2927 D Tile.SecDeviceControlsTile: handleUpdateState appName = SmartThings
01-22 19:18:47.615  1248  1248 I SurfaceFlinger: Layer [NotificationShade$_2814#497754] eDisableSuperHdr flag(1)
01-22 19:18:47.616  2814  2814 D SubscreenNotificationListCoordinator: onAfterRenderList() isSubScreen = false, pluginLockMode = 0, doNotShowOnCover = false
01-22 19:18:47.616  1248  1248 D SurfaceFlinger: GPIS:: requestGpisForClientComposition
01-22 19:18:47.617  2814  2814 D SecQSCommonTileView: handleStateChanged state.spec = custom(com.samsung.android.mydevice/.quicksettings.MyDeviceTileService), parent = LargeTileView{@3fa7acc, #7f0a0df0, app:id/tile_label V, label = @3fa7acc, #7f0a0df0, app:id/tile_label V, iconFrame = @8d8a115 V, icon = @8f2c2a V, common = @ee6ca1b}, labelContainer = @4b7c2f4, #7f0a0661, app:id/label_group V, label = @3fa7acc, #7f0a0df0, app:id/tile_label V, iconFrame = @8d8a115 V, icon = @8f2c2a V, common = @ee6ca1b
01-22 19:18:47.618  2814  2814 D SecQSCommonTileView: handleStateChanged state.spec = custom(com.samsung.android.smartmirroring/.tile.SmartMirroringTile), parent = LargeTileView{@ac8c0d4, #7f0a0df0, app:id/tile_label V, label = @ac8c0d4, #7f0a0df0, app:id/tile_label V, iconFrame = @a32e27d V, icon = @25ab572 V, common = @c142dc3}, labelContainer = @da5c0e1, #7f0a0661, app:id/label_group V, label = @ac8c0d4, #7f0a0df0, app:id/tile_label V, iconFrame = @a32e27d V, icon = @25ab572 V, common = @c142dc3
01-22 19:18:47.618  2814  2814 D SecQSCommonTileView: handleStateChanged state.spec = custom(com.samsung.android.app.routines/.LifestyleModeTile), parent = LargeTileView{@25b1640, #7f0a0df0, app:id/tile_label V, label = @25b1640, #7f0a0df0, app:id/tile_label V, iconFrame = @7102979 V, icon = @b1ab6be V, common = @301e31f}, labelContainer = @f5dde06, #7f0a0661, app:id/label_group V, label = @25b1640, #7f0a0df0, app:id/tile_label V, iconFrame = @7102979 V, icon = @b1ab6be V, common = @301e31f
01-22 19:18:47.618  2814  2814 D SecQSCommonTileView: handleStateChanged state.spec = custom(com.samsung.android.mydevice/.quicksettings.MyDeviceTileService), parent = LargeTileView{@3fa7acc, #7f0a0df0, app:id/tile_label V, label = @3fa7acc, #7f0a0df0, app:id/tile_label V, iconFrame = @8d8a115 V, icon = @8f2c2a V, common = @ee6ca1b}, labelContainer = @4b7c2f4, #7f0a0661, app:id/label_group V, label = @3fa7acc, #7f0a0df0, app:id/tile_label V, iconFrame = @8d8a115 V, icon = @8f2c2a V, common = @ee6ca1b
01-22 19:18:47.618  2814  2814 D SecQSCommonTileView: handleStateChanged state.spec = custom(com.samsung.android.smartmirroring/.tile.SmartMirroringTile), parent = LargeTileView{@ac8c0d4, #7f0a0df0, app:id/tile_label V, label = @ac8c0d4, #7f0a0df0, app:id/tile_label V, iconFrame = @a32e27d V, icon = @25ab572 V, common = @c142dc3}, labelContainer = @da5c0e1, #7f0a0661, app:id/label_group V, label = @ac8c0d4, #7f0a0df0, app:id/tile_label V, iconFrame = @a32e27d V, icon = @25ab572 V, common = @c142dc3
01-22 19:18:47.619  2814  2814 D SecQSCommonTileView: handleStateChanged state.spec = custom(com.samsung.android.app.routines/.LifestyleModeTile), parent = LargeTileView{@25b1640, #7f0a0df0, app:id/tile_label V, label = @25b1640, #7f0a0df0, app:id/tile_label V, iconFrame = @7102979 V, icon = @b1ab6be V, common = @301e31f}, labelContainer = @f5dde06, #7f0a0661, app:id/label_group V, label = @25b1640, #7f0a0df0, app:id/tile_label V, iconFrame = @7102979 V, icon = @b1ab6be V, common = @301e31f
01-22 19:18:47.619  2814  2814 I LockscreenNotificationIconsOnlyController: onNotificationInfoUpdated 0
01-22 19:18:47.619  2814  2814 I AODNotificationManager: updateNotification() 
01-22 19:18:47.619 15573 15687 I [+0100]oneconnect[1.8.41.23_01][CORE]: BluetoothHelper.setDeviceTypeAndIconForExceptedDevices - devicename: ($)-D(9)
01-22 19:18:47.619 15573 15687 I [+0100]oneconnect[1.8.41.23_01][CORE]: ExcludeDiscoveryEventManager.isExcludeDeviceStateBtEvent -  name: ($)-D(9) | macAddress: ($)44:1D
01-22 19:18:47.621 15573 15687 I BluetoothHeadset: getConnectionState() in if statement
01-22 19:18:47.624 28652 28660 E BluetoothRemoteDevices: mSocketConnectedCount 0
01-22 19:18:47.625 15573 15687 I [+0100]oneconnect[1.8.41.23_01][CORE]: BluetoothHelper.getBtDevice - deviceBt ($)-B(9)
01-22 19:18:47.626 28652 28660 I BluetoothRemoteDevices: isSsDualBuds XX:XX:XX:XX:FE:47, false
01-22 19:18:47.627 15573 15687 I [+0100]oneconnect[1.8.41.23_01][CORE]: BluetoothHelperUtil.getManufacturerData -  - ($)
01-22 19:18:47.627 15573 15687 I [+0100]oneconnect[1.8.41.23_01][CORE]: BluetoothHelper.getBtDevice - isConnected:false
01-22 19:18:47.629  1559  7865 D SemInputDeviceManager: setProperty: (0) CMD,GRIP_DATA,1,60,10,32,936
01-22 19:18:47.629  1559  7865 D TspStateManager: wrote command: cmd=1,60,10,32,936, type=1
01-22 19:18:47.629  1559  2646 D SemInputDevice:TSP: SetPropertyTask: CMD,set_grip_data,1,60,10,32,936 [01-22 19:18:47.629]
01-22 19:18:47.631 15573 15687 I [+0100]oneconnect[1.8.41.23_01][CORE]: BluetoothHelper.setDeviceTypeAndIconForExceptedDevices - devicename: ($)-B(9)
01-22 19:18:47.632 15573 15687 I [+0100]oneconnect[1.8.41.23_01][CORE]: ExcludeDiscoveryEventManager.isExcludeDeviceStateBtEvent -  name: ($)-B(9) | macAddress: ($)48:A9
01-22 19:18:47.633 15573 15687 I BluetoothHeadset: getConnectionState() in if statement
01-22 19:18:47.636 28652 28660 E BluetoothRemoteDevices: mSocketConnectedCount 0
01-22 19:18:47.636 15573 15687 I [+0100]oneconnect[1.8.41.23_01][CORE]: BluetoothHelper.getBtDevice - deviceBt ($)-N(14)
01-22 19:18:47.638 28652 28660 I BluetoothRemoteDevices: isSsDualBuds XX:XX:XX:XX:83:AC, false
01-22 19:18:47.638 15573 15687 I [+0100]oneconnect[1.8.41.23_01][CORE]: BluetoothHelperUtil.getManufacturerData -  - ($)
01-22 19:18:47.638 15573 15687 I [+0100]oneconnect[1.8.41.23_01][CORE]: BluetoothHelper.getBtDevice - isConnected:false
01-22 19:18:47.639  1230  1249 I sysinput:aidl: onReportInformation:91, 1, cmd@set_grip_data,1,60,10,32,9
01-22 19:18:47.639  1559  2646 D SysinputHAL_AIDL: setProperty(TSP(1)): CMD, set_grip_data,1,60,10,32,936 ret=0
01-22 19:18:47.639  3059  3736 D SatelliteController: isInCarrierRoamingNbIotNtn: satellite is disabled
01-22 19:18:47.639  1230  1249 I sysinput:Touch1: operator():237, OK
01-22 19:18:47.643 15573 15687 I [+0100]oneconnect[1.8.41.23_01][CORE]: BluetoothHelper.setDeviceTypeAndIconForExceptedDevices - devicename: ($)-N(14)
01-22 19:18:47.643 15573 15687 I [+0100]oneconnect[1.8.41.23_01][CORE]: ExcludeDiscoveryEventManager.isExcludeDeviceStateBtEvent -  name: ($)-N(14) | macAddress: ($)5C:FB
01-22 19:18:47.657  1242  1269 E HeatmapThread: ECT Thread time in milliseconds: 1769105927
01-22 19:18:47.659  1242  1269 D HeatmapThread: !@ batteryplugType : 2
01-22 19:18:47.659  1242  1269 D HeatmapThread: !@ batteryLevel : 98  batteryTemperature : 307 
01-22 19:18:47.659  1242  1269 D HeatmapThread: !@ Heatmap currtime: 29485098
01-22 19:18:47.659  1242  1269 D HeatmapThread: !@ Heatmap prevtime: 29485090
01-22 19:18:47.659  1242  1269 D HeatmapThread: !@ Heatmap plugstarttime: 29485075
01-22 19:18:47.659  1242  1269 D HeatmapThread: !@ Heatmap prevv_dsoh_update_time: 29485018
01-22 19:18:47.659  1242  1269 E HeatmapThread: !@ CAM New BSOH: 100
01-22 19:18:47.675   632   632 D io_stats: !@   8,0 r 343499106 6288192856 w 75245400 2102571776 d 12100963 2149363480 f 1765912 5656559 iot 44190440 0 th 0 0 0 pt 0 inp 0 0 1866886.475
01-22 19:18:47.675   632   632 D io_stats: !@ Read_top(KB): ch_zygote(7567) 105008 android.youtube(6422) 75464 2.zeiterfassung(7505) 31924
01-22 19:18:47.675   632   632 D io_stats: !@ Write_top(KB): kworker/u20:12(16320) 24368 kworker/u20:5(16313) 13792 f2fs_ckpt-254:6(685) 9892
01-22 19:18:47.778  1559  2201 D InputReader: Btn_touch(2): value=1 when=1866886.577641
01-22 19:18:47.778  1559  2201 I InputReader: Touch event's action is 0x0 (id=6, t=0) [pCnt=1, s=0.8368 ] when=1866886.577641
01-22 19:18:47.779  1559  2200 I InputDispatcher: Delivering touch to (2814): action: 0x4, f=0x0, d=0, 'bb05b8a', t=1 
01-22 19:18:47.779  1559  2200 I InputDispatcher: Delivering touch to (2814): action: 0x0, f=0x0, d=0, '35e5496', t=1 
01-22 19:18:47.779  2814  2814 I VRI[NotificationShade]@aa1a57e: ViewPostIme pointer 0
01-22 19:18:47.779  2814  2814 D NotifShadeWindowVC: [NSWVC] shouldInterceptTouchEventInternal: isFullyExpanded: true StatusBarState: 0
01-22 19:18:47.779  2814  2814 D QuickPanelLog: NPVC | onInterceptTouchEvent | ACTION_DOWN | x:766.7578, y:779.2383 |  | SHADE
01-22 19:18:47.779  2814  2814 D QuickPanelLog: QSCI | onInterceptTouchEvent | ACTION_DOWN | x:766.7578, y:779.2383 |  | SHADE
01-22 19:18:47.779  2814  2814 D KeyguardTouchAnimator: intercepted: action=0 mQsExpanded=true, mQsFullyExpanded=true
01-22 19:18:47.780  2814  2814 D KeyguardViewUtil: isInContentsArea x = 766, y = 779, rect = Rect(297, 2793 - 1143, 3011)
01-22 19:18:47.780  2814  2814 D NowBarController: isInContentsArea = false
01-22 19:18:47.780  2814  2814 I NotificationPanelView: onInterceptTouchEvent: mLockStarEnabled=false, isInLockStarContainer(event) = false, pand = false
01-22 19:18:47.780  2814  2814 D QuickPanelLog: NPVC | onInterceptTouchEvent | ACTION_DOWN | x:766.7578, y:779.2383 | return: false | SHADE | FINAL
01-22 19:18:47.780  2814  2814 D NotifShadeWindowVC: [NSWVC] shouldInterceptTouchEventInternal: return false
01-22 19:18:47.780  2814  2814 D QuickPanelLog: NSSLC | onInterceptTouchEvent | ACTION_DOWN | x:766.7578, y:779.2383 |  | SHADE
01-22 19:18:47.780  5859  5859 I SemDvfsHyPerManager: acquire hyper - TATouchBoost/5859@29, type = -999
01-22 19:18:47.780  2814  2814 I GestureDetector: obtain mCurrentDownEvent. id: 36482215 caller: android.view.ScaleGestureDetector.onTouchEvent:297 com.android.systemui.ExpandHelper.onInterceptTouchEvent:16 com.android.systemui.statusbar.notification.stack.NotificationStackScrollLayoutController$TouchHandler.onInterceptTouchEvent:161 
01-22 19:18:47.781  1559  1596 I GestureDetector: obtain mCurrentDownEvent. id: 36482215 caller: com.android.server.wm.SystemGesturesPointerEventListener.onPointerEvent:17 com.android.server.wm.PointerEventDispatcher.onInputEvent:51 android.view.InputEventReceiver.dispatchInputEvent:392 
01-22 19:18:47.781  1205  1256 I HYPER-HAL: [RequestManager.cpp]acquire(): Acquired ID : 17337245  [5859 / 29]    HINT :      list : [TABoost / 1] [TIMEOUT / 1500] 
01-22 19:18:47.781  1559  1596 I GestureDetector: obtain mCurrentDownEvent. id: 36482215 caller: com.android.server.wm.SystemPerformancePointerEventListener.onPointerEvent:13 com.android.server.wm.PointerEventDispatcher.onInputEvent:51 android.view.InputEventReceiver.dispatchInputEvent:392 
01-22 19:18:47.786  1559  1596 I GestureDetector: obtain mCurrentMotionEventRaw. action: 2 id: 2529269
01-22 19:18:47.786  1559  1596 I GestureDetector: obtain mCurrentMotionEventRaw. action: 2 id: 2529269
01-22 19:18:47.799  2814  2814 D QuickPanelLog: NSSLC | onInterceptTouchEvent | ACTION_DOWN | x:766.7578, y:779.2383 | return: false | SHADE | swipeWantsIt: false, scrollWantsIt: false, expandWantsIt: false, longPressWantsIt: false, panelSlideWantsItfalse, hunWantsIt: false
01-22 19:18:47.799  2814  2814 I VRI[NotificationShade]@aa1a57e: call setFrameRateCategory for touch hint category=high hint, reason=touch, vri=VRI[NotificationShade]@aa1a57e
01-22 19:18:47.799  2814  2814 D QuickPanelLog: NPVC | onInterceptTouchEvent | ACTION_MOVE | x:766.7578, y:779.2383 |  | SHADE
01-22 19:18:47.799  2814  2814 D QuickPanelLog: QSCI | onInterceptTouchEvent | ACTION_MOVE | x:766.7578, y:779.2383 |  | SHADE
01-22 19:18:47.799  1559  2604 D LocationManagerService: network provider registration 1000/android[GnssService]/BA69D902 finished after 1 updates
01-22 19:18:47.799  2814  2814 I NotificationPanelView: onInterceptTouchEvent: mLockStarEnabled=false, isInLockStarContainer(event) = false, pand = false
01-22 19:18:47.799  2814  2814 D QuickPanelLog: NSSLC | onInterceptTouchEvent | ACTION_MOVE | x:766.7578, y:779.2383 |  | SHADE
01-22 19:18:47.799  2814  2814 I GestureDetector: obtain mCurrentMotionEventRaw. action: 2 id: 2529269
01-22 19:18:47.800  1559  2604 I NSLocationProviderHelper: updateRemoveInfo, uid=1000
01-22 19:18:47.800  1559  2604 D LocationManagerService: network provider removed registration from 1000/android[GnssService]/BA69D902
01-22 19:18:47.800  1559  2604 D LocationManagerService: network provider request changed to ProviderRequest[@+6h0m0s0ms, LOW_POWER, WorkSource{10251 com.google.android.as}]
01-22 19:18:47.800  3466  3548 E RequestManager_FLP: [LocationManager] Location remove BA69D902 from system
01-22 19:18:47.800  1453  1478 I AIDL    : Gnss::injectLocation: Called
01-22 19:18:47.800  3466  3548 I LocationRequestData_FLP: Remove in requestInfoList, BA69D902 / ListSize[network]=1
01-22 19:18:47.800  1453  1478 I AIDL    : GNSSInjectLocation: Called
01-22 19:18:47.800  2814  2814 W RefactorFlag: New code path expects SceneContainerFlag to be enabled.
01-22 19:18:47.800  1453  1478 I AIDL    : GNSSInjectLocation: Exit
01-22 19:18:47.800  1453  1478 I AIDL    : Gnss::injectLocation: Exit
01-22 19:18:47.800  2814  2814 W RefactorFlag: New code path expects SceneContainerFlag to be enabled.
01-22 19:18:47.801  1559  3019 D SLocation: PositionManager - Passive handleLocationChanged [N, A : 100.00, T : 1769105927796, ET : 2541832822, h : 18/19]
01-22 19:18:47.801  1559  3019 D SLocation: GeofenceLocationFilter - location sent before 2002, need to filter / provider : network, accuracy : 100.0
01-22 19:18:47.801  1559  3019 D SLocation: LocationBuffer - receivedLocation - op[interval(min 60000, max 300000), waitTime 36000000, numOfUpdates 20, minDistance 200.0]dist : 0.0 diffTime : 2003 filtered Location
01-22 19:18:47.801  1559  3019 D SLocation: BatchManager - received batch location buffered = false
01-22 19:18:47.801  1559  3019 D SLocation: LastLocations - update latest location [N, A : 100.00, T : 1769105927796, ET : 2541832822, h : 18/19]
01-22 19:18:47.801  1559  3019 D SLocation: FilteredLastLocation - notify all last locations, loc : 3
01-22 19:18:47.801  1559  3019 D SLocation: SingleReceiver - handleLocation network 100.0
01-22 19:18:47.801  1559  3019 D SLocation: SingleReceiver - handleLocation saved 50 / 100.0 / false
01-22 19:18:47.804  1559  2921 D SemContextService: lock : requestToUpdate
01-22 19:18:47.804  1559  2921 W CAE     : setCAProperty(ContextAwareService.java:509) - [setProperty 01] Mutex is locked for CH_LOC_TRIGGER
01-22 19:18:47.805  1559  2564 D SensorService: setSContextDataLocked ints length 2 , byte length 4
01-22 19:18:47.805  1559  2564 D SensorService: setSContextDataLocked 3db8
01-22 19:18:47.805  1195  1195 I SensorsHub: SContextSensor::injecet_sensor_data
01-22 19:18:47.805  1195  1195 D SensorsHub: b8 3d 00 00  
01-22 19:18:47.805  1195  1195 D SensorsHub: inject_scontext_data: New ssp_data_injection_fd(43)
01-22 19:18:47.805  1195  1195 D SensorsHub: SContext Data Injection return 64
01-22 19:18:47.805  1559  2921 W CAE     : setCAProperty(ContextAwareService.java:515) - [setProperty 02] Mutex is unlocked for CH_LOC_TRIGGER
01-22 19:18:47.805  1559  2921 D SemContextService:     .requestToUpdate() : service = Location Change Trigger
01-22 19:18:47.805  1559  2921 D SemContextService: unlock : requestToUpdate
01-22 19:18:47.805  1559  2921 D SemContextManager:   .requestToUpdate : listener = com.android.server.location.nsflp.NSLocationMonitor$5@e94e9f1, service=Location Change Trigger
01-22 19:18:47.806  3466 13699 I NewStopController_FLP: StateChecker, check stationary message
01-22 19:18:47.807  1248  1248 I SurfaceFlinger: [NotificationShade$_2814#497754] setFrameRateCategory: HighHint
01-22 19:18:47.807  2814  2814 I NotificationPanelView: onInterceptTouchEvent: mLockStarEnabled=false, isInLockStarContainer(event) = false, pand = false
01-22 19:18:47.816  2814  2814 I NotificationPanelView: onInterceptTouchEvent: mLockStarEnabled=false, isInLockStarContainer(event) = false, pand = false
01-22 19:18:47.824  2814  2814 I NotificationPanelView: onInterceptTouchEvent: mLockStarEnabled=false, isInLockStarContainer(event) = false, pand = false
01-22 19:18:47.832  2814  2814 I NotificationPanelView: onInterceptTouchEvent: mLockStarEnabled=false, isInLockStarContainer(event) = false, pand = false
01-22 19:18:47.841  2814  2814 D QuickPanelLog: NSSLC | onTouchEvent | ACTION_MOVE |  | SHADE
01-22 19:18:47.843  2814  2814 W RefactorFlag: New code path expects SceneContainerFlag to be enabled.
01-22 19:18:47.843  2814  2814 W RefactorFlag: New code path expects SceneContainerFlag to be enabled.
01-22 19:18:47.850  1195  1318 I SensorsHub: context 15 0 14 1,1,61,255,0,2,1,0,0,0,1,0,0,0,0, 2541832875969901
01-22 19:18:47.850  2814  2814 W RefactorFlag: New code path expects SceneContainerFlag to be enabled.
01-22 19:18:47.850  2814  2814 W RefactorFlag: New code path expects SceneContainerFlag to be enabled.
01-22 19:18:47.851  1559  2562 D CAE     : onGetSensorHubData(SensorHubParserProvider.java:92) - onGetSensorHubData Event [event buffer len :15], AP_WAKEUP
01-22 19:18:47.851  1559  2562 I CAE     : parse(SensorHubParserProvider.java:188) - buffer size = 15
01-22 19:18:47.851  1559  2562 I CAE     : parse(SensorHubParserProvider.java:199) - 1, 1, 61, -1, 0, 2, 1, 0, 0, 0, 1, 0, 0, 0, 0,
01-22 19:18:47.851  1559  2562 D CAE     : display(ContextProvider.java:375) - ================= CH_LOC_TRIGGER =================
01-22 19:18:47.851  1559  2562 I CAE     : display(ContextProvider.java:391) - duration=[1], property=[1], result=[2], reserved=[0]
01-22 19:18:47.852  1559  2559 D SemContextService: Service.updateContext() : service = Location Change Trigger
01-22 19:18:47.852  1559  2605 D SemContextManager: onSemContextChanged() : event = Location Change Trigger
01-22 19:18:47.852  1559  2605 D NSLocationMonitor: onSemContextChanged, activity : 1 result : 2 movement : 1
01-22 19:18:47.858  2814  2814 W RefactorFlag: New code path expects SceneContainerFlag to be enabled.
01-22 19:18:47.858  2814  2814 W RefactorFlag: New code path expects SceneContainerFlag to be enabled.
01-22 19:18:47.860  1205  1256 I HYPER-HAL: [RequestManager.cpp]acquire(): Acquired ID : 122128833  [1213 / 184807]    HINT :      list : [TID_LOW_LATENCY / 0] [TID / 30817] [TID / 30818] [TID / 30801] [TID / 30819] 
01-22 19:18:47.861  1205  1256 I HYPER-HAL: [RequestManager.cpp]acquire(): Acquired ID : 122314855  [1213 / 184808]    HINT :      list : [UCLAMP_MIN_BOOST / 0] [TID / 30817] [TID / 30818] [TID / 30801] [TID / 30819] 
01-22 19:18:47.861  1205  1256 I HYPER-HAL: [RequestManager.cpp]releaseLocked(): Released ID : 122128833
01-22 19:18:47.861  1205  1256 I HYPER-HAL: [RequestManager.cpp]releaseLocked(): Released ID : 122314855
01-22 19:18:47.866  2814  2814 W RefactorFlag: New code path expects SceneContainerFlag to be enabled.
01-22 19:18:47.867  2814  2814 W RefactorFlag: New code path expects SceneContainerFlag to be enabled.
01-22 19:18:47.869  1559  2201 D InputReader: Btn_touch(2): value=0 when=1866886.669101
01-22 19:18:47.869  1559  2201 I InputReader: Touch event's action is 0x1 (id=6, t=0) [pCnt=1, s=] when=1866886.669101
01-22 19:18:47.869  1559  2200 I InputDispatcher: Delivering touch to (2814): action: 0x1, f=0x0, d=0, '35e5496', t=1 
01-22 19:18:47.870  2814  2814 I VRI[NotificationShade]@aa1a57e: ViewPostIme pointer 1
01-22 19:18:47.870  2814  2814 D QuickPanelLog: NSSLC | onTouchEvent | ACTION_UP |  | SHADE
01-22 19:18:47.871  1559  1559 I SemDvfsHyPerManager: acquire hyper - GESTURE_DETECTED_HRR/1559@31, type = -999
01-22 19:18:47.871  1559  1559 I SemDvfsHyPerManager: acquire hyper - SMOOTH_SCROLL/1559@27, type = -999
01-22 19:18:47.871  1559  1559 I SemDvfsHyPerManager: acquire hyper - GESTURE_DETECTED_HRR/1559@31, type = -999
01-22 19:18:47.871  2814  2814 D QuickPanelLog: NSSLC | onTouchEvent | ACTION_UP | return: true | SHADE | horizontalSwipeWantsIt: false, scrollerWantsIt: true, expandWantsIt: false, longPressWantsIt: false, panelSlideWantsIt: false, hunWantsIt: false
01-22 19:18:47.871  1205  1256 I HYPER-HAL: [RequestManager.cpp]acquire(): Acquired ID : 1264876  [1559 / 31]    HINT : GESTURE_DETECTED_HRR    list : [TIMEOUT / 1664] 
01-22 19:18:47.871  1205  1256 I HYPER-HAL: [RequestManager.cpp]acquire(): Acquired ID : 1264876  [1559 / 31]    HINT : GESTURE_DETECTED_HRR    list : [TIMEOUT / 1664] 
01-22 19:18:47.874  2814  2814 W RefactorFlag: New code path expects SceneContainerFlag to be enabled.
01-22 19:18:47.875  2814  2814 W RefactorFlag: New code path expects SceneContainerFlag to be enabled.
01-22 19:18:47.882  1195  1195 I SensorsHub: queueBatch: handle=19 period=200000000 timeout=0
01-22 19:18:47.883  2814  2814 W RefactorFlag: New code path expects SceneContainerFlag to be enabled.
01-22 19:18:47.883  1559  5877 D GnssLocationProvider: requestLocation. independentFromGnss: true, isUserEmergency: false
01-22 19:18:47.883  2814  2814 W RefactorFlag: New code path expects SceneContainerFlag to be enabled.
01-22 19:18:47.886  1559  2604 I GnssLocationProvider: GNSS HAL Requesting location updates from network provider for 10000 millis.
01-22 19:18:47.888  1559  2604 D LocationManagerService: network provider added registration from 1000/android[GnssService]/7D3C01FA -> Request[@+1s0ms LOW_POWER, duration=+10s0ms, maxUpdates=1, WorkSource{1000 android}]
01-22 19:18:47.889  1559  2604 I NSLocationProviderHelper: updateRequestInfo, uid=1000
01-22 19:18:47.890  1559  2604 D LocationManagerService: network provider request changed to ProviderRequest[@+1s0ms, LOW_POWER, WorkSource{1000 android}]
01-22 19:18:47.891  3466  3548 I RequestManager_FLP: request from system, change packageName by tag from system to system(GnssService)
01-22 19:18:47.891  3466  3548 E RequestManager_FLP: [LocationManager] Location request 7D3C01FA(Listener) network interval=1000ms (min=166ms) from system(GnssService) (1000_FINE_unknown_false_foreground)
01-22 19:18:47.891  2814  2814 W RefactorFlag: New code path expects SceneContainerFlag to be enabled.
01-22 19:18:47.892  2814  2814 W RefactorFlag: New code path expects SceneContainerFlag to be enabled.
01-22 19:18:47.899  2814  2814 W RefactorFlag: New code path expects SceneContainerFlag to be enabled.
01-22 19:18:47.900  2814  2814 W RefactorFlag: New code path expects SceneContainerFlag to be enabled.
01-22 19:18:47.908  2814  2814 W RefactorFlag: New code path expects SceneContainerFlag to be enabled.
01-22 19:18:47.908  2814  2814 W RefactorFlag: New code path expects SceneContainerFlag to be enabled.
01-22 19:18:47.917  2814  2814 D SystemUIAnalytics: sendEventCDLog QPNE0008, SID_NOTIFICATION_PANEL, EID_QPNE_NOTI_EXPANSION, type, single, app, com.bumble.app
01-22 19:18:47.917  2814  2814 D SamsungAnalytics605073: sendLog
01-22 19:18:47.917  2814  2814 W RefactorFlag: New code path expects SceneContainerFlag to be enabled.
01-22 19:18:47.917  2814  2814 W RefactorFlag: New code path expects SceneContainerFlag to be enabled.
01-22 19:18:47.919  1559  2656 D BackgroundInstallControlService: Package event received: 0
01-22 19:18:47.920  1559  2656 D BackgroundInstallControlService: Package event received: 0
01-22 19:18:47.927  2814  3774 D SamsungAnalytics605073: SendLog Result = 0
01-22 19:18:48.094  1559  5877 D CustomizedBinderCallsStatsInternal: reportCpuUsage() : 1%
01-22 19:18:48.094  1559  1783 I BinderCallsStats: Collected cpu time : 0us, collected call count : 0 for 39483974 ms
01-22 19:18:48.094  1559  1783 I CustomizedBinderCallsStatsInternal: should write the current data!!
01-22 19:18:48.095  1559  1597 I BinderCallsStats: Nothing to write to file. Just return
01-22 19:18:48.096  1559  5877 D ProcessCpuUsage: [0] 495, {400=251830, 576=16100, 672=4430, 768=3640, 864=6680, 960=1620, 1056=970, 1152=990, 1248=980, 1344=1640, 1440=880, 1536=620, 1632=930, 1728=320, 1824=8670}
01-22 19:18:48.096  1559  5877 D ProcessCpuUsage: [4] 720, {672=285420, 768=2500, 864=800, 960=690, 1056=290, 1152=560, 1248=350, 1344=330, 1440=550, 1536=240, 1632=400, 1728=480, 1824=260, 1920=290, 2016=1170, 2112=2060, 2208=310, 2304=3620}
01-22 19:18:48.096  1559  5877 D ProcessCpuUsage: [7] 725, {672=290790, 768=210, 864=280, 960=210, 1056=100, 1920=200, 2016=1010, 2112=210, 2400=1940, 2688=970, 2784=3690}
01-22 19:18:48.096  1559  5877 D ProcessCpuUsage: [9] 698, {672=294350, 1056=1880, 2016=1320, 2688=1610, 2784=1010}
01-22 19:18:48.124  1248  1248 D SurfaceFlinger: GPIS:: requestGpisForClientComposition
01-22 19:18:48.158  7567  7815 W DynamiteModule: Local module descriptor class for com.google.android.gms.googlecertificates not found.
01-22 19:18:48.160  1559  3897 D SehGnssExtraCbJni: serviceAssertMessageCb.
01-22 19:18:48.161  1559  3897 D GnssManager: reportExtraMessage, message = $PSECSUPL,2541833183,281,agpsSETbased,,,suplEndReceivedEvent,msSUPLEND*43

01-22 19:18:48.165  7567  7815 I DynamiteModule: Considering local module com.google.android.gms.googlecertificates:0 and remote module com.google.android.gms.googlecertificates:7
01-22 19:18:48.166  7567  7815 I DynamiteModule: Selected remote version of com.google.android.gms.googlecertificates, version >= 7
01-22 19:18:48.176  7567  7815 W t.lovoo.android: ClassLoaderContext classpath element checksum mismatch. expected=3083633597, found=131854944 (DLC[];PCL[base.apk*3083633597]{PCL[/system/framework/org.apache.http.legacy.jar*2001478317]#PCL[/system/framework/com.android.media.remotedisplay.jar*487574312]#PCL[/system/framework/com.android.location.provider.jar*1570284764]#PCL[/system/system_ext/framework/org.carconnectivity.android.digitalkey.rangingintent.jar*560278203]#PCL[/system/system_ext/framework/org.carconnectivity.android.digitalkey.secureelement.jar*3277496667]#PCL[/system_ext/framework/org.carconnectivity.android.digitalkey.timesync.jar*1887653037]#PCL[/system_ext/framework/androidx.window.extensions.jar*3210150721]#PCL[/system_ext/framework/androidx.window.sidecar.jar*3925677193]} | DLC[];PCL[/data/app/~~76JX9zDocqCXd7XZMGOazg==/net.lovoo.android-GCemTeLq8fxTVxbvAR2rOw==/base.apk*131854944]{PCL[/system/framework/org.apache.http.legacy.jar*2001478317]#PCL[/system_ext/framework/androidx.window.extensions.jar*3210150721]#PCL[/system_ext/framework/androidx.window.sidecar.jar*3925677193]})
01-22 19:18:48.207  7567  7567 I hp      : Opted in for usage reporting
01-22 19:18:48.208  7567  7567 I hp      : Opted in for usage reporting
01-22 19:18:48.312  1559  2201 D InputReader: Btn_touch(2): value=1 when=1866887.111615
01-22 19:18:48.313  1559  2201 I InputReader: Touch event's action is 0x0 (id=6, t=0) [pCnt=1, s=0.8369 ] when=1866887.111615
01-22 19:18:48.314  1559  2200 I InputDispatcher: Delivering touch to (2814): action: 0x4, f=0x0, d=0, 'bb05b8a', t=1 
01-22 19:18:48.314  1559  2200 I InputDispatcher: Delivering touch to (2814): action: 0x0, f=0x0, d=0, '35e5496', t=1 
01-22 19:18:48.314  1559  2200 D PowerManagerService: [api] userActivityFromNative : touch displayId=0 eventTime=1866887111
01-22 19:18:48.315  2814  2814 I VRI[NotificationShade]@aa1a57e: ViewPostIme pointer 0
01-22 19:18:48.315  2814  2814 D NotifShadeWindowVC: [NSWVC] shouldInterceptTouchEventInternal: isFullyExpanded: true StatusBarState: 0
01-22 19:18:48.315  2814  2814 D QuickPanelLog: NPVC | onInterceptTouchEvent | ACTION_DOWN | x:1065.5859, y:1714.6289 |  | SHADE
01-22 19:18:48.315  2814  2814 D QuickPanelLog: QSCI | onInterceptTouchEvent | ACTION_DOWN | x:1065.5859, y:1714.6289 |  | SHADE
01-22 19:18:48.315  1559  1596 I GestureDetector: obtain mCurrentDownEvent. id: 652193175 caller: com.android.server.wm.SystemGesturesPointerEventListener.onPointerEvent:17 com.android.server.wm.PointerEventDispatcher.onInputEvent:51 android.view.InputEventReceiver.dispatchInputEvent:392 
01-22 19:18:48.315  2814  2814 D KeyguardTouchAnimator: intercepted: action=0 mQsExpanded=true, mQsFullyExpanded=true
01-22 19:18:48.316  1559  1596 I GestureDetector: obtain mCurrentDownEvent. id: 652193175 caller: com.android.server.wm.SystemPerformancePointerEventListener.onPointerEvent:13 com.android.server.wm.PointerEventDispatcher.onInputEvent:51 android.view.InputEventReceiver.dispatchInputEvent:392 
01-22 19:18:48.316  2814  2814 D KeyguardViewUtil: isInContentsArea x = 1065, y = 1714, rect = Rect(297, 2793 - 1143, 3011)
01-22 19:18:48.316  2814  2814 D NowBarController: isInContentsArea = false
01-22 19:18:48.316  2814  2814 I NotificationPanelView: onInterceptTouchEvent: mLockStarEnabled=false, isInLockStarContainer(event) = false, pand = false
01-22 19:18:48.316  2814  2814 D QuickPanelLog: NPVC | onInterceptTouchEvent | ACTION_DOWN | x:1065.5859, y:1714.6289 | return: false | SHADE | FINAL
01-22 19:18:48.316  2814  2814 D NotifShadeWindowVC: [NSWVC] shouldInterceptTouchEventInternal: return false
01-22 19:18:48.316  2814  2814 D QuickPanelLog: NSSLC | onInterceptTouchEvent | ACTION_DOWN | x:1065.5859, y:1714.6289 |  | SHADE
01-22 19:18:48.316  5859  5859 I SemDvfsHyPerManager: acquire hyper - TATouchBoost/5859@29, type = -999
01-22 19:18:48.317  2814  2814 I GestureDetector: obtain mCurrentDownEvent. id: 652193175 caller: android.view.ScaleGestureDetector.onTouchEvent:297 com.android.systemui.ExpandHelper.onInterceptTouchEvent:16 com.android.systemui.statusbar.notification.stack.NotificationStackScrollLayoutController$TouchHandler.onInterceptTouchEvent:161 
01-22 19:18:48.317  2814  2814 D QuickPanelLog: NSSLC | onInterceptTouchEvent | ACTION_DOWN | x:1065.5859, y:1714.6289 | return: false | SHADE | swipeWantsIt: false, scrollWantsIt: false, expandWantsIt: false, longPressWantsIt: false, panelSlideWantsItfalse, hunWantsIt: false
01-22 19:18:48.317  2814  2814 D QuickPanelLog: NSSLC | onTouchEvent | ACTION_DOWN |  | SHADE
01-22 19:18:48.317  2814  2814 I GestureDetector: obtain mCurrentMotionEventRaw. action: 0 id: 652193175
01-22 19:18:48.317  1205  1256 I HYPER-HAL: [RequestManager.cpp]acquire(): Acquired ID : 17337245  [5859 / 29]    HINT :      list : [TABoost / 1] [TIMEOUT / 1500] 
01-22 19:18:48.317  2814  2814 I GestureDetector: obtain mCurrentDownEvent. id: 652193175 caller: android.view.ScaleGestureDetector.onTouchEvent:297 com.android.systemui.statusbar.notification.stack.NotificationStackScrollLayout.onTouchEvent:190 android.view.View.performOnTouchCallback:17234 
01-22 19:18:48.317  2814  2814 D QuickPanelLog: NSSLC | onTouchEvent | ACTION_DOWN | return: false | SHADE | horizontalSwipeWantsIt: false, scrollerWantsIt: false, expandWantsIt: false, longPressWantsIt: false, panelSlideWantsIt: false, hunWantsIt: false
01-22 19:18:48.317  2814  2814 D QuickPanelLog: NPVC | onInterceptTouchEvent | ACTION_DOWN | x:1065.5859, y:1714.6289 | return: false | SHADE | !mUseExternalTouch
01-22 19:18:48.317  2814  2814 D QuickPanelLog: QSContainerI | onInterceptTouchEvent | ACTION_DOWN | x:1065.5859, y:1518.6289 |  | SHADE
01-22 19:18:48.317  2814  2814 D QuickPanelLog: QSContainerI | onTouchEvent | ACTION_DOWN |  | SHADE
01-22 19:18:48.317  2814  2814 D QuickPanelLog: NPVC | onTouchEvent | ACTION_DOWN | return: false | SHADE | !mUseExternalTouch
01-22 19:18:48.318  2814  2814 D QuickPanelLog: NPVC | onTouchEvent | ACTION_DOWN |  | SHADE
01-22 19:18:48.318  2814  2814 D QuickPanelLog: QSCI | handleTouch | ACTION_DOWN | isFullyCollapsed: false, isShadeOrQsHeightAnimationRunning: false | SHADE
01-22 19:18:48.318  2814  2814 D SecPanelSplitHelper: initiateSlide (1065.5859, 1714.6289) displayWidthOfDivider = 1008
01-22 19:18:48.318  2814  2814 D SecPanelSplitHelper: onIntercept: ACTION_DOWN: FINAL: return false
01-22 19:18:48.318  2814  2814 D QuickPanelLog: NPVC | handleTouch | ACTION_DOWN |  | SHADE
01-22 19:18:48.319  2814  2814 D QuickPanelLog: NPVC | onTrackingStarted: isTracking(): false -> true
01-22 19:18:48.319  2814  2814 D QuickPanelLog:  - com.android.systemui.shade.NotificationPanelViewController.onTrackingStarted:31
01-22 19:18:48.319  2814  2814 D QuickPanelLog:  - com.android.systemui.shade.NotificationPanelViewController$TouchHandler.handleTouch$1:917
01-22 19:18:48.319  2814  2814 D QuickPanelLog:  - com.android.systemui.shade.NotificationPanelViewController$TouchHandler.onTouchEvent:2659
01-22 19:18:48.319  2814  2814 D QuickPanelLog:  - com.android.systemui.shade.NotificationPanelViewController.handleExternalTouch:7
01-22 19:18:48.319  2814  2814 D QuickPanelLog:  - com.android.systemui.shade.NotificationShadeWindowView.onTouchEvent:546
01-22 19:18:48.319  2814  2814 D QuickPanelLog:  - com.android.systemui.statusbar.phone.CentralSurfacesImpl$$ExternalSyntheticLambda36.onTouch:93
01-22 19:18:48.319  2814  2814 D QuickPanelLog:  - android.view.View.performOnTouchCallback:17224
01-22 19:18:48.319  2814  2814 D QuickPanelLog:  - android.view.View.dispatchTouchEvent:17187
01-22 19:18:48.319  2814  2814 D QuickPanelLog:  - android.view.ViewGroup.dispatchTransformedTouchEvent:3365
01-22 19:18:48.319  2814  2814 D QuickPanelLog:  - android.view.ViewGroup.dispatchTouchEvent:3032
01-22 19:18:48.320  2814  2814 D CentralSurfaces: onPanelExpansionChanged: lightReveal amount=1.0
01-22 19:18:48.320  2814  2814 D KeyguardVisible: go panelState: OPEN -> OPEN tracking=true, expanded=true, fraction=1.0
01-22 19:18:48.320  2814  2814 D PanelSplitOpenAnimator: onPanelExpansionChanged : 1.0 state : 0
01-22 19:18:48.320  2814  2814 D PanelSplitOpenAnimator: setPosition : 1.0 // true false false 0.0
01-22 19:18:48.320  1559  1596 I GestureDetector: obtain mCurrentMotionEventRaw. action: 2 id: 292771536
01-22 19:18:48.321  1559  1596 I GestureDetector: obtain mCurrentMotionEventRaw. action: 2 id: 292771536
01-22 19:18:48.322  2814  2814 I NowBarCardViewModel: setVisibility visible = 4 / nowBarRootVisibility = 4
01-22 19:18:48.322  2814  2814 D QuickPanelLog: NPVC | updateExpansionAndVisibility: mExpandedFraction: 1.0, mInstantExpanding: false, isPanelVisibleBecauseOfHeadsUp: false, isTracking(): true, mIsSpringBackAnimation: false, isExpanded: true, isFullyExpanded: true, isFullyCollapsed: false, mHeightAnimator is null: true
01-22 19:18:48.322  2814  2814 D QuickPanelLog:  - com.android.systemui.shade.NotificationPanelViewController.updateExpansionAndVisibility:350
01-22 19:18:48.322  2814  2814 D QuickPanelLog:  - com.android.systemui.shade.NotificationPanelViewController.onTrackingStarted:61
01-22 19:18:48.322  2814  2814 D QuickPanelLog:  - com.android.systemui.shade.NotificationPanelViewController$TouchHandler.handleTouch$1:917
01-22 19:18:48.322  2814  2814 D QuickPanelLog:  - com.android.systemui.shade.NotificationPanelViewController$TouchHandler.onTouchEvent:2659
01-22 19:18:48.322  2814  2814 D QuickPanelLog:  - com.android.systemui.shade.NotificationPanelViewController.handleExternalTouch:7
01-22 19:18:48.322  2814  2814 D QuickPanelLog:  - com.android.systemui.shade.NotificationShadeWindowView.onTouchEvent:546
01-22 19:18:48.322  2814  2814 D QuickPanelLog:  - com.android.systemui.statusbar.phone.CentralSurfacesImpl$$ExternalSyntheticLambda36.onTouch:93
01-22 19:18:48.322  2814  2814 D QuickPanelLog:  - android.view.View.performOnTouchCallback:17224
01-22 19:18:48.322  2814  2814 D QuickPanelLog:  - android.view.View.dispatchTouchEvent:17187
01-22 19:18:48.322  2814  2814 D QuickPanelLog:  - android.view.ViewGroup.dispatchTransformedTouchEvent:3365
01-22 19:18:48.322  2814  2814 D QuickPanelLog: QSCI | setExpandImmediate: true
01-22 19:18:48.322  2814  2814 D QuickPanelLog:  - com.android.systemui.shade.QuickSettingsControllerImpl.setExpandImmediate:58
01-22 19:18:48.322  2814  2814 D QuickPanelLog:  - com.android.systemui.shade.NotificationPanelViewController.onTrackingStarted:90
01-22 19:18:48.322  2814  2814 D QuickPanelLog:  - com.android.systemui.shade.NotificationPanelViewController$TouchHandler.handleTouch$1:917
01-22 19:18:48.322  2814  2814 D QuickPanelLog:  - com.android.systemui.shade.NotificationPanelViewController$TouchHandler.onTouchEvent:2659
01-22 19:18:48.322  2814  2814 D QuickPanelLog:  - com.android.systemui.shade.NotificationPanelViewController.handleExternalTouch:7
01-22 19:18:48.322  2814  2814 D QuickPanelLog:  - com.android.systemui.shade.NotificationShadeWindowView.onTouchEvent:546
01-22 19:18:48.322  2814  2814 D QuickPanelLog:  - com.android.systemui.statusbar.phone.CentralSurfacesImpl$$ExternalSyntheticLambda36.onTouch:93
01-22 19:18:48.322  2814  2814 D QuickPanelLog:  - android.view.View.performOnTouchCallback:17224
01-22 19:18:48.322  2814  2814 D QuickPanelLog:  - android.view.View.dispatchTouchEvent:17187
01-22 19:18:48.322  2814  2814 D QuickPanelLog:  - android.view.ViewGroup.dispatchTransformedTouchEvent:3365
01-22 19:18:48.322  2814  2814 D KeyguardVisible: cancelPendingPanelCollapse false
01-22 19:18:48.322  2814  2814 D QuickPanelLog: NPVC | handleTouch | ACTION_DOWN | FINAL: !mGestureWaitForTouchSlop: true || isTracking(): true | SHADE
01-22 19:18:48.322  2814  2814 D QuickPanelLog: NPVC | onTouchEvent | ACTION_DOWN | FINAL: !mDozing: true || handled: true | SHADE
01-22 19:18:48.325  2814  2814 D QuickPanelLog: NPVC | onTouchEvent | ACTION_MOVE |  | SHADE
01-22 19:18:48.325  2814  2814 D QuickPanelLog: QSCI | handleTouch | ACTION_MOVE | isFullyCollapsed: false, isShadeOrQsHeightAnimationRunning: false | SHADE
01-22 19:18:48.325  2814  2814 D QuickPanelLog: NPVC | handleTouch | ACTION_MOVE |  | SHADE
01-22 19:18:48.325  2814  2814 D CentralSurfaces: onPanelExpansionChanged: lightReveal amount=1.0
01-22 19:18:48.325  2814  2814 D PanelSplitOpenAnimator: onPanelExpansionChanged : 1.0 state : 0
01-22 19:18:48.325  2814  2814 D PanelSplitOpenAnimator: setPosition : 1.0 // true false false 0.0
01-22 19:18:48.327  2814  2814 I NowBarCardViewModel: setVisibility visible = 4 / nowBarRootVisibility = 4
01-22 19:18:48.327  2814  2814 W RefactorFlag: New code path expects SceneContainerFlag to be enabled.
01-22 19:18:48.327  2814  2814 W RefactorFlag: New code path expects SceneContainerFlag to be enabled.
01-22 19:18:48.333  2814  2814 D ShadeExpansionStateManager: onPanelExpansionChanged: ShadeExpansionChangeEvent(fraction=0.99181366, expanded=true, tracking=true)
01-22 19:18:48.333  2814  2814 D PanelSplitOpenAnimator: onPanelExpansionChanged : 0.99181366 state : 0
01-22 19:18:48.333  2814  2814 D PanelSplitOpenAnimator: setPosition : 0.99181366 // true false false 0.0
01-22 19:18:48.335  2814  2814 D SecPanelExpansionStateRepository: NOTIFY !!! OPEN -> OPENING
01-22 19:18:48.335  2814  2814 D QSMumButton: onPanelExpansionStateChanged isPanelExpanding = false > true
01-22 19:18:48.335  2814  2814 D QSMumButton: isMumDeactivated: !result[false] isLduBranding[false] isShopDemo[false]
01-22 19:18:48.335  2814  2814 D QSMumButton: needToBeVisible() result: false [MumSetting: false = (TwoPhoneSetting: false || (somethingInDetail(1): true && Pref: false && Settings: false)), !DEX-(DeviceState: true, !DesktopManager: true, !mIsDexEnablingOrEnabled: true) Panel-mExpanded: false, !isEmergencyMode: true, isUserEnabled: true, !isKioskModeEnabled: true, !isDisallowUserSwitch = true
01-22 19:18:48.335  2814  2814 D SecQSDetailController: onPanelExpansionStateChanged isPanelExpanding = true
01-22 19:18:48.335  2814  2814 D SecQpBlurController: onPanelExpansionChanged : 0.99181366
01-22 19:18:48.336  2814  2814 D SecPanelWindowBlurInteractor: Window Blur:  249  shouldBlockBlur: false isBlurReduced: false  isBackgroundVisible: false
01-22 19:18:48.336  2814  2814 D SecPanelWindowBlurBinder: setBlurInfo 249
01-22 19:18:48.336  2814  2814 D View    : semSetBlurInfo, blurInfo : android.view.SemBlurInfo@eb66654 {BLUR_MODE_WINDOW, mBlurRadius = 249, mBackgroundBlurColor = 0, mCornerRadiusTL = 0.0, mCornerRadiusTR = 0.0, mCornerRadiusBL = 0.0, mCornerRadiusBR = 0.0, mClipRectLeft = 0, mClipRectTop = 0, mClipRectRight = 2147483647, mClipRectBottom = 2147483647, mColorCurve = android.view.SemBlurInfo$ColorCurve@fcf59fd {minX = 14.996267, minY = 34.39144, maxX = 255.0, maxY = 174.71997, curveBias = 9.997512, saturation = 0.24993779}}, com.android.systemui.shade.NotificationShadeWindowView{4504390 V.E...... .......D 0,0-1440,3120 #7f0a06a4 app:id/legacy_window_root aid=2406}
01-22 19:18:48.336  2814  2814 D View    : semSetBlurInfo, blurInfo : null, com.android.systemui.blur.SecQSNewBlurView{b7822cf G.E...... ......I. 0,0-0,0 #7f0a0a27 app:id/qs_new_blur}
01-22 19:18:48.336  2814  2814 I NowBarCardViewModel: setVisibility visible = 4 / nowBarRootVisibility = 4
01-22 19:18:48.336  2814  2814 W RefactorFlag: New code path expects SceneContainerFlag to be enabled.
01-22 19:18:48.337  2814  2814 W RefactorFlag: New code path expects SceneContainerFlag to be enabled.
01-22 19:18:48.337  2814  2951 D SurfaceComposerClient: [SEC_SF_EFFECTS] setBlurRegions NotificationShade$_2814#497754 ## {radius=249, cornerRadii=[0.000, 0.000, 0.000, 0.000], alpha=1.000, rect=[0, 0, 1440, 3120], clipRect=[0, 0, 2147483647, 2147483647], colorCurve=[14.996267, 34.391441, 255.000000, 174.719971], curveBias=9.997512, saturation=0.249938, vibrance=[0.000000, (0.000000, 1.000000)], pathData size=0, BlurTint=[(0.000000 0.000000 0.000000) 0.000000, DISABLED]
01-22 19:18:48.340  3244  3244 I HoneySpace.EdgePanel.EdgeVisibilityObserver: TrayVisibilityReceiver action : com.samsung.systemui.statusbar.ANIMATING
01-22 19:18:48.341  1313  1313 I [CE]_ContextEngineReceiver: onReceive - ContextEngineReceiver onReceive action : com.samsung.android.ce.sensor.LocationProvider.INTENT_MOVE_CONTEXT_PASSIVE_LOCATION
01-22 19:18:48.341  3244  3244 I HoneySpace.EdgePanel.EdgeVisibilityRepository: updateStateAction: 0x200 true true
01-22 19:18:48.341  3244  3244 I HoneySpace.EdgePanel.EdgeVisibilityRepository: updateState: 0x201
01-22 19:18:48.341  1313  1313 I [CE]_ContextEngineReceiver: onReceive - ActivityDataManager intent : com.samsung.android.ce.sensor.LocationProvider.INTENT_MOVE_CONTEXT_PASSIVE_LOCATION
01-22 19:18:48.341  2814  2814 D ShadeExpansionStateManager: onPanelExpansionChanged: ShadeExpansionChangeEvent(fraction=0.9629675, expanded=true, tracking=true)
01-22 19:18:48.341  2814  2814 D PanelSplitOpenAnimator: onPanelExpansionChanged : 0.9629675 state : 0
01-22 19:18:48.341  2814  2814 D PanelSplitOpenAnimator: setPosition : 0.9629675 // true false false 0.0
01-22 19:18:48.343  1313  1313 I [CE]_ContextEngineReceiver: onReceive - ContextEngineReceiver onReceive action : com.samsung.android.ce.sensor.sLocation.PASSIVE_INTENT
01-22 19:18:48.343  2814  2814 D SecQpBlurController: onPanelExpansionChanged : 0.9629675
01-22 19:18:48.343  1313  1313 I [CE]_ContextEngineReceiver: onReceive - SLocation intent : com.samsung.android.ce.sensor.sLocation.PASSIVE_INTENT
01-22 19:18:48.343  1313  1313 I [CE]_i  : OnReceive - [Passive Location] 20247613
01-22 19:18:48.343  2814  2814 I NowBarCardViewModel: setVisibility visible = 4 / nowBarRootVisibility = 4
01-22 19:18:48.343  2814  2814 W RefactorFlag: New code path expects SceneContainerFlag to be enabled.
01-22 19:18:48.344  2814  2814 W RefactorFlag: New code path expects SceneContainerFlag to be enabled.
01-22 19:18:48.346  1313  1313 I [CE]_SpatialContextManager: isNWInternal - ID = 10 label = 2 conf = 0.83147
01-22 19:18:48.347  1313  1313 I [CE]_LocationPatternManager: pvpUpdate - hit
01-22 19:18:48.347  1313  1463 I [CE]_PrimaryLocationManager: onNewlocation - State: 0 / 0
01-22 19:18:48.349  1313  1313 I [CE]_LocationPatternManager: pvpUpdate - Result: 2
01-22 19:18:48.350  2814  2814 D ShadeExpansionStateManager: onPanelExpansionChanged: ShadeExpansionChangeEvent(fraction=0.92500645, expanded=true, tracking=true)
01-22 19:18:48.350  1313  1313 I [CE]_LocationPatternManager: loadPvpState - State : 0 / 1769105605914
01-22 19:18:48.350  2814  2814 D PanelSplitOpenAnimator: onPanelExpansionChanged : 0.92500645 state : 0
01-22 19:18:48.350  2814  2814 D PanelSplitOpenAnimator: setPosition : 0.92500645 // true false false 0.0
01-22 19:18:48.351  1313  1313 I [CE]_LocationPatternManager: savePvpState - State : 0 / 1769105925792
01-22 19:18:48.351  1313  1313 I [CE]_LocationPatternManager: onNewLocation - isInFamiliar/time : true / 1769105925792
01-22 19:18:48.352  2814  2814 D SecQpBlurController: onPanelExpansionChanged : 0.92500645
01-22 19:18:48.352  2814  2814 I NowBarCardViewModel: setVisibility visible = 4 / nowBarRootVisibility = 4
01-22 19:18:48.353  2814  2814 W RefactorFlag: New code path expects SceneContainerFlag to be enabled.
01-22 19:18:48.353  2814  2814 W RefactorFlag: New code path expects SceneContainerFlag to be enabled.
01-22 19:18:48.358  2814  2814 D ShadeExpansionStateManager: onPanelExpansionChanged: ShadeExpansionChangeEvent(fraction=0.8737927, expanded=true, tracking=true)
01-22 19:18:48.358  2814  2814 D PanelSplitOpenAnimator: onPanelExpansionChanged : 0.8737927 state : 0
01-22 19:18:48.358  2814  2814 D PanelSplitOpenAnimator: setPosition : 0.8737927 // true false false 0.0
01-22 19:18:48.359  2814  2814 D SecQpBlurController: onPanelExpansionChanged : 0.8737927
01-22 19:18:48.360  2814  2814 D SecPanelWindowBlurInteractor: Window Blur:  248  shouldBlockBlur: false isBlurReduced: false  isBackgroundVisible: false
01-22 19:18:48.360  2814  2814 D SecPanelWindowBlurBinder: setBlurInfo 248
01-22 19:18:48.360  2814  2814 D View    : semSetBlurInfo, blurInfo : android.view.SemBlurInfo@8243143 {BLUR_MODE_WINDOW, mBlurRadius = 248, mBackgroundBlurColor = 0, mCornerRadiusTL = 0.0, mCornerRadiusTR = 0.0, mCornerRadiusBL = 0.0, mCornerRadiusBR = 0.0, mClipRectLeft = 0, mClipRectTop = 0, mClipRectRight = 2147483647, mClipRectBottom = 2147483647, mColorCurve = android.view.SemBlurInfo$ColorCurve@b3d93c0 {minX = 14.890343, minY = 34.14852, maxX = 255.0, maxY = 175.28703, curveBias = 9.926895, saturation = 0.24817237}}, com.android.systemui.shade.NotificationShadeWindowView{4504390 V.E...... .......D 0,0-1440,3120 #7f0a06a4 app:id/legacy_window_root aid=2406}
01-22 19:18:48.360  2814  2814 D View    : semSetBlurInfo, blurInfo : null, com.android.systemui.blur.SecQSNewBlurView{b7822cf G.E...... ......I. 0,0-0,0 #7f0a0a27 app:id/qs_new_blur}
01-22 19:18:48.360  2814  2814 I NowBarCardViewModel: setVisibility visible = 4 / nowBarRootVisibility = 4
01-22 19:18:48.360  2814  2814 W RefactorFlag: New code path expects SceneContainerFlag to be enabled.
01-22 19:18:48.360  2814  2814 W RefactorFlag: New code path expects SceneContainerFlag to be enabled.
01-22 19:18:48.361  2814  2950 D SurfaceComposerClient: [SEC_SF_EFFECTS] setBlurRegions NotificationShade$_2814#497754 ## {radius=248, cornerRadii=[0.000, 0.000, 0.000, 0.000], alpha=1.000, rect=[0, 0, 1440, 3120], clipRect=[0, 0, 2147483647, 2147483647], colorCurve=[14.890343, 34.148521, 255.000000, 175.287033], curveBias=9.926895, saturation=0.248172, vibrance=[0.000000, (0.000000, 1.000000)], pathData size=0, BlurTint=[(0.000000 0.000000 0.000000) 0.000000, DISABLED]
01-22 19:18:48.366  2814  2814 D ShadeExpansionStateManager: onPanelExpansionChanged: ShadeExpansionChangeEvent(fraction=0.8124811, expanded=true, tracking=true)
01-22 19:18:48.366  2814  2814 D PanelSplitOpenAnimator: onPanelExpansionChanged : 0.8124811 state : 0
01-22 19:18:48.366  2814  2814 D PanelSplitOpenAnimator: setPosition : 0.8124811 // true false false 0.0
01-22 19:18:48.368  2814  2814 D SecQpBlurController: onPanelExpansionChanged : 0.8124811
01-22 19:18:48.368  2814  2814 D SecPanelWindowBlurInteractor: Window Blur:  245  shouldBlockBlur: false isBlurReduced: false  isBackgroundVisible: false
01-22 19:18:48.368  2814  2814 D SecPanelWindowBlurBinder: setBlurInfo 245
01-22 19:18:48.368  2814  2814 D View    : semSetBlurInfo, blurInfo : android.view.SemBlurInfo@2bc98f9 {BLUR_MODE_WINDOW, mBlurRadius = 245, mBackgroundBlurColor = 0, mCornerRadiusTL = 0.0, mCornerRadiusTR = 0.0, mCornerRadiusBL = 0.0, mCornerRadiusBR = 0.0, mClipRectLeft = 0, mClipRectTop = 0, mClipRectRight = 2147483647, mClipRectBottom = 2147483647, mColorCurve = android.view.SemBlurInfo$ColorCurve@a7f303e {minX = 14.750529, minY = 33.82788, maxX = 255.0, maxY = 176.03549, curveBias = 9.833687, saturation = 0.24584216}}, com.android.systemui.shade.NotificationShadeWindowView{4504390 V.E...... .......D 0,0-1440,3120 #7f0a06a4 app:id/legacy_window_root aid=2406}
01-22 19:18:48.368  2814  2814 D View    : semSetBlurInfo, blurInfo : null, com.android.systemui.blur.SecQSNewBlurView{b7822cf G.E...... ......I. 0,0-0,0 #7f0a0a27 app:id/qs_new_blur}
01-22 19:18:48.368  2814  2814 I NowBarCardViewModel: setVisibility visible = 4 / nowBarRootVisibility = 4
01-22 19:18:48.369  2814  2814 W RefactorFlag: New code path expects SceneContainerFlag to be enabled.
01-22 19:18:48.369  2814  2814 W RefactorFlag: New code path expects SceneContainerFlag to be enabled.
01-22 19:18:48.369  2814  2951 D SurfaceComposerClient: [SEC_SF_EFFECTS] setBlurRegions NotificationShade$_2814#497754 ## {radius=245, cornerRadii=[0.000, 0.000, 0.000, 0.000], alpha=1.000, rect=[0, 0, 1440, 3120], clipRect=[0, 0, 2147483647, 2147483647], colorCurve=[14.750529, 33.827881, 255.000000, 176.035492], curveBias=9.833687, saturation=0.245842, vibrance=[0.000000, (0.000000, 1.000000)], pathData size=0, BlurTint=[(0.000000 0.000000 0.000000) 0.000000, DISABLED]
01-22 19:18:48.375  2814  2814 D ShadeExpansionStateManager: onPanelExpansionChanged: ShadeExpansionChangeEvent(fraction=0.74635476, expanded=true, tracking=true)
01-22 19:18:48.375  2814  2814 D PanelSplitOpenAnimator: onPanelExpansionChanged : 0.74635476 state : 0
01-22 19:18:48.375  2814  2814 D PanelSplitOpenAnimator: setPosition : 0.74635476 // true false false 0.0
01-22 19:18:48.377  2814  2814 D SecQpBlurController: onPanelExpansionChanged : 0.74635476
01-22 19:18:48.377  2814  2814 D SecPanelWindowBlurInteractor: Window Blur:  241  shouldBlockBlur: false isBlurReduced: false  isBackgroundVisible: false
01-22 19:18:48.377  2814  2814 D SecPanelWindowBlurBinder: setBlurInfo 241
01-22 19:18:48.378  2814  2814 D View    : semSetBlurInfo, blurInfo : android.view.SemBlurInfo@6ce9e9f {BLUR_MODE_WINDOW, mBlurRadius = 241, mBackgroundBlurColor = 0, mCornerRadiusTL = 0.0, mCornerRadiusTR = 0.0, mCornerRadiusBL = 0.0, mCornerRadiusBR = 0.0, mClipRectLeft = 0, mClipRectTop = 0, mClipRectRight = 2147483647, mClipRectBottom = 2147483647, mColorCurve = android.view.SemBlurInfo$ColorCurve@8482bec {minX = 14.519467, minY = 33.297977, maxX = 255.0, maxY = 177.27246, curveBias = 9.679645, saturation = 0.24199112}}, com.android.systemui.shade.NotificationShadeWindowView{4504390 V.E...... .......D 0,0-1440,3120 #7f0a06a4 app:id/legacy_window_root aid=2406}
01-22 19:18:48.378  2814  2814 D View    : semSetBlurInfo, blurInfo : null, com.android.systemui.blur.SecQSNewBlurView{b7822cf G.E...... ......I. 0,0-0,0 #7f0a0a27 app:id/qs_new_blur}
01-22 19:18:48.378  2814  2814 I NowBarCardViewModel: setVisibility visible = 4 / nowBarRootVisibility = 4
01-22 19:18:48.378  2814  2814 W RefactorFlag: New code path expects SceneContainerFlag to be enabled.
01-22 19:18:48.379  2814  2814 W RefactorFlag: New code path expects SceneContainerFlag to be enabled.
01-22 19:18:48.380  2814  2950 D SurfaceComposerClient: [SEC_SF_EFFECTS] setBlurRegions NotificationShade$_2814#497754 ## {radius=241, cornerRadii=[0.000, 0.000, 0.000, 0.000], alpha=1.000, rect=[0, 0, 1440, 3120], clipRect=[0, 0, 2147483647, 2147483647], colorCurve=[14.519467, 33.297977, 255.000000, 177.272461], curveBias=9.679645, saturation=0.241991, vibrance=[0.000000, (0.000000, 1.000000)], pathData size=0, BlurTint=[(0.000000 0.000000 0.000000) 0.000000, DISABLED]
01-22 19:18:48.383  2814  2814 D ShadeExpansionStateManager: onPanelExpansionChanged: ShadeExpansionChangeEvent(fraction=0.6780137, expanded=true, tracking=true)
01-22 19:18:48.383  2814  2814 D PanelSplitOpenAnimator: onPanelExpansionChanged : 0.6780137 state : 0
01-22 19:18:48.383  2814  2814 D PanelSplitOpenAnimator: setPosition : 0.6780137 // true false false 0.0
01-22 19:18:48.385  2814  2814 D SecQpBlurController: onPanelExpansionChanged : 0.6780137
01-22 19:18:48.385  2814  2814 D SecPanelWindowBlurInteractor: Window Blur:  236  shouldBlockBlur: false isBlurReduced: false  isBackgroundVisible: false
01-22 19:18:48.385  2814  2814 D SecPanelWindowBlurBinder: setBlurInfo 236
01-22 19:18:48.385  2814  2814 D View    : semSetBlurInfo, blurInfo : android.view.SemBlurInfo@8a4cbb5 {BLUR_MODE_WINDOW, mBlurRadius = 236, mBackgroundBlurColor = 0, mCornerRadiusTL = 0.0, mCornerRadiusTR = 0.0, mCornerRadiusBL = 0.0, mCornerRadiusBR = 0.0, mClipRectLeft = 0, mClipRectTop = 0, mClipRectRight = 2147483647, mClipRectBottom = 2147483647, mColorCurve = android.view.SemBlurInfo$ColorCurve@73a124a {minX = 14.160984, minY = 32.47586, maxX = 255.0, maxY = 179.19153, curveBias = 9.440657, saturation = 0.23601641}}, com.android.systemui.shade.NotificationShadeWindowView{4504390 V.E...... .......D 0,0-1440,3120 #7f0a06a4 app:id/legacy_window_root aid=2406}
01-22 19:18:48.385  2814  2814 D View    : semSetBlurInfo, blurInfo : null, com.android.systemui.blur.SecQSNewBlurView{b7822cf G.E...... ......I. 0,0-0,0 #7f0a0a27 app:id/qs_new_blur}
01-22 19:18:48.385  2814  2814 I NowBarCardViewModel: setVisibility visible = 4 / nowBarRootVisibility = 4
01-22 19:18:48.386  2814  2814 W RefactorFlag: New code path expects SceneContainerFlag to be enabled.
01-22 19:18:48.386  2814  2814 W RefactorFlag: New code path expects SceneContainerFlag to be enabled.
01-22 19:18:48.387  2814  2951 D SurfaceComposerClient: [SEC_SF_EFFECTS] setBlurRegions NotificationShade$_2814#497754 ## {radius=236, cornerRadii=[0.000, 0.000, 0.000, 0.000], alpha=1.000, rect=[0, 0, 1440, 3120], clipRect=[0, 0, 2147483647, 2147483647], colorCurve=[14.160984, 32.475861, 255.000000, 179.191528], curveBias=9.440657, saturation=0.236016, vibrance=[0.000000, (0.000000, 1.000000)], pathData size=0, BlurTint=[(0.000000 0.000000 0.000000) 0.000000, DISABLED]
01-22 19:18:48.391  2814  2814 D ShadeExpansionStateManager: onPanelExpansionChanged: ShadeExpansionChangeEvent(fraction=0.60294443, expanded=true, tracking=true)
01-22 19:18:48.391  2814  2814 D PanelSplitOpenAnimator: onPanelExpansionChanged : 0.60294443 state : 0
01-22 19:18:48.391  2814  2814 D PanelSplitOpenAnimator: setPosition : 0.60294443 // true false false 0.0
01-22 19:18:48.392  3244  3244 I HoneySpace.EdgePanel.EdgeVisibilityRepository: updateTrayVisible: State = 0x201, visible = false, current containerState = 4, specificMode = 0
01-22 19:18:48.392  3244  3244 I HoneySpace.EdgePanel.DumpHelper: Tray State
01-22 19:18:48.393  3244  3244 I HoneySpace.EdgePanel.EdgeVisibilityRepository: Same container state 4
01-22 19:18:48.393  2814  2814 D SecQpBlurController: onPanelExpansionChanged : 0.60294443
01-22 19:18:48.393  2814  2814 D SecPanelWindowBlurInteractor: Window Blur:  226  shouldBlockBlur: false isBlurReduced: false  isBackgroundVisible: false
01-22 19:18:48.393  2814  2814 D SecPanelWindowBlurBinder: setBlurInfo 226
01-22 19:18:48.393  2814  2814 D View    : semSetBlurInfo, blurInfo : android.view.SemBlurInfo@48885bb {BLUR_MODE_WINDOW, mBlurRadius = 226, mBackgroundBlurColor = 0, mCornerRadiusTL = 0.0, mCornerRadiusTR = 0.0, mCornerRadiusBL = 0.0, mCornerRadiusBR = 0.0, mClipRectLeft = 0, mClipRectTop = 0, mClipRectRight = 2147483647, mClipRectBottom = 2147483647, mColorCurve = android.view.SemBlurInfo$ColorCurve@821ad8 {minX = 13.589626, minY = 31.165545, maxX = 255.0, maxY = 182.2502, curveBias = 9.0597515, saturation = 0.22649378}}, com.android.systemui.shade.NotificationShadeWindowView{4504390 V.E...... .......D 0,0-1440,3120 #7f0a06a4 app:id/legacy_window_root aid=2406}
01-22 19:18:48.393  2814  2814 D View    : semSetBlurInfo, blurInfo : null, com.android.systemui.blur.SecQSNewBlurView{b7822cf G.E...... ......I. 0,0-0,0 #7f0a0a27 app:id/qs_new_blur}
01-22 19:18:48.393  2814  2814 I NowBarCardViewModel: setVisibility visible = 4 / nowBarRootVisibility = 4
01-22 19:18:48.393  2814  2814 W RefactorFlag: New code path expects SceneContainerFlag to be enabled.
01-22 19:18:48.394  2814  2814 W RefactorFlag: New code path expects SceneContainerFlag to be enabled.
01-22 19:18:48.394  2814  2950 D SurfaceComposerClient: [SEC_SF_EFFECTS] setBlurRegions NotificationShade$_2814#497754 ## {radius=226, cornerRadii=[0.000, 0.000, 0.000, 0.000], alpha=1.000, rect=[0, 0, 1440, 3120], clipRect=[0, 0, 2147483647, 2147483647], colorCurve=[13.589626, 31.165545, 255.000000, 182.250198], curveBias=9.059752, saturation=0.226494, vibrance=[0.000000, (0.000000, 1.000000)], pathData size=0, BlurTint=[(0.000000 0.000000 0.000000) 0.000000, DISABLED]
01-22 19:18:48.400  2814  2814 D ShadeExpansionStateManager: onPanelExpansionChanged: ShadeExpansionChangeEvent(fraction=0.5227226, expanded=true, tracking=true)
01-22 19:18:48.400  2814  2814 D PanelSplitOpenAnimator: onPanelExpansionChanged : 0.5227226 state : 0
01-22 19:18:48.400  2814  2814 D PanelSplitOpenAnimator: setPosition : 0.5227226 // true false false 0.0
01-22 19:18:48.402  2814  2814 D SecQpBlurController: onPanelExpansionChanged : 0.5227226
01-22 19:18:48.402  2814  2814 D SecPanelWindowBlurInteractor: Window Blur:  211  shouldBlockBlur: false isBlurReduced: false  isBackgroundVisible: false
01-22 19:18:48.402  2814  2814 D SecPanelWindowBlurBinder: setBlurInfo 211
01-22 19:18:48.402  2814  2814 D View    : semSetBlurInfo, blurInfo : android.view.SemBlurInfo@6a36e31 {BLUR_MODE_WINDOW, mBlurRadius = 211, mBackgroundBlurColor = 0, mCornerRadiusTL = 0.0, mCornerRadiusTR = 0.0, mCornerRadiusBL = 0.0, mCornerRadiusBR = 0.0, mClipRectLeft = 0, mClipRectTop = 0, mClipRectRight = 2147483647, mClipRectBottom = 2147483647, mColorCurve = android.view.SemBlurInfo$ColorCurve@a0f0916 {minX = 12.687437, minY = 29.096523, maxX = 255.0, maxY = 187.07993, curveBias = 8.458291, saturation = 0.21145728}}, com.android.systemui.shade.NotificationShadeWindowView{4504390 V.E...... .......D 0,0-1440,3120 #7f0a06a4 app:id/legacy_window_root aid=2406}
01-22 19:18:48.402  2814  2814 D View    : semSetBlurInfo, blurInfo : null, com.android.systemui.blur.SecQSNewBlurView{b7822cf G.E...... ......I. 0,0-0,0 #7f0a0a27 app:id/qs_new_blur}
01-22 19:18:48.402  2814  2814 I NowBarCardViewModel: setVisibility visible = 4 / nowBarRootVisibility = 4
01-22 19:18:48.403  2814  2814 W RefactorFlag: New code path expects SceneContainerFlag to be enabled.
01-22 19:18:48.403  2814  2814 W RefactorFlag: New code path expects SceneContainerFlag to be enabled.
01-22 19:18:48.404  2814  2951 D SurfaceComposerClient: [SEC_SF_EFFECTS] setBlurRegions NotificationShade$_2814#497754 ## {radius=211, cornerRadii=[0.000, 0.000, 0.000, 0.000], alpha=1.000, rect=[0, 0, 1440, 3120], clipRect=[0, 0, 2147483647, 2147483647], colorCurve=[12.687437, 29.096523, 255.000000, 187.079926], curveBias=8.458291, saturation=0.211457, vibrance=[0.000000, (0.000000, 1.000000)], pathData size=0, BlurTint=[(0.000000 0.000000 0.000000) 0.000000, DISABLED]
01-22 19:18:48.408  2814  2814 D ShadeExpansionStateManager: onPanelExpansionChanged: ShadeExpansionChangeEvent(fraction=0.44379187, expanded=true, tracking=true)
01-22 19:18:48.408  2814  2814 D PanelSplitOpenAnimator: onPanelExpansionChanged : 0.44379187 state : 0
01-22 19:18:48.408  2814  2814 D PanelSplitOpenAnimator: setPosition : 0.44379187 // true false false 0.0
01-22 19:18:48.409  2814  2814 D SecQpBlurController: onPanelExpansionChanged : 0.44379187
01-22 19:18:48.409  2814  2814 D SecPanelWindowBlurInteractor: Window Blur:  188  shouldBlockBlur: false isBlurReduced: false  isBackgroundVisible: false
01-22 19:18:48.409  2814  2814 D SecPanelWindowBlurBinder: setBlurInfo 188
01-22 19:18:48.409  2814  2814 D View    : semSetBlurInfo, blurInfo : android.view.SemBlurInfo@a2fc297 {BLUR_MODE_WINDOW, mBlurRadius = 188, mBackgroundBlurColor = 0, mCornerRadiusTL = 0.0, mCornerRadiusTR = 0.0, mCornerRadiusBL = 0.0, mCornerRadiusBR = 0.0, mClipRectLeft = 0, mClipRectTop = 0, mClipRectRight = 2147483647, mClipRectBottom = 2147483647, mColorCurve = android.view.SemBlurInfo$ColorCurve@b6a0c84 {minX = 11.312232, minY = 25.942719, maxX = 255.0, maxY = 194.44185, curveBias = 7.5414877, saturation = 0.1885372}}, com.android.systemui.shade.NotificationShadeWindowView{4504390 V.E...... .......D 0,0-1440,3120 #7f0a06a4 app:id/legacy_window_root aid=2406}
01-22 19:18:48.410  2814  2814 D View    : semSetBlurInfo, blurInfo : null, com.android.systemui.blur.SecQSNewBlurView{b7822cf G.E...... ......I. 0,0-0,0 #7f0a0a27 app:id/qs_new_blur}
01-22 19:18:48.410  2814  2814 I NowBarCardViewModel: setVisibility visible = 4 / nowBarRootVisibility = 4
01-22 19:18:48.410  2814  2814 W RefactorFlag: New code path expects SceneContainerFlag to be enabled.
01-22 19:18:48.410  2814  2814 W RefactorFlag: New code path expects SceneContainerFlag to be enabled.
01-22 19:18:48.411  2814  2950 D SurfaceComposerClient: [SEC_SF_EFFECTS] setBlurRegions NotificationShade$_2814#497754 ## {radius=188, cornerRadii=[0.000, 0.000, 0.000, 0.000], alpha=1.000, rect=[0, 0, 1440, 3120], clipRect=[0, 0, 2147483647, 2147483647], colorCurve=[11.312232, 25.942719, 255.000000, 194.441849], curveBias=7.541488, saturation=0.188537, vibrance=[0.000000, (0.000000, 1.000000)], pathData size=0, BlurTint=[(0.000000 0.000000 0.000000) 0.000000, DISABLED]
01-22 19:18:48.416  2814  2814 D ShadeExpansionStateManager: onPanelExpansionChanged: ShadeExpansionChangeEvent(fraction=0.27845082, expanded=true, tracking=true)
01-22 19:18:48.417  2814  2814 D PanelSplitOpenAnimator: onPanelExpansionChanged : 0.27845082 state : 0
01-22 19:18:48.417  2814  2814 D PanelSplitOpenAnimator: setPosition : 0.27845082 // true false false 0.0
01-22 19:18:48.418  2814  2814 D SecQpBlurController: onPanelExpansionChanged : 0.27845082
01-22 19:18:48.418  2814  2814 D SecPanelWindowBlurInteractor: Window Blur:  99  shouldBlockBlur: false isBlurReduced: false  isBackgroundVisible: false
01-22 19:18:48.418  2814  2814 D SecPanelWindowBlurBinder: setBlurInfo 99
01-22 19:18:48.418  2814  2814 D View    : semSetBlurInfo, blurInfo : android.view.SemBlurInfo@e0fbc6d {BLUR_MODE_WINDOW, mBlurRadius = 99, mBackgroundBlurColor = 0, mCornerRadiusTL = 0.0, mCornerRadiusTR = 0.0, mCornerRadiusBL = 0.0, mCornerRadiusBR = 0.0, mClipRectLeft = 0, mClipRectTop = 0, mClipRectRight = 2147483647, mClipRectBottom = 2147483647, mColorCurve = android.view.SemBlurInfo$ColorCurve@16aa0a2 {minX = 5.947734, minY = 13.640138, maxX = 255.0, maxY = 223.15979, curveBias = 3.965156, saturation = 0.0991289}}, com.android.systemui.shade.NotificationShadeWindowView{4504390 V.E...... .......D 0,0-1440,3120 #7f0a06a4 app:id/legacy_window_root aid=2406}
01-22 19:18:48.419  2814  2814 D View    : semSetBlurInfo, blurInfo : null, com.android.systemui.blur.SecQSNewBlurView{b7822cf G.E...... ......I. 0,0-0,0 #7f0a0a27 app:id/qs_new_blur}
01-22 19:18:48.419  2814  2814 I NowBarCardViewModel: setVisibility visible = 4 / nowBarRootVisibility = 4
01-22 19:18:48.419  2814  2814 W RefactorFlag: New code path expects SceneContainerFlag to be enabled.
01-22 19:18:48.419  2814  2814 W RefactorFlag: New code path expects SceneContainerFlag to be enabled.
01-22 19:18:48.419  1559  2201 D InputReader: Btn_touch(2): value=0 when=1866887.219618
01-22 19:18:48.419  1559  2201 I InputReader: Touch event's action is 0x1 (id=6, t=0) [pCnt=1, s=] when=1866887.219618
01-22 19:18:48.420  2814  2951 D SurfaceComposerClient: [SEC_SF_EFFECTS] setBlurRegions NotificationShade$_2814#497754 ## {radius=99, cornerRadii=[0.000, 0.000, 0.000, 0.000], alpha=1.000, rect=[0, 0, 1440, 3120], clipRect=[0, 0, 2147483647, 2147483647], colorCurve=[5.947734, 13.640138, 255.000000, 223.159790], curveBias=3.965156, saturation=0.099129, vibrance=[0.000000, (0.000000, 1.000000)], pathData size=0, BlurTint=[(0.000000 0.000000 0.000000) 0.000000, DISABLED]
01-22 19:18:48.421  1559  2200 I InputDispatcher: Delivering touch to (2814): action: 0x1, f=0x0, d=0, '35e5496', t=1 
01-22 19:18:48.421  2814  2814 I VRI[NotificationShade]@aa1a57e: ViewPostIme pointer 1
01-22 19:18:48.421  2814  2814 D QuickPanelLog: NPVC | onTouchEvent | ACTION_UP |  | SHADE
01-22 19:18:48.421  2814  2814 D NotificationPanelView: setOnStatusBarDownEvent null ? true
01-22 19:18:48.421  2814  2814 D QuickPanelLog: QSCI | handleTouch | ACTION_UP | isFullyCollapsed: false, isShadeOrQsHeightAnimationRunning: false | SHADE
01-22 19:18:48.421  2814  2814 D SecPanelSplitHelper: onIntercept: ACTION_UP: FINAL: return false
01-22 19:18:48.421  2814  2814 D QuickPanelLog: NPVC | handleTouch | ACTION_UP |  | SHADE
01-22 19:18:48.421  2814  2814 D QuickPanelLog: NPVC | flingToHeight: vel: -21129.383, expand: false, target: 0.0, collapseSpeedUpFactor: 1.0, expandBecauseOfFalsing: false, mExpandedHeight: 431.3203, mOverExpansion: 0.0, mIsFling: false
01-22 19:18:48.421  2814  2814 D QuickPanelLog:  - com.android.systemui.shade.NotificationPanelViewController.flingToHeight:106
01-22 19:18:48.421  2814  2814 D QuickPanelLog:  - com.android.systemui.shade.NotificationPanelViewController.fling:4
01-22 19:18:48.421  2814  2814 D QuickPanelLog:  - com.android.systemui.shade.NotificationPanelViewController.-$$Nest$mendMotionEvent:590
01-22 19:18:48.421  2814  2814 D QuickPanelLog:  - com.android.systemui.shade.NotificationPanelViewController$TouchHandler.handleTouch$1:726
01-22 19:18:48.421  2814  2814 D QuickPanelLog:  - com.android.systemui.shade.NotificationPanelViewController$TouchHandler.onTouchEvent:2659
01-22 19:18:48.421  2814  2814 D QuickPanelLog:  - com.android.systemui.shade.NotificationPanelViewController.handleExternalTouch:7
01-22 19:18:48.421  2814  2814 D QuickPanelLog:  - com.android.systemui.shade.NotificationShadeWindowView.onTouchEvent:546
01-22 19:18:48.421  2814  2814 D QuickPanelLog:  - com.android.systemui.statusbar.phone.CentralSurfacesImpl$$ExternalSyntheticLambda36.onTouch:93
01-22 19:18:48.421  2814  2814 D QuickPanelLog:  - android.view.View.performOnTouchCallback:17224
01-22 19:18:48.421  2814  2814 D QuickPanelLog:  - android.view.View.dispatchTouchEvent:17187
01-22 19:18:48.421  2814  2814 D PanelSplitOpenAnimator: onPanelExpansionChanged : 0.27845082 state : 0
01-22 19:18:48.421  2814  2814 D PanelSplitOpenAnimator: setPosition : 0.27845082 // true false false 0.0
01-22 19:18:48.422  1559  1559 I SemDvfsHyPerManager: acquire hyper - GESTURE_DETECTED_HRR/1559@31, type = -999
01-22 19:18:48.422  1559  1559 I SemDvfsHyPerManager: acquire hyper - GESTURE_DETECTED_HRR/1559@31, type = -999
01-22 19:18:48.422  1559  1559 I SemDvfsHyPerManager: acquire hyper - SMOOTH_SCROLL/1559@27, type = -999
01-22 19:18:48.422  1205  1256 I HYPER-HAL: [RequestManager.cpp]acquire(): Acquired ID : 1264876  [1559 / 31]    HINT : GESTURE_DETECTED_HRR    list : [TIMEOUT / 2531] 
01-22 19:18:48.422  1205  1256 I HYPER-HAL: [RequestManager.cpp]acquire(): Acquired ID : 1264876  [1559 / 31]    HINT : GESTURE_DETECTED_HRR    list : [TIMEOUT / 2531] 
01-22 19:18:48.422  5859  5859 I SemDvfsHyPerManager: acquire hyper - TATouchBoost/5859@29, type = -999
01-22 19:18:48.423  1205  1256 I HYPER-HAL: [RequestManager.cpp]acquire(): Acquired ID : 17337245  [5859 / 29]    HINT :      list : [TABoost / 1] [TIMEOUT / 1500] 
01-22 19:18:48.423  2814  2814 I NowBarCardViewModel: setVisibility visible = 4 / nowBarRootVisibility = 4
01-22 19:18:48.423  2814  2814 D NotificationPanelView: setMotionAborted
01-22 19:18:48.423  2814  2814 D QuickPanelLog: NPVC | setMotionAborted
01-22 19:18:48.423  2814  2814 D QuickPanelLog:  - com.android.systemui.shade.NotificationPanelViewController.setMotionAborted:18
01-22 19:18:48.423  2814  2814 D QuickPanelLog:  - com.android.systemui.shade.NotificationPanelViewController.flingToHeight:656
01-22 19:18:48.423  2814  2814 D QuickPanelLog:  - com.android.systemui.shade.NotificationPanelViewController.fling:4
01-22 19:18:48.423  2814  2814 D QuickPanelLog:  - com.android.systemui.shade.NotificationPanelViewController.-$$Nest$mendMotionEvent:590
01-22 19:18:48.423  2814  2814 D QuickPanelLog:  - com.android.systemui.shade.NotificationPanelViewController$TouchHandler.handleTouch$1:726
01-22 19:18:48.423  2814  2814 D QuickPanelLog:  - com.android.systemui.shade.NotificationPanelViewController$TouchHandler.onTouchEvent:2659
01-22 19:18:48.423  2814  2814 D QuickPanelLog:  - com.android.systemui.shade.NotificationPanelViewController.handleExternalTouch:7
01-22 19:18:48.423  2814  2814 D QuickPanelLog:  - com.android.systemui.shade.NotificationShadeWindowView.onTouchEvent:546
01-22 19:18:48.423  2814  2814 D QuickPanelLog:  - com.android.systemui.statusbar.phone.CentralSurfacesImpl$$ExternalSyntheticLambda36.onTouch:93
01-22 19:18:48.423  2814  2814 D QuickPanelLog:  - android.view.View.performOnTouchCallback:17224
01-22 19:18:48.423  2814  2814 D QuickPanelLog: NPVC | onTrackingStopped: expand: false, isTracking(): true -> false
01-22 19:18:48.423  2814  2814 D QuickPanelLog:  - com.android.systemui.shade.NotificationPanelViewController.onTrackingStopped:47
01-22 19:18:48.423  2814  2814 D QuickPanelLog:  - com.android.systemui.shade.NotificationPanelViewController.-$$Nest$mendMotionEvent:593
01-22 19:18:48.423  2814  2814 D QuickPanelLog:  - com.android.systemui.shade.NotificationPanelViewController$TouchHandler.handleTouch$1:726
01-22 19:18:48.423  2814  2814 D QuickPanelLog:  - com.android.systemui.shade.NotificationPanelViewController$TouchHandler.onTouchEvent:2659
01-22 19:18:48.423  2814  2814 D QuickPanelLog:  - com.android.systemui.shade.NotificationPanelViewController.handleExternalTouch:7
01-22 19:18:48.423  2814  2814 D QuickPanelLog:  - com.android.systemui.shade.NotificationShadeWindowView.onTouchEvent:546
01-22 19:18:48.423  2814  2814 D QuickPanelLog:  - com.android.systemui.statusbar.phone.CentralSurfacesImpl$$ExternalSyntheticLambda36.onTouch:93
01-22 19:18:48.423  2814  2814 D QuickPanelLog:  - android.view.View.performOnTouchCallback:17224
01-22 19:18:48.423  2814  2814 D QuickPanelLog:  - android.view.View.dispatchTouchEvent:17187
01-22 19:18:48.423  2814  2814 D QuickPanelLog:  - android.view.ViewGroup.dispatchTransformedTouchEvent:3365
01-22 19:18:48.423  2814  2814 D KeyguardVisible: go panelState: OPEN -> OPEN tracking=false, expanded=true, fraction=0.27845082
01-22 19:18:48.423  2814  2814 D PanelSplitOpenAnimator: onPanelExpansionChanged : 0.27845082 state : 0
01-22 19:18:48.423  2814  2814 D PanelSplitOpenAnimator: setPosition : 0.27845082 // true false false 0.0
01-22 19:18:48.425  2814  2814 I NowBarCardViewModel: setVisibility visible = 4 / nowBarRootVisibility = 4
01-22 19:18:48.425  2814  2814 D QuickPanelLog: NPVC | handleTouch | ACTION_UP | FINAL: !mGestureWaitForTouchSlop: true || isTracking(): false | SHADE
01-22 19:18:48.425  2814  2814 D QuickPanelLog: NPVC | onTouchEvent | ACTION_UP | FINAL: !mDozing: true || handled: true | SHADE
01-22 19:18:48.425  2814  2814 D PanelSplitOpenAnimator: onPanelExpansionChanged : 0.27845082 state : 0
01-22 19:18:48.425  2814  2814 D PanelSplitOpenAnimator: setPosition : 0.27845082 // true false false 0.0
01-22 19:18:48.426  2814  2814 I NowBarCardViewModel: setVisibility visible = 4 / nowBarRootVisibility = 4
01-22 19:18:48.433  2814  2814 D ShadeExpansionStateManager: onPanelExpansionChanged: ShadeExpansionChangeEvent(fraction=0.1828272, expanded=true, tracking=false)
01-22 19:18:48.433  2814  2814 D PanelSplitOpenAnimator: onPanelExpansionChanged : 0.1828272 state : 0
01-22 19:18:48.433  2814  2814 D PanelSplitOpenAnimator: setPosition : 0.1828272 // true false false 0.0
01-22 19:18:48.435  2814  2814 D SecQpBlurController: onPanelExpansionChanged : 0.1828272
01-22 19:18:48.435  2814  2814 D SecPanelWindowBlurInteractor: Window Blur:  45  shouldBlockBlur: false isBlurReduced: false  isBackgroundVisible: false
01-22 19:18:48.435  2814  2814 D SecPanelWindowBlurBinder: setBlurInfo 45
01-22 19:18:48.435  2814  2814 D View    : semSetBlurInfo, blurInfo : android.view.SemBlurInfo@7bd6cf0 {BLUR_MODE_WINDOW, mBlurRadius = 45, mBackgroundBlurColor = 0, mCornerRadiusTL = 0.0, mCornerRadiusTR = 0.0, mCornerRadiusBL = 0.0, mCornerRadiusBR = 0.0, mClipRectLeft = 0, mClipRectTop = 0, mClipRectRight = 2147483647, mClipRectBottom = 2147483647, mColorCurve = android.view.SemBlurInfo$ColorCurve@478b269 {minX = 2.7457147, minY = 6.296839, maxX = 255.0, maxY = 240.30127, curveBias = 1.8304764, saturation = 0.04576191}}, com.android.systemui.shade.NotificationShadeWindowView{4504390 V.E...... .......D 0,0-1440,3120 #7f0a06a4 app:id/legacy_window_root aid=2406}
01-22 19:18:48.435  2814  2814 D View    : semSetBlurInfo, blurInfo : null, com.android.systemui.blur.SecQSNewBlurView{b7822cf G.E...... ......I. 0,0-0,0 #7f0a0a27 app:id/qs_new_blur}
01-22 19:18:48.435  2814  2814 I NowBarCardViewModel: setVisibility visible = 4 / nowBarRootVisibility = 4
01-22 19:18:48.436  2814  2814 W RefactorFlag: New code path expects SceneContainerFlag to be enabled.
01-22 19:18:48.436  2814  2814 W RefactorFlag: New code path expects SceneContainerFlag to be enabled.
01-22 19:18:48.437  2814  2951 D SurfaceComposerClient: [SEC_SF_EFFECTS] setBlurRegions NotificationShade$_2814#497754 ## {radius=45, cornerRadii=[0.000, 0.000, 0.000, 0.000], alpha=1.000, rect=[0, 0, 1440, 3120], clipRect=[0, 0, 2147483647, 2147483647], colorCurve=[2.745715, 6.296839, 255.000000, 240.301270], curveBias=1.830476, saturation=0.045762, vibrance=[0.000000, (0.000000, 1.000000)], pathData size=0, BlurTint=[(0.000000 0.000000 0.000000) 0.000000, DISABLED]
